[setup] Required Python imports are available.
[setup] Required Python imports are available.
=== qmix_pcp_smoke task 6/9: broadcast_zm seed0 (git 814efee) ===
Run dir: runs/qmix_pcp_smoke_20260627_142223/broadcast_zm/seed0  Start: Sat Jun 27 14:22:24 EDT 2026
Sat Jun 27 14:22:24 2026       
+-----------------------------------------------------------------------------------------+
| NVIDIA-SMI 580.105.08             Driver Version: 580.105.08     CUDA Version: 13.0     |
+-----------------------------------------+------------------------+----------------------+
| GPU  Name                 Persistence-M | Bus-Id          Disp.A | Volatile Uncorr. ECC |
| Fan  Temp   Perf          Pwr:Usage/Cap |           Memory-Usage | GPU-Util  Compute M. |
|                                         |                        |               MIG M. |
|=========================================+========================+======================|
|   0  Tesla V100-PCIE-32GB           Off |   00000000:3B:00.0 Off |                    0 |
| N/A   26C    P0             25W /  250W |       0MiB /  32768MiB |      0%      Default |
|                                         |                        |                  N/A |
+-----------------------------------------+------------------------+----------------------+

+-----------------------------------------------------------------------------------------+
| Processes:                                                                              |
|  GPU   GI   CI              PID   Type   Process name                        GPU Memory |
|        ID   ID                                                               Usage      |
|=========================================================================================|
|  No running processes found                                                             |
+-----------------------------------------------------------------------------------------+
[env] kind=pcp name=pcp n_agents=5 obs_dim=5 action_dim=5 state_dim=13 num_envs=32
[train] QMIX start: total_iters=15625 B=32 device=cuda:0 seed=0 warmup=5000 batch=256 target_update(updates)=200 render=off
step=   25024 ep_ret=-78.136 eval_ret=-47.661 pursuer_target_distance=6.696 capture=0.000 cap=0.000 td_loss=0.3312 q_tot=+11.393 tgt=+11.379 gnorm=46.23 w_min=6.05e-09 eps=0.525 buf=25024 upd=626 seed=0
step=   50016 ep_ret=-94.093 eval_ret=-47.103 pursuer_target_distance=7.023 capture=0.000 cap=0.008 td_loss=0.1235 q_tot=+11.669 tgt=+11.662 gnorm=31.26 w_min=3.73e-09 eps=0.050 buf=50016 upd=1407 seed=0
step=   75008 ep_ret=-90.433 eval_ret=-71.367 pursuer_target_distance=7.225 capture=0.001 cap=0.004 td_loss=0.1839 q_tot=+11.069 tgt=+11.067 gnorm=41.89 w_min=4.47e-08 eps=0.050 buf=75008 upd=2188 seed=0
step=  100000 ep_ret=-74.139 eval_ret=-47.419 pursuer_target_distance=6.095 capture=0.002 cap=0.031 td_loss=0.2182 q_tot=+9.225 tgt=+9.219 gnorm=46.24 w_min=6.33e-08 eps=0.050 buf=100000 upd=2969 seed=0
step=  125024 ep_ret=-56.171 eval_ret=-27.898 pursuer_target_distance=4.825 capture=0.005 cap=0.027 td_loss=0.3494 q_tot=+8.130 tgt=+8.126 gnorm=58.75 w_min=9.31e-09 eps=0.050 buf=100000 upd=3751 seed=0
step=  150016 ep_ret=-39.235 eval_ret=-43.320 pursuer_target_distance=4.159 capture=0.000 cap=0.004 td_loss=0.4039 q_tot=+7.786 tgt=+7.784 gnorm=67.08 w_min=3.26e-09 eps=0.050 buf=100000 upd=4532 seed=0
step=  175008 ep_ret=-39.727 eval_ret=-18.699 pursuer_target_distance=3.932 capture=0.001 cap=0.016 td_loss=0.4478 q_tot=+7.804 tgt=+7.802 gnorm=77.34 w_min=7.45e-09 eps=0.050 buf=100000 upd=5313 seed=0
step=  200000 ep_ret=-35.563 eval_ret=-25.456 pursuer_target_distance=3.128 capture=0.003 cap=0.023 td_loss=0.4954 q_tot=+8.204 tgt=+8.203 gnorm=81.59 w_min=1.86e-09 eps=0.050 buf=100000 upd=6094 seed=0
step=  225024 ep_ret=-23.540 eval_ret=-20.482 pursuer_target_distance=3.056 capture=0.004 cap=0.047 td_loss=0.4402 q_tot=+8.939 tgt=+8.939 gnorm=75.81 w_min=2.24e-08 eps=0.050 buf=100000 upd=6876 seed=0
step=  250016 ep_ret=-14.261 eval_ret=-20.999 pursuer_target_distance=2.793 capture=0.002 cap=0.027 td_loss=0.5449 q_tot=+10.054 tgt=+10.053 gnorm=84.18 w_min=0.00e+00 eps=0.050 buf=100000 upd=7657 seed=0
step=  275008 ep_ret=-20.438 eval_ret=-20.520 pursuer_target_distance=2.783 capture=0.003 cap=0.036 td_loss=0.6285 q_tot=+10.499 tgt=+10.498 gnorm=92.03 w_min=5.96e-08 eps=0.050 buf=100000 upd=8438 seed=0
step=  300000 ep_ret=-20.071 eval_ret=-23.279 pursuer_target_distance=2.576 capture=0.003 cap=0.027 td_loss=0.6622 q_tot=+10.877 tgt=+10.878 gnorm=97.48 w_min=1.02e-08 eps=0.050 buf=100000 upd=9219 seed=0
step=  325024 ep_ret=-25.003 eval_ret=-36.353 pursuer_target_distance=2.657 capture=0.003 cap=0.031 td_loss=0.7076 q_tot=+11.252 tgt=+11.250 gnorm=103.96 w_min=1.21e-07 eps=0.050 buf=100000 upd=10001 seed=0
step=  350016 ep_ret=-30.378 eval_ret=-20.967 pursuer_target_distance=2.822 capture=0.004 cap=0.043 td_loss=0.7268 q_tot=+10.784 tgt=+10.780 gnorm=108.83 w_min=2.61e-08 eps=0.050 buf=100000 upd=10782 seed=0
step=  375008 ep_ret=-26.249 eval_ret=-14.812 pursuer_target_distance=3.001 capture=0.003 cap=0.055 td_loss=0.7671 q_tot=+9.729 tgt=+9.731 gnorm=110.07 w_min=1.49e-08 eps=0.050 buf=100000 upd=11563 seed=0
step=  400000 ep_ret=-28.458 eval_ret=-22.696 pursuer_target_distance=2.845 capture=0.002 cap=0.023 td_loss=0.7920 q_tot=+8.629 tgt=+8.625 gnorm=111.31 w_min=0.00e+00 eps=0.050 buf=100000 upd=12344 seed=0
step=  425024 ep_ret=-19.173 eval_ret=-26.256 pursuer_target_distance=2.845 capture=0.003 cap=0.027 td_loss=0.7887 q_tot=+8.251 tgt=+8.251 gnorm=114.35 w_min=2.61e-08 eps=0.050 buf=100000 upd=13126 seed=0
step=  450016 ep_ret=-28.779 eval_ret=-16.012 pursuer_target_distance=2.915 capture=0.002 cap=0.027 td_loss=0.7415 q_tot=+8.705 tgt=+8.706 gnorm=110.32 w_min=8.09e-09 eps=0.050 buf=100000 upd=13907 seed=0
step=  475008 ep_ret=-26.811 eval_ret=-25.791 pursuer_target_distance=2.638 capture=0.004 cap=0.027 td_loss=0.7455 q_tot=+8.925 tgt=+8.922 gnorm=113.57 w_min=2.67e-08 eps=0.050 buf=100000 upd=14688 seed=0
step=  500000 ep_ret=-31.048 eval_ret=-15.481 pursuer_target_distance=3.126 capture=0.002 cap=0.027 td_loss=0.7343 q_tot=+9.018 tgt=+9.017 gnorm=109.51 w_min=3.73e-08 eps=0.050 buf=100000 upd=15469 seed=0
[train] Final checkpoint saved to runs/qmix_pcp_smoke_20260627_142223/broadcast_zm/seed0/ckpt/final.pt
[train] Run artifacts in runs/qmix_pcp_smoke_20260627_142223/broadcast_zm/seed0
=== done Sat Jun 27 14:26:24 EDT 2026 ===
