[setup] Required Python imports are available.
[setup] Required Python imports are available.
=== qmix_pcp_smoke task 7/9: broadcast_zm seed1 (git 814efee) ===
Run dir: runs/qmix_pcp_smoke_20260627_142223/broadcast_zm/seed1  Start: Sat Jun 27 14:22:24 EDT 2026
Sat Jun 27 14:22:24 2026       
+-----------------------------------------------------------------------------------------+
| NVIDIA-SMI 580.105.08             Driver Version: 580.105.08     CUDA Version: 13.0     |
+-----------------------------------------+------------------------+----------------------+
| GPU  Name                 Persistence-M | Bus-Id          Disp.A | Volatile Uncorr. ECC |
| Fan  Temp   Perf          Pwr:Usage/Cap |           Memory-Usage | GPU-Util  Compute M. |
|                                         |                        |               MIG M. |
|=========================================+========================+======================|
|   0  Tesla V100-PCIE-32GB           Off |   00000000:D8:00.0 Off |                    0 |
| N/A   26C    P0             25W /  250W |       0MiB /  32768MiB |      0%      Default |
|                                         |                        |                  N/A |
+-----------------------------------------+------------------------+----------------------+

+-----------------------------------------------------------------------------------------+
| Processes:                                                                              |
|  GPU   GI   CI              PID   Type   Process name                        GPU Memory |
|        ID   ID                                                               Usage      |
|=========================================================================================|
|  No running processes found                                                             |
+-----------------------------------------------------------------------------------------+
[env] kind=pcp name=pcp n_agents=5 obs_dim=5 action_dim=5 state_dim=13 num_envs=32
[train] QMIX start: total_iters=15625 B=32 device=cuda:0 seed=1 warmup=5000 batch=256 target_update(updates)=200 render=off
step=   25024 ep_ret=-80.699 eval_ret=-119.224 pursuer_target_distance=6.379 capture=0.000 cap=0.000 td_loss=0.2876 q_tot=+11.477 tgt=+11.472 gnorm=44.76 w_min=5.59e-09 eps=0.525 buf=25024 upd=626 seed=1
step=   50016 ep_ret=-84.957 eval_ret=-70.126 pursuer_target_distance=6.690 capture=0.001 cap=0.016 td_loss=0.1598 q_tot=+13.376 tgt=+13.372 gnorm=38.69 w_min=4.19e-09 eps=0.050 buf=50016 upd=1407 seed=1
step=   75008 ep_ret=-78.678 eval_ret=-95.648 pursuer_target_distance=6.388 capture=0.000 cap=0.000 td_loss=0.2023 q_tot=+13.750 tgt=+13.748 gnorm=46.95 w_min=8.85e-09 eps=0.050 buf=75008 upd=2188 seed=1
step=  100000 ep_ret=-61.640 eval_ret=-65.899 pursuer_target_distance=5.583 capture=0.001 cap=0.012 td_loss=0.2225 q_tot=+12.655 tgt=+12.653 gnorm=51.86 w_min=1.49e-08 eps=0.050 buf=100000 upd=2969 seed=1
step=  125024 ep_ret=-38.216 eval_ret=-37.389 pursuer_target_distance=4.359 capture=0.001 cap=0.016 td_loss=0.2853 q_tot=+12.643 tgt=+12.642 gnorm=61.72 w_min=5.22e-08 eps=0.050 buf=100000 upd=3751 seed=1
step=  150016 ep_ret=-42.152 eval_ret=-29.862 pursuer_target_distance=3.646 capture=0.003 cap=0.036 td_loss=0.3261 q_tot=+13.236 tgt=+13.232 gnorm=69.35 w_min=2.05e-08 eps=0.050 buf=100000 upd=4532 seed=1
step=  175008 ep_ret=-28.788 eval_ret=-59.948 pursuer_target_distance=2.891 capture=0.003 cap=0.035 td_loss=0.3949 q_tot=+13.362 tgt=+13.359 gnorm=76.03 w_min=0.00e+00 eps=0.050 buf=100000 upd=5313 seed=1
step=  200000 ep_ret=-37.224 eval_ret=-31.651 pursuer_target_distance=3.404 capture=0.003 cap=0.039 td_loss=0.5271 q_tot=+13.674 tgt=+13.672 gnorm=93.15 w_min=9.31e-09 eps=0.050 buf=100000 upd=6094 seed=1
step=  225024 ep_ret=-40.146 eval_ret=-34.331 pursuer_target_distance=3.250 capture=0.001 cap=0.016 td_loss=0.6028 q_tot=+13.849 tgt=+13.849 gnorm=98.70 w_min=1.26e-08 eps=0.050 buf=100000 upd=6876 seed=1
step=  250016 ep_ret=-21.869 eval_ret=-35.414 pursuer_target_distance=3.172 capture=0.004 cap=0.031 td_loss=0.5821 q_tot=+13.127 tgt=+13.124 gnorm=93.89 w_min=0.00e+00 eps=0.050 buf=100000 upd=7657 seed=1
step=  275008 ep_ret=-35.303 eval_ret=-26.448 pursuer_target_distance=2.886 capture=0.000 cap=0.018 td_loss=0.6159 q_tot=+12.294 tgt=+12.290 gnorm=99.64 w_min=2.24e-08 eps=0.050 buf=100000 upd=8438 seed=1
step=  300000 ep_ret=-24.234 eval_ret=-33.600 pursuer_target_distance=2.795 capture=0.004 cap=0.039 td_loss=0.5642 q_tot=+11.754 tgt=+11.752 gnorm=100.62 w_min=7.45e-09 eps=0.050 buf=100000 upd=9219 seed=1
step=  325024 ep_ret=-41.572 eval_ret=-35.039 pursuer_target_distance=2.875 capture=0.001 cap=0.012 td_loss=0.5807 q_tot=+11.953 tgt=+11.954 gnorm=99.47 w_min=1.68e-08 eps=0.050 buf=100000 upd=10001 seed=1
step=  350016 ep_ret=-28.731 eval_ret=-34.713 pursuer_target_distance=2.669 capture=0.002 cap=0.020 td_loss=0.5841 q_tot=+12.409 tgt=+12.404 gnorm=103.82 w_min=2.89e-08 eps=0.050 buf=100000 upd=10782 seed=1
step=  375008 ep_ret=-35.573 eval_ret=-44.176 pursuer_target_distance=3.028 capture=0.007 cap=0.039 td_loss=0.6508 q_tot=+12.170 tgt=+12.168 gnorm=109.16 w_min=5.22e-08 eps=0.050 buf=100000 upd=11563 seed=1
step=  400000 ep_ret=-23.471 eval_ret=-47.554 pursuer_target_distance=2.783 capture=0.003 cap=0.027 td_loss=0.7537 q_tot=+12.123 tgt=+12.118 gnorm=127.57 w_min=1.49e-08 eps=0.050 buf=100000 upd=12344 seed=1
step=  425024 ep_ret=-34.927 eval_ret=-44.282 pursuer_target_distance=2.863 capture=0.002 cap=0.027 td_loss=0.7360 q_tot=+11.944 tgt=+11.941 gnorm=124.05 w_min=1.49e-08 eps=0.050 buf=100000 upd=13126 seed=1
step=  450016 ep_ret=-31.817 eval_ret=-47.335 pursuer_target_distance=3.112 capture=0.004 cap=0.043 td_loss=0.8765 q_tot=+11.624 tgt=+11.619 gnorm=139.34 w_min=4.47e-08 eps=0.050 buf=100000 upd=13907 seed=1
step=  475008 ep_ret=-34.464 eval_ret=-52.781 pursuer_target_distance=2.984 capture=0.001 cap=0.016 td_loss=0.8055 q_tot=+11.932 tgt=+11.930 gnorm=132.52 w_min=0.00e+00 eps=0.050 buf=100000 upd=14688 seed=1
step=  500000 ep_ret=-33.321 eval_ret=-50.591 pursuer_target_distance=3.025 capture=0.003 cap=0.016 td_loss=0.7823 q_tot=+12.410 tgt=+12.406 gnorm=127.50 w_min=1.68e-08 eps=0.050 buf=100000 upd=15469 seed=1
[train] Final checkpoint saved to runs/qmix_pcp_smoke_20260627_142223/broadcast_zm/seed1/ckpt/final.pt
[train] Run artifacts in runs/qmix_pcp_smoke_20260627_142223/broadcast_zm/seed1
=== done Sat Jun 27 14:26:50 EDT 2026 ===
