[setup] Required Python imports are available.
[setup] Required Python imports are available.
=== Job info ===
Job      : 634665  array=15
Node     : evc34
Submit   : /lustre/fs1/home/ak565492/gnn_experiments
Repo     : /lustre/fs1/home/ak565492/gnn_experiments
Git rev  : c98852a
Python   : /home/ak565492/expenv/bin/python
Python 3.11.4
PyYAML   : 6.0.3
NumPy    : 2.3.5
Torch    : 2.5.1+cu121 cuda_available=True torch_cuda=12.1
CUDA_VIS : 0
Threads  : OMP=4 MKL=4 OPENBLAS=1
Task     : 15/30
Config   : configs/pursuit_smoke.yaml
Generated: runs/pursuit_sweep/generated_configs/634633_15_pursuit_smoke_alpha0p0_seed0.yaml
Alpha    : 0.0
Seed     : 0
Run label: pursuit_smoke_alpha0p0
Log dir  : runs/pursuit_sweep/pursuit_smoke
Probe    : 1
Start    : Thu Jun  4 17:14:08 EDT 2026
================
Thu Jun  4 17:14:08 2026       
+-----------------------------------------------------------------------------------------+
| NVIDIA-SMI 580.105.08             Driver Version: 580.105.08     CUDA Version: 13.0     |
+-----------------------------------------+------------------------+----------------------+
| GPU  Name                 Persistence-M | Bus-Id          Disp.A | Volatile Uncorr. ECC |
| Fan  Temp   Perf          Pwr:Usage/Cap |           Memory-Usage | GPU-Util  Compute M. |
|                                         |                        |               MIG M. |
|=========================================+========================+======================|
|   0  NVIDIA H100 PCIe               Off |   00000000:17:00.0 Off |                    0 |
| N/A   36C    P0             47W /  310W |       0MiB /  81559MiB |      0%      Default |
|                                         |                        |             Disabled |
+-----------------------------------------+------------------------+----------------------+

+-----------------------------------------------------------------------------------------+
| Processes:                                                                              |
|  GPU   GI   CI              PID   Type   Process name                        GPU Memory |
|        ID   ID                                                               Usage      |
|=========================================================================================|
|  No running processes found                                                             |
+-----------------------------------------------------------------------------------------+
[env] kind=pursuit name=pursuit n_agents=3 obs_dim=5 action_dim=5 state_dim=9 num_envs=8
[train] Starting: total_iters=25 T=100 B=8 device=cpu seed=0 render=off
iter=   0 step=    800 ep_ret=-19.587 opt_ret=-19.587 step_rew=-0.1959 opt_step=-0.1959 gap0=19.587 dret=+0.000 eval_ret=n/a pursuer_target_distance=0.523 capture=0.034 score=0.022 pol=-0.0008 val=0.5672 ent=1.6094 tot=+0.2667 agnorm=0.056 cgnorm=0.338 kl=0.0001 clipf=0.000 ev=-0.177 r0=1.0000 entcoef=1.00e-02 lr=7.0e-04 seed=0
iter=   5 step=   4800 ep_ret=-88.587 opt_ret=-88.587 step_rew=-0.8859 opt_step=-0.8859 gap0=88.587 dret=-69.000 eval_ret=n/a pursuer_target_distance=0.876 capture=0.000 score=0.000 pol=-0.0001 val=0.2070 ent=1.6083 tot=+0.0903 agnorm=0.036 cgnorm=0.354 kl=0.0000 clipf=0.000 ev=+0.198 r0=1.0000 entcoef=8.13e-03 lr=5.6e-04 seed=0
iter=  10 step=   8800 ep_ret=-85.024 opt_ret=-85.024 step_rew=-0.8502 opt_step=-0.8502 gap0=85.024 dret=-65.436 eval_ret=n/a pursuer_target_distance=0.940 capture=0.010 score=0.005 pol=-0.0001 val=0.3625 ent=1.6078 tot=+0.1711 agnorm=0.048 cgnorm=0.388 kl=0.0000 clipf=0.000 ev=-0.158 r0=1.0000 entcoef=6.25e-03 lr=4.1e-04 seed=0
iter=  15 step=  12800 ep_ret=-72.449 opt_ret=-72.449 step_rew=-0.7245 opt_step=-0.7245 gap0=72.449 dret=-52.861 eval_ret=n/a pursuer_target_distance=0.739 capture=0.003 score=0.001 pol=-0.0000 val=0.1492 ent=1.6077 tot=+0.0675 agnorm=0.046 cgnorm=0.273 kl=0.0000 clipf=0.000 ev=+0.330 r0=1.0000 entcoef=4.37e-03 lr=2.7e-04 seed=0
iter=  20 step=  16800 ep_ret=+1.072 opt_ret=+1.072 step_rew=0.0107 opt_step=0.0107 gap0=0.000 dret=+20.660 eval_ret=n/a pursuer_target_distance=0.429 capture=0.045 score=0.031 pol=-0.0000 val=0.4977 ent=1.6083 tot=+0.2448 agnorm=0.032 cgnorm=0.220 kl=0.0000 clipf=0.000 ev=+0.097 r0=1.0000 entcoef=2.50e-03 lr=1.3e-04 seed=0
[train] Final checkpoint saved to runs/pursuit_sweep/pursuit_smoke/20260604_171409_770269_pursuit_smoke_alpha0p0_seed0_pid666953_arrayjob634633_job634665_task15/ckpt/final.pt
[train] Run artifacts in runs/pursuit_sweep/pursuit_smoke/20260604_171409_770269_pursuit_smoke_alpha0p0_seed0_pid666953_arrayjob634633_job634665_task15
[render] Skipped post-train render (mode=off).
[probe] alpha=0.0 seed=0 N=3 B=16 obs_dim=5 steps=200 total_samples=9600
[probe] full_sight    R²=0.9967  MSE=0.001081 (n=6400)
[probe] sensor_limited R²=0.1512  MSE=0.262559 (n=3200)
[probe] probe_gap (full - limited) = 0.8456
[probe] Summary: alpha=0.0 | score_full_sight=0.9967 | score_sensor_limited=0.1512 | gap=0.8456
=== done Thu Jun  4 17:14:19 EDT 2026 ===
