[setup] Required Python imports are available.
[setup] Required Python imports are available.
=== Job info ===
Job      : 634669  array=19
Node     : evc34
Submit   : /lustre/fs1/home/ak565492/gnn_experiments
Repo     : /lustre/fs1/home/ak565492/gnn_experiments
Git rev  : c98852a
Python   : /home/ak565492/expenv/bin/python
Python 3.11.4
PyYAML   : 6.0.3
NumPy    : 2.3.5
Torch    : 2.5.1+cu121 cuda_available=True torch_cuda=12.1
CUDA_VIS : 0
Threads  : OMP=4 MKL=4 OPENBLAS=1
Task     : 19/30
Config   : configs/pursuit_smoke.yaml
Generated: runs/pursuit_sweep/generated_configs/634633_19_pursuit_smoke_alpha0p25_seed1.yaml
Alpha    : 0.25
Seed     : 1
Run label: pursuit_smoke_alpha0p25
Log dir  : runs/pursuit_sweep/pursuit_smoke
Probe    : 1
Start    : Thu Jun  4 17:14:21 EDT 2026
================
Thu Jun  4 17:14:21 2026       
+-----------------------------------------------------------------------------------------+
| NVIDIA-SMI 580.105.08             Driver Version: 580.105.08     CUDA Version: 13.0     |
+-----------------------------------------+------------------------+----------------------+
| GPU  Name                 Persistence-M | Bus-Id          Disp.A | Volatile Uncorr. ECC |
| Fan  Temp   Perf          Pwr:Usage/Cap |           Memory-Usage | GPU-Util  Compute M. |
|                                         |                        |               MIG M. |
|=========================================+========================+======================|
|   0  NVIDIA H100 PCIe               Off |   00000000:17:00.0 Off |                    0 |
| N/A   35C    P0             46W /  310W |       0MiB /  81559MiB |      0%      Default |
|                                         |                        |             Disabled |
+-----------------------------------------+------------------------+----------------------+

+-----------------------------------------------------------------------------------------+
| Processes:                                                                              |
|  GPU   GI   CI              PID   Type   Process name                        GPU Memory |
|        ID   ID                                                               Usage      |
|=========================================================================================|
|  No running processes found                                                             |
+-----------------------------------------------------------------------------------------+
[env] kind=pursuit name=pursuit n_agents=3 obs_dim=5 action_dim=5 state_dim=9 num_envs=8
[train] Starting: total_iters=25 T=100 B=8 device=cpu seed=1 render=off
iter=   0 step=    800 ep_ret=-53.661 opt_ret=-53.661 step_rew=-0.5366 opt_step=-0.5366 gap0=53.661 dret=+0.000 eval_ret=n/a pursuer_target_distance=0.702 capture=0.018 score=0.010 pol=-0.0006 val=0.4685 ent=1.6094 tot=+0.2175 agnorm=0.044 cgnorm=0.203 kl=0.0001 clipf=0.000 ev=+0.035 r0=1.0000 entcoef=1.00e-02 lr=7.0e-04 seed=1
iter=   5 step=   4800 ep_ret=-61.619 opt_ret=-61.619 step_rew=-0.6162 opt_step=-0.6162 gap0=61.619 dret=-7.957 eval_ret=n/a pursuer_target_distance=0.606 capture=0.000 score=0.000 pol=-0.0002 val=0.1353 ent=1.6074 tot=+0.0544 agnorm=0.056 cgnorm=0.264 kl=0.0000 clipf=0.000 ev=+0.615 r0=1.0000 entcoef=8.13e-03 lr=5.6e-04 seed=1
iter=  10 step=   8800 ep_ret=-43.467 opt_ret=-43.467 step_rew=-0.4347 opt_step=-0.4347 gap0=43.467 dret=+10.195 eval_ret=n/a pursuer_target_distance=0.687 capture=0.026 score=0.016 pol=-0.0002 val=0.3959 ent=1.6020 tot=+0.1878 agnorm=0.061 cgnorm=0.303 kl=0.0000 clipf=0.000 ev=+0.185 r0=1.0000 entcoef=6.25e-03 lr=4.1e-04 seed=1
iter=  15 step=  12800 ep_ret=-41.658 opt_ret=-41.658 step_rew=-0.4166 opt_step=-0.4166 gap0=41.658 dret=+12.003 eval_ret=n/a pursuer_target_distance=0.532 capture=0.013 score=0.008 pol=-0.0000 val=0.1680 ent=1.6028 tot=+0.0770 agnorm=0.052 cgnorm=0.160 kl=0.0000 clipf=0.000 ev=+0.354 r0=1.0000 entcoef=4.37e-03 lr=2.7e-04 seed=1
iter=  20 step=  16800 ep_ret=-35.717 opt_ret=-35.717 step_rew=-0.3572 opt_step=-0.3572 gap0=35.717 dret=+17.945 eval_ret=n/a pursuer_target_distance=0.622 capture=0.028 score=0.017 pol=-0.0000 val=0.3601 ent=1.5990 tot=+0.1760 agnorm=0.068 cgnorm=0.222 kl=0.0000 clipf=0.000 ev=-0.045 r0=1.0000 entcoef=2.50e-03 lr=1.3e-04 seed=1
[train] Final checkpoint saved to runs/pursuit_sweep/pursuit_smoke/20260604_171422_577143_pursuit_smoke_alpha0p25_seed1_pid667041_arrayjob634633_job634669_task19/ckpt/final.pt
[train] Run artifacts in runs/pursuit_sweep/pursuit_smoke/20260604_171422_577143_pursuit_smoke_alpha0p25_seed1_pid667041_arrayjob634633_job634669_task19
[render] Skipped post-train render (mode=off).
[probe] alpha=0.25 seed=1 N=3 B=16 obs_dim=5 steps=200 total_samples=9600
[probe] full_sight    R²=0.9942  MSE=0.001790 (n=6400)
[probe] sensor_limited R²=0.3659  MSE=0.196823 (n=3200)
[probe] probe_gap (full - limited) = 0.6284
[probe] Summary: alpha=0.25 | score_full_sight=0.9942 | score_sensor_limited=0.3659 | gap=0.6284
=== done Thu Jun  4 17:14:31 EDT 2026 ===
