Traceback (most recent call last):
  File "/lustre/fs1/home/ak565492/gnn_experiments/HetGAT/train.py", line 516, in <module>
    train(args)
  File "/lustre/fs1/home/ak565492/gnn_experiments/HetGAT/train.py", line 402, in train
    bootstrap_values = collect_rollout(
                       ^^^^^^^^^^^^^^^^
  File "/home/ak565492/expenv/lib/python3.11/site-packages/torch/utils/_contextlib.py", line 116, in decorate_context
    return func(*args, **kwargs)
           ^^^^^^^^^^^^^^^^^^^^^
  File "/lustre/fs1/home/ak565492/gnn_experiments/HetGAT/utils.py", line 164, in collect_rollout
    reward, done, info = env_adapter.hetnet_step(all_actions)
                         ^^^^^^^^^^^^^^^^^^^^^^^^^^^^^^^^^^^^
  File "/lustre/fs1/home/ak565492/gnn_experiments/environments/guarded_territory.py", line 660, in hetnet_step
    all_obs, all_rew, dones, all_infos = self.env.step(all_actions)
                                         ^^^^^^^^^^^^^^^^^^^^^^^^^^
  File "/apps/python/python-3.11.4-gcc-12.2.0/lib/python3.11/contextlib.py", line 81, in inner
    return func(*args, **kwds)
           ^^^^^^^^^^^^^^^^^^^
  File "/home/ak565492/expenv/lib/python3.11/site-packages/vmas/simulator/environment/environment.py", line 388, in step
    self._set_action(actions[i], agent)
  File "/home/ak565492/expenv/lib/python3.11/site-packages/vmas/simulator/environment/environment.py", line 651, in _set_action
    assert not torch.any(
AssertionError: Physical actions of agent scout_0 are out of its range 1.0
