/home/ak565492/expenv/lib/python3.11/site-packages/torch/_inductor/compile_fx.py:167: UserWarning: TensorFloat32 tensor cores for float32 matrix multiplication available but not enabled. Consider setting `torch.set_float32_matmul_precision('high')` for better performance.
  warnings.warn(
Traceback (most recent call last):
  File "/lustre/fs1/home/ak565492/gnn_experiments/guided_coverage_train.py", line 480, in <module>
    main()
  File "/lustre/fs1/home/ak565492/gnn_experiments/guided_coverage_train.py", line 472, in main
    run_gnn(args.k, args.r_comm, device, args.output_dir)
  File "/lustre/fs1/home/ak565492/gnn_experiments/guided_coverage_train.py", line 213, in run_gnn
    last_obs, rollout_metrics = trainer.collect_rollouts(num_steps=rollout_steps)
                                ^^^^^^^^^^^^^^^^^^^^^^^^^^^^^^^^^^^^^^^^^^^^^^^^^
  File "/lustre/fs1/home/ak565492/gnn_experiments/gnn/trainer_multienv.py", line 122, in collect_rollouts
    next_obs, rewards, dones, info, next_positions = self.adapter.step(actions)
                                                     ^^^^^^^^^^^^^^^^^^^^^^^^^^
  File "/lustre/fs1/home/ak565492/gnn_experiments/environments/guided_coverage.py", line 397, in step
    all_obs, all_rew, dones, all_infos = self.env.step(all_actions)
                                         ^^^^^^^^^^^^^^^^^^^^^^^^^^
  File "/apps/python/python-3.11.4-gcc-12.2.0/lib/python3.11/contextlib.py", line 81, in inner
    return func(*args, **kwds)
           ^^^^^^^^^^^^^^^^^^^
  File "/home/ak565492/expenv/lib/python3.11/site-packages/vmas/simulator/environment/environment.py", line 400, in step
    return self._get_from_scenario(
           ^^^^^^^^^^^^^^^^^^^^^^^^
  File "/home/ak565492/expenv/lib/python3.11/site-packages/vmas/simulator/environment/environment.py", line 278, in _get_from_scenario
    reward = self.scenario.reward(agent).clone()
             ^^^^^^^^^^^^^^^^^^^^^^^^^^^
  File "/lustre/fs1/home/ak565492/gnn_experiments/environments/guided_coverage.py", line 217, in reward
    self._reward_step = self.world._elapsed_steps
                        ^^^^^^^^^^^^^^^^^^^^^^^^^
AttributeError: 'World' object has no attribute '_elapsed_steps'
