[env] kind=pcp name=pcp n_agents=5 obs_dim=5 action_dim=5 state_dim=13 num_envs=32
[train] Starting: total_iters=20 T=100 B=32 device=cpu seed=0 render=off
iter=   0 step=   3200 ep_ret=-78.528 opt_ret=-78.528 step_rew=-0.7853 opt_step=-0.7853 gap0=78.528 dret=+0.000 eval_ret=-32.894 pursuer_target_distance=6.210 capture=0.000 score=0.000 pol=-0.0018 val=0.6531 ent=1.6076 tot=+0.3086 agnorm=0.039 cgnorm=0.296 kl=0.0019 clipf=0.007 ev=-0.479 r0=1.0000 entcoef=1.00e-02 lr=7.0e-04 seed=0
iter=   1 step=   6400 ep_ret=-70.076 opt_ret=-70.076 step_rew=-0.7008 opt_step=-0.7008 gap0=70.076 dret=+8.452 eval_ret=n/a pursuer_target_distance=5.705 capture=0.000 score=0.000 pol=-0.0008 val=0.4069 ent=1.5978 tot=+0.1874 agnorm=0.029 cgnorm=0.277 kl=0.0011 clipf=0.002 ev=+0.262 r0=1.0000 entcoef=9.53e-03 lr=6.6e-04 seed=0
iter=   2 step=   9600 ep_ret=-70.619 opt_ret=-70.619 step_rew=-0.7062 opt_step=-0.7062 gap0=70.619 dret=+7.909 eval_ret=n/a pursuer_target_distance=5.473 capture=0.000 score=0.000 pol=-0.0007 val=0.3575 ent=1.5883 tot=+0.1637 agnorm=0.026 cgnorm=0.326 kl=0.0007 clipf=0.000 ev=+0.250 r0=1.0000 entcoef=9.05e-03 lr=6.3e-04 seed=0
iter=   3 step=  12800 ep_ret=-66.267 opt_ret=-66.267 step_rew=-0.6627 opt_step=-0.6627 gap0=66.267 dret=+12.261 eval_ret=n/a pursuer_target_distance=5.134 capture=0.000 score=0.000 pol=-0.0011 val=0.3683 ent=1.5801 tot=+0.1695 agnorm=0.038 cgnorm=0.378 kl=0.0009 clipf=0.000 ev=+0.335 r0=1.0000 entcoef=8.58e-03 lr=5.9e-04 seed=0
iter=   4 step=  16000 ep_ret=-76.664 opt_ret=-76.664 step_rew=-0.7666 opt_step=-0.7666 gap0=76.664 dret=+1.864 eval_ret=n/a pursuer_target_distance=6.000 capture=0.000 score=0.000 pol=-0.0013 val=0.4698 ent=1.5727 tot=+0.2208 agnorm=0.047 cgnorm=0.316 kl=0.0020 clipf=0.014 ev=+0.365 r0=1.0000 entcoef=8.11e-03 lr=5.5e-04 seed=0
iter=   5 step=  19200 ep_ret=-69.131 opt_ret=-69.131 step_rew=-0.6913 opt_step=-0.6913 gap0=69.131 dret=+9.397 eval_ret=n/a pursuer_target_distance=5.435 capture=0.000 score=0.000 pol=-0.0004 val=0.3169 ent=1.5681 tot=+0.1460 agnorm=0.030 cgnorm=0.314 kl=0.0004 clipf=0.000 ev=+0.385 r0=1.0000 entcoef=7.63e-03 lr=5.2e-04 seed=0
iter=   6 step=  22400 ep_ret=-77.733 opt_ret=-77.733 step_rew=-0.7773 opt_step=-0.7773 gap0=77.733 dret=+0.795 eval_ret=n/a pursuer_target_distance=5.599 capture=0.000 score=0.000 pol=-0.0012 val=0.4307 ent=1.5624 tot=+0.2030 agnorm=0.042 cgnorm=0.385 kl=0.0012 clipf=0.003 ev=+0.431 r0=1.0000 entcoef=7.16e-03 lr=4.8e-04 seed=0
iter=   7 step=  25600 ep_ret=-65.254 opt_ret=-65.254 step_rew=-0.6525 opt_step=-0.6525 gap0=65.254 dret=+13.274 eval_ret=n/a pursuer_target_distance=5.992 capture=0.000 score=0.000 pol=-0.0009 val=0.2399 ent=1.5567 tot=+0.1086 agnorm=0.038 cgnorm=0.269 kl=0.0009 clipf=0.000 ev=+0.490 r0=1.0000 entcoef=6.68e-03 lr=4.5e-04 seed=0
iter=   8 step=  28800 ep_ret=-65.012 opt_ret=-65.012 step_rew=-0.6501 opt_step=-0.6501 gap0=65.012 dret=+13.516 eval_ret=n/a pursuer_target_distance=5.165 capture=0.000 score=0.000 pol=-0.0009 val=0.3075 ent=1.5515 tot=+0.1432 agnorm=0.037 cgnorm=0.344 kl=0.0012 clipf=0.004 ev=+0.277 r0=1.0000 entcoef=6.21e-03 lr=4.1e-04 seed=0
iter=   9 step=  32000 ep_ret=-75.702 opt_ret=-75.702 step_rew=-0.7570 opt_step=-0.7570 gap0=75.702 dret=+2.826 eval_ret=n/a pursuer_target_distance=6.174 capture=0.000 score=0.000 pol=-0.0013 val=0.3893 ent=1.5418 tot=+0.1845 agnorm=0.046 cgnorm=0.401 kl=0.0011 clipf=0.000 ev=+0.370 r0=1.0000 entcoef=5.74e-03 lr=3.7e-04 seed=0
iter=  10 step=  35200 ep_ret=-71.256 opt_ret=-71.256 step_rew=-0.7126 opt_step=-0.7126 gap0=71.256 dret=+7.272 eval_ret=n/a pursuer_target_distance=5.309 capture=0.000 score=0.000 pol=-0.0006 val=0.3097 ent=1.5251 tot=+0.1462 agnorm=0.039 cgnorm=0.349 kl=0.0009 clipf=0.001 ev=+0.323 r0=1.0000 entcoef=5.26e-03 lr=3.4e-04 seed=0
iter=  11 step=  38400 ep_ret=-65.311 opt_ret=-65.311 step_rew=-0.6531 opt_step=-0.6531 gap0=65.311 dret=+13.217 eval_ret=n/a pursuer_target_distance=5.788 capture=0.000 score=0.000 pol=-0.0010 val=0.2549 ent=1.5210 tot=+0.1192 agnorm=0.041 cgnorm=0.319 kl=0.0010 clipf=0.000 ev=+0.391 r0=1.0000 entcoef=4.79e-03 lr=3.0e-04 seed=0
iter=  12 step=  41600 ep_ret=-64.115 opt_ret=-64.115 step_rew=-0.6412 opt_step=-0.6412 gap0=64.115 dret=+14.413 eval_ret=n/a pursuer_target_distance=5.873 capture=0.009 score=0.001 pol=-0.0013 val=1.0409 ent=1.5067 tot=+0.5126 agnorm=0.062 cgnorm=0.468 kl=0.0016 clipf=0.012 ev=+0.029 r0=1.0000 entcoef=4.32e-03 lr=2.6e-04 seed=0
iter=  13 step=  44800 ep_ret=-65.030 opt_ret=-65.030 step_rew=-0.6503 opt_step=-0.6503 gap0=65.030 dret=+13.498 eval_ret=n/a pursuer_target_distance=5.011 capture=0.000 score=0.000 pol=-0.0007 val=0.2500 ent=1.4942 tot=+0.1186 agnorm=0.042 cgnorm=0.294 kl=0.0007 clipf=0.000 ev=+0.461 r0=1.0000 entcoef=3.84e-03 lr=2.3e-04 seed=0
iter=  14 step=  48000 ep_ret=-59.834 opt_ret=-59.834 step_rew=-0.5983 opt_step=-0.5983 gap0=59.834 dret=+18.694 eval_ret=n/a pursuer_target_distance=5.108 capture=0.000 score=0.000 pol=-0.0002 val=0.2086 ent=1.4879 tot=+0.0991 agnorm=0.036 cgnorm=0.267 kl=0.0002 clipf=0.000 ev=+0.411 r0=1.0000 entcoef=3.37e-03 lr=1.9e-04 seed=0
iter=  15 step=  51200 ep_ret=-74.055 opt_ret=-74.055 step_rew=-0.7406 opt_step=-0.7406 gap0=74.055 dret=+4.473 eval_ret=n/a pursuer_target_distance=5.426 capture=0.000 score=0.000 pol=-0.0002 val=0.3323 ent=1.4711 tot=+0.1617 agnorm=0.027 cgnorm=0.339 kl=0.0001 clipf=0.000 ev=+0.306 r0=1.0000 entcoef=2.89e-03 lr=1.6e-04 seed=0
iter=  16 step=  54400 ep_ret=-65.539 opt_ret=-65.539 step_rew=-0.6554 opt_step=-0.6554 gap0=65.539 dret=+12.989 eval_ret=n/a pursuer_target_distance=5.314 capture=0.000 score=0.000 pol=-0.0001 val=0.2275 ent=1.4677 tot=+0.1101 agnorm=0.026 cgnorm=0.284 kl=0.0001 clipf=0.000 ev=+0.319 r0=1.0000 entcoef=2.42e-03 lr=1.2e-04 seed=0
iter=  17 step=  57600 ep_ret=-70.607 opt_ret=-70.607 step_rew=-0.7061 opt_step=-0.7061 gap0=70.607 dret=+7.921 eval_ret=n/a pursuer_target_distance=5.660 capture=0.000 score=0.000 pol=-0.0004 val=0.3335 ent=1.4722 tot=+0.1635 agnorm=0.057 cgnorm=0.313 kl=0.0001 clipf=0.000 ev=+0.328 r0=1.0000 entcoef=1.95e-03 lr=8.3e-05 seed=0
iter=  18 step=  60800 ep_ret=-49.183 opt_ret=-49.183 step_rew=-0.4918 opt_step=-0.4918 gap0=49.183 dret=+29.345 eval_ret=n/a pursuer_target_distance=4.160 capture=0.001 score=0.000 pol=-0.0001 val=0.1151 ent=1.4776 tot=+0.0553 agnorm=0.051 cgnorm=0.173 kl=0.0000 clipf=0.000 ev=+0.445 r0=1.0000 entcoef=1.47e-03 lr=4.6e-05 seed=0
iter=  19 step=  64000 ep_ret=-64.059 opt_ret=-64.059 step_rew=-0.6406 opt_step=-0.6406 gap0=64.059 dret=+14.469 eval_ret=-38.138 pursuer_target_distance=5.510 capture=0.006 score=0.001 pol=-0.0000 val=0.5456 ent=1.4748 tot=+0.2713 agnorm=0.019 cgnorm=0.416 kl=0.0000 clipf=0.000 ev=+0.127 r0=1.0000 entcoef=1.00e-03 lr=1.0e-05 seed=0
[train] Final checkpoint saved to runs/pcp_smoke/20260618_222420_870007_pcp_smoke_default_seed0_pid66829/ckpt/final.pt
[train] Run artifacts in runs/pcp_smoke/20260618_222420_870007_pcp_smoke_default_seed0_pid66829
[render] Skipped post-train render (mode=off).
