[setup] Required Python imports are available.
[setup] Required Python imports are available.
=== qmix_pcp_full task 6/70: identity seed6 (git 5e3950a) ===
Run dir: runs/qmix_pcp_full_20260627_165504/identity/seed6  Start: Sat Jun 27 16:55:04 EDT 2026
Sat Jun 27 16:55:04 2026       
+-----------------------------------------------------------------------------------------+
| NVIDIA-SMI 580.105.08             Driver Version: 580.105.08     CUDA Version: 13.0     |
+-----------------------------------------+------------------------+----------------------+
| GPU  Name                 Persistence-M | Bus-Id          Disp.A | Volatile Uncorr. ECC |
| Fan  Temp   Perf          Pwr:Usage/Cap |           Memory-Usage | GPU-Util  Compute M. |
|                                         |                        |               MIG M. |
|=========================================+========================+======================|
|   0  Tesla V100-PCIE-32GB           Off |   00000000:D8:00.0 Off |                    0 |
| N/A   26C    P0             25W /  250W |       0MiB /  32768MiB |      0%      Default |
|                                         |                        |                  N/A |
+-----------------------------------------+------------------------+----------------------+

+-----------------------------------------------------------------------------------------+
| Processes:                                                                              |
|  GPU   GI   CI              PID   Type   Process name                        GPU Memory |
|        ID   ID                                                               Usage      |
|=========================================================================================|
|  No running processes found                                                             |
+-----------------------------------------------------------------------------------------+
[env] kind=pcp name=pcp n_agents=5 obs_dim=5 action_dim=5 state_dim=13 num_envs=32
[train] QMIX start: total_iters=62500 B=32 device=cuda:0 seed=6 warmup=5000 batch=256 target_update(updates)=200 render=off
step=   20000 ep_ret=-83.306 eval_ret=-128.960 pursuer_target_distance=6.189 capture=0.004 cap=0.010 td_loss=0.4086 q_tot=+10.599 tgt=+10.586 gnorm=52.86 w_min=2.70e-08 eps=0.621 buf=20000 upd=469 seed=6
step=   40000 ep_ret=-96.010 eval_ret=-93.624 pursuer_target_distance=6.849 capture=0.002 cap=0.000 td_loss=0.2738 q_tot=+10.671 tgt=+10.664 gnorm=45.10 w_min=2.47e-08 eps=0.241 buf=40000 upd=1094 seed=6
step=   60000 ep_ret=-80.343 eval_ret=-104.898 pursuer_target_distance=6.282 capture=0.003 cap=0.016 td_loss=0.3948 q_tot=+9.974 tgt=+9.972 gnorm=61.37 w_min=2.03e-08 eps=0.050 buf=60000 upd=1719 seed=6
step=   80000 ep_ret=-77.720 eval_ret=-80.636 pursuer_target_distance=6.122 capture=0.003 cap=0.009 td_loss=0.4123 q_tot=+9.368 tgt=+9.364 gnorm=67.20 w_min=1.68e-08 eps=0.050 buf=80000 upd=2344 seed=6
step=  100000 ep_ret=-60.485 eval_ret=-83.689 pursuer_target_distance=5.973 capture=0.000 cap=0.000 td_loss=0.4888 q_tot=+7.944 tgt=+7.940 gnorm=76.45 w_min=4.66e-10 eps=0.050 buf=100000 upd=2969 seed=6
step=  120000 ep_ret=-59.941 eval_ret=-66.899 pursuer_target_distance=5.564 capture=0.001 cap=0.005 td_loss=0.5566 q_tot=+6.911 tgt=+6.911 gnorm=86.60 w_min=5.96e-08 eps=0.050 buf=100000 upd=3594 seed=6
step=  140000 ep_ret=-63.563 eval_ret=-121.286 pursuer_target_distance=5.150 capture=0.001 cap=0.005 td_loss=0.4668 q_tot=+6.748 tgt=+6.747 gnorm=81.28 w_min=3.17e-08 eps=0.050 buf=100000 upd=4219 seed=6
step=  160000 ep_ret=-42.321 eval_ret=-97.552 pursuer_target_distance=4.454 capture=0.002 cap=0.018 td_loss=0.4303 q_tot=+6.488 tgt=+6.487 gnorm=80.60 w_min=3.35e-08 eps=0.050 buf=100000 upd=4844 seed=6
step=  180000 ep_ret=-60.665 eval_ret=-53.479 pursuer_target_distance=4.261 capture=0.002 cap=0.031 td_loss=0.4900 q_tot=+6.237 tgt=+6.235 gnorm=83.29 w_min=4.47e-08 eps=0.050 buf=100000 upd=5469 seed=6
step=  200000 ep_ret=-46.409 eval_ret=-86.785 pursuer_target_distance=4.127 capture=0.005 cap=0.031 td_loss=0.5399 q_tot=+6.726 tgt=+6.722 gnorm=87.85 w_min=3.91e-08 eps=0.050 buf=100000 upd=6094 seed=6
step=  220000 ep_ret=-40.749 eval_ret=-79.578 pursuer_target_distance=3.767 capture=0.003 cap=0.026 td_loss=0.6017 q_tot=+7.077 tgt=+7.076 gnorm=96.60 w_min=9.69e-08 eps=0.050 buf=100000 upd=6719 seed=6
step=  240000 ep_ret=-37.140 eval_ret=-87.071 pursuer_target_distance=3.463 capture=0.005 cap=0.049 td_loss=0.6963 q_tot=+7.749 tgt=+7.749 gnorm=105.55 w_min=3.73e-08 eps=0.050 buf=100000 upd=7344 seed=6
step=  260000 ep_ret=-49.577 eval_ret=-51.768 pursuer_target_distance=3.684 capture=0.008 cap=0.026 td_loss=0.8483 q_tot=+9.159 tgt=+9.157 gnorm=128.21 w_min=7.45e-09 eps=0.050 buf=100000 upd=7969 seed=6
step=  280000 ep_ret=-35.115 eval_ret=-85.926 pursuer_target_distance=3.204 capture=0.002 cap=0.010 td_loss=0.9105 q_tot=+9.460 tgt=+9.458 gnorm=133.72 w_min=1.08e-07 eps=0.050 buf=100000 upd=8594 seed=6
step=  300000 ep_ret=-28.611 eval_ret=-35.355 pursuer_target_distance=2.796 capture=0.004 cap=0.021 td_loss=0.8502 q_tot=+9.318 tgt=+9.316 gnorm=125.86 w_min=7.45e-09 eps=0.050 buf=100000 upd=9219 seed=6
step=  320000 ep_ret=-40.261 eval_ret=-43.168 pursuer_target_distance=2.939 capture=0.001 cap=0.018 td_loss=0.8632 q_tot=+9.797 tgt=+9.796 gnorm=123.11 w_min=2.05e-08 eps=0.050 buf=100000 upd=9844 seed=6
step=  340000 ep_ret=-29.137 eval_ret=-77.990 pursuer_target_distance=2.853 capture=0.005 cap=0.026 td_loss=0.8345 q_tot=+9.942 tgt=+9.939 gnorm=128.95 w_min=1.49e-08 eps=0.050 buf=100000 upd=10469 seed=6
step=  360000 ep_ret=-33.122 eval_ret=-76.672 pursuer_target_distance=2.793 capture=0.003 cap=0.021 td_loss=0.8388 q_tot=+10.589 tgt=+10.590 gnorm=127.83 w_min=5.59e-08 eps=0.050 buf=100000 upd=11094 seed=6
step=  380000 ep_ret=-18.307 eval_ret=-42.110 pursuer_target_distance=2.671 capture=0.006 cap=0.036 td_loss=0.8286 q_tot=+11.566 tgt=+11.564 gnorm=132.92 w_min=2.24e-08 eps=0.050 buf=100000 upd=11719 seed=6
step=  400000 ep_ret=-24.051 eval_ret=-62.774 pursuer_target_distance=3.019 capture=0.002 cap=0.031 td_loss=0.8775 q_tot=+12.257 tgt=+12.255 gnorm=138.80 w_min=9.31e-09 eps=0.050 buf=100000 upd=12344 seed=6
step=  420000 ep_ret=-26.918 eval_ret=-84.063 pursuer_target_distance=3.060 capture=0.008 cap=0.047 td_loss=0.9383 q_tot=+12.338 tgt=+12.337 gnorm=142.59 w_min=7.45e-09 eps=0.050 buf=100000 upd=12969 seed=6
step=  440000 ep_ret=-36.862 eval_ret=-35.178 pursuer_target_distance=3.067 capture=0.005 cap=0.026 td_loss=0.9696 q_tot=+12.898 tgt=+12.894 gnorm=153.77 w_min=1.49e-08 eps=0.050 buf=100000 upd=13594 seed=6
step=  460000 ep_ret=-38.016 eval_ret=-42.301 pursuer_target_distance=2.978 capture=0.002 cap=0.026 td_loss=1.0288 q_tot=+12.486 tgt=+12.487 gnorm=157.59 w_min=1.68e-08 eps=0.050 buf=100000 upd=14219 seed=6
step=  480000 ep_ret=-22.504 eval_ret=-40.633 pursuer_target_distance=3.002 capture=0.003 cap=0.022 td_loss=1.0125 q_tot=+12.825 tgt=+12.831 gnorm=159.43 w_min=0.00e+00 eps=0.050 buf=100000 upd=14844 seed=6
step=  500000 ep_ret=-31.026 eval_ret=-34.548 pursuer_target_distance=2.960 capture=0.001 cap=0.016 td_loss=0.9875 q_tot=+12.801 tgt=+12.799 gnorm=162.43 w_min=1.49e-08 eps=0.050 buf=100000 upd=15469 seed=6
step=  520000 ep_ret=-15.876 eval_ret=-32.349 pursuer_target_distance=2.811 capture=0.009 cap=0.073 td_loss=1.0533 q_tot=+13.523 tgt=+13.519 gnorm=175.38 w_min=3.73e-08 eps=0.050 buf=100000 upd=16094 seed=6
step=  540000 ep_ret=-37.405 eval_ret=-32.354 pursuer_target_distance=2.708 capture=0.004 cap=0.042 td_loss=1.0070 q_tot=+13.470 tgt=+13.468 gnorm=177.20 w_min=2.98e-08 eps=0.050 buf=100000 upd=16719 seed=6
step=  560000 ep_ret=-45.983 eval_ret=-35.015 pursuer_target_distance=2.986 capture=0.002 cap=0.027 td_loss=0.9759 q_tot=+14.042 tgt=+14.044 gnorm=166.62 w_min=7.45e-09 eps=0.050 buf=100000 upd=17344 seed=6
step=  580000 ep_ret=-28.864 eval_ret=-31.619 pursuer_target_distance=3.127 capture=0.002 cap=0.016 td_loss=0.9240 q_tot=+14.000 tgt=+14.000 gnorm=162.62 w_min=2.79e-09 eps=0.050 buf=100000 upd=17969 seed=6
step=  600000 ep_ret=-32.547 eval_ret=-33.185 pursuer_target_distance=2.937 capture=0.003 cap=0.031 td_loss=0.9555 q_tot=+14.249 tgt=+14.247 gnorm=170.31 w_min=1.14e-08 eps=0.050 buf=100000 upd=18594 seed=6
step=  620000 ep_ret=-25.771 eval_ret=-35.805 pursuer_target_distance=2.586 capture=0.005 cap=0.031 td_loss=0.9307 q_tot=+14.590 tgt=+14.592 gnorm=180.67 w_min=0.00e+00 eps=0.050 buf=100000 upd=19219 seed=6
step=  640000 ep_ret=-31.097 eval_ret=-32.721 pursuer_target_distance=3.037 capture=0.004 cap=0.049 td_loss=0.9025 q_tot=+14.830 tgt=+14.827 gnorm=168.85 w_min=1.49e-08 eps=0.050 buf=100000 upd=19844 seed=6
step=  660000 ep_ret=-28.738 eval_ret=-32.776 pursuer_target_distance=3.035 capture=0.004 cap=0.016 td_loss=0.9224 q_tot=+14.566 tgt=+14.564 gnorm=173.17 w_min=1.34e-07 eps=0.050 buf=100000 upd=20469 seed=6
step=  680000 ep_ret=-40.370 eval_ret=-42.396 pursuer_target_distance=2.890 capture=0.001 cap=0.005 td_loss=0.9799 q_tot=+15.221 tgt=+15.219 gnorm=192.93 w_min=7.45e-09 eps=0.050 buf=100000 upd=21094 seed=6
step=  700000 ep_ret=-37.464 eval_ret=-41.339 pursuer_target_distance=3.038 capture=0.002 cap=0.026 td_loss=0.9206 q_tot=+14.621 tgt=+14.623 gnorm=180.81 w_min=3.73e-09 eps=0.050 buf=100000 upd=21719 seed=6
step=  720000 ep_ret=-19.254 eval_ret=-52.662 pursuer_target_distance=2.697 capture=0.002 cap=0.022 td_loss=0.8426 q_tot=+13.463 tgt=+13.464 gnorm=173.27 w_min=2.98e-08 eps=0.050 buf=100000 upd=22344 seed=6
step=  740000 ep_ret=-13.129 eval_ret=-46.078 pursuer_target_distance=3.168 capture=0.006 cap=0.036 td_loss=0.7820 q_tot=+13.010 tgt=+13.015 gnorm=157.80 w_min=5.22e-08 eps=0.050 buf=100000 upd=22969 seed=6
step=  760000 ep_ret=-29.406 eval_ret=-33.248 pursuer_target_distance=3.026 capture=0.003 cap=0.036 td_loss=0.8688 q_tot=+12.829 tgt=+12.826 gnorm=172.50 w_min=3.35e-08 eps=0.050 buf=100000 upd=23594 seed=6
step=  780000 ep_ret=-26.093 eval_ret=-35.908 pursuer_target_distance=2.825 capture=0.002 cap=0.026 td_loss=0.8426 q_tot=+12.834 tgt=+12.837 gnorm=172.75 w_min=0.00e+00 eps=0.050 buf=100000 upd=24219 seed=6
step=  800000 ep_ret=-28.998 eval_ret=-39.025 pursuer_target_distance=2.730 capture=0.002 cap=0.027 td_loss=0.8282 q_tot=+12.785 tgt=+12.785 gnorm=161.48 w_min=7.45e-09 eps=0.050 buf=100000 upd=24844 seed=6
step=  820000 ep_ret=-39.308 eval_ret=-36.140 pursuer_target_distance=3.114 capture=0.004 cap=0.026 td_loss=0.8907 q_tot=+13.158 tgt=+13.159 gnorm=176.33 w_min=8.57e-08 eps=0.050 buf=100000 upd=25469 seed=6
step=  840000 ep_ret=-32.654 eval_ret=-39.494 pursuer_target_distance=2.831 capture=0.002 cap=0.031 td_loss=0.8768 q_tot=+13.493 tgt=+13.491 gnorm=185.33 w_min=2.79e-08 eps=0.050 buf=100000 upd=26094 seed=6
step=  860000 ep_ret=-33.677 eval_ret=-58.758 pursuer_target_distance=2.770 capture=0.006 cap=0.068 td_loss=0.8190 q_tot=+13.268 tgt=+13.266 gnorm=179.95 w_min=5.03e-08 eps=0.050 buf=100000 upd=26719 seed=6
step=  880000 ep_ret=-32.434 eval_ret=-49.944 pursuer_target_distance=2.800 capture=0.004 cap=0.054 td_loss=0.9392 q_tot=+14.018 tgt=+14.015 gnorm=198.50 w_min=1.49e-08 eps=0.050 buf=100000 upd=27344 seed=6
step=  900000 ep_ret=-21.484 eval_ret=-41.751 pursuer_target_distance=2.822 capture=0.006 cap=0.057 td_loss=1.0324 q_tot=+13.480 tgt=+13.474 gnorm=197.74 w_min=2.98e-08 eps=0.050 buf=100000 upd=27969 seed=6
step=  920000 ep_ret=-38.281 eval_ret=-39.820 pursuer_target_distance=3.058 capture=0.004 cap=0.021 td_loss=1.0618 q_tot=+12.823 tgt=+12.824 gnorm=197.67 w_min=2.98e-08 eps=0.050 buf=100000 upd=28594 seed=6
step=  940000 ep_ret=-35.163 eval_ret=-40.163 pursuer_target_distance=2.870 capture=0.002 cap=0.021 td_loss=1.0599 q_tot=+12.425 tgt=+12.424 gnorm=188.91 w_min=4.84e-08 eps=0.050 buf=100000 upd=29219 seed=6
step=  960000 ep_ret=-32.478 eval_ret=-40.463 pursuer_target_distance=2.587 capture=0.004 cap=0.036 td_loss=0.9382 q_tot=+12.102 tgt=+12.097 gnorm=175.64 w_min=4.47e-08 eps=0.050 buf=100000 upd=29844 seed=6
step=  980000 ep_ret=-29.969 eval_ret=-45.621 pursuer_target_distance=3.022 capture=0.001 cap=0.005 td_loss=0.8903 q_tot=+10.723 tgt=+10.724 gnorm=165.09 w_min=1.86e-09 eps=0.050 buf=100000 upd=30469 seed=6
step= 1000000 ep_ret=-20.274 eval_ret=-47.956 pursuer_target_distance=2.929 capture=0.004 cap=0.047 td_loss=0.8060 q_tot=+9.883 tgt=+9.885 gnorm=159.14 w_min=2.24e-08 eps=0.050 buf=100000 upd=31094 seed=6
step= 1020000 ep_ret=-29.446 eval_ret=-36.072 pursuer_target_distance=2.748 capture=0.001 cap=0.021 td_loss=0.7115 q_tot=+9.725 tgt=+9.726 gnorm=143.90 w_min=4.66e-08 eps=0.050 buf=100000 upd=31719 seed=6
step= 1040000 ep_ret=-19.121 eval_ret=-43.822 pursuer_target_distance=2.848 capture=0.004 cap=0.049 td_loss=0.7096 q_tot=+9.749 tgt=+9.752 gnorm=143.93 w_min=2.24e-08 eps=0.050 buf=100000 upd=32344 seed=6
step= 1060000 ep_ret=-30.866 eval_ret=-41.027 pursuer_target_distance=3.036 capture=0.007 cap=0.036 td_loss=0.7752 q_tot=+10.209 tgt=+10.213 gnorm=148.58 w_min=7.45e-09 eps=0.050 buf=100000 upd=32969 seed=6
step= 1080000 ep_ret=-35.589 eval_ret=-38.058 pursuer_target_distance=2.861 capture=0.003 cap=0.052 td_loss=0.8557 q_tot=+10.805 tgt=+10.805 gnorm=158.76 w_min=5.96e-08 eps=0.050 buf=100000 upd=33594 seed=6
step= 1100000 ep_ret=-27.495 eval_ret=-49.477 pursuer_target_distance=2.543 capture=0.002 cap=0.031 td_loss=0.8316 q_tot=+10.618 tgt=+10.616 gnorm=167.92 w_min=2.24e-08 eps=0.050 buf=100000 upd=34219 seed=6
step= 1120000 ep_ret=-27.527 eval_ret=-36.807 pursuer_target_distance=2.619 capture=0.005 cap=0.040 td_loss=0.8585 q_tot=+10.831 tgt=+10.828 gnorm=163.79 w_min=2.98e-08 eps=0.050 buf=100000 upd=34844 seed=6
step= 1140000 ep_ret=-35.180 eval_ret=-35.282 pursuer_target_distance=3.011 capture=0.005 cap=0.047 td_loss=0.8683 q_tot=+11.075 tgt=+11.074 gnorm=176.71 w_min=4.66e-09 eps=0.050 buf=100000 upd=35469 seed=6
step= 1160000 ep_ret=-24.762 eval_ret=-36.695 pursuer_target_distance=2.699 capture=0.006 cap=0.036 td_loss=0.8775 q_tot=+10.302 tgt=+10.301 gnorm=168.79 w_min=5.96e-08 eps=0.050 buf=100000 upd=36094 seed=6
step= 1180000 ep_ret=-30.848 eval_ret=-39.444 pursuer_target_distance=3.021 capture=0.003 cap=0.031 td_loss=0.8094 q_tot=+9.504 tgt=+9.508 gnorm=151.47 w_min=1.49e-08 eps=0.050 buf=100000 upd=36719 seed=6
step= 1200000 ep_ret=-29.421 eval_ret=-42.384 pursuer_target_distance=2.898 capture=0.004 cap=0.036 td_loss=0.8440 q_tot=+8.854 tgt=+8.856 gnorm=150.12 w_min=1.49e-08 eps=0.050 buf=100000 upd=37344 seed=6
step= 1220000 ep_ret=-33.490 eval_ret=-36.183 pursuer_target_distance=2.992 capture=0.003 cap=0.036 td_loss=0.8581 q_tot=+7.686 tgt=+7.681 gnorm=139.30 w_min=3.91e-08 eps=0.050 buf=100000 upd=37969 seed=6
step= 1240000 ep_ret=-49.737 eval_ret=-45.704 pursuer_target_distance=3.136 capture=0.006 cap=0.036 td_loss=0.8481 q_tot=+7.083 tgt=+7.079 gnorm=138.11 w_min=5.96e-08 eps=0.050 buf=100000 upd=38594 seed=6
step= 1260000 ep_ret=-31.078 eval_ret=-37.256 pursuer_target_distance=2.777 capture=0.005 cap=0.057 td_loss=0.8270 q_tot=+6.715 tgt=+6.716 gnorm=137.30 w_min=7.45e-09 eps=0.050 buf=100000 upd=39219 seed=6
step= 1280000 ep_ret=-26.835 eval_ret=-40.252 pursuer_target_distance=2.690 capture=0.004 cap=0.040 td_loss=0.8318 q_tot=+6.149 tgt=+6.146 gnorm=139.52 w_min=0.00e+00 eps=0.050 buf=100000 upd=39844 seed=6
step= 1300000 ep_ret=-23.106 eval_ret=-35.000 pursuer_target_distance=2.985 capture=0.003 cap=0.031 td_loss=0.8274 q_tot=+5.594 tgt=+5.593 gnorm=137.64 w_min=7.45e-08 eps=0.050 buf=100000 upd=40469 seed=6
step= 1320000 ep_ret=-29.712 eval_ret=-36.675 pursuer_target_distance=2.821 capture=0.004 cap=0.042 td_loss=0.8307 q_tot=+5.514 tgt=+5.514 gnorm=153.68 w_min=1.12e-08 eps=0.050 buf=100000 upd=41094 seed=6
step= 1340000 ep_ret=-32.130 eval_ret=-41.445 pursuer_target_distance=2.806 capture=0.003 cap=0.026 td_loss=0.8065 q_tot=+5.526 tgt=+5.523 gnorm=144.05 w_min=4.47e-08 eps=0.050 buf=100000 upd=41719 seed=6
step= 1360000 ep_ret=-29.056 eval_ret=-37.302 pursuer_target_distance=2.709 capture=0.005 cap=0.036 td_loss=0.8050 q_tot=+5.523 tgt=+5.524 gnorm=146.85 w_min=2.98e-08 eps=0.050 buf=100000 upd=42344 seed=6
step= 1380000 ep_ret=-13.990 eval_ret=-35.510 pursuer_target_distance=2.821 capture=0.004 cap=0.036 td_loss=0.7239 q_tot=+5.669 tgt=+5.668 gnorm=141.50 w_min=5.96e-08 eps=0.050 buf=100000 upd=42969 seed=6
step= 1400000 ep_ret=-13.926 eval_ret=-34.107 pursuer_target_distance=2.614 capture=0.008 cap=0.042 td_loss=0.7908 q_tot=+6.343 tgt=+6.341 gnorm=136.53 w_min=4.47e-08 eps=0.050 buf=100000 upd=43594 seed=6
step= 1420000 ep_ret=-28.971 eval_ret=-40.774 pursuer_target_distance=2.829 capture=0.003 cap=0.016 td_loss=0.8352 q_tot=+7.277 tgt=+7.280 gnorm=149.75 w_min=1.49e-08 eps=0.050 buf=100000 upd=44219 seed=6
step= 1440000 ep_ret=-34.878 eval_ret=-36.288 pursuer_target_distance=2.741 capture=0.006 cap=0.058 td_loss=0.8697 q_tot=+6.116 tgt=+6.116 gnorm=145.57 w_min=7.45e-09 eps=0.050 buf=100000 upd=44844 seed=6
step= 1460000 ep_ret=-32.194 eval_ret=-46.445 pursuer_target_distance=2.729 capture=0.002 cap=0.021 td_loss=0.9293 q_tot=+6.231 tgt=+6.237 gnorm=161.20 w_min=2.98e-08 eps=0.050 buf=100000 upd=45469 seed=6
step= 1480000 ep_ret=-33.248 eval_ret=-42.234 pursuer_target_distance=2.941 capture=0.003 cap=0.036 td_loss=0.9573 q_tot=+6.105 tgt=+6.101 gnorm=176.81 w_min=2.98e-08 eps=0.050 buf=100000 upd=46094 seed=6
step= 1500000 ep_ret=-17.294 eval_ret=-44.416 pursuer_target_distance=2.762 capture=0.010 cap=0.047 td_loss=0.9502 q_tot=+5.145 tgt=+5.145 gnorm=173.80 w_min=9.92e-08 eps=0.050 buf=100000 upd=46719 seed=6
step= 1520000 ep_ret=-14.803 eval_ret=-39.106 pursuer_target_distance=2.734 capture=0.004 cap=0.045 td_loss=1.0367 q_tot=+4.374 tgt=+4.371 gnorm=200.56 w_min=2.98e-08 eps=0.050 buf=100000 upd=47344 seed=6
step= 1540000 ep_ret=-26.407 eval_ret=-35.474 pursuer_target_distance=2.831 capture=0.007 cap=0.062 td_loss=1.0295 q_tot=+4.608 tgt=+4.611 gnorm=191.42 w_min=9.31e-08 eps=0.050 buf=100000 upd=47969 seed=6
step= 1560000 ep_ret=-21.575 eval_ret=-54.547 pursuer_target_distance=2.926 capture=0.011 cap=0.057 td_loss=1.1922 q_tot=+4.516 tgt=+4.522 gnorm=211.78 w_min=6.85e-08 eps=0.050 buf=100000 upd=48594 seed=6
step= 1580000 ep_ret=-26.499 eval_ret=-59.477 pursuer_target_distance=3.043 capture=0.006 cap=0.052 td_loss=1.3334 q_tot=+4.904 tgt=+4.904 gnorm=227.44 w_min=1.86e-08 eps=0.050 buf=100000 upd=49219 seed=6
step= 1600000 ep_ret=-24.750 eval_ret=-40.743 pursuer_target_distance=2.841 capture=0.005 cap=0.054 td_loss=1.3560 q_tot=+6.306 tgt=+6.307 gnorm=237.68 w_min=5.96e-08 eps=0.050 buf=100000 upd=49844 seed=6
step= 1620000 ep_ret=-41.573 eval_ret=-59.365 pursuer_target_distance=3.157 capture=0.003 cap=0.031 td_loss=1.3008 q_tot=+6.611 tgt=+6.608 gnorm=216.41 w_min=4.84e-08 eps=0.050 buf=100000 upd=50469 seed=6
step= 1640000 ep_ret=-26.816 eval_ret=-52.142 pursuer_target_distance=2.555 capture=0.004 cap=0.016 td_loss=1.0973 q_tot=+6.095 tgt=+6.094 gnorm=180.36 w_min=1.19e-07 eps=0.050 buf=100000 upd=51094 seed=6
step= 1660000 ep_ret=-22.424 eval_ret=-42.945 pursuer_target_distance=2.718 capture=0.005 cap=0.042 td_loss=1.0240 q_tot=+6.017 tgt=+6.018 gnorm=177.57 w_min=6.71e-08 eps=0.050 buf=100000 upd=51719 seed=6
step= 1680000 ep_ret=-26.616 eval_ret=-34.956 pursuer_target_distance=2.681 capture=0.002 cap=0.040 td_loss=0.8813 q_tot=+6.708 tgt=+6.706 gnorm=168.72 w_min=4.47e-08 eps=0.050 buf=100000 upd=52344 seed=6
step= 1700000 ep_ret=-28.780 eval_ret=-55.073 pursuer_target_distance=3.179 capture=0.004 cap=0.047 td_loss=0.9017 q_tot=+6.837 tgt=+6.840 gnorm=170.42 w_min=3.73e-08 eps=0.050 buf=100000 upd=52969 seed=6
step= 1720000 ep_ret=-22.926 eval_ret=-35.769 pursuer_target_distance=2.723 capture=0.005 cap=0.062 td_loss=0.8619 q_tot=+8.003 tgt=+8.006 gnorm=192.76 w_min=5.96e-08 eps=0.050 buf=100000 upd=53594 seed=6
step= 1740000 ep_ret=-32.935 eval_ret=-33.512 pursuer_target_distance=2.824 capture=0.005 cap=0.047 td_loss=0.9913 q_tot=+8.597 tgt=+8.597 gnorm=226.02 w_min=7.45e-08 eps=0.050 buf=100000 upd=54219 seed=6
step= 1760000 ep_ret=-23.954 eval_ret=-35.208 pursuer_target_distance=2.481 capture=0.004 cap=0.036 td_loss=1.0541 q_tot=+9.293 tgt=+9.294 gnorm=244.64 w_min=0.00e+00 eps=0.050 buf=100000 upd=54844 seed=6
step= 1780000 ep_ret=-34.305 eval_ret=-38.038 pursuer_target_distance=2.763 capture=0.002 cap=0.036 td_loss=1.0704 q_tot=+10.332 tgt=+10.329 gnorm=254.82 w_min=1.27e-07 eps=0.050 buf=100000 upd=55469 seed=6
step= 1800000 ep_ret=-39.688 eval_ret=-33.635 pursuer_target_distance=2.858 capture=0.003 cap=0.042 td_loss=1.0087 q_tot=+11.101 tgt=+11.091 gnorm=253.31 w_min=1.49e-08 eps=0.050 buf=100000 upd=56094 seed=6
step= 1820000 ep_ret=-13.901 eval_ret=-38.792 pursuer_target_distance=2.757 capture=0.004 cap=0.052 td_loss=0.9983 q_tot=+11.547 tgt=+11.535 gnorm=273.00 w_min=7.45e-09 eps=0.050 buf=100000 upd=56719 seed=6
step= 1840000 ep_ret=-23.951 eval_ret=-71.436 pursuer_target_distance=2.880 capture=0.004 cap=0.045 td_loss=0.9798 q_tot=+12.480 tgt=+12.483 gnorm=241.90 w_min=0.00e+00 eps=0.050 buf=100000 upd=57344 seed=6
step= 1860000 ep_ret=-21.618 eval_ret=-34.791 pursuer_target_distance=2.821 capture=0.004 cap=0.031 td_loss=0.9907 q_tot=+13.032 tgt=+13.030 gnorm=261.62 w_min=1.34e-07 eps=0.050 buf=100000 upd=57969 seed=6
step= 1880000 ep_ret=-21.761 eval_ret=-36.352 pursuer_target_distance=2.540 capture=0.007 cap=0.073 td_loss=1.0054 q_tot=+13.192 tgt=+13.192 gnorm=265.60 w_min=2.98e-08 eps=0.050 buf=100000 upd=58594 seed=6
step= 1900000 ep_ret=-35.785 eval_ret=-34.917 pursuer_target_distance=2.981 capture=0.004 cap=0.042 td_loss=1.0421 q_tot=+13.631 tgt=+13.634 gnorm=242.53 w_min=0.00e+00 eps=0.050 buf=100000 upd=59219 seed=6
step= 1920000 ep_ret=-23.570 eval_ret=-33.071 pursuer_target_distance=2.941 capture=0.006 cap=0.054 td_loss=1.1298 q_tot=+13.702 tgt=+13.704 gnorm=262.08 w_min=4.84e-08 eps=0.050 buf=100000 upd=59844 seed=6
step= 1940000 ep_ret=-33.002 eval_ret=-40.828 pursuer_target_distance=3.210 capture=0.007 cap=0.073 td_loss=1.1376 q_tot=+14.432 tgt=+14.440 gnorm=237.47 w_min=5.96e-08 eps=0.050 buf=100000 upd=60469 seed=6
step= 1960000 ep_ret=-30.016 eval_ret=-37.802 pursuer_target_distance=3.069 capture=0.006 cap=0.057 td_loss=1.1623 q_tot=+13.551 tgt=+13.552 gnorm=227.64 w_min=1.47e-07 eps=0.050 buf=100000 upd=61094 seed=6
step= 1980000 ep_ret=-18.758 eval_ret=-49.493 pursuer_target_distance=2.983 capture=0.005 cap=0.042 td_loss=1.1836 q_tot=+12.495 tgt=+12.500 gnorm=233.92 w_min=1.49e-08 eps=0.050 buf=100000 upd=61719 seed=6
step= 2000000 ep_ret=-34.192 eval_ret=-35.235 pursuer_target_distance=2.816 capture=0.004 cap=0.062 td_loss=1.1251 q_tot=+12.251 tgt=+12.252 gnorm=221.39 w_min=1.04e-07 eps=0.050 buf=100000 upd=62344 seed=6
[train] Final checkpoint saved to runs/qmix_pcp_full_20260627_165504/identity/seed6/ckpt/final.pt
[train] Run artifacts in runs/qmix_pcp_full_20260627_165504/identity/seed6
=== done Sat Jun 27 17:03:58 EDT 2026 ===
