[setup] Required Python imports are available.
[setup] Required Python imports are available.
=== qmix_pcp_full task 32/70: attention seed2 (git 5e3950a) ===
Run dir: runs/qmix_pcp_full_20260627_165504/attention/seed2  Start: Sat Jun 27 17:04:05 EDT 2026
Sat Jun 27 17:04:05 2026       
+-----------------------------------------------------------------------------------------+
| NVIDIA-SMI 580.105.08             Driver Version: 580.105.08     CUDA Version: 13.0     |
+-----------------------------------------+------------------------+----------------------+
| GPU  Name                 Persistence-M | Bus-Id          Disp.A | Volatile Uncorr. ECC |
| Fan  Temp   Perf          Pwr:Usage/Cap |           Memory-Usage | GPU-Util  Compute M. |
|                                         |                        |               MIG M. |
|=========================================+========================+======================|
|   0  Tesla V100-PCIE-32GB           Off |   00000000:3B:00.0 Off |                    0 |
| N/A   32C    P0             37W /  250W |       0MiB /  32768MiB |      0%      Default |
|                                         |                        |                  N/A |
+-----------------------------------------+------------------------+----------------------+

+-----------------------------------------------------------------------------------------+
| Processes:                                                                              |
|  GPU   GI   CI              PID   Type   Process name                        GPU Memory |
|        ID   ID                                                               Usage      |
|=========================================================================================|
|  No running processes found                                                             |
+-----------------------------------------------------------------------------------------+
[env] kind=pcp name=pcp n_agents=5 obs_dim=5 action_dim=5 state_dim=13 num_envs=32
[train] QMIX start: total_iters=62500 B=32 device=cuda:0 seed=2 warmup=5000 batch=256 target_update(updates)=200 render=off
step=   20000 ep_ret=-94.508 eval_ret=-72.913 pursuer_target_distance=6.533 capture=0.000 cap=0.000 td_loss=0.8484 q_tot=+11.175 tgt=+11.158 gnorm=75.96 w_min=1.86e-09 eps=0.621 buf=20000 upd=469 seed=2
step=   40000 ep_ret=-93.362 eval_ret=-72.913 pursuer_target_distance=7.049 capture=0.001 cap=0.005 td_loss=0.1177 q_tot=+10.950 tgt=+10.943 gnorm=31.41 w_min=6.52e-09 eps=0.241 buf=40000 upd=1094 seed=2
step=   60000 ep_ret=-83.076 eval_ret=-57.961 pursuer_target_distance=7.357 capture=0.002 cap=0.016 td_loss=0.2565 q_tot=+10.250 tgt=+10.246 gnorm=46.63 w_min=1.86e-09 eps=0.050 buf=60000 upd=1719 seed=2
step=   80000 ep_ret=-70.213 eval_ret=-69.658 pursuer_target_distance=6.497 capture=0.000 cap=0.000 td_loss=0.2913 q_tot=+8.503 tgt=+8.502 gnorm=50.59 w_min=1.86e-09 eps=0.050 buf=80000 upd=2344 seed=2
step=  100000 ep_ret=-77.566 eval_ret=-58.648 pursuer_target_distance=5.748 capture=0.000 cap=0.000 td_loss=0.3156 q_tot=+6.538 tgt=+6.534 gnorm=52.53 w_min=1.16e-09 eps=0.050 buf=100000 upd=2969 seed=2
step=  120000 ep_ret=-58.223 eval_ret=-63.339 pursuer_target_distance=5.240 capture=0.001 cap=0.010 td_loss=0.3106 q_tot=+5.158 tgt=+5.154 gnorm=53.74 w_min=1.86e-08 eps=0.050 buf=100000 upd=3594 seed=2
step=  140000 ep_ret=-48.228 eval_ret=-53.307 pursuer_target_distance=4.906 capture=0.004 cap=0.026 td_loss=0.3759 q_tot=+4.250 tgt=+4.246 gnorm=60.96 w_min=1.12e-08 eps=0.050 buf=100000 upd=4219 seed=2
step=  160000 ep_ret=-46.301 eval_ret=-19.956 pursuer_target_distance=4.423 capture=0.002 cap=0.009 td_loss=0.3455 q_tot=+3.243 tgt=+3.238 gnorm=56.89 w_min=0.00e+00 eps=0.050 buf=100000 upd=4844 seed=2
step=  180000 ep_ret=-41.913 eval_ret=-20.707 pursuer_target_distance=3.852 capture=0.002 cap=0.021 td_loss=0.3789 q_tot=+2.440 tgt=+2.437 gnorm=58.71 w_min=1.49e-08 eps=0.050 buf=100000 upd=5469 seed=2
step=  200000 ep_ret=-18.896 eval_ret=-22.223 pursuer_target_distance=3.646 capture=0.004 cap=0.021 td_loss=0.4423 q_tot=+2.100 tgt=+2.101 gnorm=63.93 w_min=1.86e-09 eps=0.050 buf=100000 upd=6094 seed=2
step=  220000 ep_ret=-47.715 eval_ret=-19.920 pursuer_target_distance=3.303 capture=0.005 cap=0.036 td_loss=0.6484 q_tot=+1.428 tgt=+1.431 gnorm=85.31 w_min=2.05e-08 eps=0.050 buf=100000 upd=6719 seed=2
step=  240000 ep_ret=-41.413 eval_ret=-22.835 pursuer_target_distance=3.240 capture=0.006 cap=0.036 td_loss=0.7196 q_tot=+1.527 tgt=+1.531 gnorm=84.53 w_min=4.47e-08 eps=0.050 buf=100000 upd=7344 seed=2
step=  260000 ep_ret=-49.382 eval_ret=-24.519 pursuer_target_distance=3.465 capture=0.002 cap=0.021 td_loss=0.7310 q_tot=+1.938 tgt=+1.936 gnorm=87.71 w_min=8.91e-09 eps=0.050 buf=100000 upd=7969 seed=2
step=  280000 ep_ret=-41.075 eval_ret=-25.027 pursuer_target_distance=3.276 capture=0.002 cap=0.021 td_loss=0.6981 q_tot=+2.232 tgt=+2.234 gnorm=85.83 w_min=2.98e-08 eps=0.050 buf=100000 upd=8594 seed=2
step=  300000 ep_ret=-36.868 eval_ret=-26.186 pursuer_target_distance=3.215 capture=0.003 cap=0.031 td_loss=0.8114 q_tot=+2.654 tgt=+2.653 gnorm=98.40 w_min=7.45e-09 eps=0.050 buf=100000 upd=9219 seed=2
step=  320000 ep_ret=-51.578 eval_ret=+261.265 pursuer_target_distance=2.909 capture=0.001 cap=0.018 td_loss=0.7845 q_tot=+2.525 tgt=+2.527 gnorm=97.39 w_min=2.98e-08 eps=0.050 buf=100000 upd=9844 seed=2
step=  340000 ep_ret=-27.723 eval_ret=-20.600 pursuer_target_distance=2.910 capture=0.001 cap=0.016 td_loss=0.6122 q_tot=+2.337 tgt=+2.338 gnorm=83.66 w_min=7.45e-09 eps=0.050 buf=100000 upd=10469 seed=2
step=  360000 ep_ret=-30.133 eval_ret=-19.807 pursuer_target_distance=2.789 capture=0.004 cap=0.047 td_loss=0.5573 q_tot=+2.455 tgt=+2.456 gnorm=80.24 w_min=2.24e-08 eps=0.050 buf=100000 upd=11094 seed=2
step=  380000 ep_ret=-28.939 eval_ret=-19.826 pursuer_target_distance=2.942 capture=0.002 cap=0.021 td_loss=0.5831 q_tot=+2.655 tgt=+2.654 gnorm=81.32 w_min=7.45e-09 eps=0.050 buf=100000 upd=11719 seed=2
step=  400000 ep_ret=-39.578 eval_ret=-25.741 pursuer_target_distance=2.798 capture=0.002 cap=0.027 td_loss=0.5950 q_tot=+2.889 tgt=+2.889 gnorm=79.34 w_min=3.55e-09 eps=0.050 buf=100000 upd=12344 seed=2
step=  420000 ep_ret=-30.904 eval_ret=-22.324 pursuer_target_distance=2.994 capture=0.001 cap=0.016 td_loss=0.5537 q_tot=+3.089 tgt=+3.088 gnorm=79.18 w_min=1.49e-08 eps=0.050 buf=100000 upd=12969 seed=2
step=  440000 ep_ret=-34.145 eval_ret=-26.301 pursuer_target_distance=2.985 capture=0.000 cap=0.005 td_loss=0.5819 q_tot=+3.445 tgt=+3.444 gnorm=79.03 w_min=1.49e-08 eps=0.050 buf=100000 upd=13594 seed=2
step=  460000 ep_ret=-20.968 eval_ret=-28.458 pursuer_target_distance=2.690 capture=0.004 cap=0.036 td_loss=0.5700 q_tot=+3.097 tgt=+3.096 gnorm=75.83 w_min=0.00e+00 eps=0.050 buf=100000 upd=14219 seed=2
step=  480000 ep_ret=-30.611 eval_ret=-24.935 pursuer_target_distance=2.914 capture=0.003 cap=0.027 td_loss=0.6224 q_tot=+2.899 tgt=+2.899 gnorm=82.67 w_min=6.71e-08 eps=0.050 buf=100000 upd=14844 seed=2
step=  500000 ep_ret=-24.589 eval_ret=-24.642 pursuer_target_distance=2.957 capture=0.007 cap=0.057 td_loss=0.7368 q_tot=+2.935 tgt=+2.937 gnorm=97.36 w_min=5.59e-08 eps=0.050 buf=100000 upd=15469 seed=2
step=  520000 ep_ret=-2.544 eval_ret=-33.258 pursuer_target_distance=3.007 capture=0.010 cap=0.047 td_loss=0.8270 q_tot=+3.236 tgt=+3.238 gnorm=100.13 w_min=7.45e-09 eps=0.050 buf=100000 upd=16094 seed=2
step=  540000 ep_ret=-32.891 eval_ret=-25.597 pursuer_target_distance=2.801 capture=0.003 cap=0.036 td_loss=0.9265 q_tot=+3.538 tgt=+3.539 gnorm=108.11 w_min=1.49e-08 eps=0.050 buf=100000 upd=16719 seed=2
step=  560000 ep_ret=-43.863 eval_ret=-25.170 pursuer_target_distance=3.026 capture=0.001 cap=0.018 td_loss=1.0472 q_tot=+3.580 tgt=+3.580 gnorm=122.58 w_min=9.31e-10 eps=0.050 buf=100000 upd=17344 seed=2
step=  580000 ep_ret=-39.411 eval_ret=-27.955 pursuer_target_distance=3.056 capture=0.005 cap=0.031 td_loss=1.1518 q_tot=+3.199 tgt=+3.203 gnorm=127.18 w_min=2.98e-08 eps=0.050 buf=100000 upd=17969 seed=2
step=  600000 ep_ret=-35.138 eval_ret=-37.793 pursuer_target_distance=3.044 capture=0.004 cap=0.031 td_loss=0.9986 q_tot=+2.811 tgt=+2.813 gnorm=114.63 w_min=7.45e-09 eps=0.050 buf=100000 upd=18594 seed=2
step=  620000 ep_ret=-42.371 eval_ret=-35.687 pursuer_target_distance=2.966 capture=0.003 cap=0.026 td_loss=0.9522 q_tot=+2.900 tgt=+2.898 gnorm=110.01 w_min=6.71e-08 eps=0.050 buf=100000 upd=19219 seed=2
step=  640000 ep_ret=-16.750 eval_ret=-28.191 pursuer_target_distance=2.960 capture=0.008 cap=0.031 td_loss=0.9209 q_tot=+2.571 tgt=+2.574 gnorm=107.57 w_min=1.49e-08 eps=0.050 buf=100000 upd=19844 seed=2
step=  660000 ep_ret=-46.104 eval_ret=-22.592 pursuer_target_distance=3.394 capture=0.005 cap=0.036 td_loss=1.0244 q_tot=+2.554 tgt=+2.554 gnorm=115.31 w_min=7.45e-09 eps=0.050 buf=100000 upd=20469 seed=2
step=  680000 ep_ret=-33.378 eval_ret=-32.578 pursuer_target_distance=3.090 capture=0.004 cap=0.031 td_loss=1.1300 q_tot=+2.855 tgt=+2.855 gnorm=124.91 w_min=4.47e-08 eps=0.050 buf=100000 upd=21094 seed=2
step=  700000 ep_ret=-40.873 eval_ret=-15.233 pursuer_target_distance=3.180 capture=0.002 cap=0.016 td_loss=1.1000 q_tot=+3.022 tgt=+3.024 gnorm=129.05 w_min=2.61e-08 eps=0.050 buf=100000 upd=21719 seed=2
step=  720000 ep_ret=-32.350 eval_ret=-21.475 pursuer_target_distance=3.114 capture=0.003 cap=0.027 td_loss=1.0882 q_tot=+3.365 tgt=+3.365 gnorm=131.96 w_min=4.47e-08 eps=0.050 buf=100000 upd=22344 seed=2
step=  740000 ep_ret=-23.875 eval_ret=-24.358 pursuer_target_distance=2.699 capture=0.004 cap=0.026 td_loss=1.0525 q_tot=+3.285 tgt=+3.286 gnorm=125.79 w_min=1.68e-08 eps=0.050 buf=100000 upd=22969 seed=2
step=  760000 ep_ret=-40.673 eval_ret=-25.030 pursuer_target_distance=2.949 capture=0.005 cap=0.036 td_loss=1.0293 q_tot=+3.589 tgt=+3.589 gnorm=125.28 w_min=8.94e-08 eps=0.050 buf=100000 upd=23594 seed=2
step=  780000 ep_ret=-35.395 eval_ret=-24.398 pursuer_target_distance=3.039 capture=0.008 cap=0.042 td_loss=1.0956 q_tot=+3.709 tgt=+3.708 gnorm=141.18 w_min=7.45e-08 eps=0.050 buf=100000 upd=24219 seed=2
step=  800000 ep_ret=-41.636 eval_ret=-31.576 pursuer_target_distance=3.068 capture=0.006 cap=0.040 td_loss=1.2189 q_tot=+3.647 tgt=+3.646 gnorm=146.30 w_min=4.47e-08 eps=0.050 buf=100000 upd=24844 seed=2
step=  820000 ep_ret=-34.104 eval_ret=-23.947 pursuer_target_distance=3.050 capture=0.001 cap=0.016 td_loss=1.2562 q_tot=+3.611 tgt=+3.611 gnorm=154.41 w_min=4.47e-08 eps=0.050 buf=100000 upd=25469 seed=2
step=  840000 ep_ret=-26.926 eval_ret=-23.671 pursuer_target_distance=2.892 capture=0.005 cap=0.026 td_loss=1.3418 q_tot=+3.183 tgt=+3.176 gnorm=159.52 w_min=7.45e-09 eps=0.050 buf=100000 upd=26094 seed=2
step=  860000 ep_ret=-38.688 eval_ret=-28.662 pursuer_target_distance=3.119 capture=0.003 cap=0.021 td_loss=1.3020 q_tot=+3.362 tgt=+3.362 gnorm=163.17 w_min=7.45e-09 eps=0.050 buf=100000 upd=26719 seed=2
step=  880000 ep_ret=-46.735 eval_ret=-25.371 pursuer_target_distance=3.121 capture=0.003 cap=0.045 td_loss=1.2568 q_tot=+4.256 tgt=+4.257 gnorm=159.96 w_min=9.78e-09 eps=0.050 buf=100000 upd=27344 seed=2
step=  900000 ep_ret=-31.056 eval_ret=-34.459 pursuer_target_distance=2.994 capture=0.004 cap=0.062 td_loss=1.3499 q_tot=+5.854 tgt=+5.853 gnorm=185.99 w_min=1.01e-07 eps=0.050 buf=100000 upd=27969 seed=2
step=  920000 ep_ret=-8.492 eval_ret=-24.759 pursuer_target_distance=3.124 capture=0.007 cap=0.052 td_loss=1.4076 q_tot=+6.897 tgt=+6.898 gnorm=186.26 w_min=1.68e-08 eps=0.050 buf=100000 upd=28594 seed=2
step=  940000 ep_ret=-40.716 eval_ret=+60.627 pursuer_target_distance=3.115 capture=0.005 cap=0.042 td_loss=1.4707 q_tot=+7.370 tgt=+7.370 gnorm=188.69 w_min=3.73e-09 eps=0.050 buf=100000 upd=29219 seed=2
step=  960000 ep_ret=-36.922 eval_ret=-29.043 pursuer_target_distance=2.951 capture=0.009 cap=0.062 td_loss=1.5852 q_tot=+7.824 tgt=+7.822 gnorm=190.50 w_min=2.98e-08 eps=0.050 buf=100000 upd=29844 seed=2
step=  980000 ep_ret=-38.399 eval_ret=+232.779 pursuer_target_distance=3.324 capture=0.002 cap=0.026 td_loss=1.6051 q_tot=+7.991 tgt=+7.991 gnorm=191.03 w_min=8.94e-08 eps=0.050 buf=100000 upd=30469 seed=2
step= 1000000 ep_ret=-31.479 eval_ret=-32.465 pursuer_target_distance=2.990 capture=0.004 cap=0.047 td_loss=1.4892 q_tot=+8.848 tgt=+8.850 gnorm=177.76 w_min=1.49e-07 eps=0.050 buf=100000 upd=31094 seed=2
step= 1020000 ep_ret=-35.605 eval_ret=-22.492 pursuer_target_distance=3.087 capture=0.003 cap=0.031 td_loss=1.5791 q_tot=+10.361 tgt=+10.360 gnorm=193.65 w_min=2.24e-08 eps=0.050 buf=100000 upd=31719 seed=2
step= 1040000 ep_ret=-36.617 eval_ret=-36.126 pursuer_target_distance=2.757 capture=0.004 cap=0.036 td_loss=1.5295 q_tot=+11.619 tgt=+11.620 gnorm=199.42 w_min=5.96e-08 eps=0.050 buf=100000 upd=32344 seed=2
step= 1060000 ep_ret=-33.686 eval_ret=-22.197 pursuer_target_distance=3.373 capture=0.007 cap=0.052 td_loss=1.4353 q_tot=+11.905 tgt=+11.910 gnorm=185.43 w_min=1.34e-07 eps=0.050 buf=100000 upd=32969 seed=2
step= 1080000 ep_ret=-29.352 eval_ret=-39.316 pursuer_target_distance=3.049 capture=0.006 cap=0.073 td_loss=1.5023 q_tot=+12.590 tgt=+12.590 gnorm=195.99 w_min=8.94e-08 eps=0.050 buf=100000 upd=33594 seed=2
step= 1100000 ep_ret=-37.671 eval_ret=-33.822 pursuer_target_distance=3.182 capture=0.007 cap=0.057 td_loss=1.5320 q_tot=+13.977 tgt=+13.976 gnorm=193.47 w_min=1.04e-07 eps=0.050 buf=100000 upd=34219 seed=2
step= 1120000 ep_ret=-23.525 eval_ret=-7.073 pursuer_target_distance=3.091 capture=0.008 cap=0.058 td_loss=1.5684 q_tot=+13.974 tgt=+13.976 gnorm=209.48 w_min=4.88e-08 eps=0.050 buf=100000 upd=34844 seed=2
step= 1140000 ep_ret=-31.623 eval_ret=+73.931 pursuer_target_distance=3.090 capture=0.013 cap=0.078 td_loss=1.7979 q_tot=+13.838 tgt=+13.837 gnorm=212.55 w_min=2.61e-08 eps=0.050 buf=100000 upd=35469 seed=2
step= 1160000 ep_ret=-45.513 eval_ret=+13.081 pursuer_target_distance=2.972 capture=0.006 cap=0.057 td_loss=1.8661 q_tot=+13.708 tgt=+13.708 gnorm=229.19 w_min=4.66e-08 eps=0.050 buf=100000 upd=36094 seed=2
step= 1180000 ep_ret=-35.163 eval_ret=-31.676 pursuer_target_distance=3.063 capture=0.008 cap=0.073 td_loss=1.9390 q_tot=+14.658 tgt=+14.660 gnorm=254.64 w_min=7.45e-08 eps=0.050 buf=100000 upd=36719 seed=2
step= 1200000 ep_ret=-35.489 eval_ret=+267.498 pursuer_target_distance=3.018 capture=0.004 cap=0.031 td_loss=2.0063 q_tot=+14.585 tgt=+14.586 gnorm=254.68 w_min=2.98e-08 eps=0.050 buf=100000 upd=37344 seed=2
step= 1220000 ep_ret=-29.935 eval_ret=+14.603 pursuer_target_distance=3.348 capture=0.011 cap=0.083 td_loss=2.1907 q_tot=+14.753 tgt=+14.752 gnorm=266.22 w_min=5.96e-08 eps=0.050 buf=100000 upd=37969 seed=2
step= 1240000 ep_ret=-20.306 eval_ret=+15.823 pursuer_target_distance=2.859 capture=0.010 cap=0.062 td_loss=2.1080 q_tot=+15.935 tgt=+15.934 gnorm=266.94 w_min=1.49e-08 eps=0.050 buf=100000 upd=38594 seed=2
step= 1260000 ep_ret=-37.746 eval_ret=+273.100 pursuer_target_distance=3.204 capture=0.013 cap=0.099 td_loss=2.0471 q_tot=+15.162 tgt=+15.160 gnorm=263.24 w_min=1.49e-08 eps=0.050 buf=100000 upd=39219 seed=2
step= 1280000 ep_ret=-6.118 eval_ret=-23.772 pursuer_target_distance=3.138 capture=0.014 cap=0.089 td_loss=2.2024 q_tot=+15.408 tgt=+15.404 gnorm=290.30 w_min=5.96e-08 eps=0.050 buf=100000 upd=39844 seed=2
step= 1300000 ep_ret=-37.325 eval_ret=-23.353 pursuer_target_distance=3.530 capture=0.012 cap=0.115 td_loss=2.5842 q_tot=+16.812 tgt=+16.813 gnorm=306.24 w_min=3.35e-08 eps=0.050 buf=100000 upd=40469 seed=2
step= 1320000 ep_ret=-40.387 eval_ret=-18.360 pursuer_target_distance=3.005 capture=0.014 cap=0.120 td_loss=2.7476 q_tot=+17.227 tgt=+17.228 gnorm=338.45 w_min=0.00e+00 eps=0.050 buf=100000 upd=41094 seed=2
step= 1340000 ep_ret=-22.939 eval_ret=-29.090 pursuer_target_distance=3.225 capture=0.017 cap=0.120 td_loss=2.7758 q_tot=+17.952 tgt=+17.955 gnorm=333.56 w_min=1.49e-08 eps=0.050 buf=100000 upd=41719 seed=2
step= 1360000 ep_ret=+11.677 eval_ret=+322.805 pursuer_target_distance=3.132 capture=0.031 cap=0.152 td_loss=3.3110 q_tot=+19.474 tgt=+19.467 gnorm=424.26 w_min=5.96e-08 eps=0.050 buf=100000 upd=42344 seed=2
step= 1380000 ep_ret=-2.656 eval_ret=-1.304 pursuer_target_distance=3.001 capture=0.026 cap=0.146 td_loss=3.7842 q_tot=+20.895 tgt=+20.892 gnorm=506.22 w_min=2.98e-08 eps=0.050 buf=100000 upd=42969 seed=2
step= 1400000 ep_ret=-13.982 eval_ret=-29.668 pursuer_target_distance=3.395 capture=0.022 cap=0.125 td_loss=4.5897 q_tot=+21.914 tgt=+21.900 gnorm=687.55 w_min=8.94e-08 eps=0.050 buf=100000 upd=43594 seed=2
step= 1420000 ep_ret=-22.017 eval_ret=-33.901 pursuer_target_distance=3.261 capture=0.022 cap=0.146 td_loss=4.7476 q_tot=+22.815 tgt=+22.813 gnorm=681.92 w_min=5.59e-08 eps=0.050 buf=100000 upd=44219 seed=2
step= 1440000 ep_ret=-7.110 eval_ret=+416.518 pursuer_target_distance=2.957 capture=0.018 cap=0.147 td_loss=5.6699 q_tot=+25.014 tgt=+25.015 gnorm=850.50 w_min=5.96e-08 eps=0.050 buf=100000 upd=44844 seed=2
step= 1460000 ep_ret=-16.463 eval_ret=+320.656 pursuer_target_distance=3.205 capture=0.030 cap=0.203 td_loss=6.1412 q_tot=+27.320 tgt=+27.314 gnorm=940.74 w_min=2.98e-08 eps=0.050 buf=100000 upd=45469 seed=2
step= 1480000 ep_ret=-27.152 eval_ret=+324.172 pursuer_target_distance=3.062 capture=0.041 cap=0.214 td_loss=6.9497 q_tot=+29.242 tgt=+29.263 gnorm=1069.73 w_min=3.26e-08 eps=0.050 buf=100000 upd=46094 seed=2
step= 1500000 ep_ret=-29.119 eval_ret=-24.237 pursuer_target_distance=3.292 capture=0.027 cap=0.146 td_loss=6.5236 q_tot=+28.230 tgt=+28.242 gnorm=1031.03 w_min=0.00e+00 eps=0.050 buf=100000 upd=46719 seed=2
step= 1520000 ep_ret=-4.211 eval_ret=+268.721 pursuer_target_distance=3.013 capture=0.033 cap=0.147 td_loss=6.8081 q_tot=+30.276 tgt=+30.260 gnorm=1208.47 w_min=8.94e-08 eps=0.050 buf=100000 upd=47344 seed=2
step= 1540000 ep_ret=-11.677 eval_ret=-19.983 pursuer_target_distance=3.173 capture=0.041 cap=0.172 td_loss=7.4457 q_tot=+32.919 tgt=+32.927 gnorm=1290.75 w_min=1.19e-07 eps=0.050 buf=100000 upd=47969 seed=2
step= 1560000 ep_ret=-6.171 eval_ret=+100.177 pursuer_target_distance=3.142 capture=0.026 cap=0.146 td_loss=8.0866 q_tot=+34.032 tgt=+34.042 gnorm=1506.44 w_min=8.20e-08 eps=0.050 buf=100000 upd=48594 seed=2
step= 1580000 ep_ret=-6.849 eval_ret=+332.214 pursuer_target_distance=3.216 capture=0.049 cap=0.203 td_loss=7.5078 q_tot=+32.297 tgt=+32.306 gnorm=1337.91 w_min=7.45e-09 eps=0.050 buf=100000 upd=49219 seed=2
step= 1600000 ep_ret=-15.807 eval_ret=+577.467 pursuer_target_distance=3.224 capture=0.029 cap=0.152 td_loss=9.4730 q_tot=+34.122 tgt=+34.130 gnorm=1737.45 w_min=7.45e-08 eps=0.050 buf=100000 upd=49844 seed=2
step= 1620000 ep_ret=+5.061 eval_ret=+582.939 pursuer_target_distance=3.027 capture=0.048 cap=0.208 td_loss=9.2861 q_tot=+36.704 tgt=+36.716 gnorm=1716.70 w_min=1.19e-07 eps=0.050 buf=100000 upd=50469 seed=2
step= 1640000 ep_ret=-1.909 eval_ret=+585.801 pursuer_target_distance=2.898 capture=0.056 cap=0.250 td_loss=10.7897 q_tot=+39.740 tgt=+39.772 gnorm=2119.57 w_min=1.94e-07 eps=0.050 buf=100000 upd=51094 seed=2
step= 1660000 ep_ret=+24.862 eval_ret=+325.314 pursuer_target_distance=2.984 capture=0.057 cap=0.240 td_loss=10.9373 q_tot=+42.773 tgt=+42.799 gnorm=2066.99 w_min=5.22e-08 eps=0.050 buf=100000 upd=51719 seed=2
step= 1680000 ep_ret=+18.238 eval_ret=+299.320 pursuer_target_distance=3.049 capture=0.060 cap=0.223 td_loss=11.4737 q_tot=+48.124 tgt=+48.141 gnorm=2261.31 w_min=0.00e+00 eps=0.050 buf=100000 upd=52344 seed=2
step= 1700000 ep_ret=+41.035 eval_ret=+584.751 pursuer_target_distance=3.149 capture=0.073 cap=0.271 td_loss=11.9805 q_tot=+51.353 tgt=+51.353 gnorm=2451.84 w_min=1.30e-08 eps=0.050 buf=100000 upd=52969 seed=2
step= 1720000 ep_ret=+14.960 eval_ret=+329.283 pursuer_target_distance=2.795 capture=0.088 cap=0.318 td_loss=12.5501 q_tot=+59.961 tgt=+59.962 gnorm=2682.94 w_min=2.98e-08 eps=0.050 buf=100000 upd=53594 seed=2
step= 1740000 ep_ret=-3.143 eval_ret=+225.693 pursuer_target_distance=2.836 capture=0.096 cap=0.318 td_loss=13.1275 q_tot=+68.537 tgt=+68.532 gnorm=2877.64 w_min=0.00e+00 eps=0.050 buf=100000 upd=54219 seed=2
step= 1760000 ep_ret=+21.754 eval_ret=+377.513 pursuer_target_distance=3.126 capture=0.068 cap=0.259 td_loss=14.0295 q_tot=+70.612 tgt=+70.642 gnorm=3067.93 w_min=1.27e-07 eps=0.050 buf=100000 upd=54844 seed=2
step= 1780000 ep_ret=+53.025 eval_ret=+314.756 pursuer_target_distance=2.930 capture=0.114 cap=0.375 td_loss=15.9916 q_tot=+78.736 tgt=+78.772 gnorm=3727.38 w_min=8.94e-08 eps=0.050 buf=100000 upd=55469 seed=2
step= 1800000 ep_ret=+1.564 eval_ret=+546.692 pursuer_target_distance=2.901 capture=0.079 cap=0.302 td_loss=16.4457 q_tot=+85.957 tgt=+85.997 gnorm=3732.60 w_min=3.91e-08 eps=0.050 buf=100000 upd=56094 seed=2
step= 1820000 ep_ret=+67.286 eval_ret=+659.879 pursuer_target_distance=2.746 capture=0.096 cap=0.302 td_loss=15.7808 q_tot=+87.506 tgt=+87.540 gnorm=3627.82 w_min=0.00e+00 eps=0.050 buf=100000 upd=56719 seed=2
step= 1840000 ep_ret=+38.394 eval_ret=+332.557 pursuer_target_distance=2.958 capture=0.111 cap=0.357 td_loss=17.8674 q_tot=+88.850 tgt=+88.845 gnorm=4259.35 w_min=1.49e-08 eps=0.050 buf=100000 upd=57344 seed=2
step= 1860000 ep_ret=+48.719 eval_ret=+659.487 pursuer_target_distance=3.137 capture=0.091 cap=0.307 td_loss=18.6198 q_tot=+97.543 tgt=+97.545 gnorm=4873.87 w_min=7.82e-08 eps=0.050 buf=100000 upd=57969 seed=2
step= 1880000 ep_ret=+79.243 eval_ret=+659.190 pursuer_target_distance=2.961 capture=0.086 cap=0.333 td_loss=19.6985 q_tot=+98.025 tgt=+98.071 gnorm=5226.46 w_min=0.00e+00 eps=0.050 buf=100000 upd=58594 seed=2
step= 1900000 ep_ret=+39.660 eval_ret=+661.731 pursuer_target_distance=3.064 capture=0.095 cap=0.344 td_loss=22.7239 q_tot=+104.509 tgt=+104.522 gnorm=5886.45 w_min=1.12e-08 eps=0.050 buf=100000 upd=59219 seed=2
step= 1920000 ep_ret=+30.327 eval_ret=+664.017 pursuer_target_distance=3.169 capture=0.105 cap=0.321 td_loss=21.1255 q_tot=+107.880 tgt=+107.896 gnorm=5489.20 w_min=0.00e+00 eps=0.050 buf=100000 upd=59844 seed=2
step= 1940000 ep_ret=+71.611 eval_ret=+663.161 pursuer_target_distance=3.144 capture=0.094 cap=0.328 td_loss=19.7904 q_tot=+110.943 tgt=+110.957 gnorm=5621.89 w_min=0.00e+00 eps=0.050 buf=100000 upd=60469 seed=2
step= 1960000 ep_ret=+85.960 eval_ret=+666.000 pursuer_target_distance=2.588 capture=0.132 cap=0.458 td_loss=20.4868 q_tot=+117.178 tgt=+117.187 gnorm=5545.05 w_min=1.19e-07 eps=0.050 buf=100000 upd=61094 seed=2
step= 1980000 ep_ret=+66.138 eval_ret=+315.360 pursuer_target_distance=2.990 capture=0.124 cap=0.438 td_loss=22.2043 q_tot=+121.332 tgt=+121.317 gnorm=6146.70 w_min=2.98e-08 eps=0.050 buf=100000 upd=61719 seed=2
step= 2000000 ep_ret=+118.037 eval_ret=+655.287 pursuer_target_distance=2.760 capture=0.137 cap=0.393 td_loss=22.1802 q_tot=+130.365 tgt=+130.392 gnorm=6762.38 w_min=0.00e+00 eps=0.050 buf=100000 upd=62344 seed=2
[train] Final checkpoint saved to runs/qmix_pcp_full_20260627_165504/attention/seed2/ckpt/final.pt
[train] Run artifacts in runs/qmix_pcp_full_20260627_165504/attention/seed2
=== done Sat Jun 27 17:15:22 EDT 2026 ===
