[env] kind=pursuit name=pursuit n_agents=3 obs_dim=5 action_dim=5 state_dim=9 num_envs=32
[train] Starting: total_iters=200 T=100 B=32 device=cpu seed=0 render=off
iter=   0 step=   3200 ep_ret=-39.960 opt_ret=-39.960 step_rew=-0.3996 opt_step=-0.3996 gap0=39.960 dret=+0.000 eval_ret=-122.367 pursuer_target_distance=0.640 capture=0.025 score=0.015 pol=-0.0013 val=0.5544 ent=1.6084 tot=+0.2598 agnorm=0.031 cgnorm=0.142 kl=0.0010 clipf=0.000 ev=-0.190 r0=1.0000 entcoef=1.00e-02 lr=7.0e-04 seed=0
iter=  10 step=  35200 ep_ret=-8.166 opt_ret=-8.166 step_rew=-0.0817 opt_step=-0.0817 gap0=8.166 dret=+31.793 eval_ret=n/a pursuer_target_distance=0.500 capture=0.043 score=0.029 pol=-0.0008 val=0.4847 ent=1.5212 tot=+0.2270 agnorm=0.030 cgnorm=0.204 kl=0.0017 clipf=0.006 ev=+0.158 r0=1.0000 entcoef=9.55e-03 lr=6.7e-04 seed=0
iter=  20 step=  67200 ep_ret=+138.408 opt_ret=+138.408 step_rew=1.3841 opt_step=1.3841 gap0=0.000 dret=+178.368 eval_ret=+385.020 pursuer_target_distance=0.315 capture=0.171 score=0.130 pol=-0.0022 val=0.4391 ent=1.4625 tot=+0.2040 agnorm=0.045 cgnorm=0.241 kl=0.0023 clipf=0.009 ev=+0.350 r0=1.0000 entcoef=9.10e-03 lr=6.3e-04 seed=0
iter=  30 step=  99200 ep_ret=+596.808 opt_ret=+596.808 step_rew=5.9681 opt_step=5.9681 gap0=0.000 dret=+636.767 eval_ret=n/a pursuer_target_distance=0.138 capture=0.612 score=0.538 pol=-0.0027 val=0.0217 ent=1.2953 tot=-0.0030 agnorm=0.095 cgnorm=0.061 kl=0.0044 clipf=0.052 ev=+0.815 r0=1.0000 entcoef=8.64e-03 lr=6.0e-04 seed=0
iter=  40 step= 131200 ep_ret=+753.452 opt_ret=+753.452 step_rew=7.5345 opt_step=7.5345 gap0=0.000 dret=+793.412 eval_ret=+841.169 pursuer_target_distance=0.121 capture=0.767 score=0.684 pol=-0.0015 val=0.0049 ent=1.1880 tot=-0.0088 agnorm=0.114 cgnorm=0.031 kl=0.0032 clipf=0.030 ev=+0.915 r0=1.0000 entcoef=8.19e-03 lr=5.6e-04 seed=0
iter=  50 step= 163200 ep_ret=+750.730 opt_ret=+750.730 step_rew=7.5073 opt_step=7.5073 gap0=0.000 dret=+790.689 eval_ret=n/a pursuer_target_distance=0.126 capture=0.764 score=0.679 pol=-0.0017 val=0.0023 ent=1.1115 tot=-0.0092 agnorm=0.145 cgnorm=0.025 kl=0.0035 clipf=0.040 ev=+0.944 r0=1.0000 entcoef=7.74e-03 lr=5.3e-04 seed=0
iter=  60 step= 195200 ep_ret=+787.286 opt_ret=+787.286 step_rew=7.8729 opt_step=7.8729 gap0=0.000 dret=+827.246 eval_ret=+835.965 pursuer_target_distance=0.114 capture=0.800 score=0.718 pol=-0.0009 val=0.0014 ent=1.0212 tot=-0.0076 agnorm=0.083 cgnorm=0.015 kl=0.0016 clipf=0.012 ev=+0.942 r0=1.0000 entcoef=7.29e-03 lr=4.9e-04 seed=0
iter=  70 step= 227200 ep_ret=+801.640 opt_ret=+801.640 step_rew=8.0164 opt_step=8.0164 gap0=0.000 dret=+841.599 eval_ret=n/a pursuer_target_distance=0.108 capture=0.813 score=0.734 pol=-0.0009 val=0.0011 ent=0.9603 tot=-0.0069 agnorm=0.129 cgnorm=0.013 kl=0.0022 clipf=0.021 ev=+0.939 r0=1.0000 entcoef=6.83e-03 lr=4.6e-04 seed=0
iter=  80 step= 259200 ep_ret=+833.389 opt_ret=+833.389 step_rew=8.3339 opt_step=8.3339 gap0=0.000 dret=+873.349 eval_ret=+835.979 pursuer_target_distance=0.100 capture=0.844 score=0.768 pol=-0.0016 val=0.0010 ent=0.9597 tot=-0.0072 agnorm=0.106 cgnorm=0.008 kl=0.0026 clipf=0.029 ev=+0.922 r0=1.0000 entcoef=6.38e-03 lr=4.2e-04 seed=0
iter=  90 step= 291200 ep_ret=+821.054 opt_ret=+821.054 step_rew=8.2105 opt_step=8.2105 gap0=0.000 dret=+861.013 eval_ret=n/a pursuer_target_distance=0.095 capture=0.832 score=0.759 pol=-0.0006 val=0.0014 ent=0.8916 tot=-0.0052 agnorm=0.071 cgnorm=0.009 kl=0.0010 clipf=0.007 ev=+0.868 r0=1.0000 entcoef=5.93e-03 lr=3.9e-04 seed=0
iter= 100 step= 323200 ep_ret=+809.491 opt_ret=+809.491 step_rew=8.0949 opt_step=8.0949 gap0=0.000 dret=+849.451 eval_ret=+841.029 pursuer_target_distance=0.108 capture=0.821 score=0.741 pol=-0.0013 val=0.0014 ent=0.8489 tot=-0.0053 agnorm=0.155 cgnorm=0.007 kl=0.0031 clipf=0.035 ev=+0.852 r0=1.0000 entcoef=5.48e-03 lr=3.5e-04 seed=0
iter= 110 step= 355200 ep_ret=+837.696 opt_ret=+837.696 step_rew=8.3770 opt_step=8.3770 gap0=0.000 dret=+877.655 eval_ret=n/a pursuer_target_distance=0.094 capture=0.848 score=0.775 pol=-0.0007 val=0.0013 ent=0.8406 tot=-0.0043 agnorm=0.132 cgnorm=0.004 kl=0.0022 clipf=0.021 ev=+0.805 r0=1.0000 entcoef=5.03e-03 lr=3.2e-04 seed=0
iter= 120 step= 387200 ep_ret=+832.858 opt_ret=+832.858 step_rew=8.3286 opt_step=8.3286 gap0=0.000 dret=+872.818 eval_ret=+831.077 pursuer_target_distance=0.093 capture=0.843 score=0.772 pol=-0.0005 val=0.0012 ent=0.8272 tot=-0.0037 agnorm=0.069 cgnorm=0.003 kl=0.0012 clipf=0.008 ev=+0.830 r0=1.0000 entcoef=4.57e-03 lr=2.8e-04 seed=0
iter= 130 step= 419200 ep_ret=+849.486 opt_ret=+849.486 step_rew=8.4949 opt_step=8.4949 gap0=0.000 dret=+889.445 eval_ret=n/a pursuer_target_distance=0.086 capture=0.859 score=0.791 pol=-0.0004 val=0.0011 ent=0.8356 tot=-0.0033 agnorm=0.096 cgnorm=0.004 kl=0.0016 clipf=0.016 ev=+0.841 r0=1.0000 entcoef=4.12e-03 lr=2.5e-04 seed=0
iter= 140 step= 451200 ep_ret=+795.884 opt_ret=+795.884 step_rew=7.9588 opt_step=7.9588 gap0=0.000 dret=+835.843 eval_ret=+836.128 pursuer_target_distance=0.131 capture=0.810 score=0.716 pol=-0.0006 val=0.0025 ent=0.8126 tot=-0.0024 agnorm=0.087 cgnorm=0.010 kl=0.0012 clipf=0.011 ev=+0.771 r0=1.0000 entcoef=3.67e-03 lr=2.1e-04 seed=0
iter= 150 step= 483200 ep_ret=+839.389 opt_ret=+839.389 step_rew=8.3939 opt_step=8.3939 gap0=0.000 dret=+879.349 eval_ret=n/a pursuer_target_distance=0.090 capture=0.849 score=0.779 pol=-0.0003 val=0.0016 ent=0.8150 tot=-0.0022 agnorm=0.081 cgnorm=0.004 kl=0.0005 clipf=0.001 ev=+0.810 r0=1.0000 entcoef=3.22e-03 lr=1.8e-04 seed=0
iter= 160 step= 515200 ep_ret=+831.034 opt_ret=+831.034 step_rew=8.3103 opt_step=8.3103 gap0=0.000 dret=+870.994 eval_ret=+836.227 pursuer_target_distance=0.105 capture=0.843 score=0.763 pol=-0.0004 val=0.0021 ent=0.8164 tot=-0.0016 agnorm=0.054 cgnorm=0.004 kl=0.0003 clipf=0.001 ev=+0.773 r0=1.0000 entcoef=2.76e-03 lr=1.5e-04 seed=0
iter= 170 step= 547200 ep_ret=+883.798 opt_ret=+883.798 step_rew=8.8380 opt_step=8.8380 gap0=0.000 dret=+923.758 eval_ret=n/a pursuer_target_distance=0.071 capture=0.892 score=0.833 pol=-0.0007 val=0.0009 ent=0.8201 tot=-0.0021 agnorm=0.114 cgnorm=0.006 kl=0.0008 clipf=0.004 ev=+0.867 r0=1.0000 entcoef=2.31e-03 lr=1.1e-04 seed=0
iter= 180 step= 579200 ep_ret=+832.500 opt_ret=+832.500 step_rew=8.3250 opt_step=8.3250 gap0=0.000 dret=+872.460 eval_ret=+841.149 pursuer_target_distance=0.102 capture=0.844 score=0.765 pol=-0.0000 val=0.0023 ent=0.7924 tot=-0.0004 agnorm=0.070 cgnorm=0.004 kl=0.0001 clipf=0.000 ev=+0.758 r0=1.0000 entcoef=1.86e-03 lr=7.6e-05 seed=0
iter= 190 step= 611200 ep_ret=+831.796 opt_ret=+831.796 step_rew=8.3180 opt_step=8.3180 gap0=0.000 dret=+871.756 eval_ret=n/a pursuer_target_distance=0.103 capture=0.843 score=0.764 pol=-0.0004 val=0.0021 ent=0.8073 tot=-0.0004 agnorm=0.096 cgnorm=0.005 kl=0.0002 clipf=0.000 ev=+0.786 r0=1.0000 entcoef=1.41e-03 lr=4.1e-05 seed=0
[train] Final checkpoint saved to runs/pursuit_smoke/20260604_163925_782822_smoke_alpha1_seed0_pid62974/ckpt/final.pt
[train] Run artifacts in runs/pursuit_smoke/20260604_163925_782822_smoke_alpha1_seed0_pid62974
[render] Skipped post-train render (mode=off).
