[setup] Required Python imports are available.
[setup] Required Python imports are available.
=== qmix_pcp_full task 58/70: graph seed8 (git 5e3950a) ===
Run dir: runs/qmix_pcp_full_20260627_165504/graph/seed8  Start: Sat Jun 27 17:19:26 EDT 2026
Sat Jun 27 17:19:26 2026       
+-----------------------------------------------------------------------------------------+
| NVIDIA-SMI 580.105.08             Driver Version: 580.105.08     CUDA Version: 13.0     |
+-----------------------------------------+------------------------+----------------------+
| GPU  Name                 Persistence-M | Bus-Id          Disp.A | Volatile Uncorr. ECC |
| Fan  Temp   Perf          Pwr:Usage/Cap |           Memory-Usage | GPU-Util  Compute M. |
|                                         |                        |               MIG M. |
|=========================================+========================+======================|
|   0  NVIDIA H100 PCIe               Off |   00000000:17:00.0 Off |                    0 |
| N/A   40C    P0             48W /  310W |       0MiB /  81559MiB |      0%      Default |
|                                         |                        |             Disabled |
+-----------------------------------------+------------------------+----------------------+

+-----------------------------------------------------------------------------------------+
| Processes:                                                                              |
|  GPU   GI   CI              PID   Type   Process name                        GPU Memory |
|        ID   ID                                                               Usage      |
|=========================================================================================|
|  No running processes found                                                             |
+-----------------------------------------------------------------------------------------+
[env] kind=pcp name=pcp n_agents=5 obs_dim=5 action_dim=5 state_dim=13 num_envs=32
[train] QMIX start: total_iters=62500 B=32 device=cuda:0 seed=8 warmup=5000 batch=256 target_update(updates)=200 render=off
step=   20000 ep_ret=-78.227 eval_ret=-72.453 pursuer_target_distance=6.310 capture=0.001 cap=0.005 td_loss=0.3412 q_tot=+12.651 tgt=+12.649 gnorm=55.41 w_min=0.00e+00 eps=0.621 buf=20000 upd=469 seed=8
step=   40000 ep_ret=-84.136 eval_ret=-72.453 pursuer_target_distance=7.011 capture=0.000 cap=0.000 td_loss=0.1488 q_tot=+13.045 tgt=+13.039 gnorm=36.37 w_min=3.73e-09 eps=0.241 buf=40000 upd=1094 seed=8
step=   60000 ep_ret=-83.928 eval_ret=-70.569 pursuer_target_distance=7.012 capture=0.000 cap=0.000 td_loss=0.1897 q_tot=+13.457 tgt=+13.452 gnorm=45.21 w_min=3.73e-09 eps=0.050 buf=60000 upd=1719 seed=8
step=   80000 ep_ret=-76.682 eval_ret=-70.217 pursuer_target_distance=6.141 capture=0.000 cap=0.004 td_loss=0.1832 q_tot=+12.583 tgt=+12.581 gnorm=46.29 w_min=1.49e-08 eps=0.050 buf=80000 upd=2344 seed=8
step=  100000 ep_ret=-70.994 eval_ret=-67.517 pursuer_target_distance=5.897 capture=0.002 cap=0.010 td_loss=0.2168 q_tot=+11.035 tgt=+11.030 gnorm=49.80 w_min=9.31e-09 eps=0.050 buf=100000 upd=2969 seed=8
step=  120000 ep_ret=-59.751 eval_ret=-51.932 pursuer_target_distance=5.074 capture=0.001 cap=0.010 td_loss=0.2824 q_tot=+9.993 tgt=+9.987 gnorm=53.93 w_min=1.30e-08 eps=0.050 buf=100000 upd=3594 seed=8
step=  140000 ep_ret=-56.504 eval_ret=-73.073 pursuer_target_distance=4.798 capture=0.001 cap=0.005 td_loss=0.2845 q_tot=+9.304 tgt=+9.300 gnorm=57.53 w_min=1.49e-08 eps=0.050 buf=100000 upd=4219 seed=8
step=  160000 ep_ret=-47.526 eval_ret=-65.592 pursuer_target_distance=4.408 capture=0.003 cap=0.022 td_loss=0.3814 q_tot=+8.286 tgt=+8.284 gnorm=65.58 w_min=6.05e-09 eps=0.050 buf=100000 upd=4844 seed=8
step=  180000 ep_ret=-49.620 eval_ret=-59.759 pursuer_target_distance=3.690 capture=0.002 cap=0.016 td_loss=0.5190 q_tot=+7.207 tgt=+7.204 gnorm=76.94 w_min=1.68e-08 eps=0.050 buf=100000 upd=5469 seed=8
step=  200000 ep_ret=-31.375 eval_ret=-43.306 pursuer_target_distance=3.612 capture=0.003 cap=0.021 td_loss=0.4263 q_tot=+6.985 tgt=+6.984 gnorm=65.80 w_min=2.79e-08 eps=0.050 buf=100000 upd=6094 seed=8
step=  220000 ep_ret=-51.082 eval_ret=-32.520 pursuer_target_distance=3.297 capture=0.003 cap=0.016 td_loss=0.5362 q_tot=+6.632 tgt=+6.630 gnorm=76.45 w_min=4.47e-08 eps=0.050 buf=100000 upd=6719 seed=8
step=  240000 ep_ret=-21.472 eval_ret=-39.864 pursuer_target_distance=3.213 capture=0.004 cap=0.036 td_loss=0.5854 q_tot=+6.465 tgt=+6.463 gnorm=86.44 w_min=2.24e-08 eps=0.050 buf=100000 upd=7344 seed=8
step=  260000 ep_ret=-22.291 eval_ret=-39.530 pursuer_target_distance=2.945 capture=0.003 cap=0.031 td_loss=0.6586 q_tot=+6.765 tgt=+6.763 gnorm=88.90 w_min=3.73e-09 eps=0.050 buf=100000 upd=7969 seed=8
step=  280000 ep_ret=-31.833 eval_ret=-38.928 pursuer_target_distance=3.226 capture=0.003 cap=0.016 td_loss=0.7905 q_tot=+7.391 tgt=+7.393 gnorm=104.04 w_min=6.71e-08 eps=0.050 buf=100000 upd=8594 seed=8
step=  300000 ep_ret=-38.878 eval_ret=-39.993 pursuer_target_distance=3.195 capture=0.003 cap=0.021 td_loss=0.9019 q_tot=+7.409 tgt=+7.410 gnorm=107.67 w_min=2.61e-08 eps=0.050 buf=100000 upd=9219 seed=8
step=  320000 ep_ret=-42.491 eval_ret=-49.120 pursuer_target_distance=3.275 capture=0.005 cap=0.027 td_loss=0.9477 q_tot=+7.216 tgt=+7.215 gnorm=113.66 w_min=2.24e-08 eps=0.050 buf=100000 upd=9844 seed=8
step=  340000 ep_ret=-43.686 eval_ret=-40.524 pursuer_target_distance=3.283 capture=0.003 cap=0.031 td_loss=0.8576 q_tot=+7.007 tgt=+7.007 gnorm=98.60 w_min=1.12e-08 eps=0.050 buf=100000 upd=10469 seed=8
step=  360000 ep_ret=-32.273 eval_ret=-49.815 pursuer_target_distance=2.774 capture=0.003 cap=0.026 td_loss=0.9477 q_tot=+7.138 tgt=+7.138 gnorm=103.82 w_min=2.61e-08 eps=0.050 buf=100000 upd=11094 seed=8
step=  380000 ep_ret=-33.496 eval_ret=-32.509 pursuer_target_distance=2.993 capture=0.010 cap=0.042 td_loss=1.0715 q_tot=+6.756 tgt=+6.756 gnorm=115.28 w_min=0.00e+00 eps=0.050 buf=100000 upd=11719 seed=8
step=  400000 ep_ret=-39.151 eval_ret=-41.141 pursuer_target_distance=3.142 capture=0.004 cap=0.040 td_loss=1.2332 q_tot=+6.509 tgt=+6.508 gnorm=125.86 w_min=7.45e-09 eps=0.050 buf=100000 upd=12344 seed=8
step=  420000 ep_ret=-40.670 eval_ret=-42.303 pursuer_target_distance=3.170 capture=0.006 cap=0.047 td_loss=1.1830 q_tot=+6.975 tgt=+6.977 gnorm=123.64 w_min=4.28e-08 eps=0.050 buf=100000 upd=12969 seed=8
step=  440000 ep_ret=-37.443 eval_ret=-43.930 pursuer_target_distance=3.418 capture=0.002 cap=0.026 td_loss=1.1949 q_tot=+6.971 tgt=+6.969 gnorm=127.07 w_min=5.22e-08 eps=0.050 buf=100000 upd=13594 seed=8
step=  460000 ep_ret=-32.248 eval_ret=-36.662 pursuer_target_distance=3.224 capture=0.002 cap=0.016 td_loss=1.2975 q_tot=+6.528 tgt=+6.534 gnorm=140.70 w_min=2.24e-08 eps=0.050 buf=100000 upd=14219 seed=8
step=  480000 ep_ret=-28.655 eval_ret=-39.329 pursuer_target_distance=3.101 capture=0.002 cap=0.036 td_loss=1.2660 q_tot=+6.564 tgt=+6.562 gnorm=135.32 w_min=2.16e-07 eps=0.050 buf=100000 upd=14844 seed=8
step=  500000 ep_ret=-37.833 eval_ret=-43.989 pursuer_target_distance=3.334 capture=0.004 cap=0.026 td_loss=1.1239 q_tot=+6.993 tgt=+6.990 gnorm=121.41 w_min=1.49e-08 eps=0.050 buf=100000 upd=15469 seed=8
step=  520000 ep_ret=-47.162 eval_ret=-41.989 pursuer_target_distance=3.224 capture=0.006 cap=0.062 td_loss=1.1978 q_tot=+7.449 tgt=+7.448 gnorm=128.37 w_min=1.34e-07 eps=0.050 buf=100000 upd=16094 seed=8
step=  540000 ep_ret=-37.818 eval_ret=+12.268 pursuer_target_distance=3.130 capture=0.001 cap=0.021 td_loss=1.1307 q_tot=+8.080 tgt=+8.081 gnorm=130.31 w_min=0.00e+00 eps=0.050 buf=100000 upd=16719 seed=8
step=  560000 ep_ret=-38.619 eval_ret=-45.757 pursuer_target_distance=3.244 capture=0.003 cap=0.013 td_loss=1.2262 q_tot=+8.267 tgt=+8.266 gnorm=136.62 w_min=1.12e-08 eps=0.050 buf=100000 upd=17344 seed=8
step=  580000 ep_ret=-31.874 eval_ret=-40.411 pursuer_target_distance=3.196 capture=0.002 cap=0.036 td_loss=1.2019 q_tot=+8.522 tgt=+8.512 gnorm=134.68 w_min=5.96e-08 eps=0.050 buf=100000 upd=17969 seed=8
step=  600000 ep_ret=-30.424 eval_ret=-34.519 pursuer_target_distance=3.130 capture=0.004 cap=0.031 td_loss=1.2846 q_tot=+9.124 tgt=+9.124 gnorm=138.18 w_min=5.96e-08 eps=0.050 buf=100000 upd=18594 seed=8
step=  620000 ep_ret=-44.652 eval_ret=-38.433 pursuer_target_distance=3.025 capture=0.003 cap=0.031 td_loss=1.1961 q_tot=+9.175 tgt=+9.179 gnorm=129.80 w_min=3.73e-09 eps=0.050 buf=100000 upd=19219 seed=8
step=  640000 ep_ret=-32.290 eval_ret=-39.829 pursuer_target_distance=2.897 capture=0.002 cap=0.027 td_loss=1.2146 q_tot=+9.541 tgt=+9.543 gnorm=129.28 w_min=1.27e-07 eps=0.050 buf=100000 upd=19844 seed=8
step=  660000 ep_ret=-24.162 eval_ret=-40.606 pursuer_target_distance=2.902 capture=0.005 cap=0.036 td_loss=1.2537 q_tot=+9.811 tgt=+9.811 gnorm=131.74 w_min=1.49e-08 eps=0.050 buf=100000 upd=20469 seed=8
step=  680000 ep_ret=-30.903 eval_ret=-44.035 pursuer_target_distance=3.335 capture=0.007 cap=0.057 td_loss=1.3652 q_tot=+9.929 tgt=+9.927 gnorm=142.50 w_min=1.49e-08 eps=0.050 buf=100000 upd=21094 seed=8
step=  700000 ep_ret=-6.055 eval_ret=-41.225 pursuer_target_distance=3.051 capture=0.009 cap=0.057 td_loss=1.5096 q_tot=+9.545 tgt=+9.548 gnorm=153.34 w_min=0.00e+00 eps=0.050 buf=100000 upd=21719 seed=8
step=  720000 ep_ret=-14.290 eval_ret=-47.315 pursuer_target_distance=3.137 capture=0.010 cap=0.062 td_loss=1.7735 q_tot=+8.918 tgt=+8.918 gnorm=168.03 w_min=1.12e-08 eps=0.050 buf=100000 upd=22344 seed=8
step=  740000 ep_ret=-19.765 eval_ret=-42.693 pursuer_target_distance=3.059 capture=0.006 cap=0.036 td_loss=1.7581 q_tot=+9.565 tgt=+9.561 gnorm=173.03 w_min=1.08e-07 eps=0.050 buf=100000 upd=22969 seed=8
step=  760000 ep_ret=-13.146 eval_ret=-38.035 pursuer_target_distance=3.261 capture=0.008 cap=0.057 td_loss=1.9738 q_tot=+9.193 tgt=+9.192 gnorm=179.08 w_min=7.45e-09 eps=0.050 buf=100000 upd=23594 seed=8
step=  780000 ep_ret=-42.425 eval_ret=-43.293 pursuer_target_distance=3.182 capture=0.005 cap=0.052 td_loss=2.0816 q_tot=+9.405 tgt=+9.405 gnorm=190.66 w_min=1.68e-08 eps=0.050 buf=100000 upd=24219 seed=8
step=  800000 ep_ret=-43.708 eval_ret=-57.560 pursuer_target_distance=3.258 capture=0.006 cap=0.045 td_loss=2.1369 q_tot=+9.091 tgt=+9.092 gnorm=200.55 w_min=7.45e-09 eps=0.050 buf=100000 upd=24844 seed=8
step=  820000 ep_ret=-36.616 eval_ret=-41.704 pursuer_target_distance=3.150 capture=0.011 cap=0.078 td_loss=2.3049 q_tot=+9.214 tgt=+9.212 gnorm=224.46 w_min=5.96e-08 eps=0.050 buf=100000 upd=25469 seed=8
step=  840000 ep_ret=-27.025 eval_ret=+48.348 pursuer_target_distance=3.194 capture=0.007 cap=0.052 td_loss=2.3538 q_tot=+9.976 tgt=+9.981 gnorm=226.69 w_min=7.45e-09 eps=0.050 buf=100000 upd=26094 seed=8
step=  860000 ep_ret=-34.957 eval_ret=+12.651 pursuer_target_distance=3.015 capture=0.007 cap=0.068 td_loss=2.4147 q_tot=+10.224 tgt=+10.221 gnorm=226.37 w_min=9.13e-08 eps=0.050 buf=100000 upd=26719 seed=8
step=  880000 ep_ret=-34.578 eval_ret=+8.937 pursuer_target_distance=3.136 capture=0.008 cap=0.058 td_loss=2.5043 q_tot=+10.801 tgt=+10.798 gnorm=229.62 w_min=8.94e-08 eps=0.050 buf=100000 upd=27344 seed=8
step=  900000 ep_ret=-32.334 eval_ret=-35.385 pursuer_target_distance=3.120 capture=0.009 cap=0.094 td_loss=2.6217 q_tot=+11.482 tgt=+11.482 gnorm=253.03 w_min=7.45e-09 eps=0.050 buf=100000 upd=27969 seed=8
step=  920000 ep_ret=-37.127 eval_ret=-41.865 pursuer_target_distance=3.370 capture=0.008 cap=0.078 td_loss=2.7722 q_tot=+11.976 tgt=+11.974 gnorm=251.76 w_min=9.31e-10 eps=0.050 buf=100000 upd=28594 seed=8
step=  940000 ep_ret=-28.989 eval_ret=-37.529 pursuer_target_distance=3.233 capture=0.014 cap=0.094 td_loss=2.9713 q_tot=+12.494 tgt=+12.489 gnorm=259.32 w_min=1.49e-08 eps=0.050 buf=100000 upd=29219 seed=8
step=  960000 ep_ret=-18.878 eval_ret=+78.461 pursuer_target_distance=3.416 capture=0.011 cap=0.080 td_loss=3.0516 q_tot=+13.614 tgt=+13.610 gnorm=267.16 w_min=5.96e-08 eps=0.050 buf=100000 upd=29844 seed=8
step=  980000 ep_ret=-33.050 eval_ret=-33.688 pursuer_target_distance=3.249 capture=0.010 cap=0.083 td_loss=3.2740 q_tot=+14.845 tgt=+14.842 gnorm=280.44 w_min=5.77e-08 eps=0.050 buf=100000 upd=30469 seed=8
step= 1000000 ep_ret=-36.001 eval_ret=-41.255 pursuer_target_distance=3.141 capture=0.011 cap=0.068 td_loss=3.5613 q_tot=+16.303 tgt=+16.300 gnorm=305.20 w_min=1.34e-07 eps=0.050 buf=100000 upd=31094 seed=8
step= 1020000 ep_ret=-25.005 eval_ret=-49.332 pursuer_target_distance=3.006 capture=0.009 cap=0.083 td_loss=3.5605 q_tot=+17.997 tgt=+18.004 gnorm=318.02 w_min=7.45e-08 eps=0.050 buf=100000 upd=31719 seed=8
step= 1040000 ep_ret=-34.501 eval_ret=-35.749 pursuer_target_distance=3.075 capture=0.007 cap=0.098 td_loss=3.7543 q_tot=+20.182 tgt=+20.184 gnorm=341.74 w_min=6.71e-08 eps=0.050 buf=100000 upd=32344 seed=8
step= 1060000 ep_ret=-15.625 eval_ret=-37.588 pursuer_target_distance=3.142 capture=0.012 cap=0.099 td_loss=4.1811 q_tot=+22.854 tgt=+22.860 gnorm=380.60 w_min=2.98e-08 eps=0.050 buf=100000 upd=32969 seed=8
step= 1080000 ep_ret=-38.559 eval_ret=-31.166 pursuer_target_distance=3.400 capture=0.004 cap=0.057 td_loss=4.1794 q_tot=+24.464 tgt=+24.468 gnorm=391.12 w_min=2.61e-08 eps=0.050 buf=100000 upd=33594 seed=8
step= 1100000 ep_ret=-32.092 eval_ret=-39.016 pursuer_target_distance=3.062 capture=0.010 cap=0.083 td_loss=4.0223 q_tot=+25.630 tgt=+25.625 gnorm=395.10 w_min=1.86e-09 eps=0.050 buf=100000 upd=34219 seed=8
step= 1120000 ep_ret=-13.432 eval_ret=-47.363 pursuer_target_distance=3.426 capture=0.011 cap=0.080 td_loss=4.0898 q_tot=+25.448 tgt=+25.443 gnorm=383.61 w_min=0.00e+00 eps=0.050 buf=100000 upd=34844 seed=8
step= 1140000 ep_ret=-41.739 eval_ret=-40.211 pursuer_target_distance=3.431 capture=0.008 cap=0.094 td_loss=3.9001 q_tot=+26.549 tgt=+26.554 gnorm=374.50 w_min=4.47e-08 eps=0.050 buf=100000 upd=35469 seed=8
step= 1160000 ep_ret=-39.480 eval_ret=-33.307 pursuer_target_distance=3.572 capture=0.015 cap=0.109 td_loss=4.4638 q_tot=+28.456 tgt=+28.460 gnorm=449.80 w_min=7.45e-09 eps=0.050 buf=100000 upd=36094 seed=8
step= 1180000 ep_ret=-31.396 eval_ret=-70.738 pursuer_target_distance=3.321 capture=0.011 cap=0.099 td_loss=5.3112 q_tot=+28.952 tgt=+28.957 gnorm=502.20 w_min=1.86e-08 eps=0.050 buf=100000 upd=36719 seed=8
step= 1200000 ep_ret=-19.821 eval_ret=-37.201 pursuer_target_distance=3.339 capture=0.009 cap=0.098 td_loss=4.7175 q_tot=+29.120 tgt=+29.128 gnorm=459.90 w_min=2.61e-08 eps=0.050 buf=100000 upd=37344 seed=8
step= 1220000 ep_ret=-37.118 eval_ret=-39.989 pursuer_target_distance=3.446 capture=0.008 cap=0.083 td_loss=4.8965 q_tot=+30.090 tgt=+30.099 gnorm=479.77 w_min=1.49e-08 eps=0.050 buf=100000 upd=37969 seed=8
step= 1240000 ep_ret=-30.649 eval_ret=-42.670 pursuer_target_distance=3.360 capture=0.010 cap=0.078 td_loss=5.0382 q_tot=+30.316 tgt=+30.327 gnorm=491.41 w_min=0.00e+00 eps=0.050 buf=100000 upd=38594 seed=8
step= 1260000 ep_ret=-46.754 eval_ret=-36.013 pursuer_target_distance=3.415 capture=0.007 cap=0.062 td_loss=4.4749 q_tot=+30.336 tgt=+30.340 gnorm=429.82 w_min=4.47e-08 eps=0.050 buf=100000 upd=39219 seed=8
step= 1280000 ep_ret=-35.463 eval_ret=+4.635 pursuer_target_distance=3.305 capture=0.009 cap=0.071 td_loss=4.1242 q_tot=+31.771 tgt=+31.775 gnorm=415.27 w_min=2.98e-08 eps=0.050 buf=100000 upd=39844 seed=8
step= 1300000 ep_ret=-25.507 eval_ret=-48.186 pursuer_target_distance=3.359 capture=0.012 cap=0.083 td_loss=3.9917 q_tot=+32.647 tgt=+32.646 gnorm=407.97 w_min=8.20e-08 eps=0.050 buf=100000 upd=40469 seed=8
step= 1320000 ep_ret=-31.593 eval_ret=-47.745 pursuer_target_distance=3.292 capture=0.010 cap=0.073 td_loss=3.8566 q_tot=+33.039 tgt=+33.035 gnorm=409.86 w_min=6.29e-08 eps=0.050 buf=100000 upd=41094 seed=8
step= 1340000 ep_ret=-21.463 eval_ret=-42.831 pursuer_target_distance=3.481 capture=0.015 cap=0.115 td_loss=3.8390 q_tot=+33.607 tgt=+33.608 gnorm=400.88 w_min=4.47e-08 eps=0.050 buf=100000 upd=41719 seed=8
step= 1360000 ep_ret=-31.998 eval_ret=-40.093 pursuer_target_distance=3.303 capture=0.017 cap=0.116 td_loss=4.0221 q_tot=+34.776 tgt=+34.774 gnorm=420.61 w_min=5.96e-08 eps=0.050 buf=100000 upd=42344 seed=8
step= 1380000 ep_ret=-38.988 eval_ret=-59.503 pursuer_target_distance=3.223 capture=0.013 cap=0.135 td_loss=4.3703 q_tot=+36.017 tgt=+36.013 gnorm=443.97 w_min=0.00e+00 eps=0.050 buf=100000 upd=42969 seed=8
step= 1400000 ep_ret=-7.534 eval_ret=-39.870 pursuer_target_distance=3.483 capture=0.018 cap=0.141 td_loss=4.3343 q_tot=+37.266 tgt=+37.266 gnorm=444.81 w_min=4.10e-08 eps=0.050 buf=100000 upd=43594 seed=8
step= 1420000 ep_ret=-41.630 eval_ret=-34.965 pursuer_target_distance=3.244 capture=0.013 cap=0.120 td_loss=4.4837 q_tot=+36.447 tgt=+36.454 gnorm=466.35 w_min=3.73e-09 eps=0.050 buf=100000 upd=44219 seed=8
step= 1440000 ep_ret=-38.128 eval_ret=+206.878 pursuer_target_distance=3.413 capture=0.009 cap=0.089 td_loss=5.1187 q_tot=+37.249 tgt=+37.249 gnorm=489.29 w_min=1.49e-08 eps=0.050 buf=100000 upd=44844 seed=8
step= 1460000 ep_ret=-27.318 eval_ret=-47.125 pursuer_target_distance=3.345 capture=0.007 cap=0.099 td_loss=4.7819 q_tot=+37.554 tgt=+37.558 gnorm=458.14 w_min=1.19e-07 eps=0.050 buf=100000 upd=45469 seed=8
step= 1480000 ep_ret=-28.651 eval_ret=+127.712 pursuer_target_distance=3.255 capture=0.013 cap=0.125 td_loss=4.9164 q_tot=+37.870 tgt=+37.875 gnorm=472.59 w_min=7.45e-09 eps=0.050 buf=100000 upd=46094 seed=8
step= 1500000 ep_ret=-31.417 eval_ret=-1.479 pursuer_target_distance=3.389 capture=0.010 cap=0.104 td_loss=4.9843 q_tot=+39.425 tgt=+39.423 gnorm=497.16 w_min=8.20e-08 eps=0.050 buf=100000 upd=46719 seed=8
step= 1520000 ep_ret=-39.896 eval_ret=-41.107 pursuer_target_distance=3.082 capture=0.012 cap=0.134 td_loss=4.7538 q_tot=+38.873 tgt=+38.877 gnorm=502.07 w_min=2.98e-08 eps=0.050 buf=100000 upd=47344 seed=8
step= 1540000 ep_ret=-22.306 eval_ret=-48.451 pursuer_target_distance=3.373 capture=0.016 cap=0.141 td_loss=5.0430 q_tot=+39.153 tgt=+39.154 gnorm=520.98 w_min=2.98e-08 eps=0.050 buf=100000 upd=47969 seed=8
step= 1560000 ep_ret=-41.937 eval_ret=-44.298 pursuer_target_distance=3.286 capture=0.013 cap=0.109 td_loss=5.3810 q_tot=+40.629 tgt=+40.632 gnorm=547.24 w_min=0.00e+00 eps=0.050 buf=100000 upd=48594 seed=8
step= 1580000 ep_ret=-35.056 eval_ret=-35.465 pursuer_target_distance=3.687 capture=0.016 cap=0.135 td_loss=5.2526 q_tot=+39.266 tgt=+39.261 gnorm=521.19 w_min=3.35e-08 eps=0.050 buf=100000 upd=49219 seed=8
step= 1600000 ep_ret=-38.976 eval_ret=-49.862 pursuer_target_distance=3.256 capture=0.015 cap=0.112 td_loss=5.5212 q_tot=+40.177 tgt=+40.180 gnorm=535.10 w_min=0.00e+00 eps=0.050 buf=100000 upd=49844 seed=8
step= 1620000 ep_ret=-24.729 eval_ret=-46.393 pursuer_target_distance=3.372 capture=0.014 cap=0.104 td_loss=5.1415 q_tot=+42.773 tgt=+42.767 gnorm=509.96 w_min=7.45e-09 eps=0.050 buf=100000 upd=50469 seed=8
step= 1640000 ep_ret=-25.964 eval_ret=-42.498 pursuer_target_distance=3.299 capture=0.016 cap=0.120 td_loss=4.9921 q_tot=+43.573 tgt=+43.577 gnorm=502.40 w_min=1.64e-07 eps=0.050 buf=100000 upd=51094 seed=8
step= 1660000 ep_ret=-30.965 eval_ret=-40.204 pursuer_target_distance=3.036 capture=0.013 cap=0.120 td_loss=5.2421 q_tot=+44.483 tgt=+44.485 gnorm=540.14 w_min=7.45e-08 eps=0.050 buf=100000 upd=51719 seed=8
step= 1680000 ep_ret=-26.843 eval_ret=-38.489 pursuer_target_distance=3.304 capture=0.011 cap=0.121 td_loss=5.3785 q_tot=+46.275 tgt=+46.274 gnorm=554.25 w_min=4.47e-08 eps=0.050 buf=100000 upd=52344 seed=8
step= 1700000 ep_ret=-32.050 eval_ret=+129.295 pursuer_target_distance=3.506 capture=0.009 cap=0.104 td_loss=5.5090 q_tot=+46.237 tgt=+46.237 gnorm=565.39 w_min=1.19e-07 eps=0.050 buf=100000 upd=52969 seed=8
step= 1720000 ep_ret=-27.272 eval_ret=-45.539 pursuer_target_distance=3.274 capture=0.011 cap=0.141 td_loss=5.3278 q_tot=+47.301 tgt=+47.308 gnorm=553.42 w_min=1.14e-08 eps=0.050 buf=100000 upd=53594 seed=8
step= 1740000 ep_ret=-22.358 eval_ret=-54.004 pursuer_target_distance=3.402 capture=0.019 cap=0.151 td_loss=5.5744 q_tot=+47.896 tgt=+47.891 gnorm=615.23 w_min=2.09e-07 eps=0.050 buf=100000 upd=54219 seed=8
step= 1760000 ep_ret=-28.978 eval_ret=-79.682 pursuer_target_distance=3.324 capture=0.020 cap=0.170 td_loss=5.9254 q_tot=+51.091 tgt=+51.095 gnorm=670.51 w_min=2.98e-08 eps=0.050 buf=100000 upd=54844 seed=8
step= 1780000 ep_ret=-19.163 eval_ret=-58.713 pursuer_target_distance=3.481 capture=0.012 cap=0.115 td_loss=6.3302 q_tot=+54.172 tgt=+54.175 gnorm=753.27 w_min=2.98e-08 eps=0.050 buf=100000 upd=55469 seed=8
step= 1800000 ep_ret=-2.905 eval_ret=-49.372 pursuer_target_distance=3.228 capture=0.016 cap=0.135 td_loss=6.5418 q_tot=+56.602 tgt=+56.605 gnorm=800.70 w_min=0.00e+00 eps=0.050 buf=100000 upd=56094 seed=8
step= 1820000 ep_ret=-33.209 eval_ret=-40.719 pursuer_target_distance=3.535 capture=0.012 cap=0.120 td_loss=7.0450 q_tot=+57.264 tgt=+57.266 gnorm=822.66 w_min=1.79e-07 eps=0.050 buf=100000 upd=56719 seed=8
step= 1840000 ep_ret=+14.719 eval_ret=-73.336 pursuer_target_distance=3.390 capture=0.023 cap=0.165 td_loss=6.8912 q_tot=+56.745 tgt=+56.761 gnorm=862.08 w_min=4.47e-08 eps=0.050 buf=100000 upd=57344 seed=8
step= 1860000 ep_ret=+5.967 eval_ret=-58.342 pursuer_target_distance=3.677 capture=0.016 cap=0.135 td_loss=6.8195 q_tot=+54.822 tgt=+54.833 gnorm=828.90 w_min=2.98e-08 eps=0.050 buf=100000 upd=57969 seed=8
step= 1880000 ep_ret=-15.421 eval_ret=-50.984 pursuer_target_distance=3.478 capture=0.016 cap=0.167 td_loss=6.4747 q_tot=+53.779 tgt=+53.788 gnorm=808.61 w_min=2.24e-08 eps=0.050 buf=100000 upd=58594 seed=8
step= 1900000 ep_ret=-32.264 eval_ret=-44.005 pursuer_target_distance=3.361 capture=0.020 cap=0.146 td_loss=6.4590 q_tot=+55.652 tgt=+55.651 gnorm=770.11 w_min=7.45e-09 eps=0.050 buf=100000 upd=59219 seed=8
step= 1920000 ep_ret=-28.757 eval_ret=-51.262 pursuer_target_distance=3.466 capture=0.015 cap=0.125 td_loss=6.7856 q_tot=+58.369 tgt=+58.385 gnorm=821.33 w_min=8.94e-08 eps=0.050 buf=100000 upd=59844 seed=8
step= 1940000 ep_ret=-21.196 eval_ret=-44.174 pursuer_target_distance=3.423 capture=0.023 cap=0.167 td_loss=7.2697 q_tot=+59.567 tgt=+59.577 gnorm=920.63 w_min=4.47e-08 eps=0.050 buf=100000 upd=60469 seed=8
step= 1960000 ep_ret=-23.225 eval_ret=+3.470 pursuer_target_distance=3.346 capture=0.016 cap=0.130 td_loss=6.7521 q_tot=+58.805 tgt=+58.802 gnorm=803.73 w_min=4.47e-08 eps=0.050 buf=100000 upd=61094 seed=8
step= 1980000 ep_ret=-37.071 eval_ret=-52.385 pursuer_target_distance=3.333 capture=0.027 cap=0.146 td_loss=6.6064 q_tot=+57.283 tgt=+57.296 gnorm=772.58 w_min=2.98e-08 eps=0.050 buf=100000 upd=61719 seed=8
step= 2000000 ep_ret=-27.814 eval_ret=-54.187 pursuer_target_distance=3.778 capture=0.019 cap=0.129 td_loss=6.6624 q_tot=+55.020 tgt=+55.019 gnorm=761.93 w_min=5.96e-08 eps=0.050 buf=100000 upd=62344 seed=8
[train] Final checkpoint saved to runs/qmix_pcp_full_20260627_165504/graph/seed8/ckpt/final.pt
[train] Run artifacts in runs/qmix_pcp_full_20260627_165504/graph/seed8
=== done Sat Jun 27 17:31:59 EDT 2026 ===
