[setup] Required Python imports are available.
[setup] Required Python imports are available.
=== qmix_pcp_full task 52/70: graph seed2 (git 5e3950a) ===
Run dir: runs/qmix_pcp_full_20260627_165504/graph/seed2  Start: Sat Jun 27 17:15:23 EDT 2026
Sat Jun 27 17:15:23 2026       
+-----------------------------------------------------------------------------------------+
| NVIDIA-SMI 580.105.08             Driver Version: 580.105.08     CUDA Version: 13.0     |
+-----------------------------------------+------------------------+----------------------+
| GPU  Name                 Persistence-M | Bus-Id          Disp.A | Volatile Uncorr. ECC |
| Fan  Temp   Perf          Pwr:Usage/Cap |           Memory-Usage | GPU-Util  Compute M. |
|                                         |                        |               MIG M. |
|=========================================+========================+======================|
|   0  Tesla V100-PCIE-32GB           Off |   00000000:3B:00.0 Off |                    0 |
| N/A   32C    P0             37W /  250W |       0MiB /  32768MiB |      0%      Default |
|                                         |                        |                  N/A |
+-----------------------------------------+------------------------+----------------------+

+-----------------------------------------------------------------------------------------+
| Processes:                                                                              |
|  GPU   GI   CI              PID   Type   Process name                        GPU Memory |
|        ID   ID                                                               Usage      |
|=========================================================================================|
|  No running processes found                                                             |
+-----------------------------------------------------------------------------------------+
[env] kind=pcp name=pcp n_agents=5 obs_dim=5 action_dim=5 state_dim=13 num_envs=32
[train] QMIX start: total_iters=62500 B=32 device=cuda:0 seed=2 warmup=5000 batch=256 target_update(updates)=200 render=off
step=   20000 ep_ret=-91.116 eval_ret=-95.321 pursuer_target_distance=6.492 capture=0.000 cap=0.000 td_loss=0.6003 q_tot=+12.306 tgt=+12.281 gnorm=59.28 w_min=3.73e-09 eps=0.621 buf=20000 upd=469 seed=2
step=   40000 ep_ret=-92.716 eval_ret=-92.304 pursuer_target_distance=6.941 capture=0.003 cap=0.010 td_loss=0.1339 q_tot=+12.065 tgt=+12.058 gnorm=30.04 w_min=2.79e-08 eps=0.241 buf=40000 upd=1094 seed=2
step=   60000 ep_ret=-89.442 eval_ret=-70.476 pursuer_target_distance=7.329 capture=0.001 cap=0.016 td_loss=0.2659 q_tot=+11.762 tgt=+11.759 gnorm=46.02 w_min=1.30e-08 eps=0.050 buf=60000 upd=1719 seed=2
step=   80000 ep_ret=-71.112 eval_ret=-54.047 pursuer_target_distance=6.114 capture=0.000 cap=0.004 td_loss=0.3285 q_tot=+11.098 tgt=+11.095 gnorm=53.79 w_min=2.24e-08 eps=0.050 buf=80000 upd=2344 seed=2
step=  100000 ep_ret=-73.629 eval_ret=-37.551 pursuer_target_distance=5.451 capture=0.000 cap=0.005 td_loss=0.3890 q_tot=+9.678 tgt=+9.675 gnorm=59.84 w_min=1.86e-08 eps=0.050 buf=100000 upd=2969 seed=2
step=  120000 ep_ret=-62.815 eval_ret=-24.431 pursuer_target_distance=4.795 capture=0.000 cap=0.010 td_loss=0.4095 q_tot=+8.508 tgt=+8.505 gnorm=61.64 w_min=0.00e+00 eps=0.050 buf=100000 upd=3594 seed=2
step=  140000 ep_ret=-51.755 eval_ret=-26.067 pursuer_target_distance=4.512 capture=0.001 cap=0.021 td_loss=0.3913 q_tot=+7.790 tgt=+7.787 gnorm=62.34 w_min=3.73e-08 eps=0.050 buf=100000 upd=4219 seed=2
step=  160000 ep_ret=-38.812 eval_ret=-18.947 pursuer_target_distance=3.783 capture=0.005 cap=0.027 td_loss=0.3310 q_tot=+7.037 tgt=+7.034 gnorm=57.30 w_min=4.47e-08 eps=0.050 buf=100000 upd=4844 seed=2
step=  180000 ep_ret=-38.941 eval_ret=+44.051 pursuer_target_distance=3.436 capture=0.007 cap=0.036 td_loss=0.4153 q_tot=+6.591 tgt=+6.588 gnorm=63.95 w_min=1.68e-08 eps=0.050 buf=100000 upd=5469 seed=2
step=  200000 ep_ret=-24.847 eval_ret=-22.153 pursuer_target_distance=3.604 capture=0.003 cap=0.026 td_loss=0.5347 q_tot=+6.676 tgt=+6.674 gnorm=75.96 w_min=9.27e-08 eps=0.050 buf=100000 upd=6094 seed=2
step=  220000 ep_ret=-32.577 eval_ret=+62.545 pursuer_target_distance=3.089 capture=0.005 cap=0.057 td_loss=0.7252 q_tot=+7.123 tgt=+7.125 gnorm=93.13 w_min=7.45e-09 eps=0.050 buf=100000 upd=6719 seed=2
step=  240000 ep_ret=-45.293 eval_ret=-24.710 pursuer_target_distance=3.079 capture=0.004 cap=0.027 td_loss=0.9122 q_tot=+7.626 tgt=+7.624 gnorm=107.99 w_min=1.86e-09 eps=0.050 buf=100000 upd=7344 seed=2
step=  260000 ep_ret=-53.758 eval_ret=-27.980 pursuer_target_distance=3.260 capture=0.004 cap=0.036 td_loss=1.0223 q_tot=+7.911 tgt=+7.909 gnorm=121.40 w_min=7.45e-09 eps=0.050 buf=100000 upd=7969 seed=2
step=  280000 ep_ret=-49.578 eval_ret=-24.887 pursuer_target_distance=3.156 capture=0.002 cap=0.026 td_loss=1.0653 q_tot=+7.469 tgt=+7.472 gnorm=120.08 w_min=0.00e+00 eps=0.050 buf=100000 upd=8594 seed=2
step=  300000 ep_ret=-38.658 eval_ret=+40.707 pursuer_target_distance=3.014 capture=0.004 cap=0.036 td_loss=0.9951 q_tot=+7.433 tgt=+7.431 gnorm=105.68 w_min=4.84e-08 eps=0.050 buf=100000 upd=9219 seed=2
step=  320000 ep_ret=-43.600 eval_ret=-14.845 pursuer_target_distance=2.967 capture=0.007 cap=0.031 td_loss=1.0603 q_tot=+7.945 tgt=+7.940 gnorm=114.46 w_min=3.91e-08 eps=0.050 buf=100000 upd=9844 seed=2
step=  340000 ep_ret=-22.548 eval_ret=-20.614 pursuer_target_distance=3.105 capture=0.004 cap=0.047 td_loss=1.0516 q_tot=+8.065 tgt=+8.064 gnorm=117.16 w_min=4.10e-08 eps=0.050 buf=100000 upd=10469 seed=2
step=  360000 ep_ret=-33.506 eval_ret=-22.389 pursuer_target_distance=2.906 capture=0.006 cap=0.042 td_loss=1.1188 q_tot=+8.323 tgt=+8.323 gnorm=116.70 w_min=8.85e-09 eps=0.050 buf=100000 upd=11094 seed=2
step=  380000 ep_ret=-30.032 eval_ret=-19.070 pursuer_target_distance=3.225 capture=0.008 cap=0.057 td_loss=1.4463 q_tot=+9.364 tgt=+9.359 gnorm=149.74 w_min=7.45e-09 eps=0.050 buf=100000 upd=11719 seed=2
step=  400000 ep_ret=-37.646 eval_ret=-22.487 pursuer_target_distance=3.155 capture=0.004 cap=0.031 td_loss=1.4237 q_tot=+10.641 tgt=+10.641 gnorm=149.74 w_min=4.47e-08 eps=0.050 buf=100000 upd=12344 seed=2
step=  420000 ep_ret=-35.527 eval_ret=-20.392 pursuer_target_distance=3.406 capture=0.002 cap=0.026 td_loss=1.2999 q_tot=+10.357 tgt=+10.361 gnorm=137.67 w_min=1.49e-08 eps=0.050 buf=100000 upd=12969 seed=2
step=  440000 ep_ret=-38.934 eval_ret=-28.053 pursuer_target_distance=3.369 capture=0.002 cap=0.010 td_loss=1.3004 q_tot=+10.568 tgt=+10.562 gnorm=141.97 w_min=3.73e-08 eps=0.050 buf=100000 upd=13594 seed=2
step=  460000 ep_ret=-24.711 eval_ret=-25.544 pursuer_target_distance=3.012 capture=0.004 cap=0.026 td_loss=1.2637 q_tot=+9.964 tgt=+9.961 gnorm=144.03 w_min=3.35e-08 eps=0.050 buf=100000 upd=14219 seed=2
step=  480000 ep_ret=-38.698 eval_ret=-30.607 pursuer_target_distance=3.004 capture=0.003 cap=0.018 td_loss=1.0950 q_tot=+10.040 tgt=+10.038 gnorm=134.33 w_min=1.21e-08 eps=0.050 buf=100000 upd=14844 seed=2
step=  500000 ep_ret=-23.610 eval_ret=-32.463 pursuer_target_distance=3.039 capture=0.003 cap=0.031 td_loss=1.0428 q_tot=+10.840 tgt=+10.836 gnorm=131.02 w_min=1.58e-08 eps=0.050 buf=100000 upd=15469 seed=2
step=  520000 ep_ret=-1.484 eval_ret=+14.928 pursuer_target_distance=3.049 capture=0.007 cap=0.047 td_loss=1.0909 q_tot=+11.893 tgt=+11.887 gnorm=130.64 w_min=2.98e-08 eps=0.050 buf=100000 upd=16094 seed=2
step=  540000 ep_ret=-32.930 eval_ret=-23.568 pursuer_target_distance=3.035 capture=0.002 cap=0.036 td_loss=1.2993 q_tot=+13.258 tgt=+13.257 gnorm=153.74 w_min=7.45e-09 eps=0.050 buf=100000 upd=16719 seed=2
step=  560000 ep_ret=-54.050 eval_ret=-23.127 pursuer_target_distance=2.974 capture=0.005 cap=0.049 td_loss=1.2335 q_tot=+14.180 tgt=+14.172 gnorm=150.61 w_min=2.98e-08 eps=0.050 buf=100000 upd=17344 seed=2
step=  580000 ep_ret=-42.645 eval_ret=-28.323 pursuer_target_distance=3.266 capture=0.005 cap=0.036 td_loss=1.3501 q_tot=+13.844 tgt=+13.845 gnorm=152.49 w_min=1.49e-08 eps=0.050 buf=100000 upd=17969 seed=2
step=  600000 ep_ret=-32.635 eval_ret=+7.385 pursuer_target_distance=3.167 capture=0.005 cap=0.047 td_loss=1.4424 q_tot=+13.461 tgt=+13.463 gnorm=157.45 w_min=0.00e+00 eps=0.050 buf=100000 upd=18594 seed=2
step=  620000 ep_ret=-43.373 eval_ret=-25.478 pursuer_target_distance=3.105 capture=0.002 cap=0.026 td_loss=1.5621 q_tot=+13.058 tgt=+13.054 gnorm=166.13 w_min=7.45e-09 eps=0.050 buf=100000 upd=19219 seed=2
step=  640000 ep_ret=-28.776 eval_ret=-37.766 pursuer_target_distance=3.110 capture=0.002 cap=0.031 td_loss=1.2280 q_tot=+11.846 tgt=+11.843 gnorm=139.92 w_min=3.73e-09 eps=0.050 buf=100000 upd=19844 seed=2
step=  660000 ep_ret=-41.579 eval_ret=-21.305 pursuer_target_distance=3.501 capture=0.006 cap=0.062 td_loss=1.3152 q_tot=+11.219 tgt=+11.219 gnorm=138.10 w_min=2.24e-08 eps=0.050 buf=100000 upd=20469 seed=2
step=  680000 ep_ret=-32.595 eval_ret=-32.450 pursuer_target_distance=3.226 capture=0.005 cap=0.031 td_loss=1.2798 q_tot=+10.873 tgt=+10.871 gnorm=135.24 w_min=5.59e-09 eps=0.050 buf=100000 upd=21094 seed=2
step=  700000 ep_ret=-34.805 eval_ret=-32.225 pursuer_target_distance=3.096 capture=0.003 cap=0.036 td_loss=1.2416 q_tot=+10.843 tgt=+10.839 gnorm=135.20 w_min=3.73e-09 eps=0.050 buf=100000 upd=21719 seed=2
step=  720000 ep_ret=-34.083 eval_ret=-25.891 pursuer_target_distance=3.343 capture=0.004 cap=0.040 td_loss=1.3346 q_tot=+10.781 tgt=+10.779 gnorm=141.33 w_min=0.00e+00 eps=0.050 buf=100000 upd=22344 seed=2
step=  740000 ep_ret=-19.866 eval_ret=-29.193 pursuer_target_distance=2.978 capture=0.005 cap=0.062 td_loss=1.4687 q_tot=+10.728 tgt=+10.729 gnorm=150.40 w_min=5.22e-08 eps=0.050 buf=100000 upd=22969 seed=2
step=  760000 ep_ret=-43.086 eval_ret=-23.788 pursuer_target_distance=3.266 capture=0.006 cap=0.052 td_loss=1.5365 q_tot=+10.479 tgt=+10.481 gnorm=148.65 w_min=0.00e+00 eps=0.050 buf=100000 upd=23594 seed=2
step=  780000 ep_ret=-37.172 eval_ret=-30.099 pursuer_target_distance=3.254 capture=0.006 cap=0.057 td_loss=1.5269 q_tot=+10.345 tgt=+10.342 gnorm=152.23 w_min=2.98e-08 eps=0.050 buf=100000 upd=24219 seed=2
step=  800000 ep_ret=-33.895 eval_ret=-23.464 pursuer_target_distance=3.348 capture=0.005 cap=0.040 td_loss=1.4963 q_tot=+9.986 tgt=+9.981 gnorm=139.73 w_min=6.15e-08 eps=0.050 buf=100000 upd=24844 seed=2
step=  820000 ep_ret=-34.459 eval_ret=+32.982 pursuer_target_distance=3.284 capture=0.004 cap=0.057 td_loss=1.4382 q_tot=+9.557 tgt=+9.560 gnorm=137.21 w_min=5.22e-08 eps=0.050 buf=100000 upd=25469 seed=2
step=  840000 ep_ret=-33.309 eval_ret=-29.664 pursuer_target_distance=3.140 capture=0.002 cap=0.021 td_loss=1.5065 q_tot=+9.828 tgt=+9.829 gnorm=149.19 w_min=8.64e-08 eps=0.050 buf=100000 upd=26094 seed=2
step=  860000 ep_ret=-36.529 eval_ret=-25.055 pursuer_target_distance=3.334 capture=0.005 cap=0.036 td_loss=1.5401 q_tot=+10.237 tgt=+10.234 gnorm=155.08 w_min=8.66e-08 eps=0.050 buf=100000 upd=26719 seed=2
step=  880000 ep_ret=-44.309 eval_ret=+22.381 pursuer_target_distance=3.247 capture=0.008 cap=0.062 td_loss=1.5363 q_tot=+10.774 tgt=+10.773 gnorm=152.91 w_min=9.31e-10 eps=0.050 buf=100000 upd=27344 seed=2
step=  900000 ep_ret=-25.474 eval_ret=-29.487 pursuer_target_distance=3.093 capture=0.005 cap=0.047 td_loss=1.4918 q_tot=+10.761 tgt=+10.758 gnorm=148.97 w_min=0.00e+00 eps=0.050 buf=100000 upd=27969 seed=2
step=  920000 ep_ret=-23.751 eval_ret=-26.920 pursuer_target_distance=3.305 capture=0.005 cap=0.047 td_loss=1.6986 q_tot=+11.611 tgt=+11.615 gnorm=164.13 w_min=7.45e-09 eps=0.050 buf=100000 upd=28594 seed=2
step=  940000 ep_ret=-41.459 eval_ret=-44.084 pursuer_target_distance=3.385 capture=0.010 cap=0.068 td_loss=1.7268 q_tot=+11.632 tgt=+11.638 gnorm=163.82 w_min=2.61e-08 eps=0.050 buf=100000 upd=29219 seed=2
step=  960000 ep_ret=-37.752 eval_ret=-29.763 pursuer_target_distance=3.208 capture=0.004 cap=0.027 td_loss=1.8401 q_tot=+11.175 tgt=+11.181 gnorm=169.53 w_min=0.00e+00 eps=0.050 buf=100000 upd=29844 seed=2
step=  980000 ep_ret=-35.315 eval_ret=-30.040 pursuer_target_distance=3.497 capture=0.009 cap=0.052 td_loss=1.8525 q_tot=+10.684 tgt=+10.687 gnorm=171.72 w_min=2.98e-08 eps=0.050 buf=100000 upd=30469 seed=2
step= 1000000 ep_ret=-40.997 eval_ret=-47.288 pursuer_target_distance=3.223 capture=0.005 cap=0.052 td_loss=2.1177 q_tot=+11.121 tgt=+11.124 gnorm=194.61 w_min=7.45e-08 eps=0.050 buf=100000 upd=31094 seed=2
step= 1020000 ep_ret=-36.445 eval_ret=-50.174 pursuer_target_distance=3.249 capture=0.004 cap=0.047 td_loss=2.1380 q_tot=+12.208 tgt=+12.210 gnorm=197.38 w_min=7.45e-09 eps=0.050 buf=100000 upd=31719 seed=2
step= 1040000 ep_ret=-36.084 eval_ret=-44.018 pursuer_target_distance=2.904 capture=0.006 cap=0.058 td_loss=2.2881 q_tot=+13.782 tgt=+13.781 gnorm=220.84 w_min=2.98e-08 eps=0.050 buf=100000 upd=32344 seed=2
step= 1060000 ep_ret=-38.573 eval_ret=-32.633 pursuer_target_distance=3.681 capture=0.005 cap=0.042 td_loss=2.3623 q_tot=+14.358 tgt=+14.356 gnorm=218.23 w_min=8.94e-08 eps=0.050 buf=100000 upd=32969 seed=2
step= 1080000 ep_ret=-31.889 eval_ret=-37.404 pursuer_target_distance=3.237 capture=0.009 cap=0.047 td_loss=2.2210 q_tot=+13.518 tgt=+13.518 gnorm=204.78 w_min=1.49e-08 eps=0.050 buf=100000 upd=33594 seed=2
step= 1100000 ep_ret=-43.354 eval_ret=-24.866 pursuer_target_distance=3.305 capture=0.004 cap=0.042 td_loss=2.1596 q_tot=+13.555 tgt=+13.559 gnorm=201.77 w_min=2.98e-08 eps=0.050 buf=100000 upd=34219 seed=2
step= 1120000 ep_ret=-30.071 eval_ret=-23.773 pursuer_target_distance=3.231 capture=0.004 cap=0.040 td_loss=2.1054 q_tot=+14.188 tgt=+14.187 gnorm=200.35 w_min=7.45e-08 eps=0.050 buf=100000 upd=34844 seed=2
step= 1140000 ep_ret=-31.370 eval_ret=-24.389 pursuer_target_distance=3.262 capture=0.013 cap=0.073 td_loss=2.2598 q_tot=+14.722 tgt=+14.722 gnorm=211.06 w_min=2.61e-08 eps=0.050 buf=100000 upd=35469 seed=2
step= 1160000 ep_ret=-43.723 eval_ret=-36.143 pursuer_target_distance=3.213 capture=0.005 cap=0.026 td_loss=2.3398 q_tot=+15.180 tgt=+15.178 gnorm=221.18 w_min=0.00e+00 eps=0.050 buf=100000 upd=36094 seed=2
step= 1180000 ep_ret=-28.432 eval_ret=-24.009 pursuer_target_distance=3.209 capture=0.009 cap=0.089 td_loss=2.5710 q_tot=+16.113 tgt=+16.114 gnorm=240.33 w_min=5.96e-08 eps=0.050 buf=100000 upd=36719 seed=2
step= 1200000 ep_ret=-40.032 eval_ret=-26.398 pursuer_target_distance=3.221 capture=0.005 cap=0.040 td_loss=2.2772 q_tot=+16.306 tgt=+16.305 gnorm=221.73 w_min=7.45e-08 eps=0.050 buf=100000 upd=37344 seed=2
step= 1220000 ep_ret=-49.327 eval_ret=-42.756 pursuer_target_distance=3.606 capture=0.002 cap=0.026 td_loss=2.5630 q_tot=+16.421 tgt=+16.418 gnorm=244.62 w_min=4.47e-08 eps=0.050 buf=100000 upd=37969 seed=2
step= 1240000 ep_ret=-32.786 eval_ret=-29.245 pursuer_target_distance=3.172 capture=0.003 cap=0.036 td_loss=2.3732 q_tot=+16.946 tgt=+16.946 gnorm=234.46 w_min=4.47e-08 eps=0.050 buf=100000 upd=38594 seed=2
step= 1260000 ep_ret=-55.320 eval_ret=-32.399 pursuer_target_distance=3.775 capture=0.002 cap=0.031 td_loss=2.1747 q_tot=+17.199 tgt=+17.198 gnorm=216.72 w_min=4.84e-08 eps=0.050 buf=100000 upd=39219 seed=2
step= 1280000 ep_ret=-34.223 eval_ret=-21.161 pursuer_target_distance=3.414 capture=0.006 cap=0.045 td_loss=2.0166 q_tot=+17.634 tgt=+17.638 gnorm=211.35 w_min=3.73e-08 eps=0.050 buf=100000 upd=39844 seed=2
step= 1300000 ep_ret=-44.754 eval_ret=-4.047 pursuer_target_distance=3.760 capture=0.004 cap=0.047 td_loss=2.0155 q_tot=+18.054 tgt=+18.055 gnorm=203.12 w_min=2.98e-08 eps=0.050 buf=100000 upd=40469 seed=2
step= 1320000 ep_ret=-36.611 eval_ret=-35.845 pursuer_target_distance=3.351 capture=0.006 cap=0.057 td_loss=1.9389 q_tot=+18.116 tgt=+18.110 gnorm=199.33 w_min=2.98e-08 eps=0.050 buf=100000 upd=41094 seed=2
step= 1340000 ep_ret=-23.556 eval_ret=-21.188 pursuer_target_distance=3.330 capture=0.009 cap=0.073 td_loss=2.0798 q_tot=+18.276 tgt=+18.279 gnorm=206.64 w_min=1.49e-08 eps=0.050 buf=100000 upd=41719 seed=2
step= 1360000 ep_ret=-35.747 eval_ret=+0.960 pursuer_target_distance=3.323 capture=0.006 cap=0.040 td_loss=2.3589 q_tot=+18.649 tgt=+18.648 gnorm=236.83 w_min=5.96e-08 eps=0.050 buf=100000 upd=42344 seed=2
step= 1380000 ep_ret=-35.287 eval_ret=-19.536 pursuer_target_distance=3.215 capture=0.004 cap=0.042 td_loss=2.4271 q_tot=+19.377 tgt=+19.378 gnorm=243.63 w_min=5.96e-08 eps=0.050 buf=100000 upd=42969 seed=2
step= 1400000 ep_ret=-27.481 eval_ret=-39.529 pursuer_target_distance=3.646 capture=0.007 cap=0.052 td_loss=2.3711 q_tot=+20.080 tgt=+20.081 gnorm=236.12 w_min=1.49e-07 eps=0.050 buf=100000 upd=43594 seed=2
step= 1420000 ep_ret=-42.470 eval_ret=-42.402 pursuer_target_distance=3.300 capture=0.004 cap=0.031 td_loss=2.2951 q_tot=+20.159 tgt=+20.158 gnorm=236.33 w_min=3.73e-08 eps=0.050 buf=100000 upd=44219 seed=2
step= 1440000 ep_ret=-39.581 eval_ret=-21.491 pursuer_target_distance=3.236 capture=0.004 cap=0.045 td_loss=2.3285 q_tot=+21.043 tgt=+21.039 gnorm=242.47 w_min=2.98e-08 eps=0.050 buf=100000 upd=44844 seed=2
step= 1460000 ep_ret=-40.589 eval_ret=-31.859 pursuer_target_distance=3.543 capture=0.006 cap=0.052 td_loss=2.4379 q_tot=+22.205 tgt=+22.206 gnorm=255.06 w_min=7.08e-08 eps=0.050 buf=100000 upd=45469 seed=2
step= 1480000 ep_ret=-48.393 eval_ret=-24.189 pursuer_target_distance=3.381 capture=0.007 cap=0.062 td_loss=2.4698 q_tot=+23.308 tgt=+23.308 gnorm=258.80 w_min=1.49e-08 eps=0.050 buf=100000 upd=46094 seed=2
step= 1500000 ep_ret=-24.036 eval_ret=-20.151 pursuer_target_distance=3.566 capture=0.010 cap=0.089 td_loss=2.7585 q_tot=+24.018 tgt=+24.019 gnorm=280.54 w_min=7.45e-08 eps=0.050 buf=100000 upd=46719 seed=2
step= 1520000 ep_ret=-37.300 eval_ret=-30.971 pursuer_target_distance=3.372 capture=0.006 cap=0.076 td_loss=2.7815 q_tot=+25.042 tgt=+25.050 gnorm=281.97 w_min=5.96e-08 eps=0.050 buf=100000 upd=47344 seed=2
step= 1540000 ep_ret=-45.679 eval_ret=-34.832 pursuer_target_distance=3.554 capture=0.005 cap=0.073 td_loss=2.8119 q_tot=+25.363 tgt=+25.363 gnorm=292.77 w_min=5.96e-08 eps=0.050 buf=100000 upd=47969 seed=2
step= 1560000 ep_ret=-44.711 eval_ret=-18.714 pursuer_target_distance=3.213 capture=0.004 cap=0.047 td_loss=2.9791 q_tot=+25.246 tgt=+25.246 gnorm=301.81 w_min=7.45e-09 eps=0.050 buf=100000 upd=48594 seed=2
step= 1580000 ep_ret=-37.906 eval_ret=+14.609 pursuer_target_distance=3.573 capture=0.007 cap=0.068 td_loss=3.0060 q_tot=+25.328 tgt=+25.330 gnorm=298.67 w_min=1.49e-08 eps=0.050 buf=100000 upd=49219 seed=2
step= 1600000 ep_ret=-37.992 eval_ret=-32.389 pursuer_target_distance=3.510 capture=0.010 cap=0.067 td_loss=3.0286 q_tot=+25.460 tgt=+25.460 gnorm=299.58 w_min=1.49e-08 eps=0.050 buf=100000 upd=49844 seed=2
step= 1620000 ep_ret=-32.298 eval_ret=-35.131 pursuer_target_distance=3.231 capture=0.011 cap=0.078 td_loss=2.8835 q_tot=+25.763 tgt=+25.763 gnorm=290.18 w_min=5.96e-08 eps=0.050 buf=100000 upd=50469 seed=2
step= 1640000 ep_ret=-39.940 eval_ret=-32.088 pursuer_target_distance=3.123 capture=0.008 cap=0.062 td_loss=2.8846 q_tot=+26.596 tgt=+26.604 gnorm=292.49 w_min=5.96e-08 eps=0.050 buf=100000 upd=51094 seed=2
step= 1660000 ep_ret=-26.590 eval_ret=-23.581 pursuer_target_distance=3.193 capture=0.010 cap=0.068 td_loss=3.0763 q_tot=+27.698 tgt=+27.702 gnorm=320.23 w_min=0.00e+00 eps=0.050 buf=100000 upd=51719 seed=2
step= 1680000 ep_ret=-35.088 eval_ret=-36.563 pursuer_target_distance=3.336 capture=0.009 cap=0.071 td_loss=3.2874 q_tot=+27.463 tgt=+27.467 gnorm=336.44 w_min=0.00e+00 eps=0.050 buf=100000 upd=52344 seed=2
step= 1700000 ep_ret=-29.325 eval_ret=-31.371 pursuer_target_distance=3.628 capture=0.009 cap=0.094 td_loss=3.4888 q_tot=+27.486 tgt=+27.495 gnorm=350.57 w_min=3.73e-08 eps=0.050 buf=100000 upd=52969 seed=2
step= 1720000 ep_ret=-38.360 eval_ret=-20.798 pursuer_target_distance=3.367 capture=0.010 cap=0.062 td_loss=3.5539 q_tot=+27.468 tgt=+27.467 gnorm=366.11 w_min=2.01e-07 eps=0.050 buf=100000 upd=53594 seed=2
step= 1740000 ep_ret=-38.617 eval_ret=-27.236 pursuer_target_distance=3.453 capture=0.012 cap=0.099 td_loss=3.1055 q_tot=+26.207 tgt=+26.205 gnorm=311.55 w_min=4.94e-08 eps=0.050 buf=100000 upd=54219 seed=2
step= 1760000 ep_ret=-38.272 eval_ret=-30.554 pursuer_target_distance=3.339 capture=0.010 cap=0.058 td_loss=3.4656 q_tot=+25.517 tgt=+25.519 gnorm=338.33 w_min=1.49e-08 eps=0.050 buf=100000 upd=54844 seed=2
step= 1780000 ep_ret=-16.448 eval_ret=-23.995 pursuer_target_distance=3.411 capture=0.012 cap=0.094 td_loss=3.2846 q_tot=+26.187 tgt=+26.196 gnorm=325.00 w_min=4.47e-08 eps=0.050 buf=100000 upd=55469 seed=2
step= 1800000 ep_ret=-45.029 eval_ret=-46.677 pursuer_target_distance=3.341 capture=0.012 cap=0.141 td_loss=3.4679 q_tot=+26.853 tgt=+26.865 gnorm=337.57 w_min=2.28e-08 eps=0.050 buf=100000 upd=56094 seed=2
step= 1820000 ep_ret=-11.785 eval_ret=-24.048 pursuer_target_distance=3.276 capture=0.014 cap=0.146 td_loss=3.6598 q_tot=+26.487 tgt=+26.491 gnorm=333.39 w_min=2.98e-08 eps=0.050 buf=100000 upd=56719 seed=2
step= 1840000 ep_ret=-49.535 eval_ret=-46.969 pursuer_target_distance=3.546 capture=0.008 cap=0.067 td_loss=4.0094 q_tot=+25.450 tgt=+25.452 gnorm=352.57 w_min=1.49e-08 eps=0.050 buf=100000 upd=57344 seed=2
step= 1860000 ep_ret=-45.662 eval_ret=-28.958 pursuer_target_distance=3.808 capture=0.005 cap=0.057 td_loss=3.6204 q_tot=+24.522 tgt=+24.523 gnorm=333.41 w_min=1.29e-07 eps=0.050 buf=100000 upd=57969 seed=2
step= 1880000 ep_ret=-36.032 eval_ret=+176.882 pursuer_target_distance=3.403 capture=0.007 cap=0.073 td_loss=3.5612 q_tot=+24.287 tgt=+24.289 gnorm=330.67 w_min=2.98e-08 eps=0.050 buf=100000 upd=58594 seed=2
step= 1900000 ep_ret=-48.062 eval_ret=-31.230 pursuer_target_distance=3.452 capture=0.006 cap=0.068 td_loss=3.5800 q_tot=+25.041 tgt=+25.040 gnorm=350.37 w_min=2.98e-08 eps=0.050 buf=100000 upd=59219 seed=2
step= 1920000 ep_ret=-41.240 eval_ret=-2.492 pursuer_target_distance=3.611 capture=0.008 cap=0.085 td_loss=3.8181 q_tot=+25.697 tgt=+25.703 gnorm=363.75 w_min=4.47e-08 eps=0.050 buf=100000 upd=59844 seed=2
step= 1940000 ep_ret=-43.332 eval_ret=-30.454 pursuer_target_distance=3.827 capture=0.006 cap=0.052 td_loss=3.5420 q_tot=+25.169 tgt=+25.169 gnorm=349.79 w_min=4.47e-08 eps=0.050 buf=100000 upd=60469 seed=2
step= 1960000 ep_ret=-37.425 eval_ret=-32.124 pursuer_target_distance=3.317 capture=0.006 cap=0.068 td_loss=3.2116 q_tot=+25.628 tgt=+25.631 gnorm=321.39 w_min=0.00e+00 eps=0.050 buf=100000 upd=61094 seed=2
step= 1980000 ep_ret=-44.835 eval_ret=+8.921 pursuer_target_distance=3.652 capture=0.010 cap=0.094 td_loss=3.3170 q_tot=+26.939 tgt=+26.947 gnorm=343.05 w_min=2.98e-08 eps=0.050 buf=100000 upd=61719 seed=2
step= 2000000 ep_ret=-34.231 eval_ret=-30.213 pursuer_target_distance=3.351 capture=0.016 cap=0.125 td_loss=3.6568 q_tot=+27.386 tgt=+27.386 gnorm=368.94 w_min=1.49e-08 eps=0.050 buf=100000 upd=62344 seed=2
[train] Final checkpoint saved to runs/qmix_pcp_full_20260627_165504/graph/seed2/ckpt/final.pt
[train] Run artifacts in runs/qmix_pcp_full_20260627_165504/graph/seed2
=== done Sat Jun 27 17:33:35 EDT 2026 ===
