[setup] Required Python imports are available.
[setup] Required Python imports are available.
=== qmix_pcp_full task 54/70: graph seed4 (git 5e3950a) ===
Run dir: runs/qmix_pcp_full_20260627_165504/graph/seed4  Start: Sat Jun 27 17:16:51 EDT 2026
Sat Jun 27 17:16:51 2026       
+-----------------------------------------------------------------------------------------+
| NVIDIA-SMI 580.105.08             Driver Version: 580.105.08     CUDA Version: 13.0     |
+-----------------------------------------+------------------------+----------------------+
| GPU  Name                 Persistence-M | Bus-Id          Disp.A | Volatile Uncorr. ECC |
| Fan  Temp   Perf          Pwr:Usage/Cap |           Memory-Usage | GPU-Util  Compute M. |
|                                         |                        |               MIG M. |
|=========================================+========================+======================|
|   0  Tesla V100-PCIE-32GB           Off |   00000000:D8:00.0 Off |                    0 |
| N/A   32C    P0             37W /  250W |       0MiB /  32768MiB |      0%      Default |
|                                         |                        |                  N/A |
+-----------------------------------------+------------------------+----------------------+

+-----------------------------------------------------------------------------------------+
| Processes:                                                                              |
|  GPU   GI   CI              PID   Type   Process name                        GPU Memory |
|        ID   ID                                                               Usage      |
|=========================================================================================|
|  No running processes found                                                             |
+-----------------------------------------------------------------------------------------+
[env] kind=pcp name=pcp n_agents=5 obs_dim=5 action_dim=5 state_dim=13 num_envs=32
[train] QMIX start: total_iters=62500 B=32 device=cuda:0 seed=4 warmup=5000 batch=256 target_update(updates)=200 render=off
step=   20000 ep_ret=-82.757 eval_ret=-93.057 pursuer_target_distance=6.357 capture=0.000 cap=0.000 td_loss=0.2293 q_tot=+9.302 tgt=+9.286 gnorm=38.88 w_min=6.75e-09 eps=0.621 buf=20000 upd=469 seed=4
step=   40000 ep_ret=-83.541 eval_ret=-103.001 pursuer_target_distance=6.844 capture=0.001 cap=0.005 td_loss=0.1246 q_tot=+10.405 tgt=+10.398 gnorm=31.26 w_min=2.79e-09 eps=0.241 buf=40000 upd=1094 seed=4
step=   60000 ep_ret=-95.283 eval_ret=-115.923 pursuer_target_distance=6.720 capture=0.000 cap=0.000 td_loss=0.1880 q_tot=+10.593 tgt=+10.587 gnorm=41.94 w_min=3.26e-09 eps=0.050 buf=60000 upd=1719 seed=4
step=   80000 ep_ret=-91.796 eval_ret=-74.522 pursuer_target_distance=6.491 capture=0.000 cap=0.000 td_loss=0.1723 q_tot=+9.613 tgt=+9.608 gnorm=42.37 w_min=1.49e-08 eps=0.050 buf=80000 upd=2344 seed=4
step=  100000 ep_ret=-66.392 eval_ret=-71.110 pursuer_target_distance=5.835 capture=0.000 cap=0.000 td_loss=0.1763 q_tot=+8.212 tgt=+8.207 gnorm=41.64 w_min=1.49e-08 eps=0.050 buf=100000 upd=2969 seed=4
step=  120000 ep_ret=-53.131 eval_ret=-90.850 pursuer_target_distance=5.300 capture=0.002 cap=0.021 td_loss=0.2213 q_tot=+7.161 tgt=+7.158 gnorm=46.30 w_min=1.49e-08 eps=0.050 buf=100000 upd=3594 seed=4
step=  140000 ep_ret=-52.327 eval_ret=-46.633 pursuer_target_distance=4.180 capture=0.003 cap=0.021 td_loss=0.2678 q_tot=+6.177 tgt=+6.173 gnorm=50.97 w_min=9.31e-08 eps=0.050 buf=100000 upd=4219 seed=4
step=  160000 ep_ret=-45.529 eval_ret=-43.063 pursuer_target_distance=3.471 capture=0.002 cap=0.013 td_loss=0.3344 q_tot=+5.428 tgt=+5.425 gnorm=56.32 w_min=4.84e-08 eps=0.050 buf=100000 upd=4844 seed=4
step=  180000 ep_ret=-41.876 eval_ret=-46.951 pursuer_target_distance=3.732 capture=0.004 cap=0.036 td_loss=0.4264 q_tot=+5.228 tgt=+5.227 gnorm=64.09 w_min=4.47e-08 eps=0.050 buf=100000 upd=5469 seed=4
step=  200000 ep_ret=-27.222 eval_ret=-38.176 pursuer_target_distance=3.660 capture=0.007 cap=0.047 td_loss=0.5440 q_tot=+4.859 tgt=+4.858 gnorm=71.75 w_min=9.31e-10 eps=0.050 buf=100000 upd=6094 seed=4
step=  220000 ep_ret=-39.031 eval_ret=-42.464 pursuer_target_distance=3.626 capture=0.005 cap=0.031 td_loss=0.7267 q_tot=+4.668 tgt=+4.667 gnorm=84.88 w_min=4.28e-08 eps=0.050 buf=100000 upd=6719 seed=4
step=  240000 ep_ret=-43.598 eval_ret=-54.317 pursuer_target_distance=3.360 capture=0.002 cap=0.027 td_loss=0.8062 q_tot=+4.315 tgt=+4.315 gnorm=91.94 w_min=4.19e-08 eps=0.050 buf=100000 upd=7344 seed=4
step=  260000 ep_ret=-40.139 eval_ret=-41.085 pursuer_target_distance=3.514 capture=0.007 cap=0.042 td_loss=0.8503 q_tot=+3.929 tgt=+3.931 gnorm=93.35 w_min=7.45e-09 eps=0.050 buf=100000 upd=7969 seed=4
step=  280000 ep_ret=-36.461 eval_ret=-40.757 pursuer_target_distance=3.311 capture=0.003 cap=0.021 td_loss=0.9460 q_tot=+3.646 tgt=+3.646 gnorm=100.19 w_min=7.45e-09 eps=0.050 buf=100000 upd=8594 seed=4
step=  300000 ep_ret=-26.107 eval_ret=-45.121 pursuer_target_distance=3.151 capture=0.002 cap=0.010 td_loss=1.0476 q_tot=+3.657 tgt=+3.655 gnorm=106.68 w_min=1.12e-08 eps=0.050 buf=100000 upd=9219 seed=4
step=  320000 ep_ret=-18.587 eval_ret=-46.948 pursuer_target_distance=3.119 capture=0.004 cap=0.027 td_loss=1.0309 q_tot=+3.801 tgt=+3.800 gnorm=105.01 w_min=3.07e-08 eps=0.050 buf=100000 upd=9844 seed=4
step=  340000 ep_ret=-37.764 eval_ret=-40.678 pursuer_target_distance=2.947 capture=0.003 cap=0.026 td_loss=1.0898 q_tot=+4.224 tgt=+4.225 gnorm=107.86 w_min=1.49e-08 eps=0.050 buf=100000 upd=10469 seed=4
step=  360000 ep_ret=-36.732 eval_ret=-44.945 pursuer_target_distance=2.931 capture=0.002 cap=0.016 td_loss=0.9989 q_tot=+4.723 tgt=+4.719 gnorm=100.87 w_min=3.03e-08 eps=0.050 buf=100000 upd=11094 seed=4
step=  380000 ep_ret=-27.386 eval_ret=-42.576 pursuer_target_distance=3.011 capture=0.004 cap=0.021 td_loss=0.9153 q_tot=+5.193 tgt=+5.192 gnorm=92.67 w_min=1.42e-07 eps=0.050 buf=100000 upd=11719 seed=4
step=  400000 ep_ret=-17.774 eval_ret=-49.362 pursuer_target_distance=3.244 capture=0.005 cap=0.045 td_loss=0.8623 q_tot=+5.258 tgt=+5.258 gnorm=82.40 w_min=5.03e-08 eps=0.050 buf=100000 upd=12344 seed=4
step=  420000 ep_ret=-34.046 eval_ret=-46.287 pursuer_target_distance=3.117 capture=0.003 cap=0.021 td_loss=0.9098 q_tot=+5.176 tgt=+5.176 gnorm=89.26 w_min=0.00e+00 eps=0.050 buf=100000 upd=12969 seed=4
step=  440000 ep_ret=-18.566 eval_ret=-54.719 pursuer_target_distance=3.234 capture=0.009 cap=0.068 td_loss=1.0193 q_tot=+4.747 tgt=+4.747 gnorm=93.39 w_min=4.47e-08 eps=0.050 buf=100000 upd=13594 seed=4
step=  460000 ep_ret=-31.852 eval_ret=-49.755 pursuer_target_distance=2.770 capture=0.003 cap=0.036 td_loss=1.1014 q_tot=+4.649 tgt=+4.651 gnorm=97.80 w_min=2.24e-08 eps=0.050 buf=100000 upd=14219 seed=4
step=  480000 ep_ret=-34.108 eval_ret=-42.594 pursuer_target_distance=3.118 capture=0.004 cap=0.054 td_loss=1.2534 q_tot=+4.909 tgt=+4.913 gnorm=107.11 w_min=1.49e-08 eps=0.050 buf=100000 upd=14844 seed=4
step=  500000 ep_ret=-26.376 eval_ret=-42.210 pursuer_target_distance=3.231 capture=0.007 cap=0.057 td_loss=1.4220 q_tot=+4.136 tgt=+4.134 gnorm=121.37 w_min=1.49e-08 eps=0.050 buf=100000 upd=15469 seed=4
step=  520000 ep_ret=-18.982 eval_ret=-65.529 pursuer_target_distance=2.946 capture=0.012 cap=0.052 td_loss=1.5708 q_tot=+4.276 tgt=+4.274 gnorm=132.36 w_min=2.24e-08 eps=0.050 buf=100000 upd=16094 seed=4
step=  540000 ep_ret=-16.940 eval_ret=+58.227 pursuer_target_distance=3.096 capture=0.012 cap=0.052 td_loss=1.5139 q_tot=+4.707 tgt=+4.709 gnorm=128.88 w_min=3.73e-09 eps=0.050 buf=100000 upd=16719 seed=4
step=  560000 ep_ret=-12.299 eval_ret=-43.136 pursuer_target_distance=2.822 capture=0.008 cap=0.049 td_loss=1.5739 q_tot=+4.897 tgt=+4.897 gnorm=135.47 w_min=7.45e-09 eps=0.050 buf=100000 upd=17344 seed=4
step=  580000 ep_ret=-26.883 eval_ret=-56.082 pursuer_target_distance=2.999 capture=0.002 cap=0.016 td_loss=1.7286 q_tot=+5.535 tgt=+5.541 gnorm=151.15 w_min=1.12e-08 eps=0.050 buf=100000 upd=17969 seed=4
step=  600000 ep_ret=-31.823 eval_ret=-61.427 pursuer_target_distance=3.123 capture=0.005 cap=0.036 td_loss=1.5888 q_tot=+5.976 tgt=+5.979 gnorm=141.76 w_min=1.86e-08 eps=0.050 buf=100000 upd=18594 seed=4
step=  620000 ep_ret=-26.308 eval_ret=-58.045 pursuer_target_distance=3.167 capture=0.006 cap=0.026 td_loss=1.6257 q_tot=+6.484 tgt=+6.488 gnorm=142.60 w_min=2.24e-08 eps=0.050 buf=100000 upd=19219 seed=4
step=  640000 ep_ret=-32.630 eval_ret=-40.863 pursuer_target_distance=3.296 capture=0.009 cap=0.045 td_loss=1.7881 q_tot=+6.375 tgt=+6.380 gnorm=160.32 w_min=7.45e-08 eps=0.050 buf=100000 upd=19844 seed=4
step=  660000 ep_ret=-26.178 eval_ret=-98.613 pursuer_target_distance=3.306 capture=0.010 cap=0.073 td_loss=1.5663 q_tot=+6.338 tgt=+6.338 gnorm=141.77 w_min=7.45e-08 eps=0.050 buf=100000 upd=20469 seed=4
step=  680000 ep_ret=-21.960 eval_ret=-47.045 pursuer_target_distance=3.262 capture=0.003 cap=0.042 td_loss=1.5653 q_tot=+6.053 tgt=+6.055 gnorm=143.69 w_min=2.14e-07 eps=0.050 buf=100000 upd=21094 seed=4
step=  700000 ep_ret=-15.321 eval_ret=-42.888 pursuer_target_distance=3.235 capture=0.008 cap=0.042 td_loss=1.9288 q_tot=+6.465 tgt=+6.463 gnorm=171.30 w_min=5.96e-08 eps=0.050 buf=100000 upd=21719 seed=4
step=  720000 ep_ret=-25.686 eval_ret=-45.936 pursuer_target_distance=2.931 capture=0.009 cap=0.054 td_loss=2.0841 q_tot=+5.879 tgt=+5.879 gnorm=183.55 w_min=1.49e-08 eps=0.050 buf=100000 upd=22344 seed=4
step=  740000 ep_ret=-31.734 eval_ret=-52.327 pursuer_target_distance=3.265 capture=0.005 cap=0.062 td_loss=2.3303 q_tot=+5.414 tgt=+5.419 gnorm=195.78 w_min=1.86e-08 eps=0.050 buf=100000 upd=22969 seed=4
step=  760000 ep_ret=-16.120 eval_ret=-51.384 pursuer_target_distance=2.888 capture=0.009 cap=0.078 td_loss=2.1046 q_tot=+5.896 tgt=+5.896 gnorm=183.09 w_min=5.59e-09 eps=0.050 buf=100000 upd=23594 seed=4
step=  780000 ep_ret=-36.360 eval_ret=-60.337 pursuer_target_distance=3.076 capture=0.007 cap=0.052 td_loss=2.2089 q_tot=+6.317 tgt=+6.317 gnorm=185.20 w_min=4.47e-08 eps=0.050 buf=100000 upd=24219 seed=4
step=  800000 ep_ret=-37.710 eval_ret=-56.141 pursuer_target_distance=3.055 capture=0.008 cap=0.054 td_loss=2.1780 q_tot=+6.328 tgt=+6.332 gnorm=180.49 w_min=2.24e-08 eps=0.050 buf=100000 upd=24844 seed=4
step=  820000 ep_ret=-25.527 eval_ret=-67.306 pursuer_target_distance=3.208 capture=0.003 cap=0.052 td_loss=2.3641 q_tot=+6.618 tgt=+6.618 gnorm=200.87 w_min=1.49e-08 eps=0.050 buf=100000 upd=25469 seed=4
step=  840000 ep_ret=-39.912 eval_ret=-47.120 pursuer_target_distance=3.207 capture=0.004 cap=0.062 td_loss=2.4986 q_tot=+7.788 tgt=+7.792 gnorm=202.06 w_min=0.00e+00 eps=0.050 buf=100000 upd=26094 seed=4
step=  860000 ep_ret=-22.428 eval_ret=-27.945 pursuer_target_distance=2.964 capture=0.009 cap=0.089 td_loss=2.3458 q_tot=+8.637 tgt=+8.639 gnorm=201.77 w_min=5.22e-08 eps=0.050 buf=100000 upd=26719 seed=4
step=  880000 ep_ret=-44.097 eval_ret=-48.335 pursuer_target_distance=3.351 capture=0.008 cap=0.058 td_loss=2.2527 q_tot=+9.659 tgt=+9.662 gnorm=201.64 w_min=5.96e-08 eps=0.050 buf=100000 upd=27344 seed=4
step=  900000 ep_ret=-32.113 eval_ret=-51.864 pursuer_target_distance=3.591 capture=0.007 cap=0.057 td_loss=2.3219 q_tot=+9.725 tgt=+9.723 gnorm=204.09 w_min=1.34e-07 eps=0.050 buf=100000 upd=27969 seed=4
step=  920000 ep_ret=-30.339 eval_ret=-41.467 pursuer_target_distance=3.348 capture=0.006 cap=0.047 td_loss=2.3455 q_tot=+9.807 tgt=+9.815 gnorm=207.93 w_min=5.96e-08 eps=0.050 buf=100000 upd=28594 seed=4
step=  940000 ep_ret=-25.960 eval_ret=-56.830 pursuer_target_distance=2.936 capture=0.009 cap=0.078 td_loss=2.3293 q_tot=+10.137 tgt=+10.132 gnorm=212.02 w_min=4.47e-08 eps=0.050 buf=100000 upd=29219 seed=4
step=  960000 ep_ret=-42.549 eval_ret=-52.940 pursuer_target_distance=3.214 capture=0.011 cap=0.062 td_loss=2.5949 q_tot=+10.653 tgt=+10.652 gnorm=230.00 w_min=3.73e-08 eps=0.050 buf=100000 upd=29844 seed=4
step=  980000 ep_ret=-22.220 eval_ret=-43.973 pursuer_target_distance=3.066 capture=0.011 cap=0.078 td_loss=2.7263 q_tot=+10.308 tgt=+10.309 gnorm=244.71 w_min=5.96e-08 eps=0.050 buf=100000 upd=30469 seed=4
step= 1000000 ep_ret=-33.111 eval_ret=-49.079 pursuer_target_distance=3.215 capture=0.006 cap=0.047 td_loss=3.1564 q_tot=+11.312 tgt=+11.313 gnorm=276.38 w_min=1.86e-08 eps=0.050 buf=100000 upd=31094 seed=4
step= 1020000 ep_ret=-22.961 eval_ret=-53.655 pursuer_target_distance=3.343 capture=0.011 cap=0.083 td_loss=2.9084 q_tot=+12.063 tgt=+12.062 gnorm=255.45 w_min=1.20e-08 eps=0.050 buf=100000 upd=31719 seed=4
step= 1040000 ep_ret=-32.585 eval_ret=-55.320 pursuer_target_distance=3.080 capture=0.009 cap=0.076 td_loss=2.9370 q_tot=+12.542 tgt=+12.536 gnorm=262.11 w_min=5.22e-08 eps=0.050 buf=100000 upd=32344 seed=4
step= 1060000 ep_ret=-39.867 eval_ret=-52.792 pursuer_target_distance=3.164 capture=0.007 cap=0.062 td_loss=2.9877 q_tot=+13.476 tgt=+13.482 gnorm=254.43 w_min=5.40e-08 eps=0.050 buf=100000 upd=32969 seed=4
step= 1080000 ep_ret=-33.211 eval_ret=-54.432 pursuer_target_distance=3.142 capture=0.008 cap=0.062 td_loss=3.0031 q_tot=+13.551 tgt=+13.548 gnorm=255.44 w_min=4.47e-08 eps=0.050 buf=100000 upd=33594 seed=4
step= 1100000 ep_ret=-38.425 eval_ret=-58.997 pursuer_target_distance=3.342 capture=0.007 cap=0.073 td_loss=2.8865 q_tot=+13.745 tgt=+13.741 gnorm=263.15 w_min=0.00e+00 eps=0.050 buf=100000 upd=34219 seed=4
step= 1120000 ep_ret=-29.867 eval_ret=-47.105 pursuer_target_distance=2.950 capture=0.017 cap=0.103 td_loss=3.3069 q_tot=+14.366 tgt=+14.376 gnorm=296.74 w_min=5.96e-08 eps=0.050 buf=100000 upd=34844 seed=4
step= 1140000 ep_ret=-19.698 eval_ret=-42.425 pursuer_target_distance=3.183 capture=0.014 cap=0.104 td_loss=3.4694 q_tot=+16.502 tgt=+16.506 gnorm=307.05 w_min=3.73e-08 eps=0.050 buf=100000 upd=35469 seed=4
step= 1160000 ep_ret=-28.857 eval_ret=-48.150 pursuer_target_distance=2.924 capture=0.013 cap=0.083 td_loss=3.6683 q_tot=+17.646 tgt=+17.650 gnorm=323.45 w_min=1.49e-08 eps=0.050 buf=100000 upd=36094 seed=4
step= 1180000 ep_ret=-30.114 eval_ret=-49.221 pursuer_target_distance=3.337 capture=0.011 cap=0.068 td_loss=3.6686 q_tot=+18.257 tgt=+18.264 gnorm=337.36 w_min=6.15e-08 eps=0.050 buf=100000 upd=36719 seed=4
step= 1200000 ep_ret=-28.272 eval_ret=-55.920 pursuer_target_distance=3.174 capture=0.010 cap=0.094 td_loss=3.8225 q_tot=+19.073 tgt=+19.078 gnorm=343.94 w_min=1.04e-07 eps=0.050 buf=100000 upd=37344 seed=4
step= 1220000 ep_ret=-20.115 eval_ret=-46.385 pursuer_target_distance=3.313 capture=0.009 cap=0.083 td_loss=4.0377 q_tot=+19.136 tgt=+19.138 gnorm=362.74 w_min=0.00e+00 eps=0.050 buf=100000 upd=37969 seed=4
step= 1240000 ep_ret=-14.327 eval_ret=-49.730 pursuer_target_distance=3.086 capture=0.012 cap=0.073 td_loss=4.1386 q_tot=+19.191 tgt=+19.193 gnorm=380.95 w_min=0.00e+00 eps=0.050 buf=100000 upd=38594 seed=4
step= 1260000 ep_ret=-52.790 eval_ret=-60.729 pursuer_target_distance=2.943 capture=0.009 cap=0.099 td_loss=4.0478 q_tot=+19.147 tgt=+19.157 gnorm=369.64 w_min=0.00e+00 eps=0.050 buf=100000 upd=39219 seed=4
step= 1280000 ep_ret=-21.085 eval_ret=-46.430 pursuer_target_distance=2.939 capture=0.013 cap=0.116 td_loss=4.1649 q_tot=+19.404 tgt=+19.413 gnorm=380.16 w_min=8.20e-08 eps=0.050 buf=100000 upd=39844 seed=4
step= 1300000 ep_ret=-30.243 eval_ret=-45.281 pursuer_target_distance=3.064 capture=0.013 cap=0.099 td_loss=4.2594 q_tot=+21.506 tgt=+21.506 gnorm=390.25 w_min=1.19e-07 eps=0.050 buf=100000 upd=40469 seed=4
step= 1320000 ep_ret=-33.211 eval_ret=-56.587 pursuer_target_distance=2.917 capture=0.010 cap=0.083 td_loss=4.4175 q_tot=+24.399 tgt=+24.402 gnorm=393.54 w_min=4.47e-08 eps=0.050 buf=100000 upd=41094 seed=4
step= 1340000 ep_ret=-35.707 eval_ret=-50.420 pursuer_target_distance=3.069 capture=0.016 cap=0.120 td_loss=4.4380 q_tot=+26.472 tgt=+26.478 gnorm=387.69 w_min=7.45e-09 eps=0.050 buf=100000 upd=41719 seed=4
step= 1360000 ep_ret=-2.791 eval_ret=-46.516 pursuer_target_distance=2.740 capture=0.018 cap=0.129 td_loss=4.4528 q_tot=+28.080 tgt=+28.078 gnorm=396.98 w_min=7.45e-09 eps=0.050 buf=100000 upd=42344 seed=4
step= 1380000 ep_ret=-22.751 eval_ret=-67.027 pursuer_target_distance=2.763 capture=0.017 cap=0.125 td_loss=4.7403 q_tot=+29.019 tgt=+29.022 gnorm=439.60 w_min=2.98e-08 eps=0.050 buf=100000 upd=42969 seed=4
step= 1400000 ep_ret=-22.684 eval_ret=-50.237 pursuer_target_distance=3.061 capture=0.021 cap=0.135 td_loss=5.1891 q_tot=+31.975 tgt=+31.977 gnorm=507.32 w_min=1.49e-08 eps=0.050 buf=100000 upd=43594 seed=4
step= 1420000 ep_ret=-4.999 eval_ret=-61.177 pursuer_target_distance=3.330 capture=0.020 cap=0.125 td_loss=5.8533 q_tot=+33.792 tgt=+33.799 gnorm=557.33 w_min=2.98e-08 eps=0.050 buf=100000 upd=44219 seed=4
step= 1440000 ep_ret=-25.249 eval_ret=-51.649 pursuer_target_distance=3.159 capture=0.014 cap=0.129 td_loss=6.0520 q_tot=+35.300 tgt=+35.298 gnorm=592.59 w_min=1.34e-07 eps=0.050 buf=100000 upd=44844 seed=4
step= 1460000 ep_ret=-8.739 eval_ret=-10.382 pursuer_target_distance=3.378 capture=0.020 cap=0.156 td_loss=6.4718 q_tot=+36.045 tgt=+36.046 gnorm=568.20 w_min=4.47e-08 eps=0.050 buf=100000 upd=45469 seed=4
step= 1480000 ep_ret=-32.969 eval_ret=-63.499 pursuer_target_distance=3.054 capture=0.016 cap=0.120 td_loss=6.4548 q_tot=+36.758 tgt=+36.768 gnorm=599.28 w_min=1.12e-08 eps=0.050 buf=100000 upd=46094 seed=4
step= 1500000 ep_ret=-26.052 eval_ret=-56.462 pursuer_target_distance=3.157 capture=0.020 cap=0.141 td_loss=6.1505 q_tot=+37.144 tgt=+37.146 gnorm=559.56 w_min=3.73e-08 eps=0.050 buf=100000 upd=46719 seed=4
step= 1520000 ep_ret=-46.203 eval_ret=-43.068 pursuer_target_distance=2.945 capture=0.016 cap=0.161 td_loss=6.3753 q_tot=+39.558 tgt=+39.567 gnorm=583.35 w_min=0.00e+00 eps=0.050 buf=100000 upd=47344 seed=4
step= 1540000 ep_ret=-18.874 eval_ret=-48.799 pursuer_target_distance=3.305 capture=0.014 cap=0.109 td_loss=6.5866 q_tot=+42.134 tgt=+42.137 gnorm=663.28 w_min=1.12e-07 eps=0.050 buf=100000 upd=47969 seed=4
step= 1560000 ep_ret=-6.474 eval_ret=-49.728 pursuer_target_distance=3.085 capture=0.022 cap=0.188 td_loss=6.9458 q_tot=+45.473 tgt=+45.484 gnorm=686.03 w_min=0.00e+00 eps=0.050 buf=100000 upd=48594 seed=4
step= 1580000 ep_ret=-22.677 eval_ret=-50.464 pursuer_target_distance=2.963 capture=0.019 cap=0.130 td_loss=7.0717 q_tot=+48.781 tgt=+48.791 gnorm=712.03 w_min=2.98e-08 eps=0.050 buf=100000 upd=49219 seed=4
step= 1600000 ep_ret=-31.366 eval_ret=-47.350 pursuer_target_distance=3.022 capture=0.013 cap=0.134 td_loss=7.1068 q_tot=+51.044 tgt=+51.058 gnorm=684.03 w_min=5.96e-08 eps=0.050 buf=100000 upd=49844 seed=4
step= 1620000 ep_ret=+4.679 eval_ret=-48.186 pursuer_target_distance=3.114 capture=0.020 cap=0.146 td_loss=7.1199 q_tot=+52.695 tgt=+52.694 gnorm=712.38 w_min=2.98e-08 eps=0.050 buf=100000 upd=50469 seed=4
step= 1640000 ep_ret=-15.769 eval_ret=-53.442 pursuer_target_distance=3.055 capture=0.030 cap=0.245 td_loss=8.0422 q_tot=+56.603 tgt=+56.608 gnorm=752.67 w_min=2.98e-08 eps=0.050 buf=100000 upd=51094 seed=4
step= 1660000 ep_ret=-17.497 eval_ret=-58.855 pursuer_target_distance=2.879 capture=0.025 cap=0.203 td_loss=8.2587 q_tot=+58.644 tgt=+58.639 gnorm=794.81 w_min=2.98e-08 eps=0.050 buf=100000 upd=51719 seed=4
step= 1680000 ep_ret=+4.588 eval_ret=-58.820 pursuer_target_distance=2.949 capture=0.020 cap=0.183 td_loss=9.2499 q_tot=+61.188 tgt=+61.187 gnorm=935.79 w_min=2.61e-08 eps=0.050 buf=100000 upd=52344 seed=4
step= 1700000 ep_ret=-20.215 eval_ret=-48.542 pursuer_target_distance=3.004 capture=0.032 cap=0.234 td_loss=9.7865 q_tot=+63.798 tgt=+63.800 gnorm=946.98 w_min=1.19e-07 eps=0.050 buf=100000 upd=52969 seed=4
step= 1720000 ep_ret=-21.491 eval_ret=-54.858 pursuer_target_distance=3.040 capture=0.023 cap=0.167 td_loss=10.5590 q_tot=+65.513 tgt=+65.516 gnorm=1011.13 w_min=0.00e+00 eps=0.050 buf=100000 upd=53594 seed=4
step= 1740000 ep_ret=-31.750 eval_ret=-49.812 pursuer_target_distance=3.122 capture=0.029 cap=0.219 td_loss=9.8633 q_tot=+67.403 tgt=+67.416 gnorm=960.26 w_min=0.00e+00 eps=0.050 buf=100000 upd=54219 seed=4
step= 1760000 ep_ret=-23.315 eval_ret=-48.669 pursuer_target_distance=2.999 capture=0.031 cap=0.232 td_loss=9.4237 q_tot=+68.853 tgt=+68.859 gnorm=896.62 w_min=2.98e-08 eps=0.050 buf=100000 upd=54844 seed=4
step= 1780000 ep_ret=-7.482 eval_ret=-42.922 pursuer_target_distance=2.842 capture=0.018 cap=0.208 td_loss=9.1338 q_tot=+69.890 tgt=+69.899 gnorm=909.16 w_min=0.00e+00 eps=0.050 buf=100000 upd=55469 seed=4
step= 1800000 ep_ret=-29.225 eval_ret=-50.045 pursuer_target_distance=2.962 capture=0.034 cap=0.292 td_loss=9.8497 q_tot=+72.074 tgt=+72.105 gnorm=955.41 w_min=1.34e-07 eps=0.050 buf=100000 upd=56094 seed=4
step= 1820000 ep_ret=-2.289 eval_ret=-45.554 pursuer_target_distance=2.896 capture=0.029 cap=0.250 td_loss=10.3381 q_tot=+77.175 tgt=+77.174 gnorm=1044.45 w_min=5.96e-08 eps=0.050 buf=100000 upd=56719 seed=4
step= 1840000 ep_ret=-6.343 eval_ret=-53.175 pursuer_target_distance=2.923 capture=0.035 cap=0.246 td_loss=11.3716 q_tot=+81.156 tgt=+81.160 gnorm=1105.77 w_min=7.45e-08 eps=0.050 buf=100000 upd=57344 seed=4
step= 1860000 ep_ret=+0.709 eval_ret=-52.444 pursuer_target_distance=3.201 capture=0.034 cap=0.292 td_loss=11.4123 q_tot=+83.689 tgt=+83.696 gnorm=1111.05 w_min=2.98e-08 eps=0.050 buf=100000 upd=57969 seed=4
step= 1880000 ep_ret=+12.434 eval_ret=-52.697 pursuer_target_distance=2.870 capture=0.032 cap=0.240 td_loss=12.1454 q_tot=+86.016 tgt=+86.012 gnorm=1202.50 w_min=1.49e-08 eps=0.050 buf=100000 upd=58594 seed=4
step= 1900000 ep_ret=-7.970 eval_ret=+17.462 pursuer_target_distance=2.999 capture=0.038 cap=0.292 td_loss=12.9192 q_tot=+92.113 tgt=+92.130 gnorm=1216.71 w_min=0.00e+00 eps=0.050 buf=100000 upd=59219 seed=4
step= 1920000 ep_ret=+21.155 eval_ret=-37.092 pursuer_target_distance=2.988 capture=0.049 cap=0.353 td_loss=13.3615 q_tot=+95.502 tgt=+95.523 gnorm=1326.16 w_min=2.24e-08 eps=0.050 buf=100000 upd=59844 seed=4
step= 1940000 ep_ret=+6.344 eval_ret=-54.758 pursuer_target_distance=3.035 capture=0.035 cap=0.229 td_loss=13.4030 q_tot=+99.740 tgt=+99.745 gnorm=1306.64 w_min=0.00e+00 eps=0.050 buf=100000 upd=60469 seed=4
step= 1960000 ep_ret=+13.336 eval_ret=-60.694 pursuer_target_distance=2.833 capture=0.034 cap=0.260 td_loss=13.5649 q_tot=+103.801 tgt=+103.833 gnorm=1395.15 w_min=5.96e-08 eps=0.050 buf=100000 upd=61094 seed=4
step= 1980000 ep_ret=-9.086 eval_ret=-77.727 pursuer_target_distance=2.954 capture=0.037 cap=0.250 td_loss=13.8242 q_tot=+106.873 tgt=+106.891 gnorm=1382.77 w_min=4.47e-08 eps=0.050 buf=100000 upd=61719 seed=4
step= 2000000 ep_ret=-14.085 eval_ret=-63.729 pursuer_target_distance=2.762 capture=0.046 cap=0.295 td_loss=13.6209 q_tot=+106.253 tgt=+106.273 gnorm=1471.09 w_min=2.98e-08 eps=0.050 buf=100000 upd=62344 seed=4
[train] Final checkpoint saved to runs/qmix_pcp_full_20260627_165504/graph/seed4/ckpt/final.pt
[train] Run artifacts in runs/qmix_pcp_full_20260627_165504/graph/seed4
=== done Sat Jun 27 17:30:30 EDT 2026 ===
