=== Job info ===
Job      : 633863  array=2
Node     : evc3
Submit   : /lustre/fs1/home/ak565492/gnn_experiments
Repo     : /lustre/fs1/home/ak565492/gnn_experiments
Git rev  : cb57e74
Python   : /home/ak565492/expenv/bin/python
Python 3.11.4
CUDA_VIS : 0
Threads  : OMP=4 MKL=4 OPENBLAS=1
Seed     : 2
Start    : Wed Jun  3 15:34:24 EDT 2026
================
Wed Jun  3 15:34:24 2026       
+-----------------------------------------------------------------------------------------+
| NVIDIA-SMI 580.105.08             Driver Version: 580.105.08     CUDA Version: 13.0     |
+-----------------------------------------+------------------------+----------------------+
| GPU  Name                 Persistence-M | Bus-Id          Disp.A | Volatile Uncorr. ECC |
| Fan  Temp   Perf          Pwr:Usage/Cap |           Memory-Usage | GPU-Util  Compute M. |
|                                         |                        |               MIG M. |
|=========================================+========================+======================|
|   0  Tesla V100-PCIE-16GB           Off |   00000000:D8:00.0 Off |                    0 |
| N/A   26C    P0             25W /  250W |       5MiB /  16384MiB |      0%      Default |
|                                         |                        |                  N/A |
+-----------------------------------------+------------------------+----------------------+

+-----------------------------------------------------------------------------------------+
| Processes:                                                                              |
|  GPU   GI   CI              PID   Type   Process name                        GPU Memory |
|        ID   ID                                                               Usage      |
|=========================================================================================|
|    0   N/A  N/A         2962150      G   /usr/libexec/Xorg                         4MiB |
+-----------------------------------------------------------------------------------------+
