=============================
Job ID:       599217
Array Task:   1
Node:         evc10
GPU:          0
Start time:   Tue Apr 28 15:19:11 EDT 2026
=============================
Running: PP GNN K=2 r=1.5 --discrete
Using device: cuda
GPU: Tesla V100-PCIE-16GB
Env: PP | 2S + 1I | world=5.0 | max_steps=80

=== GNN-MAPPO | K=2, r_comm=1.5 (PP) | device=cuda ===
[GNN K2_r1.5] iter=1 steps=256/384000 | pi=-0.0004 v=14.4307 ent=1.6050 ret=-129.412 exp_var=0.006
[GNN K2_r1.5] iter=20 steps=5120/384000 | pi=-0.0007 v=6.8961 ent=1.5563 ret=-163.697 exp_var=0.041
[GNN K2_r1.5] iter=40 steps=10240/384000 | pi=-0.0014 v=6.8481 ent=1.5875 ret=-136.782 exp_var=0.073
[GNN K2_r1.5] iter=60 steps=15360/384000 | pi=-0.0004 v=5.4147 ent=1.5362 ret=-157.318 exp_var=0.439
[GNN K2_r1.5] iter=80 steps=20480/384000 | pi=-0.0008 v=6.4182 ent=1.5441 ret=-135.632 exp_var=0.047
[GNN K2_r1.5] iter=100 steps=25600/384000 | pi=-0.0008 v=6.4321 ent=1.5222 ret=-135.702 exp_var=0.005
[GNN K2_r1.5] iter=120 steps=30720/384000 | pi=-0.0007 v=6.7890 ent=1.4475 ret=-140.042 exp_var=0.023
[GNN K2_r1.5] iter=140 steps=35840/384000 | pi=-0.0008 v=6.3320 ent=1.3907 ret=-136.783 exp_var=0.073
[GNN K2_r1.5] iter=160 steps=40960/384000 | pi=-0.0011 v=6.3631 ent=1.4488 ret=-136.246 exp_var=0.037
[GNN K2_r1.5] iter=180 steps=46080/384000 | pi=-0.0012 v=6.3709 ent=1.4680 ret=-135.828 exp_var=0.075
[GNN K2_r1.5] iter=200 steps=51200/384000 | pi=-0.0009 v=6.3425 ent=1.4909 ret=-136.476 exp_var=0.094
[GNN K2_r1.5] iter=220 steps=56320/384000 | pi=-0.0008 v=6.3912 ent=1.4162 ret=-135.802 exp_var=0.047
[GNN K2_r1.5] iter=240 steps=61440/384000 | pi=-0.0010 v=6.3069 ent=1.4903 ret=-136.593 exp_var=0.099
[GNN K2_r1.5] iter=260 steps=66560/384000 | pi=-0.0010 v=6.3421 ent=1.3360 ret=-136.449 exp_var=0.101
[GNN K2_r1.5] iter=280 steps=71680/384000 | pi=-0.0007 v=6.4267 ent=1.3821 ret=-137.117 exp_var=0.204
[GNN K2_r1.5] iter=300 steps=76800/384000 | pi=-0.0005 v=6.3624 ent=1.4134 ret=-136.314 exp_var=0.202
[GNN K2_r1.5] iter=320 steps=81920/384000 | pi=-0.0008 v=6.3852 ent=1.3248 ret=-135.923 exp_var=0.045
[GNN K2_r1.5] iter=340 steps=87040/384000 | pi=-0.0012 v=6.3940 ent=1.3723 ret=-136.204 exp_var=0.042
[GNN K2_r1.5] iter=360 steps=92160/384000 | pi=-0.0010 v=6.3145 ent=1.4538 ret=-136.659 exp_var=0.226
[GNN K2_r1.5] iter=380 steps=97280/384000 | pi=-0.0010 v=6.3748 ent=1.4313 ret=-136.045 exp_var=0.177
[GNN K2_r1.5] iter=400 steps=102400/384000 | pi=-0.0011 v=6.4761 ent=1.3756 ret=-136.152 exp_var=0.127
[GNN K2_r1.5] iter=420 steps=107520/384000 | pi=-0.0011 v=6.3771 ent=1.3909 ret=-135.885 exp_var=0.045
[GNN K2_r1.5] iter=440 steps=112640/384000 | pi=-0.0012 v=6.5749 ent=1.3889 ret=-135.103 exp_var=0.064
[GNN K2_r1.5] iter=460 steps=117760/384000 | pi=-0.0008 v=6.8466 ent=1.3910 ret=-136.240 exp_var=0.023
[GNN K2_r1.5] iter=480 steps=122880/384000 | pi=-0.0009 v=6.8600 ent=1.4298 ret=-136.640 exp_var=0.032
[GNN K2_r1.5] iter=500 steps=128000/384000 | pi=-0.0009 v=6.8472 ent=1.4516 ret=-136.157 exp_var=0.036
[GNN K2_r1.5] iter=520 steps=133120/384000 | pi=-0.0012 v=6.8715 ent=1.4526 ret=-136.508 exp_var=0.035
[GNN K2_r1.5] iter=540 steps=138240/384000 | pi=-0.0011 v=6.8563 ent=1.4200 ret=-136.317 exp_var=0.041
[GNN K2_r1.5] iter=560 steps=143360/384000 | pi=-0.0013 v=6.7972 ent=1.3862 ret=-135.811 exp_var=0.042
[GNN K2_r1.5] iter=580 steps=148480/384000 | pi=-0.0011 v=6.6100 ent=1.3553 ret=-137.166 exp_var=0.542
[GNN K2_r1.5] iter=600 steps=153600/384000 | pi=-0.0016 v=6.7105 ent=1.4273 ret=-135.243 exp_var=0.062
[GNN K2_r1.5] iter=620 steps=158720/384000 | pi=-0.0016 v=6.7800 ent=1.3883 ret=-135.693 exp_var=0.057
[GNN K2_r1.5] iter=640 steps=163840/384000 | pi=-0.0012 v=6.6229 ent=1.3371 ret=-135.154 exp_var=0.031
[GNN K2_r1.5] iter=660 steps=168960/384000 | pi=-0.0010 v=6.4785 ent=1.1752 ret=-136.828 exp_var=0.095
[GNN K2_r1.5] iter=680 steps=174080/384000 | pi=-0.0009 v=6.4942 ent=1.0657 ret=-139.918 exp_var=0.459
[GNN K2_r1.5] iter=700 steps=179200/384000 | pi=-0.0009 v=6.3729 ent=1.1268 ret=-140.359 exp_var=0.500
[GNN K2_r1.5] iter=720 steps=184320/384000 | pi=-0.0006 v=6.4338 ent=1.0886 ret=-140.571 exp_var=0.493
[GNN K2_r1.5] iter=740 steps=189440/384000 | pi=-0.0010 v=6.4558 ent=1.1354 ret=-140.128 exp_var=0.576
[GNN K2_r1.5] iter=760 steps=194560/384000 | pi=-0.0008 v=6.2668 ent=1.2098 ret=-139.572 exp_var=0.738
[GNN K2_r1.5] iter=780 steps=199680/384000 | pi=-0.0016 v=6.2184 ent=1.3011 ret=-139.110 exp_var=0.759
[GNN K2_r1.5] iter=800 steps=204800/384000 | pi=-0.0010 v=6.6152 ent=1.3442 ret=-134.428 exp_var=0.023
[GNN K2_r1.5] iter=820 steps=209920/384000 | pi=-0.0013 v=6.5973 ent=1.3398 ret=-134.411 exp_var=0.032
[GNN K2_r1.5] iter=840 steps=215040/384000 | pi=-0.0013 v=6.6060 ent=1.3271 ret=-134.536 exp_var=0.039
[GNN K2_r1.5] iter=860 steps=220160/384000 | pi=-0.0013 v=6.6227 ent=1.3210 ret=-134.474 exp_var=0.036
[GNN K2_r1.5] iter=880 steps=225280/384000 | pi=-0.0015 v=6.6614 ent=1.3346 ret=-134.646 exp_var=0.050
[GNN K2_r1.5] iter=900 steps=230400/384000 | pi=-0.0012 v=6.6038 ent=1.3197 ret=-134.509 exp_var=0.052
[GNN K2_r1.5] iter=920 steps=235520/384000 | pi=-0.0006 v=6.4158 ent=1.1426 ret=-135.216 exp_var=0.070
[GNN K2_r1.5] iter=940 steps=240640/384000 | pi=-0.0010 v=6.3939 ent=1.2840 ret=-135.598 exp_var=0.059
[GNN K2_r1.5] iter=960 steps=245760/384000 | pi=-0.0008 v=6.4544 ent=1.3216 ret=-135.462 exp_var=0.071
[GNN K2_r1.5] iter=980 steps=250880/384000 | pi=-0.0009 v=6.4465 ent=1.3298 ret=-134.850 exp_var=0.068
[GNN K2_r1.5] iter=1000 steps=256000/384000 | pi=-0.0010 v=6.4383 ent=1.3915 ret=-135.534 exp_var=0.046
[GNN K2_r1.5] iter=1020 steps=261120/384000 | pi=-0.0012 v=6.4603 ent=1.4370 ret=-135.291 exp_var=0.083
[GNN K2_r1.5] iter=1040 steps=266240/384000 | pi=-0.0008 v=6.4846 ent=1.4225 ret=-134.886 exp_var=0.071
[GNN K2_r1.5] iter=1060 steps=271360/384000 | pi=-0.0009 v=6.5050 ent=1.3668 ret=-134.497 exp_var=0.068
[GNN K2_r1.5] iter=1080 steps=276480/384000 | pi=-0.0012 v=6.5050 ent=1.3663 ret=-134.468 exp_var=0.079
[GNN K2_r1.5] iter=1100 steps=281600/384000 | pi=-0.0012 v=6.5241 ent=1.3996 ret=-134.411 exp_var=0.064
[GNN K2_r1.5] iter=1120 steps=286720/384000 | pi=-0.0010 v=6.5016 ent=1.3810 ret=-134.405 exp_var=0.064
[GNN K2_r1.5] iter=1140 steps=291840/384000 | pi=-0.0011 v=6.5291 ent=1.3725 ret=-134.388 exp_var=0.070
[GNN K2_r1.5] iter=1160 steps=296960/384000 | pi=-0.0013 v=6.5180 ent=1.3686 ret=-134.338 exp_var=0.070
[GNN K2_r1.5] iter=1180 steps=302080/384000 | pi=-0.0010 v=6.5192 ent=1.3958 ret=-134.363 exp_var=0.075
[GNN K2_r1.5] iter=1200 steps=307200/384000 | pi=-0.0012 v=6.5284 ent=1.3618 ret=-134.326 exp_var=0.064
[GNN K2_r1.5] iter=1220 steps=312320/384000 | pi=-0.0012 v=6.5231 ent=1.3915 ret=-134.329 exp_var=0.066
[GNN K2_r1.5] iter=1240 steps=317440/384000 | pi=-0.0011 v=6.5167 ent=1.4099 ret=-134.312 exp_var=0.069
[GNN K2_r1.5] iter=1260 steps=322560/384000 | pi=-0.0012 v=6.5194 ent=1.3865 ret=-134.333 exp_var=0.072
[GNN K2_r1.5] iter=1280 steps=327680/384000 | pi=-0.0011 v=6.5222 ent=1.4031 ret=-134.284 exp_var=0.063
[GNN K2_r1.5] iter=1300 steps=332800/384000 | pi=-0.0011 v=6.5397 ent=1.3521 ret=-134.271 exp_var=0.066
[GNN K2_r1.5] iter=1320 steps=337920/384000 | pi=-0.0012 v=6.5395 ent=1.3410 ret=-134.272 exp_var=0.066
[GNN K2_r1.5] iter=1340 steps=343040/384000 | pi=-0.0009 v=6.5291 ent=1.3250 ret=-134.299 exp_var=0.059
[GNN K2_r1.5] iter=1360 steps=348160/384000 | pi=-0.0008 v=6.5339 ent=1.3712 ret=-134.275 exp_var=0.066
[GNN K2_r1.5] iter=1380 steps=353280/384000 | pi=-0.0009 v=6.5266 ent=1.3704 ret=-134.290 exp_var=0.064
[GNN K2_r1.5] iter=1400 steps=358400/384000 | pi=-0.0007 v=6.5409 ent=1.3785 ret=-134.290 exp_var=0.065
[GNN K2_r1.5] iter=1420 steps=363520/384000 | pi=-0.0006 v=6.5470 ent=1.3921 ret=-134.301 exp_var=0.063
[GNN K2_r1.5] iter=1440 steps=368640/384000 | pi=-0.0005 v=6.5455 ent=1.3787 ret=-134.313 exp_var=0.062
[GNN K2_r1.5] iter=1460 steps=373760/384000 | pi=-0.0005 v=6.5562 ent=1.4071 ret=-134.332 exp_var=0.065
[GNN K2_r1.5] iter=1480 steps=378880/384000 | pi=-0.0007 v=6.5572 ent=1.3557 ret=-134.361 exp_var=0.058
[GNN K2_r1.5] iter=1500 steps=384000/384000 | pi=-0.0005 v=6.5770 ent=1.3720 ret=-134.409 exp_var=0.058
Saved plot: /home/ak565492/gnn_experiments/outputs/discrete/pp_gnn_K2_r1.5.png
Saved checkpoint: /home/ak565492/gnn_experiments/outputs/discrete/pp_gnn_K2_r1.5_final.pt

[GNN K2_r1.5] Final return: -134.409
=============================
End time: Tue Apr 28 18:17:09 EDT 2026
=============================
