=============================
Job ID:       599238
Array Task:   18
Node:         evc31
GPU:          0
Start time:   Tue Apr 28 15:24:40 EDT 2026
=============================
Running: GC GNN K=3 r=1.5 --discrete
Using device: cuda
GPU: NVIDIA H100 PCIe
Env: Guided Coverage | 2S + 2I -> 3 zones | world=3.0

=== GNN-MAPPO | K=3, r_comm=1.5 (Guided Coverage) | device=cuda ===
[GNN K3_r1.5] iter=1/1000 steps=265 | pi=-0.0008 v=560.6674 ent=1.6067 ret=-876.499 exp_var=0.003
[GNN K3_r1.5] iter=20/1000 steps=5300 | pi=-0.0012 v=90.2631 ent=1.5184 ret=-1269.545 exp_var=0.646
[GNN K3_r1.5] iter=40/1000 steps=10600 | pi=-0.0013 v=96.8903 ent=1.4569 ret=-1324.112 exp_var=0.692
[GNN K3_r1.5] iter=60/1000 steps=15900 | pi=-0.0020 v=93.3611 ent=1.3245 ret=-1313.113 exp_var=0.850
[GNN K3_r1.5] iter=80/1000 steps=21200 | pi=-0.0013 v=88.5308 ent=1.1745 ret=-1296.106 exp_var=0.758
[GNN K3_r1.5] iter=100/1000 steps=26500 | pi=-0.0009 v=82.3601 ent=1.0713 ret=-1311.574 exp_var=0.788
[GNN K3_r1.5] iter=120/1000 steps=31800 | pi=-0.0009 v=88.7845 ent=1.0065 ret=-1312.261 exp_var=0.793
[GNN K3_r1.5] iter=140/1000 steps=37100 | pi=-0.0011 v=86.0555 ent=0.9755 ret=-1297.805 exp_var=0.805
[GNN K3_r1.5] iter=160/1000 steps=42400 | pi=-0.0011 v=96.0087 ent=0.8833 ret=-1322.382 exp_var=0.797
[GNN K3_r1.5] iter=180/1000 steps=47700 | pi=-0.0013 v=88.3074 ent=0.9614 ret=-1302.548 exp_var=0.814
[GNN K3_r1.5] iter=200/1000 steps=53000 | pi=-0.0011 v=92.0786 ent=0.8696 ret=-1301.319 exp_var=0.802
[GNN K3_r1.5] iter=220/1000 steps=58300 | pi=-0.0011 v=98.6276 ent=0.8802 ret=-1345.407 exp_var=0.886
[GNN K3_r1.5] iter=240/1000 steps=63600 | pi=-0.0010 v=91.3014 ent=0.8050 ret=-1318.041 exp_var=0.860
[GNN K3_r1.5] iter=260/1000 steps=68900 | pi=-0.0008 v=86.6744 ent=0.8229 ret=-1303.969 exp_var=0.844
[GNN K3_r1.5] iter=280/1000 steps=74200 | pi=-0.0015 v=90.3153 ent=0.8103 ret=-1301.324 exp_var=0.861
[GNN K3_r1.5] iter=300/1000 steps=79500 | pi=-0.0016 v=95.5654 ent=0.8151 ret=-1308.799 exp_var=0.877
[GNN K3_r1.5] iter=320/1000 steps=84800 | pi=-0.0015 v=87.2674 ent=0.7754 ret=-1290.184 exp_var=0.815
[GNN K3_r1.5] iter=340/1000 steps=90100 | pi=-0.0015 v=84.4715 ent=0.8181 ret=-1290.592 exp_var=0.815
[GNN K3_r1.5] iter=360/1000 steps=95400 | pi=-0.0009 v=87.8175 ent=0.8032 ret=-1313.974 exp_var=0.878
[GNN K3_r1.5] iter=380/1000 steps=100700 | pi=-0.0013 v=90.4071 ent=0.8325 ret=-1311.221 exp_var=0.881
[GNN K3_r1.5] iter=400/1000 steps=106000 | pi=-0.0009 v=87.2472 ent=0.8505 ret=-1310.477 exp_var=0.889
[GNN K3_r1.5] iter=420/1000 steps=111300 | pi=-0.0015 v=96.3695 ent=0.8075 ret=-1315.440 exp_var=0.871
[GNN K3_r1.5] iter=440/1000 steps=116600 | pi=-0.0009 v=87.9076 ent=0.7716 ret=-1319.981 exp_var=0.898
[GNN K3_r1.5] iter=460/1000 steps=121900 | pi=-0.0016 v=89.9572 ent=0.7810 ret=-1320.609 exp_var=0.895
[GNN K3_r1.5] iter=480/1000 steps=127200 | pi=-0.0015 v=83.6697 ent=0.7692 ret=-1314.209 exp_var=0.902
[GNN K3_r1.5] iter=500/1000 steps=132500 | pi=-0.0012 v=84.3263 ent=0.7668 ret=-1325.605 exp_var=0.907
[GNN K3_r1.5] iter=520/1000 steps=137800 | pi=-0.0011 v=87.9588 ent=0.7526 ret=-1315.302 exp_var=0.896
[GNN K3_r1.5] iter=540/1000 steps=143100 | pi=-0.0012 v=85.4723 ent=0.7667 ret=-1311.296 exp_var=0.894
[GNN K3_r1.5] iter=560/1000 steps=148400 | pi=-0.0013 v=96.3998 ent=0.7052 ret=-1324.496 exp_var=0.894
[GNN K3_r1.5] iter=580/1000 steps=153700 | pi=-0.0014 v=86.6534 ent=0.7151 ret=-1305.228 exp_var=0.906
[GNN K3_r1.5] iter=600/1000 steps=159000 | pi=-0.0013 v=89.8959 ent=0.6720 ret=-1304.027 exp_var=0.903
[GNN K3_r1.5] iter=620/1000 steps=164300 | pi=-0.0014 v=91.1567 ent=0.6550 ret=-1333.803 exp_var=0.923
[GNN K3_r1.5] iter=640/1000 steps=169600 | pi=-0.0012 v=89.2858 ent=0.5993 ret=-1308.905 exp_var=0.908
[GNN K3_r1.5] iter=660/1000 steps=174900 | pi=-0.0011 v=89.0085 ent=0.6058 ret=-1308.668 exp_var=0.907
[GNN K3_r1.5] iter=680/1000 steps=180200 | pi=-0.0013 v=89.3176 ent=0.6319 ret=-1307.402 exp_var=0.910
[GNN K3_r1.5] iter=700/1000 steps=185500 | pi=-0.0013 v=93.1690 ent=0.6725 ret=-1321.493 exp_var=0.903
[GNN K3_r1.5] iter=720/1000 steps=190800 | pi=-0.0013 v=91.2068 ent=0.6652 ret=-1334.726 exp_var=0.905
[GNN K3_r1.5] iter=740/1000 steps=196100 | pi=-0.0013 v=85.1286 ent=0.6399 ret=-1317.343 exp_var=0.914
[GNN K3_r1.5] iter=760/1000 steps=201400 | pi=-0.0009 v=86.6378 ent=0.6298 ret=-1327.355 exp_var=0.912
[GNN K3_r1.5] iter=780/1000 steps=206700 | pi=-0.0013 v=86.4142 ent=0.6518 ret=-1337.836 exp_var=0.921
[GNN K3_r1.5] iter=800/1000 steps=212000 | pi=-0.0011 v=89.5118 ent=0.6481 ret=-1330.103 exp_var=0.920
[GNN K3_r1.5] iter=820/1000 steps=217300 | pi=-0.0009 v=90.9059 ent=0.6207 ret=-1332.859 exp_var=0.919
[GNN K3_r1.5] iter=840/1000 steps=222600 | pi=-0.0012 v=98.0525 ent=0.6475 ret=-1348.111 exp_var=0.918
[GNN K3_r1.5] iter=860/1000 steps=227900 | pi=-0.0011 v=90.7437 ent=0.6131 ret=-1320.048 exp_var=0.883
[GNN K3_r1.5] iter=880/1000 steps=233200 | pi=-0.0010 v=88.9948 ent=0.5824 ret=-1317.307 exp_var=0.869
[GNN K3_r1.5] iter=900/1000 steps=238500 | pi=-0.0009 v=88.2205 ent=0.5922 ret=-1320.028 exp_var=0.866
[GNN K3_r1.5] iter=920/1000 steps=243800 | pi=-0.0009 v=90.4045 ent=0.6130 ret=-1322.230 exp_var=0.861
[GNN K3_r1.5] iter=940/1000 steps=249100 | pi=-0.0009 v=88.0985 ent=0.5868 ret=-1315.267 exp_var=0.849
[GNN K3_r1.5] iter=960/1000 steps=254400 | pi=-0.0006 v=87.2000 ent=0.6125 ret=-1315.492 exp_var=0.848
[GNN K3_r1.5] iter=980/1000 steps=259700 | pi=-0.0008 v=91.1874 ent=0.6348 ret=-1325.376 exp_var=0.842
[GNN K3_r1.5] iter=1000/1000 steps=265000 | pi=-0.0009 v=94.0324 ent=0.6687 ret=-1356.142 exp_var=0.888
Saved plot: /home/ak565492/gnn_experiments/outputs/discrete/gc_gnn_K3_r1.5.png
Saved checkpoint: /home/ak565492/gnn_experiments/outputs/discrete/gc_gnn_K3_r1.5_final.pt

[GNN K3_r1.5] Final return: -1356.142
=============================
End time: Tue Apr 28 17:22:27 EDT 2026
=============================
