=============================
Job ID:       599235
Array Task:   16
Node:         evc8
GPU:          0
Start time:   Tue Apr 28 15:22:24 EDT 2026
=============================
Running: GC GNN K=2 r=1.5 --discrete
Using device: cuda
GPU: Tesla V100-PCIE-16GB
Env: Guided Coverage | 2S + 2I -> 3 zones | world=3.0

=== GNN-MAPPO | K=2, r_comm=1.5 (Guided Coverage) | device=cuda ===
[GNN K2_r1.5] iter=1/1000 steps=265 | pi=-0.0008 v=603.5612 ent=1.6066 ret=-876.568 exp_var=-0.006
[GNN K2_r1.5] iter=20/1000 steps=5300 | pi=-0.0014 v=91.1407 ent=1.5285 ret=-1269.554 exp_var=0.574
[GNN K2_r1.5] iter=40/1000 steps=10600 | pi=-0.0014 v=86.5426 ent=1.4421 ret=-1312.087 exp_var=0.733
[GNN K2_r1.5] iter=60/1000 steps=15900 | pi=-0.0013 v=81.5715 ent=1.3327 ret=-1282.093 exp_var=0.761
[GNN K2_r1.5] iter=80/1000 steps=21200 | pi=-0.0017 v=85.0521 ent=1.2809 ret=-1288.658 exp_var=0.813
[GNN K2_r1.5] iter=100/1000 steps=26500 | pi=-0.0012 v=86.0399 ent=1.0849 ret=-1295.305 exp_var=0.863
[GNN K2_r1.5] iter=120/1000 steps=31800 | pi=-0.0007 v=90.2308 ent=0.8352 ret=-1304.137 exp_var=0.888
[GNN K2_r1.5] iter=140/1000 steps=37100 | pi=-0.0011 v=91.9349 ent=0.8734 ret=-1335.845 exp_var=0.935
[GNN K2_r1.5] iter=160/1000 steps=42400 | pi=-0.0009 v=100.6511 ent=0.6934 ret=-1348.499 exp_var=0.938
[GNN K2_r1.5] iter=180/1000 steps=47700 | pi=-0.0004 v=100.1326 ent=0.5787 ret=-1357.132 exp_var=0.960
[GNN K2_r1.5] iter=200/1000 steps=53000 | pi=-0.0006 v=95.7850 ent=0.6224 ret=-1382.733 exp_var=0.965
[GNN K2_r1.5] iter=220/1000 steps=58300 | pi=-0.0008 v=90.6004 ent=0.5161 ret=-1345.201 exp_var=0.966
[GNN K2_r1.5] iter=240/1000 steps=63600 | pi=-0.0003 v=92.8433 ent=0.3592 ret=-1378.276 exp_var=0.968
[GNN K2_r1.5] iter=260/1000 steps=68900 | pi=-0.0004 v=92.6039 ent=0.3209 ret=-1382.464 exp_var=0.972
[GNN K2_r1.5] iter=280/1000 steps=74200 | pi=-0.0003 v=91.4683 ent=0.2810 ret=-1364.270 exp_var=0.963
[GNN K2_r1.5] iter=300/1000 steps=79500 | pi=-0.0006 v=87.6068 ent=0.2673 ret=-1315.414 exp_var=0.937
[GNN K2_r1.5] iter=320/1000 steps=84800 | pi=-0.0009 v=82.2136 ent=0.2790 ret=-1297.562 exp_var=0.924
[GNN K2_r1.5] iter=340/1000 steps=90100 | pi=-0.0009 v=91.0299 ent=0.3766 ret=-1290.192 exp_var=0.887
[GNN K2_r1.5] iter=360/1000 steps=95400 | pi=-0.0006 v=91.8657 ent=0.3627 ret=-1274.169 exp_var=0.880
[GNN K2_r1.5] iter=380/1000 steps=100700 | pi=-0.0011 v=82.3023 ent=0.3116 ret=-1283.467 exp_var=0.894
[GNN K2_r1.5] iter=400/1000 steps=106000 | pi=-0.0006 v=86.5199 ent=0.3066 ret=-1309.471 exp_var=0.913
[GNN K2_r1.5] iter=420/1000 steps=111300 | pi=0.0000 v=88.8965 ent=0.3087 ret=-1311.597 exp_var=0.927
[GNN K2_r1.5] iter=440/1000 steps=116600 | pi=-0.0006 v=81.0720 ent=0.2589 ret=-1307.780 exp_var=0.926
[GNN K2_r1.5] iter=460/1000 steps=121900 | pi=-0.0006 v=85.9186 ent=0.2516 ret=-1328.415 exp_var=0.937
[GNN K2_r1.5] iter=480/1000 steps=127200 | pi=-0.0009 v=82.4464 ent=0.2198 ret=-1292.005 exp_var=0.910
[GNN K2_r1.5] iter=500/1000 steps=132500 | pi=-0.0007 v=85.3620 ent=0.2444 ret=-1288.122 exp_var=0.886
[GNN K2_r1.5] iter=520/1000 steps=137800 | pi=-0.0007 v=86.8031 ent=0.1918 ret=-1285.946 exp_var=0.865
[GNN K2_r1.5] iter=540/1000 steps=143100 | pi=-0.0006 v=83.0330 ent=0.1919 ret=-1287.664 exp_var=0.874
[GNN K2_r1.5] iter=560/1000 steps=148400 | pi=-0.0007 v=90.0177 ent=0.2344 ret=-1303.342 exp_var=0.882
[GNN K2_r1.5] iter=580/1000 steps=153700 | pi=-0.0004 v=87.7742 ent=0.1653 ret=-1289.945 exp_var=0.870
[GNN K2_r1.5] iter=600/1000 steps=159000 | pi=-0.0005 v=84.5307 ent=0.1836 ret=-1284.272 exp_var=0.871
[GNN K2_r1.5] iter=620/1000 steps=164300 | pi=-0.0006 v=84.7755 ent=0.1921 ret=-1276.652 exp_var=0.857
[GNN K2_r1.5] iter=640/1000 steps=169600 | pi=-0.0005 v=88.1103 ent=0.1680 ret=-1282.927 exp_var=0.884
[GNN K2_r1.5] iter=660/1000 steps=174900 | pi=-0.0008 v=89.1502 ent=0.1732 ret=-1289.634 exp_var=0.890
[GNN K2_r1.5] iter=680/1000 steps=180200 | pi=-0.0008 v=90.1749 ent=0.1769 ret=-1300.222 exp_var=0.898
[GNN K2_r1.5] iter=700/1000 steps=185500 | pi=-0.0008 v=84.0464 ent=0.1815 ret=-1310.268 exp_var=0.906
[GNN K2_r1.5] iter=720/1000 steps=190800 | pi=-0.0005 v=89.9601 ent=0.1932 ret=-1318.500 exp_var=0.920
[GNN K2_r1.5] iter=740/1000 steps=196100 | pi=-0.0006 v=88.1531 ent=0.2191 ret=-1323.231 exp_var=0.928
[GNN K2_r1.5] iter=760/1000 steps=201400 | pi=-0.0006 v=87.1505 ent=0.1756 ret=-1319.569 exp_var=0.927
[GNN K2_r1.5] iter=780/1000 steps=206700 | pi=-0.0004 v=86.8680 ent=0.1581 ret=-1320.360 exp_var=0.931
[GNN K2_r1.5] iter=800/1000 steps=212000 | pi=-0.0007 v=88.9471 ent=0.1566 ret=-1325.688 exp_var=0.937
[GNN K2_r1.5] iter=820/1000 steps=217300 | pi=-0.0004 v=92.4819 ent=0.1496 ret=-1334.386 exp_var=0.952
[GNN K2_r1.5] iter=840/1000 steps=222600 | pi=-0.0006 v=89.2181 ent=0.1437 ret=-1333.787 exp_var=0.961
[GNN K2_r1.5] iter=860/1000 steps=227900 | pi=-0.0003 v=88.4871 ent=0.1174 ret=-1336.276 exp_var=0.962
[GNN K2_r1.5] iter=880/1000 steps=233200 | pi=-0.0004 v=91.3318 ent=0.1037 ret=-1336.718 exp_var=0.960
[GNN K2_r1.5] iter=900/1000 steps=238500 | pi=-0.0004 v=94.8670 ent=0.1116 ret=-1341.528 exp_var=0.960
[GNN K2_r1.5] iter=920/1000 steps=243800 | pi=-0.0004 v=94.3902 ent=0.1278 ret=-1351.286 exp_var=0.961
[GNN K2_r1.5] iter=940/1000 steps=249100 | pi=-0.0004 v=93.8142 ent=0.1467 ret=-1351.669 exp_var=0.962
[GNN K2_r1.5] iter=960/1000 steps=254400 | pi=-0.0004 v=89.8520 ent=0.1533 ret=-1352.917 exp_var=0.964
[GNN K2_r1.5] iter=980/1000 steps=259700 | pi=-0.0004 v=88.7794 ent=0.1437 ret=-1355.440 exp_var=0.968
[GNN K2_r1.5] iter=1000/1000 steps=265000 | pi=-0.0003 v=88.0630 ent=0.1480 ret=-1349.138 exp_var=0.965
Saved plot: /home/ak565492/gnn_experiments/outputs/discrete/gc_gnn_K2_r1.5.png
Saved checkpoint: /home/ak565492/gnn_experiments/outputs/discrete/gc_gnn_K2_r1.5_final.pt

[GNN K2_r1.5] Final return: -1349.138
=============================
End time: Tue Apr 28 17:43:49 EDT 2026
=============================
