=============================
Job ID:       599218
Array Task:   2
Node:         evc10
GPU:          0
Start time:   Tue Apr 28 15:19:11 EDT 2026
=============================
Running: PP GNN K=3 r=1.5 --discrete
Using device: cuda
GPU: Tesla V100-PCIE-16GB
Env: PP | 2S + 1I | world=5.0 | max_steps=80

=== GNN-MAPPO | K=3, r_comm=1.5 (PP) | device=cuda ===
[GNN K3_r1.5] iter=1 steps=256/384000 | pi=-0.0005 v=15.3773 ent=1.6044 ret=-129.403 exp_var=0.004
[GNN K3_r1.5] iter=20 steps=5120/384000 | pi=-0.0003 v=7.2679 ent=1.4577 ret=-177.987 exp_var=0.059
[GNN K3_r1.5] iter=40 steps=10240/384000 | pi=-0.0004 v=6.8695 ent=1.5594 ret=-137.898 exp_var=0.057
[GNN K3_r1.5] iter=60 steps=15360/384000 | pi=-0.0011 v=6.5291 ent=1.2989 ret=-151.346 exp_var=0.605
[GNN K3_r1.5] iter=80 steps=20480/384000 | pi=-0.0009 v=6.7237 ent=1.5157 ret=-135.728 exp_var=0.050
[GNN K3_r1.5] iter=100 steps=25600/384000 | pi=-0.0007 v=6.5971 ent=1.5254 ret=-134.287 exp_var=0.056
[GNN K3_r1.5] iter=120 steps=30720/384000 | pi=-0.0008 v=6.5359 ent=1.4513 ret=-134.673 exp_var=0.056
[GNN K3_r1.5] iter=140 steps=35840/384000 | pi=-0.0008 v=6.5816 ent=1.4275 ret=-135.391 exp_var=0.152
[GNN K3_r1.5] iter=160 steps=40960/384000 | pi=-0.0011 v=6.6591 ent=1.4279 ret=-135.721 exp_var=0.020
[GNN K3_r1.5] iter=180 steps=46080/384000 | pi=-0.0012 v=6.6126 ent=1.4000 ret=-135.352 exp_var=0.038
[GNN K3_r1.5] iter=200 steps=51200/384000 | pi=-0.0013 v=5.7111 ent=1.1851 ret=-144.436 exp_var=0.602
[GNN K3_r1.5] iter=220 steps=56320/384000 | pi=-0.0006 v=6.3950 ent=1.0646 ret=-155.864 exp_var=0.720
[GNN K3_r1.5] iter=240 steps=61440/384000 | pi=-0.0010 v=6.5675 ent=1.1585 ret=-141.466 exp_var=0.586
[GNN K3_r1.5] iter=260 steps=66560/384000 | pi=-0.0011 v=6.4397 ent=1.2491 ret=-135.088 exp_var=0.047
[GNN K3_r1.5] iter=280 steps=71680/384000 | pi=-0.0011 v=6.4486 ent=1.2667 ret=-135.103 exp_var=0.049
[GNN K3_r1.5] iter=300 steps=76800/384000 | pi=-0.0013 v=6.4503 ent=1.3790 ret=-135.157 exp_var=0.044
[GNN K3_r1.5] iter=320 steps=81920/384000 | pi=-0.0015 v=6.3489 ent=1.3847 ret=-135.115 exp_var=0.093
[GNN K3_r1.5] iter=340 steps=87040/384000 | pi=-0.0012 v=6.5065 ent=1.4215 ret=-135.021 exp_var=0.057
[GNN K3_r1.5] iter=360 steps=92160/384000 | pi=-0.0015 v=6.5103 ent=1.4039 ret=-134.856 exp_var=0.061
[GNN K3_r1.5] iter=380 steps=97280/384000 | pi=-0.0014 v=6.5297 ent=1.2792 ret=-134.800 exp_var=0.047
[GNN K3_r1.5] iter=400 steps=102400/384000 | pi=-0.0013 v=6.5868 ent=1.3350 ret=-134.622 exp_var=0.054
[GNN K3_r1.5] iter=420 steps=107520/384000 | pi=-0.0014 v=6.6331 ent=1.2921 ret=-134.586 exp_var=0.057
[GNN K3_r1.5] iter=440 steps=112640/384000 | pi=-0.0015 v=6.5886 ent=1.2241 ret=-134.758 exp_var=0.047
[GNN K3_r1.5] iter=460 steps=117760/384000 | pi=-0.0013 v=6.6560 ent=1.1885 ret=-135.097 exp_var=0.050
[GNN K3_r1.5] iter=480 steps=122880/384000 | pi=-0.0015 v=6.5726 ent=1.2120 ret=-134.757 exp_var=0.039
[GNN K3_r1.5] iter=500 steps=128000/384000 | pi=-0.0018 v=6.6066 ent=1.1885 ret=-134.800 exp_var=0.047
[GNN K3_r1.5] iter=520 steps=133120/384000 | pi=-0.0017 v=6.6161 ent=1.1036 ret=-135.119 exp_var=0.048
[GNN K3_r1.5] iter=540 steps=138240/384000 | pi=-0.0015 v=6.5803 ent=1.1220 ret=-135.180 exp_var=0.062
[GNN K3_r1.5] iter=560 steps=143360/384000 | pi=-0.0015 v=6.6126 ent=1.1844 ret=-135.553 exp_var=0.211
[GNN K3_r1.5] iter=580 steps=148480/384000 | pi=-0.0014 v=6.5683 ent=1.1886 ret=-134.837 exp_var=0.087
[GNN K3_r1.5] iter=600 steps=153600/384000 | pi=-0.0017 v=6.6209 ent=1.1585 ret=-134.773 exp_var=0.057
[GNN K3_r1.5] iter=620 steps=158720/384000 | pi=-0.0015 v=6.6508 ent=1.1553 ret=-134.875 exp_var=0.051
[GNN K3_r1.5] iter=640 steps=163840/384000 | pi=-0.0017 v=6.6499 ent=1.1999 ret=-134.804 exp_var=0.042
[GNN K3_r1.5] iter=660 steps=168960/384000 | pi=-0.0018 v=6.6464 ent=1.1498 ret=-134.821 exp_var=0.048
[GNN K3_r1.5] iter=680 steps=174080/384000 | pi=-0.0016 v=6.6317 ent=1.1611 ret=-134.950 exp_var=0.438
[GNN K3_r1.5] iter=700 steps=179200/384000 | pi=-0.0017 v=6.6399 ent=1.1779 ret=-134.714 exp_var=0.059
[GNN K3_r1.5] iter=720 steps=184320/384000 | pi=-0.0015 v=6.6494 ent=1.1605 ret=-134.775 exp_var=0.065
[GNN K3_r1.5] iter=740 steps=189440/384000 | pi=-0.0018 v=6.6544 ent=1.1430 ret=-134.704 exp_var=0.056
[GNN K3_r1.5] iter=760 steps=194560/384000 | pi=-0.0016 v=6.6620 ent=1.1021 ret=-134.768 exp_var=0.049
[GNN K3_r1.5] iter=780 steps=199680/384000 | pi=-0.0018 v=6.6432 ent=1.1184 ret=-134.690 exp_var=0.051
[GNN K3_r1.5] iter=800 steps=204800/384000 | pi=-0.0012 v=6.6692 ent=1.0947 ret=-136.086 exp_var=0.612
[GNN K3_r1.5] iter=820 steps=209920/384000 | pi=-0.0017 v=6.6864 ent=1.0870 ret=-136.041 exp_var=0.642
[GNN K3_r1.5] iter=840 steps=215040/384000 | pi=-0.0017 v=6.7047 ent=1.2050 ret=-136.054 exp_var=0.642
[GNN K3_r1.5] iter=860 steps=220160/384000 | pi=-0.0016 v=6.7174 ent=1.2260 ret=-136.171 exp_var=0.623
[GNN K3_r1.5] iter=880 steps=225280/384000 | pi=-0.0018 v=6.7347 ent=1.2481 ret=-136.232 exp_var=0.626
[GNN K3_r1.5] iter=900 steps=230400/384000 | pi=-0.0016 v=6.7122 ent=1.3008 ret=-136.179 exp_var=0.624
[GNN K3_r1.5] iter=920 steps=235520/384000 | pi=-0.0018 v=6.6287 ent=1.2840 ret=-134.787 exp_var=0.055
[GNN K3_r1.5] iter=940 steps=240640/384000 | pi=-0.0021 v=6.5524 ent=1.2865 ret=-135.154 exp_var=0.431
[GNN K3_r1.5] iter=960 steps=245760/384000 | pi=-0.0019 v=6.5746 ent=1.3023 ret=-135.258 exp_var=0.301
[GNN K3_r1.5] iter=980 steps=250880/384000 | pi=-0.0016 v=6.5649 ent=1.3024 ret=-135.203 exp_var=0.166
[GNN K3_r1.5] iter=1000 steps=256000/384000 | pi=-0.0016 v=6.6109 ent=1.3171 ret=-135.148 exp_var=0.200
[GNN K3_r1.5] iter=1020 steps=261120/384000 | pi=-0.0014 v=6.6157 ent=1.3049 ret=-135.152 exp_var=0.155
[GNN K3_r1.5] iter=1040 steps=266240/384000 | pi=-0.0011 v=6.6538 ent=1.2723 ret=-135.228 exp_var=0.067
[GNN K3_r1.5] iter=1060 steps=271360/384000 | pi=-0.0014 v=6.7036 ent=1.3027 ret=-135.036 exp_var=0.047
[GNN K3_r1.5] iter=1080 steps=276480/384000 | pi=-0.0011 v=6.6836 ent=1.3003 ret=-136.358 exp_var=0.409
[GNN K3_r1.5] iter=1100 steps=281600/384000 | pi=-0.0014 v=6.6652 ent=1.2869 ret=-135.261 exp_var=0.064
[GNN K3_r1.5] iter=1120 steps=286720/384000 | pi=-0.0012 v=6.6612 ent=1.2992 ret=-135.134 exp_var=0.056
[GNN K3_r1.5] iter=1140 steps=291840/384000 | pi=-0.0014 v=6.5527 ent=1.2999 ret=-134.822 exp_var=0.074
[GNN K3_r1.5] iter=1160 steps=296960/384000 | pi=-0.0014 v=6.7326 ent=1.2399 ret=-137.179 exp_var=0.209
[GNN K3_r1.5] iter=1180 steps=302080/384000 | pi=-0.0007 v=6.4381 ent=1.0560 ret=-136.294 exp_var=0.055
[GNN K3_r1.5] iter=1200 steps=307200/384000 | pi=-0.0013 v=6.5388 ent=1.1150 ret=-136.983 exp_var=0.144
[GNN K3_r1.5] iter=1220 steps=312320/384000 | pi=-0.0012 v=6.5148 ent=1.1139 ret=-136.773 exp_var=0.101
[GNN K3_r1.5] iter=1240 steps=317440/384000 | pi=-0.0014 v=6.4527 ent=1.3237 ret=-136.744 exp_var=0.134
[GNN K3_r1.5] iter=1260 steps=322560/384000 | pi=-0.0011 v=6.4759 ent=1.3099 ret=-137.033 exp_var=0.099
[GNN K3_r1.5] iter=1280 steps=327680/384000 | pi=-0.0011 v=6.4955 ent=1.3011 ret=-137.102 exp_var=0.071
[GNN K3_r1.5] iter=1300 steps=332800/384000 | pi=-0.0009 v=6.4401 ent=1.2269 ret=-135.081 exp_var=0.035
[GNN K3_r1.5] iter=1320 steps=337920/384000 | pi=-0.0011 v=6.4674 ent=1.3061 ret=-135.892 exp_var=0.071
[GNN K3_r1.5] iter=1340 steps=343040/384000 | pi=-0.0010 v=6.4645 ent=1.2800 ret=-135.363 exp_var=0.014
[GNN K3_r1.5] iter=1360 steps=348160/384000 | pi=-0.0010 v=6.5218 ent=1.3624 ret=-135.706 exp_var=0.052
[GNN K3_r1.5] iter=1380 steps=353280/384000 | pi=-0.0008 v=6.4758 ent=1.3588 ret=-136.755 exp_var=0.079
[GNN K3_r1.5] iter=1400 steps=358400/384000 | pi=-0.0006 v=6.4064 ent=1.2382 ret=-136.461 exp_var=0.091
[GNN K3_r1.5] iter=1420 steps=363520/384000 | pi=-0.0008 v=6.4864 ent=1.3023 ret=-136.947 exp_var=0.090
[GNN K3_r1.5] iter=1440 steps=368640/384000 | pi=-0.0007 v=6.4797 ent=1.3325 ret=-137.104 exp_var=0.093
[GNN K3_r1.5] iter=1460 steps=373760/384000 | pi=-0.0007 v=6.4641 ent=1.3391 ret=-136.925 exp_var=0.096
[GNN K3_r1.5] iter=1480 steps=378880/384000 | pi=-0.0008 v=6.4801 ent=1.3445 ret=-137.513 exp_var=0.091
[GNN K3_r1.5] iter=1500 steps=384000/384000 | pi=-0.0006 v=6.4740 ent=1.3510 ret=-137.029 exp_var=0.088
Saved plot: /home/ak565492/gnn_experiments/outputs/discrete/pp_gnn_K3_r1.5.png
Saved checkpoint: /home/ak565492/gnn_experiments/outputs/discrete/pp_gnn_K3_r1.5_final.pt

[GNN K3_r1.5] Final return: -137.029
=============================
End time: Tue Apr 28 18:31:17 EDT 2026
=============================
