=============================
Job ID:       599223
Array Task:   7
Node:         evc18
GPU:          0
Start time:   Tue Apr 28 15:19:11 EDT 2026
=============================
Running: PCP GNN K=2 r=1.5 --discrete
Using device: cuda
GPU: Tesla V100-PCIE-32GB
Env: PCP | 2S + 2I | world=5.0 | max_steps=80

=== GNN-MAPPO | K=2, r_comm=1.5 (PCP) | device=cuda ===
[GNN K2_r1.5] iter=1 steps=256/384000 | pi=-0.0005 v=27.8897 ent=1.6065 ret=-233.235 exp_var=0.002
[GNN K2_r1.5] iter=20 steps=5120/384000 | pi=-0.0009 v=17.7908 ent=1.5507 ret=-344.026 exp_var=0.801
[GNN K2_r1.5] iter=40 steps=10240/384000 | pi=-0.0005 v=16.9987 ent=1.5236 ret=-348.374 exp_var=0.858
[GNN K2_r1.5] iter=60 steps=15360/384000 | pi=-0.0005 v=17.8257 ent=1.4079 ret=-354.354 exp_var=0.870
[GNN K2_r1.5] iter=80 steps=20480/384000 | pi=-0.0008 v=16.3352 ent=1.4078 ret=-353.526 exp_var=0.899
[GNN K2_r1.5] iter=100 steps=25600/384000 | pi=-0.0014 v=15.6333 ent=1.3712 ret=-350.635 exp_var=0.910
[GNN K2_r1.5] iter=120 steps=30720/384000 | pi=-0.0014 v=16.3762 ent=1.2367 ret=-348.128 exp_var=0.906
[GNN K2_r1.5] iter=140 steps=35840/384000 | pi=-0.0008 v=15.4212 ent=1.2997 ret=-352.200 exp_var=0.920
[GNN K2_r1.5] iter=160 steps=40960/384000 | pi=-0.0010 v=15.5465 ent=1.1746 ret=-353.731 exp_var=0.878
[GNN K2_r1.5] iter=180 steps=46080/384000 | pi=-0.0007 v=16.0927 ent=1.1549 ret=-353.370 exp_var=0.853
[GNN K2_r1.5] iter=200 steps=51200/384000 | pi=-0.0010 v=16.4640 ent=1.1261 ret=-350.451 exp_var=0.865
[GNN K2_r1.5] iter=220 steps=56320/384000 | pi=-0.0009 v=17.4187 ent=1.0701 ret=-350.048 exp_var=0.863
[GNN K2_r1.5] iter=240 steps=61440/384000 | pi=-0.0010 v=17.1910 ent=1.0157 ret=-344.706 exp_var=0.867
[GNN K2_r1.5] iter=260 steps=66560/384000 | pi=-0.0009 v=16.0853 ent=0.9559 ret=-348.064 exp_var=0.877
[GNN K2_r1.5] iter=280 steps=71680/384000 | pi=-0.0007 v=16.1429 ent=0.8375 ret=-346.758 exp_var=0.892
[GNN K2_r1.5] iter=300 steps=76800/384000 | pi=-0.0009 v=15.8336 ent=0.7817 ret=-342.001 exp_var=0.917
[GNN K2_r1.5] iter=320 steps=81920/384000 | pi=-0.0008 v=16.9216 ent=0.8398 ret=-338.310 exp_var=0.903
[GNN K2_r1.5] iter=340 steps=87040/384000 | pi=-0.0006 v=16.2172 ent=0.7512 ret=-338.614 exp_var=0.914
[GNN K2_r1.5] iter=360 steps=92160/384000 | pi=-0.0006 v=17.6195 ent=0.6581 ret=-336.261 exp_var=0.907
[GNN K2_r1.5] iter=380 steps=97280/384000 | pi=-0.0008 v=15.9986 ent=0.6319 ret=-340.749 exp_var=0.915
[GNN K2_r1.5] iter=400 steps=102400/384000 | pi=-0.0008 v=17.1171 ent=0.5412 ret=-340.563 exp_var=0.905
[GNN K2_r1.5] iter=420 steps=107520/384000 | pi=-0.0005 v=17.2737 ent=0.5149 ret=-343.912 exp_var=0.894
[GNN K2_r1.5] iter=440 steps=112640/384000 | pi=-0.0006 v=17.2450 ent=0.4906 ret=-344.897 exp_var=0.894
[GNN K2_r1.5] iter=460 steps=117760/384000 | pi=-0.0006 v=17.1262 ent=0.5150 ret=-343.578 exp_var=0.919
[GNN K2_r1.5] iter=480 steps=122880/384000 | pi=-0.0006 v=17.5323 ent=0.4959 ret=-343.325 exp_var=0.906
[GNN K2_r1.5] iter=500 steps=128000/384000 | pi=-0.0006 v=16.9913 ent=0.5454 ret=-341.332 exp_var=0.919
[GNN K2_r1.5] iter=520 steps=133120/384000 | pi=-0.0008 v=16.2831 ent=0.5120 ret=-342.205 exp_var=0.922
[GNN K2_r1.5] iter=540 steps=138240/384000 | pi=-0.0006 v=16.0504 ent=0.4762 ret=-345.154 exp_var=0.927
[GNN K2_r1.5] iter=560 steps=143360/384000 | pi=-0.0005 v=15.8632 ent=0.5079 ret=-345.250 exp_var=0.931
[GNN K2_r1.5] iter=580 steps=148480/384000 | pi=-0.0005 v=16.1208 ent=0.4888 ret=-345.343 exp_var=0.926
[GNN K2_r1.5] iter=600 steps=153600/384000 | pi=-0.0005 v=14.6978 ent=0.4942 ret=-357.634 exp_var=0.927
[GNN K2_r1.5] iter=620 steps=158720/384000 | pi=-0.0006 v=15.7574 ent=0.5626 ret=-354.636 exp_var=0.921
[GNN K2_r1.5] iter=640 steps=163840/384000 | pi=-0.0008 v=17.7955 ent=0.4631 ret=-350.364 exp_var=0.920
[GNN K2_r1.5] iter=660 steps=168960/384000 | pi=-0.0010 v=16.6048 ent=0.5115 ret=-346.280 exp_var=0.929
[GNN K2_r1.5] iter=680 steps=174080/384000 | pi=-0.0010 v=15.6345 ent=0.5276 ret=-348.257 exp_var=0.932
[GNN K2_r1.5] iter=700 steps=179200/384000 | pi=-0.0007 v=15.8484 ent=0.4976 ret=-344.464 exp_var=0.941
[GNN K2_r1.5] iter=720 steps=184320/384000 | pi=-0.0008 v=15.6472 ent=0.4538 ret=-346.943 exp_var=0.928
[GNN K2_r1.5] iter=740 steps=189440/384000 | pi=-0.0008 v=15.9517 ent=0.5168 ret=-348.201 exp_var=0.926
[GNN K2_r1.5] iter=760 steps=194560/384000 | pi=-0.0006 v=16.0310 ent=0.4604 ret=-345.106 exp_var=0.923
[GNN K2_r1.5] iter=780 steps=199680/384000 | pi=-0.0005 v=15.9013 ent=0.4514 ret=-343.709 exp_var=0.926
[GNN K2_r1.5] iter=800 steps=204800/384000 | pi=-0.0011 v=16.2489 ent=0.5016 ret=-342.791 exp_var=0.923
[GNN K2_r1.5] iter=820 steps=209920/384000 | pi=-0.0010 v=15.1467 ent=0.5112 ret=-348.350 exp_var=0.929
[GNN K2_r1.5] iter=840 steps=215040/384000 | pi=-0.0008 v=16.2680 ent=0.5252 ret=-339.421 exp_var=0.920
[GNN K2_r1.5] iter=860 steps=220160/384000 | pi=-0.0010 v=16.2314 ent=0.5465 ret=-339.735 exp_var=0.916
[GNN K2_r1.5] iter=880 steps=225280/384000 | pi=-0.0009 v=16.4423 ent=0.5368 ret=-338.421 exp_var=0.907
[GNN K2_r1.5] iter=900 steps=230400/384000 | pi=-0.0009 v=17.5236 ent=0.5240 ret=-339.957 exp_var=0.906
[GNN K2_r1.5] iter=920 steps=235520/384000 | pi=-0.0010 v=16.9647 ent=0.5946 ret=-337.006 exp_var=0.908
[GNN K2_r1.5] iter=940 steps=240640/384000 | pi=-0.0010 v=16.4716 ent=0.6196 ret=-335.308 exp_var=0.918
[GNN K2_r1.5] iter=960 steps=245760/384000 | pi=-0.0009 v=16.4554 ent=0.5863 ret=-334.907 exp_var=0.914
[GNN K2_r1.5] iter=980 steps=250880/384000 | pi=-0.0009 v=16.7695 ent=0.5842 ret=-340.329 exp_var=0.900
[GNN K2_r1.5] iter=1000 steps=256000/384000 | pi=-0.0012 v=16.3943 ent=0.6250 ret=-337.601 exp_var=0.896
[GNN K2_r1.5] iter=1020 steps=261120/384000 | pi=-0.0009 v=15.7896 ent=0.6365 ret=-339.971 exp_var=0.899
[GNN K2_r1.5] iter=1040 steps=266240/384000 | pi=-0.0010 v=15.7948 ent=0.6791 ret=-338.309 exp_var=0.897
[GNN K2_r1.5] iter=1060 steps=271360/384000 | pi=-0.0011 v=15.7761 ent=0.6876 ret=-337.769 exp_var=0.900
[GNN K2_r1.5] iter=1080 steps=276480/384000 | pi=-0.0011 v=16.1035 ent=0.7001 ret=-335.079 exp_var=0.898
[GNN K2_r1.5] iter=1100 steps=281600/384000 | pi=-0.0011 v=16.3868 ent=0.6778 ret=-329.228 exp_var=0.909
[GNN K2_r1.5] iter=1120 steps=286720/384000 | pi=-0.0013 v=17.1311 ent=0.6652 ret=-328.751 exp_var=0.889
[GNN K2_r1.5] iter=1140 steps=291840/384000 | pi=-0.0012 v=17.5943 ent=0.7092 ret=-320.661 exp_var=0.878
[GNN K2_r1.5] iter=1160 steps=296960/384000 | pi=-0.0010 v=17.4600 ent=0.7206 ret=-315.458 exp_var=0.860
[GNN K2_r1.5] iter=1180 steps=302080/384000 | pi=-0.0015 v=16.9171 ent=0.8408 ret=-309.893 exp_var=0.779
[GNN K2_r1.5] iter=1200 steps=307200/384000 | pi=-0.0014 v=17.2239 ent=0.8776 ret=-312.184 exp_var=0.766
[GNN K2_r1.5] iter=1220 steps=312320/384000 | pi=-0.0011 v=17.1329 ent=0.8819 ret=-314.079 exp_var=0.752
[GNN K2_r1.5] iter=1240 steps=317440/384000 | pi=-0.0014 v=16.5843 ent=0.8539 ret=-311.794 exp_var=0.771
[GNN K2_r1.5] iter=1260 steps=322560/384000 | pi=-0.0014 v=16.4166 ent=0.8877 ret=-312.145 exp_var=0.762
[GNN K2_r1.5] iter=1280 steps=327680/384000 | pi=-0.0012 v=16.5271 ent=0.9238 ret=-313.796 exp_var=0.811
[GNN K2_r1.5] iter=1300 steps=332800/384000 | pi=-0.0013 v=16.3636 ent=0.9503 ret=-313.806 exp_var=0.825
[GNN K2_r1.5] iter=1320 steps=337920/384000 | pi=-0.0014 v=16.4602 ent=0.9468 ret=-313.143 exp_var=0.809
[GNN K2_r1.5] iter=1340 steps=343040/384000 | pi=-0.0015 v=16.6616 ent=0.9680 ret=-314.344 exp_var=0.844
[GNN K2_r1.5] iter=1360 steps=348160/384000 | pi=-0.0012 v=16.1260 ent=0.9671 ret=-310.949 exp_var=0.797
[GNN K2_r1.5] iter=1380 steps=353280/384000 | pi=-0.0014 v=15.5916 ent=1.0127 ret=-310.646 exp_var=0.808
[GNN K2_r1.5] iter=1400 steps=358400/384000 | pi=-0.0013 v=15.6257 ent=1.0246 ret=-308.053 exp_var=0.809
[GNN K2_r1.5] iter=1420 steps=363520/384000 | pi=-0.0010 v=16.1228 ent=1.0496 ret=-306.662 exp_var=0.812
[GNN K2_r1.5] iter=1440 steps=368640/384000 | pi=-0.0011 v=17.0535 ent=1.0835 ret=-313.229 exp_var=0.840
[GNN K2_r1.5] iter=1460 steps=373760/384000 | pi=-0.0011 v=16.1218 ent=1.0943 ret=-310.834 exp_var=0.848
[GNN K2_r1.5] iter=1480 steps=378880/384000 | pi=-0.0010 v=16.4296 ent=1.0895 ret=-310.507 exp_var=0.827
[GNN K2_r1.5] iter=1500 steps=384000/384000 | pi=-0.0012 v=16.6178 ent=1.0972 ret=-308.876 exp_var=0.847
Saved plot: /home/ak565492/gnn_experiments/outputs/discrete/pcp_gnn_K2_r1.5.png
Saved checkpoint: /home/ak565492/gnn_experiments/outputs/discrete/pcp_gnn_K2_r1.5_final.pt

[GNN K2_r1.5] Final return: -308.876
=============================
End time: Tue Apr 28 18:36:13 EDT 2026
=============================
