=============================
Job ID:       599237
Array Task:   17
Node:         evc5
GPU:          0
Start time:   Tue Apr 28 15:24:11 EDT 2026
=============================
Running: GC GNN K=3 r=1.0 --discrete
Using device: cuda
GPU: Tesla V100-PCIE-16GB
Env: Guided Coverage | 2S + 2I -> 3 zones | world=3.0

=== GNN-MAPPO | K=3, r_comm=1.0 (Guided Coverage) | device=cuda ===
[GNN K3_r1.0] iter=1/1000 steps=265 | pi=-0.0009 v=561.0862 ent=1.6060 ret=-876.441 exp_var=0.002
[GNN K3_r1.0] iter=20/1000 steps=5300 | pi=-0.0013 v=93.5484 ent=1.4960 ret=-1272.704 exp_var=0.610
[GNN K3_r1.0] iter=40/1000 steps=10600 | pi=-0.0012 v=96.0838 ent=1.4617 ret=-1314.275 exp_var=0.664
[GNN K3_r1.0] iter=60/1000 steps=15900 | pi=-0.0014 v=97.2496 ent=1.2995 ret=-1301.816 exp_var=0.728
[GNN K3_r1.0] iter=80/1000 steps=21200 | pi=-0.0012 v=88.7056 ent=1.1342 ret=-1266.862 exp_var=0.742
[GNN K3_r1.0] iter=100/1000 steps=26500 | pi=-0.0011 v=89.1938 ent=1.0443 ret=-1283.179 exp_var=0.705
[GNN K3_r1.0] iter=120/1000 steps=31800 | pi=-0.0011 v=91.3350 ent=0.9120 ret=-1272.344 exp_var=0.770
[GNN K3_r1.0] iter=140/1000 steps=37100 | pi=-0.0010 v=99.7827 ent=0.8035 ret=-1285.263 exp_var=0.806
[GNN K3_r1.0] iter=160/1000 steps=42400 | pi=-0.0010 v=104.4194 ent=0.7667 ret=-1299.926 exp_var=0.886
[GNN K3_r1.0] iter=180/1000 steps=47700 | pi=-0.0010 v=92.9968 ent=0.7648 ret=-1290.643 exp_var=0.872
[GNN K3_r1.0] iter=200/1000 steps=53000 | pi=-0.0014 v=102.6733 ent=0.7900 ret=-1302.667 exp_var=0.868
[GNN K3_r1.0] iter=220/1000 steps=58300 | pi=-0.0011 v=107.1083 ent=0.7443 ret=-1306.060 exp_var=0.898
[GNN K3_r1.0] iter=240/1000 steps=63600 | pi=-0.0008 v=108.3656 ent=0.7118 ret=-1314.727 exp_var=0.902
[GNN K3_r1.0] iter=260/1000 steps=68900 | pi=-0.0013 v=96.4819 ent=0.6762 ret=-1296.621 exp_var=0.880
[GNN K3_r1.0] iter=280/1000 steps=74200 | pi=-0.0012 v=92.8399 ent=0.6838 ret=-1285.103 exp_var=0.871
[GNN K3_r1.0] iter=300/1000 steps=79500 | pi=-0.0014 v=93.9657 ent=0.7191 ret=-1275.638 exp_var=0.844
[GNN K3_r1.0] iter=320/1000 steps=84800 | pi=-0.0013 v=97.9152 ent=0.6803 ret=-1282.589 exp_var=0.851
[GNN K3_r1.0] iter=340/1000 steps=90100 | pi=-0.0014 v=92.0322 ent=0.7298 ret=-1262.967 exp_var=0.804
[GNN K3_r1.0] iter=360/1000 steps=95400 | pi=-0.0016 v=95.2339 ent=0.8276 ret=-1299.150 exp_var=0.862
[GNN K3_r1.0] iter=380/1000 steps=100700 | pi=-0.0013 v=96.5262 ent=0.7564 ret=-1306.142 exp_var=0.868
[GNN K3_r1.0] iter=400/1000 steps=106000 | pi=-0.0013 v=96.4818 ent=0.7298 ret=-1293.437 exp_var=0.866
[GNN K3_r1.0] iter=420/1000 steps=111300 | pi=-0.0012 v=97.2820 ent=0.7009 ret=-1296.985 exp_var=0.864
[GNN K3_r1.0] iter=440/1000 steps=116600 | pi=-0.0016 v=86.0878 ent=0.7193 ret=-1274.699 exp_var=0.836
[GNN K3_r1.0] iter=460/1000 steps=121900 | pi=-0.0015 v=88.5680 ent=0.7300 ret=-1264.206 exp_var=0.821
[GNN K3_r1.0] iter=480/1000 steps=127200 | pi=-0.0015 v=87.1642 ent=0.8095 ret=-1260.096 exp_var=0.821
[GNN K3_r1.0] iter=500/1000 steps=132500 | pi=-0.0014 v=87.3674 ent=0.8298 ret=-1264.540 exp_var=0.831
[GNN K3_r1.0] iter=520/1000 steps=137800 | pi=-0.0012 v=92.6502 ent=0.7951 ret=-1258.116 exp_var=0.829
[GNN K3_r1.0] iter=540/1000 steps=143100 | pi=-0.0019 v=91.5646 ent=0.8776 ret=-1259.195 exp_var=0.801
[GNN K3_r1.0] iter=560/1000 steps=148400 | pi=-0.0015 v=91.3779 ent=0.8776 ret=-1252.244 exp_var=0.790
[GNN K3_r1.0] iter=580/1000 steps=153700 | pi=-0.0016 v=89.3613 ent=0.8921 ret=-1249.626 exp_var=0.844
[GNN K3_r1.0] iter=600/1000 steps=159000 | pi=-0.0017 v=93.9417 ent=0.9186 ret=-1264.860 exp_var=0.831
[GNN K3_r1.0] iter=620/1000 steps=164300 | pi=-0.0016 v=88.5608 ent=0.7658 ret=-1254.786 exp_var=0.814
[GNN K3_r1.0] iter=640/1000 steps=169600 | pi=-0.0017 v=90.2488 ent=0.8040 ret=-1256.933 exp_var=0.828
[GNN K3_r1.0] iter=660/1000 steps=174900 | pi=-0.0018 v=95.4743 ent=0.8512 ret=-1265.736 exp_var=0.811
[GNN K3_r1.0] iter=680/1000 steps=180200 | pi=-0.0016 v=90.9022 ent=0.8405 ret=-1267.970 exp_var=0.811
[GNN K3_r1.0] iter=700/1000 steps=185500 | pi=-0.0018 v=98.8242 ent=0.7921 ret=-1277.829 exp_var=0.829
[GNN K3_r1.0] iter=720/1000 steps=190800 | pi=-0.0016 v=91.9590 ent=0.7824 ret=-1263.023 exp_var=0.803
[GNN K3_r1.0] iter=740/1000 steps=196100 | pi=-0.0017 v=92.2486 ent=0.7683 ret=-1277.568 exp_var=0.817
[GNN K3_r1.0] iter=760/1000 steps=201400 | pi=-0.0016 v=96.0990 ent=0.7313 ret=-1289.475 exp_var=0.858
[GNN K3_r1.0] iter=780/1000 steps=206700 | pi=-0.0017 v=95.0816 ent=0.7006 ret=-1309.662 exp_var=0.887
[GNN K3_r1.0] iter=800/1000 steps=212000 | pi=-0.0015 v=89.1569 ent=0.7339 ret=-1274.649 exp_var=0.831
[GNN K3_r1.0] iter=820/1000 steps=217300 | pi=-0.0014 v=94.8936 ent=0.7817 ret=-1278.269 exp_var=0.838
[GNN K3_r1.0] iter=840/1000 steps=222600 | pi=-0.0015 v=97.1197 ent=0.7671 ret=-1280.861 exp_var=0.862
[GNN K3_r1.0] iter=860/1000 steps=227900 | pi=-0.0014 v=98.4191 ent=0.7672 ret=-1289.119 exp_var=0.855
[GNN K3_r1.0] iter=880/1000 steps=233200 | pi=-0.0012 v=91.7081 ent=0.7680 ret=-1269.709 exp_var=0.823
[GNN K3_r1.0] iter=900/1000 steps=238500 | pi=-0.0015 v=96.1293 ent=0.7945 ret=-1270.220 exp_var=0.811
[GNN K3_r1.0] iter=920/1000 steps=243800 | pi=-0.0013 v=93.2012 ent=0.8164 ret=-1272.366 exp_var=0.843
[GNN K3_r1.0] iter=940/1000 steps=249100 | pi=-0.0011 v=89.2411 ent=0.8766 ret=-1274.730 exp_var=0.829
[GNN K3_r1.0] iter=960/1000 steps=254400 | pi=-0.0009 v=89.5190 ent=0.8813 ret=-1277.095 exp_var=0.833
[GNN K3_r1.0] iter=980/1000 steps=259700 | pi=-0.0008 v=86.7328 ent=0.8474 ret=-1271.500 exp_var=0.825
[GNN K3_r1.0] iter=1000/1000 steps=265000 | pi=-0.0008 v=88.4336 ent=0.8626 ret=-1279.858 exp_var=0.820
Saved plot: /home/ak565492/gnn_experiments/outputs/discrete/gc_gnn_K3_r1.0.png
Saved checkpoint: /home/ak565492/gnn_experiments/outputs/discrete/gc_gnn_K3_r1.0_final.pt

[GNN K3_r1.0] Final return: -1279.858
=============================
End time: Tue Apr 28 17:50:28 EDT 2026
=============================
