=============================
Job ID:       589158
Array Task:   3
Node:         evc10
GPU:          0
Start time:   Mon Apr 20 22:00:58 EDT 2026
=============================
Running: GNN-MAPPO K=3 r_comm=1.0 (Guided Coverage)
Using device: cuda
GPU: Tesla V100-PCIE-16GB
Env: Guided Coverage | 2S + 2I -> 3 zones | world=3.0

=== GNN-MAPPO | K=3, r_comm=1.0 (Guided Coverage) | device=cuda ===
[GNN K3_r1.0] iter=1/1000 steps=265 | pi=-0.0003 v=336.6982 ent=2.8621 ret=-767.890 exp_var=0.003
[GNN K3_r1.0] iter=20/1000 steps=5300 | pi=-0.0029 v=26.2214 ent=2.9443 ret=-421.630 exp_var=0.703
[GNN K3_r1.0] iter=40/1000 steps=10600 | pi=-0.0027 v=25.8056 ent=3.0804 ret=-409.815 exp_var=0.905
[GNN K3_r1.0] iter=60/1000 steps=15900 | pi=-0.0027 v=30.6937 ent=3.1596 ret=-416.271 exp_var=0.855
[GNN K3_r1.0] iter=80/1000 steps=21200 | pi=-0.0027 v=25.7358 ent=3.1804 ret=-406.587 exp_var=0.862
[GNN K3_r1.0] iter=100/1000 steps=26500 | pi=-0.0035 v=40.5489 ent=3.2219 ret=-484.404 exp_var=0.889
[GNN K3_r1.0] iter=120/1000 steps=31800 | pi=-0.0033 v=25.0948 ent=3.3169 ret=-420.428 exp_var=0.876
[GNN K3_r1.0] iter=140/1000 steps=37100 | pi=-0.0035 v=22.9466 ent=3.4025 ret=-402.403 exp_var=0.901
[GNN K3_r1.0] iter=160/1000 steps=42400 | pi=-0.0031 v=27.7312 ent=3.4712 ret=-411.415 exp_var=0.910
[GNN K3_r1.0] iter=180/1000 steps=47700 | pi=-0.0029 v=34.8043 ent=3.5690 ret=-472.954 exp_var=0.892
[GNN K3_r1.0] iter=200/1000 steps=53000 | pi=-0.0032 v=31.1726 ent=3.6230 ret=-430.708 exp_var=0.903
[GNN K3_r1.0] iter=220/1000 steps=58300 | pi=-0.0030 v=32.1604 ent=3.6610 ret=-454.884 exp_var=0.894
[GNN K3_r1.0] iter=240/1000 steps=63600 | pi=-0.0033 v=39.3887 ent=3.6904 ret=-497.213 exp_var=0.916
[GNN K3_r1.0] iter=260/1000 steps=68900 | pi=-0.0039 v=28.5252 ent=3.6909 ret=-419.596 exp_var=0.918
[GNN K3_r1.0] iter=280/1000 steps=74200 | pi=-0.0036 v=36.3365 ent=3.7189 ret=-461.042 exp_var=0.902
[GNN K3_r1.0] iter=300/1000 steps=79500 | pi=-0.0033 v=28.7290 ent=3.7436 ret=-432.528 exp_var=0.906
[GNN K3_r1.0] iter=320/1000 steps=84800 | pi=-0.0030 v=32.9928 ent=3.7631 ret=-465.355 exp_var=0.889
[GNN K3_r1.0] iter=340/1000 steps=90100 | pi=-0.0031 v=40.0259 ent=3.7784 ret=-471.923 exp_var=0.928
[GNN K3_r1.0] iter=360/1000 steps=95400 | pi=-0.0031 v=24.8422 ent=3.7904 ret=-408.934 exp_var=0.923
[GNN K3_r1.0] iter=380/1000 steps=100700 | pi=-0.0033 v=27.9855 ent=3.8121 ret=-425.872 exp_var=0.932
[GNN K3_r1.0] iter=400/1000 steps=106000 | pi=-0.0030 v=28.9853 ent=3.8242 ret=-425.817 exp_var=0.909
[GNN K3_r1.0] iter=420/1000 steps=111300 | pi=-0.0031 v=28.0130 ent=3.8260 ret=-434.169 exp_var=0.910
[GNN K3_r1.0] iter=440/1000 steps=116600 | pi=-0.0031 v=29.6241 ent=3.8346 ret=-426.553 exp_var=0.926
[GNN K3_r1.0] iter=460/1000 steps=121900 | pi=-0.0034 v=30.3957 ent=3.8361 ret=-428.342 exp_var=0.929
[GNN K3_r1.0] iter=480/1000 steps=127200 | pi=-0.0028 v=35.2336 ent=3.8343 ret=-442.517 exp_var=0.928
[GNN K3_r1.0] iter=500/1000 steps=132500 | pi=-0.0035 v=25.1700 ent=3.8324 ret=-424.776 exp_var=0.942
[GNN K3_r1.0] iter=520/1000 steps=137800 | pi=-0.0035 v=38.7680 ent=3.8374 ret=-439.247 exp_var=0.911
[GNN K3_r1.0] iter=540/1000 steps=143100 | pi=-0.0033 v=36.9852 ent=3.8374 ret=-415.898 exp_var=0.929
[GNN K3_r1.0] iter=560/1000 steps=148400 | pi=-0.0030 v=41.2020 ent=3.8375 ret=-433.371 exp_var=0.922
[GNN K3_r1.0] iter=580/1000 steps=153700 | pi=-0.0033 v=33.5512 ent=3.8375 ret=-416.068 exp_var=0.930
[GNN K3_r1.0] iter=600/1000 steps=159000 | pi=-0.0031 v=33.1893 ent=3.8375 ret=-420.880 exp_var=0.936
[GNN K3_r1.0] iter=620/1000 steps=164300 | pi=-0.0033 v=35.2561 ent=3.8368 ret=-412.306 exp_var=0.921
[GNN K3_r1.0] iter=640/1000 steps=169600 | pi=-0.0033 v=36.2394 ent=3.8369 ret=-427.891 exp_var=0.923
[GNN K3_r1.0] iter=660/1000 steps=174900 | pi=-0.0032 v=35.5146 ent=3.8370 ret=-421.314 exp_var=0.924
[GNN K3_r1.0] iter=680/1000 steps=180200 | pi=-0.0034 v=39.1755 ent=3.8374 ret=-423.659 exp_var=0.900
[GNN K3_r1.0] iter=700/1000 steps=185500 | pi=-0.0036 v=48.6560 ent=3.8343 ret=-450.815 exp_var=0.911
[GNN K3_r1.0] iter=720/1000 steps=190800 | pi=-0.0034 v=34.4636 ent=3.8335 ret=-436.584 exp_var=0.934
[GNN K3_r1.0] iter=740/1000 steps=196100 | pi=-0.0034 v=35.1412 ent=3.8369 ret=-428.898 exp_var=0.927
[GNN K3_r1.0] iter=760/1000 steps=201400 | pi=-0.0030 v=33.5965 ent=3.8377 ret=-429.654 exp_var=0.925
[GNN K3_r1.0] iter=780/1000 steps=206700 | pi=-0.0030 v=32.3699 ent=3.8377 ret=-428.091 exp_var=0.932
[GNN K3_r1.0] iter=800/1000 steps=212000 | pi=-0.0031 v=37.4308 ent=3.8370 ret=-435.380 exp_var=0.924
[GNN K3_r1.0] iter=820/1000 steps=217300 | pi=-0.0028 v=35.7675 ent=3.8377 ret=-448.253 exp_var=0.932
[GNN K3_r1.0] iter=840/1000 steps=222600 | pi=-0.0029 v=37.0757 ent=3.8378 ret=-450.221 exp_var=0.939
[GNN K3_r1.0] iter=860/1000 steps=227900 | pi=-0.0028 v=42.1359 ent=3.8378 ret=-436.988 exp_var=0.923
[GNN K3_r1.0] iter=880/1000 steps=233200 | pi=-0.0027 v=42.6891 ent=3.8376 ret=-438.479 exp_var=0.935
[GNN K3_r1.0] iter=900/1000 steps=238500 | pi=-0.0028 v=39.7516 ent=3.8377 ret=-442.137 exp_var=0.936
[GNN K3_r1.0] iter=920/1000 steps=243800 | pi=-0.0029 v=53.6267 ent=3.8378 ret=-460.419 exp_var=0.928
[GNN K3_r1.0] iter=940/1000 steps=249100 | pi=-0.0026 v=51.4593 ent=3.8378 ret=-488.566 exp_var=0.946
[GNN K3_r1.0] iter=960/1000 steps=254400 | pi=-0.0024 v=60.4318 ent=3.8378 ret=-503.410 exp_var=0.928
[GNN K3_r1.0] iter=980/1000 steps=259700 | pi=-0.0024 v=65.5593 ent=3.8378 ret=-543.899 exp_var=0.945
[GNN K3_r1.0] iter=1000/1000 steps=265000 | pi=-0.0028 v=70.5893 ent=3.8379 ret=-517.194 exp_var=0.928
Saved plot: /home/ak565492/gnn_experiments/outputs/guided_coverage/gc_gnn_K3_r1.0.png
Saved checkpoint: /home/ak565492/gnn_experiments/outputs/guided_coverage/gc_gnn_K3_r1.0_final.pt

[GNN K3_r1.0] Final return: -517.194
=============================
End time: Tue Apr 21 00:10:54 EDT 2026
=============================
