=============================
Job ID:       579987
Array Task:   4
Node:         evc10
GPU:          0
Start time:   Sun Apr  5 17:19:19 EDT 2026
=============================
Running: GNN-MAPPO K=3 r_comm=1.5 (Guided Coverage)
Using device: cuda
GPU: Tesla V100-PCIE-16GB
Env: Guided Coverage | 2S + 2I -> 3 zones | world=3.0

=== GNN-MAPPO | K=3, r_comm=1.5 (Guided Coverage) | device=cuda ===
[GNN K3_r1.5] iter=1/1000 steps=265 | pi=-0.0003 v=148.9418 ent=2.8528 ret=-12.232 exp_var=0.016
[GNN K3_r1.5] iter=20/1000 steps=5300 | pi=-0.0026 v=46.6081 ent=2.8661 ret=-4.778 exp_var=0.186
[GNN K3_r1.5] iter=40/1000 steps=10600 | pi=-0.0022 v=38.2694 ent=2.8050 ret=-4.677 exp_var=0.279
[GNN K3_r1.5] iter=60/1000 steps=15900 | pi=-0.0025 v=33.9522 ent=2.6836 ret=-4.774 exp_var=0.513
[GNN K3_r1.5] iter=80/1000 steps=21200 | pi=-0.0020 v=32.3336 ent=2.5416 ret=-4.862 exp_var=0.528
[GNN K3_r1.5] iter=100/1000 steps=26500 | pi=-0.0020 v=31.9692 ent=2.4220 ret=-5.033 exp_var=0.511
[GNN K3_r1.5] iter=120/1000 steps=31800 | pi=-0.0023 v=27.6387 ent=2.2870 ret=-4.962 exp_var=0.575
[GNN K3_r1.5] iter=140/1000 steps=37100 | pi=-0.0023 v=29.9842 ent=2.1295 ret=-5.273 exp_var=0.495
[GNN K3_r1.5] iter=160/1000 steps=42400 | pi=-0.0022 v=29.7066 ent=1.9627 ret=-5.416 exp_var=0.500
[GNN K3_r1.5] iter=180/1000 steps=47700 | pi=-0.0025 v=31.2009 ent=1.7868 ret=-5.645 exp_var=0.508
[GNN K3_r1.5] iter=200/1000 steps=53000 | pi=-0.0016 v=43.0843 ent=1.6031 ret=-6.373 exp_var=0.666
[GNN K3_r1.5] iter=220/1000 steps=58300 | pi=-0.0012 v=49.4232 ent=1.4116 ret=-6.939 exp_var=0.766
[GNN K3_r1.5] iter=240/1000 steps=63600 | pi=-0.0019 v=19.6221 ent=1.2998 ret=-5.504 exp_var=0.907
[GNN K3_r1.5] iter=260/1000 steps=68900 | pi=-0.0016 v=16.5329 ent=1.1868 ret=-5.348 exp_var=0.896
[GNN K3_r1.5] iter=280/1000 steps=74200 | pi=-0.0016 v=20.1346 ent=1.1804 ret=-5.681 exp_var=0.937
[GNN K3_r1.5] iter=300/1000 steps=79500 | pi=-0.0010 v=21.3205 ent=1.1996 ret=-5.789 exp_var=0.969
[GNN K3_r1.5] iter=320/1000 steps=84800 | pi=-0.0008 v=23.8342 ent=1.3954 ret=-5.588 exp_var=0.972
[GNN K3_r1.5] iter=340/1000 steps=90100 | pi=-0.0020 v=31.1780 ent=1.6420 ret=-5.674 exp_var=0.971
[GNN K3_r1.5] iter=360/1000 steps=95400 | pi=-0.0020 v=29.4523 ent=1.8567 ret=-5.794 exp_var=0.976
[GNN K3_r1.5] iter=380/1000 steps=100700 | pi=-0.0025 v=15.9099 ent=2.0127 ret=-5.370 exp_var=0.986
[GNN K3_r1.5] iter=400/1000 steps=106000 | pi=0.0047 v=12.9873 ent=2.1814 ret=-5.391 exp_var=0.987
[GNN K3_r1.5] iter=420/1000 steps=111300 | pi=-0.0016 v=10.9686 ent=2.3296 ret=-5.403 exp_var=0.988
[GNN K3_r1.5] iter=440/1000 steps=116600 | pi=-0.0017 v=10.3048 ent=2.4041 ret=-5.419 exp_var=0.988
[GNN K3_r1.5] iter=460/1000 steps=121900 | pi=0.0005 v=9.7028 ent=2.4470 ret=-5.459 exp_var=0.986
[GNN K3_r1.5] iter=480/1000 steps=127200 | pi=0.0027 v=10.9059 ent=2.4407 ret=-5.616 exp_var=0.983
[GNN K3_r1.5] iter=500/1000 steps=132500 | pi=-0.0023 v=8.3652 ent=2.4254 ret=-5.599 exp_var=0.984
[GNN K3_r1.5] iter=520/1000 steps=137800 | pi=-0.0023 v=9.0269 ent=2.2549 ret=-5.134 exp_var=0.972
[GNN K3_r1.5] iter=540/1000 steps=143100 | pi=-0.0028 v=7.5090 ent=1.9483 ret=-5.264 exp_var=0.974
[GNN K3_r1.5] iter=560/1000 steps=148400 | pi=-0.0033 v=6.6325 ent=1.6888 ret=-5.270 exp_var=0.972
[GNN K3_r1.5] iter=580/1000 steps=153700 | pi=-0.0047 v=5.4433 ent=1.6454 ret=-4.868 exp_var=0.970
[GNN K3_r1.5] iter=600/1000 steps=159000 | pi=-0.0026 v=5.7232 ent=1.6190 ret=-4.829 exp_var=0.963
[GNN K3_r1.5] iter=620/1000 steps=164300 | pi=-0.0006 v=6.6598 ent=1.6359 ret=-4.972 exp_var=0.946
[GNN K3_r1.5] iter=640/1000 steps=169600 | pi=-0.0026 v=5.7821 ent=1.5875 ret=-5.075 exp_var=0.948
[GNN K3_r1.5] iter=660/1000 steps=174900 | pi=-0.0037 v=7.7054 ent=1.5611 ret=-5.699 exp_var=0.947
[GNN K3_r1.5] iter=680/1000 steps=180200 | pi=-0.0041 v=8.2755 ent=1.5069 ret=-5.830 exp_var=0.949
[GNN K3_r1.5] iter=700/1000 steps=185500 | pi=-0.0027 v=9.7568 ent=1.5004 ret=-5.633 exp_var=0.943
[GNN K3_r1.5] iter=720/1000 steps=190800 | pi=0.0013 v=9.2312 ent=1.5538 ret=-5.513 exp_var=0.944
[GNN K3_r1.5] iter=740/1000 steps=196100 | pi=-0.0045 v=10.7235 ent=1.5979 ret=-5.474 exp_var=0.939
[GNN K3_r1.5] iter=760/1000 steps=201400 | pi=-0.0032 v=10.9986 ent=1.6405 ret=-5.437 exp_var=0.945
[GNN K3_r1.5] iter=780/1000 steps=206700 | pi=-0.0040 v=8.6301 ent=1.6630 ret=-5.035 exp_var=0.956
[GNN K3_r1.5] iter=800/1000 steps=212000 | pi=0.0010 v=9.0478 ent=1.6996 ret=-4.915 exp_var=0.958
[GNN K3_r1.5] iter=820/1000 steps=217300 | pi=-0.0018 v=7.3640 ent=1.7395 ret=-4.651 exp_var=0.965
[GNN K3_r1.5] iter=840/1000 steps=222600 | pi=-0.0007 v=6.9703 ent=1.7872 ret=-4.624 exp_var=0.967
[GNN K3_r1.5] iter=860/1000 steps=227900 | pi=-0.0006 v=6.5339 ent=1.8325 ret=-4.545 exp_var=0.966
[GNN K3_r1.5] iter=880/1000 steps=233200 | pi=0.0019 v=5.4786 ent=1.8370 ret=-4.493 exp_var=0.972
[GNN K3_r1.5] iter=900/1000 steps=238500 | pi=-0.0033 v=5.2051 ent=1.8498 ret=-4.439 exp_var=0.974
[GNN K3_r1.5] iter=920/1000 steps=243800 | pi=-0.0030 v=5.1858 ent=1.8438 ret=-4.387 exp_var=0.974
[GNN K3_r1.5] iter=940/1000 steps=249100 | pi=-0.0018 v=4.9457 ent=1.8403 ret=-4.263 exp_var=0.974
[GNN K3_r1.5] iter=960/1000 steps=254400 | pi=-0.0018 v=4.4072 ent=1.8476 ret=-4.249 exp_var=0.976
[GNN K3_r1.5] iter=980/1000 steps=259700 | pi=-0.0028 v=4.2732 ent=1.8774 ret=-4.302 exp_var=0.977
[GNN K3_r1.5] iter=1000/1000 steps=265000 | pi=-0.0030 v=5.2275 ent=1.9041 ret=-4.420 exp_var=0.975
Saved plot: /home/ak565492/gnn_experiments/outputs/guided_coverage/gc_gnn_K3_r1.5.png
Saved checkpoint: /home/ak565492/gnn_experiments/outputs/guided_coverage/gc_gnn_K3_r1.5_final.pt

[GNN K3_r1.5] Final return: -4.420
=============================
End time: Sun Apr  5 20:51:45 EDT 2026
=============================
