=============================
Job ID:       579982
Array Task:   6
Node:         evc11
GPU:          0
Start time:   Sun Apr  5 17:19:19 EDT 2026
=============================
Running: HetNet/MAHAC r_comm=1.5 (Guided Coverage)
Using device: cuda
GPU: Tesla V100-PCIE-32GB
Env: Guided Coverage | 2S + 2I -> 3 zones | world=3.0

=== HetNet/MAHAC | r_comm=1.5 (Guided Coverage) | device=cuda ===
[HetNet] iter=1/1000 steps=265/265000 | pi_s=-0.0004 pi_i=-0.0004 v=2.1156 ent_s=2.839 ent_i=2.839 ret=-3.096 ev_s_post=-0.001 ev_i_post=0.003 r_s=1.000 r_i=1.000 std_s=0.00 std_i=0.00
[HetNet] iter=20/1000 steps=5300/265000 | pi_s=-0.0001 pi_i=-0.0002 v=0.5076 ent_s=2.884 ent_i=2.880 ret=-2.524 ev_s_post=0.262 ev_i_post=0.270 r_s=1.000 r_i=1.000 std_s=0.02 std_i=0.02
[HetNet] iter=40/1000 steps=10600/265000 | pi_s=-0.0001 pi_i=-0.0002 v=0.4703 ent_s=2.929 ent_i=2.922 ret=-2.411 ev_s_post=0.291 ev_i_post=0.290 r_s=1.000 r_i=1.000 std_s=0.05 std_i=0.04
[HetNet] iter=60/1000 steps=15900/265000 | pi_s=-0.0001 pi_i=-0.0001 v=0.3288 ent_s=2.974 ent_i=2.965 ret=-2.176 ev_s_post=0.324 ev_i_post=0.322 r_s=1.000 r_i=1.000 std_s=0.07 std_i=0.06
[HetNet] iter=80/1000 steps=21200/265000 | pi_s=-0.0000 pi_i=-0.0002 v=0.3524 ent_s=3.019 ent_i=3.007 ret=-2.140 ev_s_post=0.350 ev_i_post=0.344 r_s=1.000 r_i=1.000 std_s=0.09 std_i=0.09
[HetNet] iter=100/1000 steps=26500/265000 | pi_s=-0.0002 pi_i=-0.0002 v=0.3400 ent_s=3.065 ent_i=3.056 ret=-1.941 ev_s_post=0.346 ev_i_post=0.344 r_s=1.000 r_i=1.000 std_s=0.11 std_i=0.11
[HetNet] iter=120/1000 steps=31800/265000 | pi_s=-0.0000 pi_i=-0.0003 v=0.3402 ent_s=3.109 ent_i=3.103 ret=-1.925 ev_s_post=0.365 ev_i_post=0.363 r_s=1.000 r_i=1.000 std_s=0.14 std_i=0.13
[HetNet] iter=140/1000 steps=37100/265000 | pi_s=-0.0002 pi_i=-0.0003 v=0.3146 ent_s=3.154 ent_i=3.151 ret=-1.883 ev_s_post=0.365 ev_i_post=0.364 r_s=1.000 r_i=1.000 std_s=0.16 std_i=0.16
[HetNet] iter=160/1000 steps=42400/265000 | pi_s=-0.0001 pi_i=-0.0003 v=0.2918 ent_s=3.194 ent_i=3.197 ret=-1.868 ev_s_post=0.365 ev_i_post=0.364 r_s=1.000 r_i=1.000 std_s=0.18 std_i=0.18
[HetNet] iter=180/1000 steps=47700/265000 | pi_s=-0.0001 pi_i=-0.0002 v=0.3043 ent_s=3.240 ent_i=3.245 ret=-1.945 ev_s_post=0.367 ev_i_post=0.367 r_s=1.000 r_i=1.000 std_s=0.20 std_i=0.20
[HetNet] iter=200/1000 steps=53000/265000 | pi_s=-0.0000 pi_i=-0.0003 v=0.3005 ent_s=3.284 ent_i=3.290 ret=-1.896 ev_s_post=0.370 ev_i_post=0.367 r_s=1.000 r_i=1.000 std_s=0.22 std_i=0.23
[HetNet] iter=220/1000 steps=58300/265000 | pi_s=-0.0001 pi_i=-0.0001 v=0.2809 ent_s=3.330 ent_i=3.332 ret=-1.840 ev_s_post=0.365 ev_i_post=0.367 r_s=1.000 r_i=1.000 std_s=0.25 std_i=0.25
[HetNet] iter=240/1000 steps=63600/265000 | pi_s=-0.0000 pi_i=-0.0004 v=0.2990 ent_s=3.373 ent_i=3.377 ret=-1.903 ev_s_post=0.365 ev_i_post=0.365 r_s=1.000 r_i=1.000 std_s=0.27 std_i=0.27
[HetNet] iter=260/1000 steps=68900/265000 | pi_s=-0.0001 pi_i=-0.0003 v=0.2946 ent_s=3.414 ent_i=3.420 ret=-1.870 ev_s_post=0.361 ev_i_post=0.358 r_s=1.000 r_i=1.000 std_s=0.29 std_i=0.29
[HetNet] iter=280/1000 steps=74200/265000 | pi_s=-0.0001 pi_i=-0.0002 v=0.2771 ent_s=3.458 ent_i=3.465 ret=-1.873 ev_s_post=0.377 ev_i_post=0.376 r_s=1.000 r_i=1.000 std_s=0.31 std_i=0.31
[HetNet] iter=300/1000 steps=79500/265000 | pi_s=-0.0002 pi_i=-0.0002 v=0.2573 ent_s=3.502 ent_i=3.512 ret=-1.917 ev_s_post=0.385 ev_i_post=0.387 r_s=1.000 r_i=1.000 std_s=0.33 std_i=0.34
[HetNet] iter=320/1000 steps=84800/265000 | pi_s=-0.0001 pi_i=-0.0001 v=0.3007 ent_s=3.546 ent_i=3.554 ret=-1.876 ev_s_post=0.363 ev_i_post=0.366 r_s=1.000 r_i=1.000 std_s=0.35 std_i=0.36
[HetNet] iter=340/1000 steps=90100/265000 | pi_s=-0.0001 pi_i=-0.0002 v=0.2964 ent_s=3.590 ent_i=3.601 ret=-1.927 ev_s_post=0.376 ev_i_post=0.376 r_s=1.000 r_i=1.000 std_s=0.38 std_i=0.38
[HetNet] iter=360/1000 steps=95400/265000 | pi_s=-0.0001 pi_i=-0.0004 v=0.3265 ent_s=3.632 ent_i=3.646 ret=-1.858 ev_s_post=0.359 ev_i_post=0.360 r_s=1.000 r_i=1.000 std_s=0.40 std_i=0.40
[HetNet] iter=380/1000 steps=100700/265000 | pi_s=-0.0001 pi_i=-0.0002 v=0.2804 ent_s=3.678 ent_i=3.687 ret=-1.937 ev_s_post=0.358 ev_i_post=0.355 r_s=1.000 r_i=1.000 std_s=0.42 std_i=0.43
[HetNet] iter=400/1000 steps=106000/265000 | pi_s=-0.0000 pi_i=-0.0002 v=0.3036 ent_s=3.721 ent_i=3.729 ret=-1.904 ev_s_post=0.371 ev_i_post=0.371 r_s=1.000 r_i=1.000 std_s=0.44 std_i=0.45
[HetNet] iter=420/1000 steps=111300/265000 | pi_s=-0.0001 pi_i=-0.0003 v=0.2813 ent_s=3.766 ent_i=3.775 ret=-1.898 ev_s_post=0.373 ev_i_post=0.374 r_s=1.000 r_i=1.000 std_s=0.46 std_i=0.47
