=============================
Job ID:       582057
Array Task:   4
Node:         evc47
GPU:          0
Start time:   Fri Apr 10 16:00:40 EDT 2026
=============================
Running: GNN-MAPPO K=3 r_comm=1.5 (Guided Coverage)
Using device: cuda
GPU: NVIDIA H100 PCIe
Env: Guided Coverage | 2S + 2I -> 3 zones | world=3.0

=== GNN-MAPPO | K=3, r_comm=1.5 (Guided Coverage) | device=cuda ===
[GNN K3_r1.5] iter=1/1000 steps=265 | pi=-0.0004 v=317.4982 ent=2.8302 ret=-12.262 exp_var=0.000
[GNN K3_r1.5] iter=20/1000 steps=5300 | pi=-0.0011 v=0.2053 ent=2.7471 ret=-5.876 exp_var=0.212
[GNN K3_r1.5] iter=40/1000 steps=10600 | pi=-0.0012 v=0.4954 ent=2.5630 ret=-6.415 exp_var=0.348
[GNN K3_r1.5] iter=60/1000 steps=15900 | pi=-0.0011 v=1.2798 ent=2.3168 ret=-10.539 exp_var=0.251
[GNN K3_r1.5] iter=80/1000 steps=21200 | pi=-0.0008 v=1.1941 ent=2.0306 ret=-9.363 exp_var=0.202
[GNN K3_r1.5] iter=100/1000 steps=26500 | pi=-0.0008 v=0.9873 ent=1.7922 ret=-8.618 exp_var=0.197
[GNN K3_r1.5] iter=120/1000 steps=31800 | pi=-0.0010 v=0.6327 ent=1.5395 ret=-8.270 exp_var=0.249
[GNN K3_r1.5] iter=140/1000 steps=37100 | pi=-0.0009 v=0.7889 ent=1.3239 ret=-8.438 exp_var=0.172
[GNN K3_r1.5] iter=160/1000 steps=42400 | pi=-0.0006 v=0.6257 ent=1.1027 ret=-7.343 exp_var=0.201
[GNN K3_r1.5] iter=180/1000 steps=47700 | pi=-0.0005 v=0.5639 ent=0.9024 ret=-6.902 exp_var=0.188
[GNN K3_r1.5] iter=200/1000 steps=53000 | pi=-0.0004 v=0.4862 ent=0.7169 ret=-6.659 exp_var=0.176
[GNN K3_r1.5] iter=220/1000 steps=58300 | pi=-0.0003 v=0.1516 ent=0.5564 ret=-5.325 exp_var=0.205
[GNN K3_r1.5] iter=240/1000 steps=63600 | pi=-0.0001 v=0.1616 ent=0.3760 ret=-5.566 exp_var=0.130
[GNN K3_r1.5] iter=260/1000 steps=68900 | pi=-0.0001 v=0.2128 ent=0.2208 ret=-5.794 exp_var=0.216
[GNN K3_r1.5] iter=280/1000 steps=74200 | pi=0.0000 v=0.2051 ent=0.0659 ret=-5.988 exp_var=0.367
[GNN K3_r1.5] iter=300/1000 steps=79500 | pi=-0.0000 v=0.2960 ent=-0.1127 ret=-6.542 exp_var=0.324
[GNN K3_r1.5] iter=320/1000 steps=84800 | pi=0.0001 v=0.8630 ent=-0.3229 ret=-9.180 exp_var=0.296
[GNN K3_r1.5] iter=340/1000 steps=90100 | pi=0.0004 v=0.6268 ent=-0.5588 ret=-15.127 exp_var=0.370
[GNN K3_r1.5] iter=360/1000 steps=95400 | pi=0.0006 v=0.3878 ent=-0.7954 ret=-15.818 exp_var=0.367
[GNN K3_r1.5] iter=380/1000 steps=100700 | pi=0.0004 v=0.3872 ent=-1.0202 ret=-15.789 exp_var=0.379
[GNN K3_r1.5] iter=400/1000 steps=106000 | pi=0.0006 v=0.3717 ent=-1.1948 ret=-15.781 exp_var=0.358
[GNN K3_r1.5] iter=420/1000 steps=111300 | pi=0.0006 v=0.3669 ent=-1.4129 ret=-15.809 exp_var=0.346
[GNN K3_r1.5] iter=440/1000 steps=116600 | pi=0.0009 v=0.3617 ent=-1.5971 ret=-15.672 exp_var=0.371
[GNN K3_r1.5] iter=460/1000 steps=121900 | pi=0.0008 v=0.3560 ent=-1.8280 ret=-15.764 exp_var=0.391
[GNN K3_r1.5] iter=480/1000 steps=127200 | pi=0.0009 v=0.3550 ent=-2.0291 ret=-15.968 exp_var=0.302
[GNN K3_r1.5] iter=500/1000 steps=132500 | pi=0.0012 v=0.3557 ent=-2.2250 ret=-15.961 exp_var=0.304
[GNN K3_r1.5] iter=520/1000 steps=137800 | pi=0.0010 v=0.3481 ent=-2.4131 ret=-15.989 exp_var=0.317
[GNN K3_r1.5] iter=540/1000 steps=143100 | pi=0.0011 v=0.3510 ent=-2.6038 ret=-15.956 exp_var=0.321
[GNN K3_r1.5] iter=560/1000 steps=148400 | pi=0.0012 v=0.3621 ent=-2.8003 ret=-15.717 exp_var=0.407
[GNN K3_r1.5] iter=580/1000 steps=153700 | pi=0.0015 v=0.3456 ent=-2.9960 ret=-16.060 exp_var=0.277
[GNN K3_r1.5] iter=600/1000 steps=159000 | pi=0.0012 v=0.3479 ent=-3.2122 ret=-16.021 exp_var=0.287
[GNN K3_r1.5] iter=620/1000 steps=164300 | pi=0.0012 v=0.3474 ent=-3.4264 ret=-16.019 exp_var=0.292
[GNN K3_r1.5] iter=640/1000 steps=169600 | pi=0.0014 v=0.3449 ent=-3.6535 ret=-15.996 exp_var=0.302
[GNN K3_r1.5] iter=660/1000 steps=174900 | pi=0.0016 v=0.3454 ent=-3.8391 ret=-16.003 exp_var=0.299
[GNN K3_r1.5] iter=680/1000 steps=180200 | pi=0.0016 v=0.3477 ent=-4.0556 ret=-16.092 exp_var=0.263
[GNN K3_r1.5] iter=700/1000 steps=185500 | pi=0.0017 v=0.3450 ent=-4.2698 ret=-15.985 exp_var=0.307
[GNN K3_r1.5] iter=720/1000 steps=190800 | pi=0.0018 v=0.3439 ent=-4.4619 ret=-16.050 exp_var=0.278
[GNN K3_r1.5] iter=740/1000 steps=196100 | pi=0.0018 v=0.3469 ent=-4.6399 ret=-16.042 exp_var=0.272
[GNN K3_r1.5] iter=760/1000 steps=201400 | pi=0.0019 v=0.3499 ent=-4.8436 ret=-16.098 exp_var=0.246
[GNN K3_r1.5] iter=780/1000 steps=206700 | pi=0.0020 v=0.3406 ent=-5.0381 ret=-16.161 exp_var=0.252
[GNN K3_r1.5] iter=800/1000 steps=212000 | pi=0.0018 v=0.3374 ent=-5.2456 ret=-16.237 exp_var=0.248
[GNN K3_r1.5] iter=820/1000 steps=217300 | pi=0.0019 v=0.3345 ent=-5.4302 ret=-16.245 exp_var=0.248
[GNN K3_r1.5] iter=840/1000 steps=222600 | pi=0.0022 v=0.3330 ent=-5.6036 ret=-16.242 exp_var=0.249
[GNN K3_r1.5] iter=860/1000 steps=227900 | pi=0.0016 v=0.3339 ent=-5.7793 ret=-16.243 exp_var=0.249
[GNN K3_r1.5] iter=880/1000 steps=233200 | pi=0.0017 v=0.3322 ent=-5.9571 ret=-16.248 exp_var=0.252
[GNN K3_r1.5] iter=900/1000 steps=238500 | pi=0.0017 v=0.3326 ent=-6.1066 ret=-16.205 exp_var=0.268
[GNN K3_r1.5] iter=920/1000 steps=243800 | pi=0.0012 v=0.3313 ent=-6.2498 ret=-16.152 exp_var=0.292
[GNN K3_r1.5] iter=940/1000 steps=249100 | pi=0.0010 v=0.3312 ent=-6.3766 ret=-16.160 exp_var=0.293
[GNN K3_r1.5] iter=960/1000 steps=254400 | pi=0.0007 v=0.3288 ent=-6.4549 ret=-16.162 exp_var=0.287
[GNN K3_r1.5] iter=980/1000 steps=259700 | pi=0.0007 v=0.3294 ent=-6.4763 ret=-16.131 exp_var=0.294
[GNN K3_r1.5] iter=1000/1000 steps=265000 | pi=0.0008 v=0.3304 ent=-6.5065 ret=-16.125 exp_var=0.297
Saved plot: /home/ak565492/gnn_experiments/outputs/guided_coverage/gc_gnn_K3_r1.5.png
Saved checkpoint: /home/ak565492/gnn_experiments/outputs/guided_coverage/gc_gnn_K3_r1.5_final.pt

[GNN K3_r1.5] Final return: -16.125
=============================
End time: Fri Apr 10 18:07:57 EDT 2026
=============================
