=============================
Job ID:       589159
Array Task:   4
Node:         evc48
GPU:          0
Start time:   Mon Apr 20 22:00:58 EDT 2026
=============================
Running: GNN-MAPPO K=3 r_comm=1.5 (Guided Coverage)
Using device: cuda
GPU: NVIDIA H100 PCIe
Env: Guided Coverage | 2S + 2I -> 3 zones | world=3.0

=== GNN-MAPPO | K=3, r_comm=1.5 (Guided Coverage) | device=cuda ===
[GNN K3_r1.5] iter=1/1000 steps=265 | pi=-0.0004 v=336.6823 ent=2.8607 ret=-767.792 exp_var=0.003
[GNN K3_r1.5] iter=20/1000 steps=5300 | pi=-0.0029 v=26.6383 ent=2.9633 ret=-428.361 exp_var=0.702
[GNN K3_r1.5] iter=40/1000 steps=10600 | pi=-0.0026 v=18.6506 ent=3.0892 ret=-377.904 exp_var=0.840
[GNN K3_r1.5] iter=60/1000 steps=15900 | pi=-0.0026 v=26.5303 ent=3.1650 ret=-392.763 exp_var=0.851
[GNN K3_r1.5] iter=80/1000 steps=21200 | pi=-0.0025 v=18.9094 ent=3.3446 ret=-371.829 exp_var=0.910
[GNN K3_r1.5] iter=100/1000 steps=26500 | pi=-0.0021 v=21.6978 ent=3.3951 ret=-374.758 exp_var=0.920
[GNN K3_r1.5] iter=120/1000 steps=31800 | pi=-0.0025 v=29.1558 ent=3.5108 ret=-396.366 exp_var=0.917
[GNN K3_r1.5] iter=140/1000 steps=37100 | pi=-0.0022 v=23.5782 ent=3.5288 ret=-400.755 exp_var=0.928
[GNN K3_r1.5] iter=160/1000 steps=42400 | pi=-0.0023 v=22.9557 ent=3.5945 ret=-392.572 exp_var=0.922
[GNN K3_r1.5] iter=180/1000 steps=47700 | pi=-0.0027 v=22.0151 ent=3.6740 ret=-382.859 exp_var=0.918
[GNN K3_r1.5] iter=200/1000 steps=53000 | pi=-0.0027 v=23.7597 ent=3.7776 ret=-380.009 exp_var=0.920
[GNN K3_r1.5] iter=220/1000 steps=58300 | pi=-0.0025 v=25.4028 ent=3.8298 ret=-395.403 exp_var=0.965
[GNN K3_r1.5] iter=240/1000 steps=63600 | pi=-0.0028 v=20.1778 ent=3.8349 ret=-393.426 exp_var=0.941
[GNN K3_r1.5] iter=260/1000 steps=68900 | pi=-0.0025 v=21.0852 ent=3.8320 ret=-392.116 exp_var=0.936
[GNN K3_r1.5] iter=280/1000 steps=74200 | pi=-0.0023 v=23.4135 ent=3.8374 ret=-411.133 exp_var=0.959
[GNN K3_r1.5] iter=300/1000 steps=79500 | pi=-0.0022 v=26.8799 ent=3.8367 ret=-413.674 exp_var=0.968
[GNN K3_r1.5] iter=320/1000 steps=84800 | pi=-0.0027 v=21.9944 ent=3.8355 ret=-399.010 exp_var=0.943
[GNN K3_r1.5] iter=340/1000 steps=90100 | pi=-0.0027 v=21.3745 ent=3.8373 ret=-410.683 exp_var=0.946
[GNN K3_r1.5] iter=360/1000 steps=95400 | pi=-0.0027 v=25.2529 ent=3.8356 ret=-417.011 exp_var=0.944
[GNN K3_r1.5] iter=380/1000 steps=100700 | pi=-0.0025 v=21.4513 ent=3.8368 ret=-411.192 exp_var=0.947
[GNN K3_r1.5] iter=400/1000 steps=106000 | pi=-0.0023 v=29.2724 ent=3.8375 ret=-416.984 exp_var=0.932
[GNN K3_r1.5] iter=420/1000 steps=111300 | pi=-0.0030 v=28.5337 ent=3.8372 ret=-422.104 exp_var=0.933
[GNN K3_r1.5] iter=440/1000 steps=116600 | pi=-0.0030 v=24.8881 ent=3.8370 ret=-418.694 exp_var=0.940
[GNN K3_r1.5] iter=460/1000 steps=121900 | pi=-0.0029 v=24.2385 ent=3.8370 ret=-424.987 exp_var=0.943
[GNN K3_r1.5] iter=480/1000 steps=127200 | pi=-0.0026 v=24.6187 ent=3.8371 ret=-435.618 exp_var=0.951
[GNN K3_r1.5] iter=500/1000 steps=132500 | pi=-0.0032 v=26.5463 ent=3.8370 ret=-438.737 exp_var=0.941
[GNN K3_r1.5] iter=520/1000 steps=137800 | pi=-0.0028 v=22.4274 ent=3.8349 ret=-437.648 exp_var=0.942
[GNN K3_r1.5] iter=540/1000 steps=143100 | pi=-0.0027 v=21.9825 ent=3.8367 ret=-431.121 exp_var=0.945
[GNN K3_r1.5] iter=560/1000 steps=148400 | pi=-0.0027 v=24.1295 ent=3.8304 ret=-426.980 exp_var=0.941
[GNN K3_r1.5] iter=580/1000 steps=153700 | pi=-0.0028 v=22.9013 ent=3.8373 ret=-424.695 exp_var=0.946
[GNN K3_r1.5] iter=600/1000 steps=159000 | pi=-0.0028 v=23.0377 ent=3.8372 ret=-423.206 exp_var=0.942
[GNN K3_r1.5] iter=620/1000 steps=164300 | pi=-0.0033 v=27.1235 ent=3.8374 ret=-427.099 exp_var=0.938
[GNN K3_r1.5] iter=640/1000 steps=169600 | pi=-0.0029 v=37.1596 ent=3.8374 ret=-438.851 exp_var=0.926
[GNN K3_r1.5] iter=660/1000 steps=174900 | pi=-0.0030 v=31.6189 ent=3.8377 ret=-430.713 exp_var=0.936
[GNN K3_r1.5] iter=680/1000 steps=180200 | pi=-0.0029 v=28.6458 ent=3.8372 ret=-430.803 exp_var=0.943
[GNN K3_r1.5] iter=700/1000 steps=185500 | pi=-0.0026 v=22.3978 ent=3.8366 ret=-428.560 exp_var=0.954
[GNN K3_r1.5] iter=720/1000 steps=190800 | pi=-0.0030 v=22.8665 ent=3.8372 ret=-410.336 exp_var=0.938
[GNN K3_r1.5] iter=740/1000 steps=196100 | pi=-0.0031 v=25.1761 ent=3.8362 ret=-412.805 exp_var=0.916
[GNN K3_r1.5] iter=760/1000 steps=201400 | pi=-0.0027 v=28.9958 ent=3.8377 ret=-430.848 exp_var=0.929
[GNN K3_r1.5] iter=780/1000 steps=206700 | pi=-0.0032 v=34.3750 ent=3.8362 ret=-433.171 exp_var=0.922
[GNN K3_r1.5] iter=800/1000 steps=212000 | pi=-0.0030 v=27.4600 ent=3.8356 ret=-428.503 exp_var=0.927
[GNN K3_r1.5] iter=820/1000 steps=217300 | pi=-0.0027 v=31.0121 ent=3.8370 ret=-442.233 exp_var=0.925
[GNN K3_r1.5] iter=840/1000 steps=222600 | pi=-0.0029 v=30.3399 ent=3.8376 ret=-440.429 exp_var=0.935
[GNN K3_r1.5] iter=860/1000 steps=227900 | pi=-0.0028 v=27.2406 ent=3.8377 ret=-428.316 exp_var=0.932
[GNN K3_r1.5] iter=880/1000 steps=233200 | pi=-0.0028 v=29.5782 ent=3.8374 ret=-427.335 exp_var=0.921
[GNN K3_r1.5] iter=900/1000 steps=238500 | pi=-0.0026 v=26.3835 ent=3.8377 ret=-425.161 exp_var=0.917
[GNN K3_r1.5] iter=920/1000 steps=243800 | pi=-0.0026 v=29.7681 ent=3.8376 ret=-443.251 exp_var=0.917
[GNN K3_r1.5] iter=940/1000 steps=249100 | pi=-0.0022 v=30.1520 ent=3.8377 ret=-454.239 exp_var=0.918
[GNN K3_r1.5] iter=960/1000 steps=254400 | pi=-0.0019 v=29.1638 ent=3.8379 ret=-450.666 exp_var=0.925
[GNN K3_r1.5] iter=980/1000 steps=259700 | pi=-0.0025 v=30.2132 ent=3.8378 ret=-437.269 exp_var=0.912
[GNN K3_r1.5] iter=1000/1000 steps=265000 | pi=-0.0021 v=24.9191 ent=3.8378 ret=-429.823 exp_var=0.916
Saved plot: /home/ak565492/gnn_experiments/outputs/guided_coverage/gc_gnn_K3_r1.5.png
Saved checkpoint: /home/ak565492/gnn_experiments/outputs/guided_coverage/gc_gnn_K3_r1.5_final.pt

[GNN K3_r1.5] Final return: -429.823
=============================
End time: Mon Apr 20 23:51:46 EDT 2026
=============================
