=============================
Job ID:       579988
Array Task:   5
Node:         evc10
GPU:          0
Start time:   Sun Apr  5 17:19:19 EDT 2026
=============================
Running: HetNet/MAHAC r_comm=1.0 (Guided Coverage)
Using device: cuda
GPU: Tesla V100-PCIE-16GB
Env: Guided Coverage | 2S + 2I -> 3 zones | world=3.0

=== HetNet/MAHAC | r_comm=1.0 (Guided Coverage) | device=cuda ===
[HetNet] iter=1/1000 steps=265/265000 | pi_s=-0.0003 pi_i=-0.0003 v=2.1253 ent_s=2.839 ent_i=2.839 ret=-3.078 ev_s_post=-0.003 ev_i_post=0.004 r_s=1.000 r_i=1.000 std_s=0.00 std_i=0.00
[HetNet] iter=20/1000 steps=5300/265000 | pi_s=-0.0000 pi_i=-0.0002 v=0.5944 ent_s=2.884 ent_i=2.880 ret=-2.377 ev_s_post=0.243 ev_i_post=0.253 r_s=1.000 r_i=1.000 std_s=0.02 std_i=0.02
[HetNet] iter=40/1000 steps=10600/265000 | pi_s=-0.0001 pi_i=-0.0002 v=0.4282 ent_s=2.929 ent_i=2.924 ret=-2.250 ev_s_post=0.297 ev_i_post=0.295 r_s=1.000 r_i=1.000 std_s=0.05 std_i=0.04
[HetNet] iter=60/1000 steps=15900/265000 | pi_s=-0.0001 pi_i=-0.0001 v=0.3331 ent_s=2.974 ent_i=2.967 ret=-2.108 ev_s_post=0.323 ev_i_post=0.318 r_s=1.000 r_i=1.000 std_s=0.07 std_i=0.07
[HetNet] iter=80/1000 steps=21200/265000 | pi_s=0.0000 pi_i=-0.0002 v=0.3447 ent_s=3.018 ent_i=3.011 ret=-2.149 ev_s_post=0.339 ev_i_post=0.340 r_s=1.000 r_i=1.000 std_s=0.09 std_i=0.09
[HetNet] iter=100/1000 steps=26500/265000 | pi_s=-0.0001 pi_i=-0.0002 v=0.3333 ent_s=3.064 ent_i=3.058 ret=-2.031 ev_s_post=0.343 ev_i_post=0.343 r_s=1.000 r_i=1.000 std_s=0.11 std_i=0.11
[HetNet] iter=120/1000 steps=31800/265000 | pi_s=-0.0001 pi_i=-0.0002 v=0.3308 ent_s=3.108 ent_i=3.106 ret=-2.025 ev_s_post=0.358 ev_i_post=0.356 r_s=1.000 r_i=1.000 std_s=0.14 std_i=0.13
[HetNet] iter=140/1000 steps=37100/265000 | pi_s=-0.0001 pi_i=-0.0003 v=0.3213 ent_s=3.153 ent_i=3.154 ret=-1.953 ev_s_post=0.354 ev_i_post=0.354 r_s=1.000 r_i=1.000 std_s=0.16 std_i=0.16
[HetNet] iter=160/1000 steps=42400/265000 | pi_s=-0.0001 pi_i=-0.0003 v=0.3150 ent_s=3.193 ent_i=3.200 ret=-1.930 ev_s_post=0.369 ev_i_post=0.365 r_s=1.000 r_i=1.000 std_s=0.18 std_i=0.18
[HetNet] iter=180/1000 steps=47700/265000 | pi_s=-0.0001 pi_i=-0.0002 v=0.2914 ent_s=3.239 ent_i=3.247 ret=-1.997 ev_s_post=0.365 ev_i_post=0.367 r_s=1.000 r_i=1.000 std_s=0.20 std_i=0.21
[HetNet] iter=200/1000 steps=53000/265000 | pi_s=-0.0000 pi_i=-0.0002 v=0.3009 ent_s=3.283 ent_i=3.292 ret=-1.957 ev_s_post=0.371 ev_i_post=0.370 r_s=1.000 r_i=1.000 std_s=0.22 std_i=0.23
[HetNet] iter=220/1000 steps=58300/265000 | pi_s=-0.0001 pi_i=-0.0002 v=0.2863 ent_s=3.328 ent_i=3.333 ret=-1.893 ev_s_post=0.361 ev_i_post=0.361 r_s=1.000 r_i=1.000 std_s=0.25 std_i=0.25
[HetNet] iter=240/1000 steps=63600/265000 | pi_s=-0.0000 pi_i=-0.0004 v=0.2888 ent_s=3.368 ent_i=3.376 ret=-2.008 ev_s_post=0.352 ev_i_post=0.354 r_s=1.000 r_i=1.000 std_s=0.27 std_i=0.27
[HetNet] iter=260/1000 steps=68900/265000 | pi_s=-0.0001 pi_i=-0.0002 v=0.2870 ent_s=3.410 ent_i=3.418 ret=-1.940 ev_s_post=0.360 ev_i_post=0.360 r_s=1.000 r_i=1.000 std_s=0.29 std_i=0.29
[HetNet] iter=280/1000 steps=74200/265000 | pi_s=-0.0000 pi_i=-0.0003 v=0.2836 ent_s=3.454 ent_i=3.462 ret=-1.962 ev_s_post=0.369 ev_i_post=0.368 r_s=1.000 r_i=1.000 std_s=0.31 std_i=0.31
[HetNet] iter=300/1000 steps=79500/265000 | pi_s=-0.0000 pi_i=-0.0001 v=0.2626 ent_s=3.498 ent_i=3.505 ret=-1.990 ev_s_post=0.378 ev_i_post=0.378 r_s=1.000 r_i=1.000 std_s=0.33 std_i=0.33
[HetNet] iter=320/1000 steps=84800/265000 | pi_s=-0.0000 pi_i=-0.0003 v=0.3055 ent_s=3.542 ent_i=3.546 ret=-1.956 ev_s_post=0.363 ev_i_post=0.365 r_s=1.000 r_i=1.000 std_s=0.35 std_i=0.35
[HetNet] iter=340/1000 steps=90100/265000 | pi_s=-0.0001 pi_i=-0.0003 v=0.2936 ent_s=3.585 ent_i=3.593 ret=-1.981 ev_s_post=0.361 ev_i_post=0.364 r_s=1.000 r_i=1.000 std_s=0.37 std_i=0.38
[HetNet] iter=360/1000 steps=95400/265000 | pi_s=-0.0001 pi_i=-0.0004 v=0.3186 ent_s=3.629 ent_i=3.639 ret=-1.889 ev_s_post=0.361 ev_i_post=0.364 r_s=1.000 r_i=1.000 std_s=0.40 std_i=0.40
[HetNet] iter=380/1000 steps=100700/265000 | pi_s=-0.0001 pi_i=-0.0001 v=0.2787 ent_s=3.675 ent_i=3.679 ret=-1.966 ev_s_post=0.359 ev_i_post=0.356 r_s=1.000 r_i=1.000 std_s=0.42 std_i=0.42
[HetNet] iter=400/1000 steps=106000/265000 | pi_s=-0.0000 pi_i=-0.0002 v=0.3054 ent_s=3.718 ent_i=3.722 ret=-1.945 ev_s_post=0.354 ev_i_post=0.359 r_s=1.000 r_i=1.000 std_s=0.44 std_i=0.44
