=============================
Job ID:       579983
Array Task:   0
Node:         evc6
GPU:          0
Start time:   Sun Apr  5 17:19:19 EDT 2026
=============================
Running: IPPO baseline (Guided Coverage)
Using device: cuda
GPU: Tesla V100-PCIE-16GB
Env: Guided Coverage | 2S + 2I -> 3 zones | world=3.0

=== IPPO baseline (Guided Coverage) | 256 envs | device=cuda ===
[IPPO] iter=1 steps=265/265000 | pi=-0.0006 v=148.7763 ent=2.8481 ret=-506.009 exp_var=0.003
[IPPO] iter=20 steps=5300/265000 | pi=-0.0010 v=58.7809 ent=2.8791 ret=-7157.242 exp_var=0.174
[IPPO] iter=40 steps=10600/265000 | pi=-0.0013 v=82.1895 ent=2.8064 ret=-14487.068 exp_var=0.342
[IPPO] iter=60 steps=15900/265000 | pi=-0.0013 v=94.4116 ent=2.7599 ret=-23404.686 exp_var=0.503
[IPPO] iter=80 steps=21200/265000 | pi=0.0149 v=51.4529 ent=2.7105 ret=-31679.781 exp_var=0.606
[IPPO] iter=100 steps=26500/265000 | pi=-0.0012 v=49.2043 ent=2.6155 ret=-39750.203 exp_var=0.630
[IPPO] iter=120 steps=31800/265000 | pi=-0.0016 v=34.9158 ent=2.4601 ret=-47361.914 exp_var=0.749
[IPPO] iter=140 steps=37100/265000 | pi=-0.0013 v=30.8568 ent=2.3569 ret=-54841.215 exp_var=0.756
[IPPO] iter=160 steps=42400/265000 | pi=-0.0015 v=37.0901 ent=2.2753 ret=-62705.445 exp_var=0.747
[IPPO] iter=180 steps=47700/265000 | pi=-0.0014 v=42.7478 ent=2.1867 ret=-70652.953 exp_var=0.724
[IPPO] iter=200 steps=53000/265000 | pi=-0.0014 v=26.2555 ent=2.1191 ret=-78397.414 exp_var=0.824
[IPPO] iter=220 steps=58300/265000 | pi=-0.0013 v=24.0190 ent=2.0219 ret=-86088.305 exp_var=0.769
[IPPO] iter=240 steps=63600/265000 | pi=-0.0010 v=23.9973 ent=1.9472 ret=-93769.938 exp_var=0.753
[IPPO] iter=260 steps=68900/265000 | pi=-0.0012 v=31.1019 ent=1.8493 ret=-102160.234 exp_var=0.738
[IPPO] iter=280 steps=74200/265000 | pi=-0.0011 v=31.5822 ent=1.7224 ret=-110709.367 exp_var=0.734
[IPPO] iter=300 steps=79500/265000 | pi=-0.0009 v=28.2375 ent=1.6408 ret=-119432.750 exp_var=0.777
[IPPO] iter=320 steps=84800/265000 | pi=-0.0009 v=28.8994 ent=1.6003 ret=-128314.492 exp_var=0.805
[IPPO] iter=340 steps=90100/265000 | pi=-0.0009 v=30.4034 ent=1.5630 ret=-137427.719 exp_var=0.816
[IPPO] iter=360 steps=95400/265000 | pi=-0.0009 v=25.1717 ent=1.4885 ret=-146467.484 exp_var=0.837
[IPPO] iter=380 steps=100700/265000 | pi=-0.0010 v=22.0415 ent=1.4234 ret=-155297.000 exp_var=0.832
[IPPO] iter=400 steps=106000/265000 | pi=-0.0010 v=22.9470 ent=1.3643 ret=-164179.969 exp_var=0.853
[IPPO] iter=420 steps=111300/265000 | pi=-0.0014 v=29.6674 ent=1.3238 ret=-173441.406 exp_var=0.850
[IPPO] iter=440 steps=116600/265000 | pi=-0.0011 v=21.7242 ent=1.2954 ret=-182632.406 exp_var=0.892
[IPPO] iter=460 steps=121900/265000 | pi=-0.0009 v=27.7595 ent=1.2647 ret=-192045.188 exp_var=0.891
[IPPO] iter=480 steps=127200/265000 | pi=-0.0012 v=18.4538 ent=1.2767 ret=-201383.125 exp_var=0.912
[IPPO] iter=500 steps=132500/265000 | pi=-0.0015 v=13.4518 ent=1.2670 ret=-210189.047 exp_var=0.927
[IPPO] iter=520 steps=137800/265000 | pi=-0.0013 v=13.5409 ent=1.3817 ret=-218091.734 exp_var=0.935
[IPPO] iter=540 steps=143100/265000 | pi=-0.0015 v=17.5117 ent=1.4363 ret=-226018.391 exp_var=0.926
[IPPO] iter=560 steps=148400/265000 | pi=-0.0014 v=19.6877 ent=1.3991 ret=-234264.062 exp_var=0.931
[IPPO] iter=580 steps=153700/265000 | pi=-0.0010 v=16.2647 ent=1.3364 ret=-242699.031 exp_var=0.948
[IPPO] iter=600 steps=159000/265000 | pi=-0.0023 v=25.6342 ent=1.3049 ret=-251237.594 exp_var=0.923
[IPPO] iter=620 steps=164300/265000 | pi=-0.0007 v=20.6237 ent=1.2892 ret=-259864.906 exp_var=0.950
[IPPO] iter=640 steps=169600/265000 | pi=-0.0012 v=17.3027 ent=1.2955 ret=-268464.562 exp_var=0.960
[IPPO] iter=660 steps=174900/265000 | pi=-0.0008 v=16.9757 ent=1.3390 ret=-276315.156 exp_var=0.955
[IPPO] iter=680 steps=180200/265000 | pi=-0.0015 v=13.2135 ent=1.3884 ret=-283905.688 exp_var=0.962
[IPPO] iter=700 steps=185500/265000 | pi=-0.0007 v=15.4756 ent=1.4371 ret=-291504.250 exp_var=0.973
[IPPO] iter=720 steps=190800/265000 | pi=-0.0011 v=13.0009 ent=1.4624 ret=-299256.875 exp_var=0.974
[IPPO] iter=740 steps=196100/265000 | pi=-0.0006 v=11.8024 ent=1.4838 ret=-307065.500 exp_var=0.977
[IPPO] iter=760 steps=201400/265000 | pi=-0.0019 v=14.1811 ent=1.5638 ret=-314873.781 exp_var=0.966
[IPPO] iter=780 steps=206700/265000 | pi=-0.0011 v=11.1441 ent=1.6586 ret=-322355.625 exp_var=0.969
[IPPO] iter=800 steps=212000/265000 | pi=-0.0013 v=14.6231 ent=1.7855 ret=-329769.688 exp_var=0.966
[IPPO] iter=820 steps=217300/265000 | pi=-0.0004 v=30.2950 ent=1.8349 ret=-338825.875 exp_var=0.966
[IPPO] iter=840 steps=222600/265000 | pi=-0.0024 v=21.1896 ent=1.8186 ret=-348567.875 exp_var=0.970
[IPPO] iter=860 steps=227900/265000 | pi=-0.0003 v=15.8296 ent=1.7866 ret=-356248.000 exp_var=0.974
[IPPO] iter=880 steps=233200/265000 | pi=-0.0015 v=17.1531 ent=1.7425 ret=-363981.500 exp_var=0.970
[IPPO] iter=900 steps=238500/265000 | pi=-0.0013 v=19.4827 ent=1.8107 ret=-370892.031 exp_var=0.967
[IPPO] iter=920 steps=243800/265000 | pi=-0.0021 v=14.7456 ent=1.8292 ret=-377641.812 exp_var=0.965
[IPPO] iter=940 steps=249100/265000 | pi=-0.0027 v=14.0074 ent=1.7575 ret=-384439.438 exp_var=0.956
[IPPO] iter=960 steps=254400/265000 | pi=-0.0027 v=12.6483 ent=1.6985 ret=-391271.906 exp_var=0.960
[IPPO] iter=980 steps=259700/265000 | pi=-0.0020 v=13.7410 ent=1.6733 ret=-398140.969 exp_var=0.961
[IPPO] iter=1000 steps=265000/265000 | pi=-0.0012 v=12.9569 ent=1.6259 ret=-405105.875 exp_var=0.960
Saved plot: /home/ak565492/gnn_experiments/outputs/guided_coverage/gc_ippo.png
Saved checkpoint: /home/ak565492/gnn_experiments/outputs/guided_coverage/gc_ippo_final.pt

[IPPO] Final Return:-405105.875
=============================
End time: Sun Apr  5 20:11:13 EDT 2026
=============================
