=============================
Job ID:       581213
Array Task:   6
Node:         evc31
GPU:          0
Start time:   Wed Apr  8 00:04:05 EDT 2026
=============================
Running: HetNet/MAHAC r_comm=1.5 (Guided Coverage)
Using device: cuda
GPU: NVIDIA H100 PCIe
Env: Guided Coverage | 2S + 2I -> 3 zones | world=3.0

=== HetNet/MAHAC | r_comm=1.5 (Guided Coverage) | device=cuda ===
[HetNet] iter=1/1000 steps=265/265000 | pi_s=-0.0004 pi_i=-0.0004 v=2.1146 ent_s=2.837 ent_i=2.839 ret=-3.096 ev_s_post=-0.000 ev_i_post=0.001 r_s=1.000 r_i=1.000 std_s=-0.00 std_i=0.00
[HetNet] iter=20/1000 steps=5300/265000 | pi_s=-0.0001 pi_i=-0.0002 v=0.5575 ent_s=2.853 ent_i=2.862 ret=-2.364 ev_s_post=0.113 ev_i_post=0.114 r_s=1.000 r_i=1.000 std_s=0.01 std_i=0.01
[HetNet] iter=40/1000 steps=10600/265000 | pi_s=-0.0001 pi_i=-0.0002 v=0.4787 ent_s=2.868 ent_i=2.876 ret=-2.233 ev_s_post=0.128 ev_i_post=0.126 r_s=1.000 r_i=1.000 std_s=0.02 std_i=0.02
[HetNet] iter=60/1000 steps=15900/265000 | pi_s=-0.0001 pi_i=-0.0001 v=0.3519 ent_s=2.888 ent_i=2.892 ret=-2.257 ev_s_post=0.138 ev_i_post=0.138 r_s=1.000 r_i=1.000 std_s=0.03 std_i=0.03
[HetNet] iter=80/1000 steps=21200/265000 | pi_s=-0.0001 pi_i=-0.0003 v=0.3473 ent_s=2.904 ent_i=2.902 ret=-2.133 ev_s_post=0.155 ev_i_post=0.150 r_s=1.000 r_i=1.000 std_s=0.03 std_i=0.03
[HetNet] iter=100/1000 steps=26500/265000 | pi_s=-0.0001 pi_i=-0.0002 v=0.3611 ent_s=2.926 ent_i=2.930 ret=-2.000 ev_s_post=0.155 ev_i_post=0.151 r_s=1.000 r_i=1.000 std_s=0.04 std_i=0.05
[HetNet] iter=120/1000 steps=31800/265000 | pi_s=-0.0001 pi_i=-0.0002 v=0.3243 ent_s=2.946 ent_i=2.954 ret=-2.057 ev_s_post=0.167 ev_i_post=0.164 r_s=1.000 r_i=1.000 std_s=0.05 std_i=0.06
[HetNet] iter=140/1000 steps=37100/265000 | pi_s=-0.0001 pi_i=-0.0002 v=0.3050 ent_s=2.965 ent_i=2.979 ret=-2.004 ev_s_post=0.163 ev_i_post=0.162 r_s=1.000 r_i=1.000 std_s=0.06 std_i=0.07
[HetNet] iter=160/1000 steps=42400/265000 | pi_s=-0.0001 pi_i=-0.0003 v=0.2963 ent_s=2.972 ent_i=2.987 ret=-1.973 ev_s_post=0.169 ev_i_post=0.169 r_s=1.000 r_i=1.000 std_s=0.07 std_i=0.07
[HetNet] iter=180/1000 steps=47700/265000 | pi_s=-0.0001 pi_i=-0.0003 v=0.2994 ent_s=2.990 ent_i=3.013 ret=-2.022 ev_s_post=0.168 ev_i_post=0.167 r_s=1.000 r_i=1.000 std_s=0.08 std_i=0.09
[HetNet] iter=200/1000 steps=53000/265000 | pi_s=-0.0001 pi_i=-0.0003 v=0.3162 ent_s=3.007 ent_i=3.035 ret=-1.968 ev_s_post=0.168 ev_i_post=0.167 r_s=1.000 r_i=1.000 std_s=0.09 std_i=0.10
[HetNet] iter=220/1000 steps=58300/265000 | pi_s=-0.0001 pi_i=-0.0003 v=0.2908 ent_s=3.022 ent_i=3.050 ret=-1.902 ev_s_post=0.168 ev_i_post=0.168 r_s=1.000 r_i=1.000 std_s=0.09 std_i=0.11
[HetNet] iter=240/1000 steps=63600/265000 | pi_s=-0.0001 pi_i=-0.0004 v=0.2986 ent_s=3.030 ent_i=3.076 ret=-1.961 ev_s_post=0.164 ev_i_post=0.165 r_s=1.000 r_i=1.000 std_s=0.10 std_i=0.12
[HetNet] iter=260/1000 steps=68900/265000 | pi_s=-0.0002 pi_i=-0.0002 v=0.2760 ent_s=3.038 ent_i=3.094 ret=-1.855 ev_s_post=0.170 ev_i_post=0.168 r_s=1.000 r_i=1.000 std_s=0.10 std_i=0.13
[HetNet] iter=280/1000 steps=74200/265000 | pi_s=-0.0001 pi_i=-0.0002 v=0.2660 ent_s=3.050 ent_i=3.123 ret=-1.860 ev_s_post=0.175 ev_i_post=0.174 r_s=1.000 r_i=1.000 std_s=0.11 std_i=0.14
[HetNet] iter=300/1000 steps=79500/265000 | pi_s=-0.0001 pi_i=-0.0002 v=0.2387 ent_s=3.063 ent_i=3.149 ret=-1.903 ev_s_post=0.177 ev_i_post=0.178 r_s=1.000 r_i=1.000 std_s=0.11 std_i=0.16
[HetNet] iter=320/1000 steps=84800/265000 | pi_s=-0.0002 pi_i=-0.0002 v=0.3048 ent_s=3.073 ent_i=3.169 ret=-1.867 ev_s_post=0.169 ev_i_post=0.170 r_s=1.000 r_i=1.000 std_s=0.12 std_i=0.17
[HetNet] iter=340/1000 steps=90100/265000 | pi_s=-0.0001 pi_i=-0.0001 v=0.2947 ent_s=3.088 ent_i=3.198 ret=-1.883 ev_s_post=0.171 ev_i_post=0.171 r_s=1.000 r_i=1.000 std_s=0.12 std_i=0.18
[HetNet] iter=360/1000 steps=95400/265000 | pi_s=-0.0001 pi_i=-0.0003 v=0.3101 ent_s=3.100 ent_i=3.226 ret=-1.834 ev_s_post=0.169 ev_i_post=0.167 r_s=1.000 r_i=1.000 std_s=0.13 std_i=0.19
[HetNet] iter=380/1000 steps=100700/265000 | pi_s=-0.0001 pi_i=-0.0002 v=0.2913 ent_s=3.118 ent_i=3.242 ret=-1.944 ev_s_post=0.163 ev_i_post=0.162 r_s=1.000 r_i=1.000 std_s=0.14 std_i=0.20
[HetNet] iter=400/1000 steps=106000/265000 | pi_s=-0.0001 pi_i=-0.0002 v=0.3047 ent_s=3.127 ent_i=3.263 ret=-1.896 ev_s_post=0.171 ev_i_post=0.170 r_s=1.000 r_i=1.000 std_s=0.14 std_i=0.21
[HetNet] iter=420/1000 steps=111300/265000 | pi_s=-0.0001 pi_i=-0.0002 v=0.2768 ent_s=3.141 ent_i=3.286 ret=-1.885 ev_s_post=0.174 ev_i_post=0.175 r_s=1.000 r_i=1.000 std_s=0.15 std_i=0.22
[HetNet] iter=440/1000 steps=116600/265000 | pi_s=-0.0002 pi_i=-0.0002 v=0.3103 ent_s=3.153 ent_i=3.313 ret=-1.931 ev_s_post=0.165 ev_i_post=0.165 r_s=1.000 r_i=1.000 std_s=0.16 std_i=0.24
