=============================
Job ID:       581683
Array Task:   6
Node:         evc21
GPU:          0
Start time:   Wed Apr  8 19:32:31 EDT 2026
=============================
Running: HetNet/MAHAC r_comm=1.5 (Guided Coverage)
Using device: cuda
GPU: Tesla V100-PCIE-32GB
Env: Guided Coverage | 2S + 2I -> 3 zones | world=3.0

=== HetNet/MAHAC | r_comm=1.5 (Guided Coverage) | device=cuda ===
[HetNet] iter=1/1000 steps=265/265000 | pi_s=0.0109 pi_i=0.0141 v=2.0577 ent_s=2.838 ent_i=2.838 ret=-3.719 ev_s_post=-0.000 ev_i_post=0.004 r_s=1.000 r_i=1.000 std_s=-0.00 std_i=0.00
[HetNet] iter=20/1000 steps=5300/265000 | pi_s=0.0014 pi_i=0.0011 v=1.2002 ent_s=2.837 ent_i=2.846 ret=-3.188 ev_s_post=0.049 ev_i_post=0.059 r_s=1.000 r_i=1.000 std_s=-0.00 std_i=0.00
[HetNet] iter=40/1000 steps=10600/265000 | pi_s=0.0003 pi_i=0.0003 v=0.9707 ent_s=2.812 ent_i=2.835 ret=-2.815 ev_s_post=0.075 ev_i_post=0.080 r_s=1.000 r_i=1.000 std_s=-0.01 std_i=-0.00
[HetNet] iter=60/1000 steps=15900/265000 | pi_s=0.0003 pi_i=0.0005 v=0.8053 ent_s=2.791 ent_i=2.813 ret=-2.510 ev_s_post=0.091 ev_i_post=0.094 r_s=1.000 r_i=1.000 std_s=-0.02 std_i=-0.01
[HetNet] iter=80/1000 steps=21200/265000 | pi_s=-0.0003 pi_i=0.0002 v=0.7578 ent_s=2.780 ent_i=2.804 ret=-2.348 ev_s_post=0.102 ev_i_post=0.103 r_s=1.000 r_i=1.000 std_s=-0.03 std_i=-0.02
[HetNet] iter=100/1000 steps=26500/265000 | pi_s=-0.0001 pi_i=0.0005 v=0.5738 ent_s=2.786 ent_i=2.810 ret=-2.247 ev_s_post=0.114 ev_i_post=0.115 r_s=1.000 r_i=1.000 std_s=-0.03 std_i=-0.01
[HetNet] iter=120/1000 steps=31800/265000 | pi_s=0.0001 pi_i=0.0002 v=0.5318 ent_s=2.806 ent_i=2.832 ret=-2.067 ev_s_post=0.135 ev_i_post=0.137 r_s=1.000 r_i=1.000 std_s=-0.02 std_i=-0.00
[HetNet] iter=140/1000 steps=37100/265000 | pi_s=-0.0001 pi_i=0.0001 v=0.4669 ent_s=2.834 ent_i=2.868 ret=-2.098 ev_s_post=0.133 ev_i_post=0.135 r_s=1.000 r_i=1.000 std_s=-0.00 std_i=0.02
[HetNet] iter=160/1000 steps=42400/265000 | pi_s=-0.0000 pi_i=0.0001 v=0.4238 ent_s=2.853 ent_i=2.889 ret=-1.978 ev_s_post=0.149 ev_i_post=0.149 r_s=1.000 r_i=1.000 std_s=0.01 std_i=0.03
[HetNet] iter=180/1000 steps=47700/265000 | pi_s=-0.0001 pi_i=0.0005 v=0.3873 ent_s=2.870 ent_i=2.930 ret=-2.021 ev_s_post=0.151 ev_i_post=0.151 r_s=1.000 r_i=1.000 std_s=0.02 std_i=0.05
[HetNet] iter=200/1000 steps=53000/265000 | pi_s=-0.0001 pi_i=0.0004 v=0.4454 ent_s=2.872 ent_i=2.947 ret=-1.980 ev_s_post=0.149 ev_i_post=0.148 r_s=1.000 r_i=1.000 std_s=0.02 std_i=0.06
[HetNet] iter=220/1000 steps=58300/265000 | pi_s=-0.0002 pi_i=0.0005 v=0.4158 ent_s=2.882 ent_i=2.982 ret=-2.004 ev_s_post=0.151 ev_i_post=0.152 r_s=1.000 r_i=1.000 std_s=0.02 std_i=0.07
[HetNet] iter=240/1000 steps=63600/265000 | pi_s=-0.0001 pi_i=0.0001 v=0.4269 ent_s=2.905 ent_i=3.019 ret=-2.051 ev_s_post=0.148 ev_i_post=0.147 r_s=1.000 r_i=1.000 std_s=0.03 std_i=0.09
[HetNet] iter=260/1000 steps=68900/265000 | pi_s=0.0000 pi_i=-0.0002 v=0.3674 ent_s=2.915 ent_i=3.052 ret=-2.026 ev_s_post=0.154 ev_i_post=0.155 r_s=1.000 r_i=1.000 std_s=0.04 std_i=0.11
[HetNet] iter=280/1000 steps=74200/265000 | pi_s=0.0001 pi_i=0.0004 v=0.3472 ent_s=2.928 ent_i=3.082 ret=-2.027 ev_s_post=0.163 ev_i_post=0.163 r_s=1.000 r_i=1.000 std_s=0.05 std_i=0.12
[HetNet] iter=300/1000 steps=79500/265000 | pi_s=-0.0001 pi_i=0.0002 v=0.3508 ent_s=2.949 ent_i=3.125 ret=-2.031 ev_s_post=0.161 ev_i_post=0.161 r_s=1.000 r_i=1.000 std_s=0.06 std_i=0.14
[HetNet] iter=320/1000 steps=84800/265000 | pi_s=0.0001 pi_i=0.0002 v=0.4004 ent_s=2.961 ent_i=3.168 ret=-2.091 ev_s_post=0.159 ev_i_post=0.159 r_s=1.000 r_i=1.000 std_s=0.06 std_i=0.17
[HetNet] iter=340/1000 steps=90100/265000 | pi_s=-0.0000 pi_i=0.0006 v=0.4076 ent_s=2.956 ent_i=3.203 ret=-2.267 ev_s_post=0.158 ev_i_post=0.157 r_s=1.000 r_i=1.000 std_s=0.06 std_i=0.18
[HetNet] iter=360/1000 steps=95400/265000 | pi_s=-0.0001 pi_i=0.0004 v=0.3689 ent_s=2.962 ent_i=3.238 ret=-2.090 ev_s_post=0.159 ev_i_post=0.159 r_s=1.000 r_i=1.000 std_s=0.06 std_i=0.20
[HetNet] iter=380/1000 steps=100700/265000 | pi_s=-0.0000 pi_i=0.0001 v=0.3481 ent_s=2.967 ent_i=3.279 ret=-2.227 ev_s_post=0.163 ev_i_post=0.163 r_s=1.000 r_i=1.000 std_s=0.06 std_i=0.22
[HetNet] iter=400/1000 steps=106000/265000 | pi_s=-0.0001 pi_i=0.0001 v=0.3828 ent_s=2.980 ent_i=3.324 ret=-2.224 ev_s_post=0.166 ev_i_post=0.165 r_s=1.000 r_i=1.000 std_s=0.07 std_i=0.24
[HetNet] iter=420/1000 steps=111300/265000 | pi_s=0.0000 pi_i=-0.0000 v=0.3815 ent_s=2.987 ent_i=3.351 ret=-2.049 ev_s_post=0.155 ev_i_post=0.156 r_s=1.000 r_i=1.000 std_s=0.07 std_i=0.26
[HetNet] iter=440/1000 steps=116600/265000 | pi_s=0.0001 pi_i=0.0001 v=0.3916 ent_s=3.000 ent_i=3.380 ret=-2.090 ev_s_post=0.155 ev_i_post=0.155 r_s=1.000 r_i=1.000 std_s=0.08 std_i=0.27
[HetNet] iter=460/1000 steps=121900/265000 | pi_s=0.0000 pi_i=0.0004 v=0.3329 ent_s=2.992 ent_i=3.416 ret=-1.977 ev_s_post=0.168 ev_i_post=0.167 r_s=1.000 r_i=1.000 std_s=0.08 std_i=0.29
[HetNet] iter=480/1000 steps=127200/265000 | pi_s=-0.0001 pi_i=0.0002 v=0.3632 ent_s=2.999 ent_i=3.449 ret=-2.057 ev_s_post=0.157 ev_i_post=0.158 r_s=1.000 r_i=1.000 std_s=0.08 std_i=0.31
[HetNet] iter=500/1000 steps=132500/265000 | pi_s=0.0000 pi_i=0.0004 v=0.3419 ent_s=3.001 ent_i=3.472 ret=-1.946 ev_s_post=0.164 ev_i_post=0.163 r_s=1.000 r_i=1.000 std_s=0.08 std_i=0.32
[HetNet] iter=520/1000 steps=137800/265000 | pi_s=-0.0001 pi_i=0.0006 v=0.3269 ent_s=3.015 ent_i=3.504 ret=-1.974 ev_s_post=0.164 ev_i_post=0.163 r_s=1.000 r_i=1.000 std_s=0.09 std_i=0.33
[HetNet] iter=540/1000 steps=143100/265000 | pi_s=0.0002 pi_i=0.0005 v=0.3289 ent_s=3.021 ent_i=3.536 ret=-2.024 ev_s_post=0.162 ev_i_post=0.161 r_s=1.000 r_i=1.000 std_s=0.09 std_i=0.35
[HetNet] iter=560/1000 steps=148400/265000 | pi_s=-0.0001 pi_i=0.0003 v=0.3649 ent_s=3.015 ent_i=3.567 ret=-2.006 ev_s_post=0.166 ev_i_post=0.167 r_s=1.000 r_i=1.000 std_s=0.09 std_i=0.37
[HetNet] iter=580/1000 steps=153700/265000 | pi_s=0.0000 pi_i=0.0001 v=0.3499 ent_s=3.028 ent_i=3.594 ret=-2.145 ev_s_post=0.162 ev_i_post=0.162 r_s=1.000 r_i=1.000 std_s=0.10 std_i=0.38
[HetNet] iter=600/1000 steps=159000/265000 | pi_s=-0.0002 pi_i=0.0004 v=0.3911 ent_s=3.024 ent_i=3.617 ret=-2.181 ev_s_post=0.160 ev_i_post=0.160 r_s=1.000 r_i=1.000 std_s=0.09 std_i=0.39
[HetNet] iter=620/1000 steps=164300/265000 | pi_s=-0.0002 pi_i=0.0005 v=0.3859 ent_s=3.037 ent_i=3.649 ret=-2.216 ev_s_post=0.163 ev_i_post=0.163 r_s=1.000 r_i=1.000 std_s=0.10 std_i=0.41
[HetNet] iter=640/1000 steps=169600/265000 | pi_s=-0.0001 pi_i=0.0003 v=0.4035 ent_s=3.054 ent_i=3.694 ret=-2.129 ev_s_post=0.166 ev_i_post=0.164 r_s=1.000 r_i=1.000 std_s=0.11 std_i=0.43
[HetNet] iter=660/1000 steps=174900/265000 | pi_s=0.0000 pi_i=0.0004 v=0.3945 ent_s=3.069 ent_i=3.728 ret=-2.039 ev_s_post=0.163 ev_i_post=0.162 r_s=1.000 r_i=1.000 std_s=0.12 std_i=0.45
[HetNet] iter=680/1000 steps=180200/265000 | pi_s=0.0000 pi_i=0.0003 v=0.3399 ent_s=3.079 ent_i=3.770 ret=-2.016 ev_s_post=0.167 ev_i_post=0.167 r_s=1.000 r_i=1.000 std_s=0.12 std_i=0.47
