=============================
Job ID:       579986
Array Task:   3
Node:         evc9
GPU:          0
Start time:   Sun Apr  5 17:19:19 EDT 2026
=============================
Running: GNN-MAPPO K=3 r_comm=1.0 (Guided Coverage)
Using device: cuda
GPU: Tesla V100-PCIE-16GB
Env: Guided Coverage | 2S + 2I -> 3 zones | world=3.0

=== GNN-MAPPO | K=3, r_comm=1.0 (Guided Coverage) | device=cuda ===
[GNN K3_r1.0] iter=1/1000 steps=265 | pi=-0.0003 v=148.9365 ent=2.8532 ret=-12.231 exp_var=0.016
[GNN K3_r1.0] iter=20/1000 steps=5300 | pi=-0.0024 v=43.9514 ent=2.8746 ret=-4.684 exp_var=0.259
[GNN K3_r1.0] iter=40/1000 steps=10600 | pi=-0.0015 v=36.0434 ent=2.8067 ret=-4.681 exp_var=0.533
[GNN K3_r1.0] iter=60/1000 steps=15900 | pi=-0.0018 v=32.1908 ent=2.6887 ret=-4.801 exp_var=0.440
[GNN K3_r1.0] iter=80/1000 steps=21200 | pi=-0.0021 v=29.4260 ent=2.5423 ret=-4.854 exp_var=0.537
[GNN K3_r1.0] iter=100/1000 steps=26500 | pi=-0.0023 v=27.9148 ent=2.4305 ret=-4.970 exp_var=0.565
[GNN K3_r1.0] iter=120/1000 steps=31800 | pi=-0.0018 v=25.4682 ent=2.2834 ret=-5.006 exp_var=0.593
[GNN K3_r1.0] iter=140/1000 steps=37100 | pi=-0.0016 v=23.6750 ent=2.1370 ret=-5.050 exp_var=0.609
[GNN K3_r1.0] iter=160/1000 steps=42400 | pi=-0.0017 v=22.6618 ent=2.0301 ret=-5.124 exp_var=0.646
[GNN K3_r1.0] iter=180/1000 steps=47700 | pi=-0.0020 v=21.7562 ent=1.9042 ret=-5.217 exp_var=0.657
[GNN K3_r1.0] iter=200/1000 steps=53000 | pi=-0.0005 v=34.6612 ent=1.8263 ret=-6.013 exp_var=0.740
[GNN K3_r1.0] iter=220/1000 steps=58300 | pi=-0.0007 v=65.8740 ent=1.9827 ret=-7.357 exp_var=0.739
[GNN K3_r1.0] iter=240/1000 steps=63600 | pi=-0.0017 v=62.5969 ent=2.2076 ret=-7.325 exp_var=0.789
[GNN K3_r1.0] iter=260/1000 steps=68900 | pi=-0.0019 v=33.3420 ent=2.2977 ret=-6.695 exp_var=0.914
[GNN K3_r1.0] iter=280/1000 steps=74200 | pi=-0.0019 v=21.0236 ent=2.1300 ret=-6.004 exp_var=0.831
[GNN K3_r1.0] iter=300/1000 steps=79500 | pi=-0.0020 v=15.4205 ent=1.9748 ret=-5.682 exp_var=0.804
[GNN K3_r1.0] iter=320/1000 steps=84800 | pi=-0.0018 v=13.7157 ent=1.8409 ret=-5.647 exp_var=0.808
[GNN K3_r1.0] iter=340/1000 steps=90100 | pi=-0.0020 v=12.0276 ent=1.7063 ret=-5.619 exp_var=0.789
[GNN K3_r1.0] iter=360/1000 steps=95400 | pi=-0.0019 v=10.6499 ent=1.5988 ret=-5.636 exp_var=0.806
[GNN K3_r1.0] iter=380/1000 steps=100700 | pi=-0.0019 v=20.7033 ent=1.5362 ret=-6.414 exp_var=0.753
[GNN K3_r1.0] iter=400/1000 steps=106000 | pi=-0.0027 v=82.3787 ent=1.8011 ret=-8.348 exp_var=0.742
[GNN K3_r1.0] iter=420/1000 steps=111300 | pi=-0.0025 v=78.4789 ent=2.1047 ret=-8.399 exp_var=0.785
[GNN K3_r1.0] iter=440/1000 steps=116600 | pi=-0.0026 v=75.4273 ent=2.3532 ret=-8.419 exp_var=0.792
[GNN K3_r1.0] iter=460/1000 steps=121900 | pi=-0.0024 v=73.9443 ent=2.5067 ret=-8.673 exp_var=0.825
[GNN K3_r1.0] iter=480/1000 steps=127200 | pi=-0.0025 v=69.8000 ent=2.5710 ret=-8.720 exp_var=0.832
[GNN K3_r1.0] iter=500/1000 steps=132500 | pi=-0.0016 v=85.0637 ent=2.5934 ret=-9.683 exp_var=0.833
[GNN K3_r1.0] iter=520/1000 steps=137800 | pi=-0.0016 v=71.5291 ent=2.5789 ret=-9.486 exp_var=0.852
[GNN K3_r1.0] iter=540/1000 steps=143100 | pi=-0.0031 v=61.1881 ent=2.5492 ret=-9.209 exp_var=0.872
[GNN K3_r1.0] iter=560/1000 steps=148400 | pi=-0.0031 v=44.4583 ent=2.5244 ret=-8.655 exp_var=0.881
[GNN K3_r1.0] iter=580/1000 steps=153700 | pi=-0.0029 v=25.9145 ent=2.3761 ret=-7.878 exp_var=0.910
[GNN K3_r1.0] iter=600/1000 steps=159000 | pi=-0.0034 v=28.5653 ent=2.2293 ret=-8.065 exp_var=0.927
[GNN K3_r1.0] iter=620/1000 steps=164300 | pi=-0.0036 v=20.1233 ent=2.1451 ret=-7.390 exp_var=0.942
[GNN K3_r1.0] iter=640/1000 steps=169600 | pi=-0.0026 v=13.9684 ent=2.0728 ret=-6.394 exp_var=0.957
[GNN K3_r1.0] iter=660/1000 steps=174900 | pi=-0.0046 v=11.0068 ent=1.9827 ret=-5.391 exp_var=0.967
[GNN K3_r1.0] iter=680/1000 steps=180200 | pi=-0.0041 v=8.2611 ent=1.8581 ret=-5.666 exp_var=0.975
[GNN K3_r1.0] iter=700/1000 steps=185500 | pi=-0.0038 v=6.3663 ent=1.7082 ret=-5.606 exp_var=0.978
[GNN K3_r1.0] iter=720/1000 steps=190800 | pi=-0.0044 v=7.6815 ent=1.5611 ret=-5.675 exp_var=0.974
[GNN K3_r1.0] iter=740/1000 steps=196100 | pi=-0.0035 v=7.0346 ent=1.4318 ret=-5.564 exp_var=0.970
[GNN K3_r1.0] iter=760/1000 steps=201400 | pi=-0.0032 v=6.4826 ent=1.3255 ret=-5.519 exp_var=0.971
[GNN K3_r1.0] iter=780/1000 steps=206700 | pi=-0.0032 v=10.5259 ent=1.2705 ret=-5.726 exp_var=0.960
[GNN K3_r1.0] iter=800/1000 steps=212000 | pi=-0.0027 v=10.8160 ent=1.1567 ret=-5.851 exp_var=0.963
[GNN K3_r1.0] iter=820/1000 steps=217300 | pi=-0.0026 v=10.2315 ent=1.0533 ret=-5.830 exp_var=0.967
[GNN K3_r1.0] iter=840/1000 steps=222600 | pi=-0.0036 v=9.8386 ent=0.9598 ret=-5.968 exp_var=0.970
[GNN K3_r1.0] iter=860/1000 steps=227900 | pi=-0.0036 v=7.6335 ent=0.9681 ret=-5.490 exp_var=0.974
[GNN K3_r1.0] iter=880/1000 steps=233200 | pi=-0.0021 v=5.3910 ent=0.9608 ret=-5.039 exp_var=0.972
[GNN K3_r1.0] iter=900/1000 steps=238500 | pi=-0.0033 v=5.0025 ent=0.9806 ret=-4.990 exp_var=0.971
[GNN K3_r1.0] iter=920/1000 steps=243800 | pi=-0.0041 v=4.8774 ent=0.9863 ret=-4.990 exp_var=0.970
[GNN K3_r1.0] iter=940/1000 steps=249100 | pi=-0.0026 v=5.0557 ent=0.9653 ret=-5.027 exp_var=0.971
[GNN K3_r1.0] iter=960/1000 steps=254400 | pi=-0.0035 v=5.0847 ent=0.9826 ret=-4.796 exp_var=0.969
[GNN K3_r1.0] iter=980/1000 steps=259700 | pi=-0.0034 v=4.4434 ent=1.0192 ret=-4.796 exp_var=0.968
[GNN K3_r1.0] iter=1000/1000 steps=265000 | pi=-0.0029 v=4.6169 ent=1.0716 ret=-4.773 exp_var=0.966
Saved plot: /home/ak565492/gnn_experiments/outputs/guided_coverage/gc_gnn_K3_r1.0.png
Saved checkpoint: /home/ak565492/gnn_experiments/outputs/guided_coverage/gc_gnn_K3_r1.0_final.pt

[GNN K3_r1.0] Final return: -4.773
=============================
End time: Sun Apr  5 20:57:53 EDT 2026
=============================
