=============================
Job ID:       581226
Array Task:   5
Node:         evc34
GPU:          0
Start time:   Tue Apr  7 22:44:40 EDT 2026
=============================
Running: HetNet/MAHAC r_comm=1.0 (Guided Coverage)
Using device: cuda
GPU: NVIDIA H100 PCIe
Env: Guided Coverage | 2S + 2I -> 3 zones | world=3.0

=== HetNet/MAHAC | r_comm=1.0 (Guided Coverage) | device=cuda ===
[HetNet] iter=1/1000 steps=265/265000 | pi_s=-0.0003 pi_i=-0.0003 v=2.1238 ent_s=2.838 ent_i=2.839 ret=-3.078 ev_s_post=-0.001 ev_i_post=0.002 r_s=1.000 r_i=1.000 std_s=-0.00 std_i=0.00
[HetNet] iter=20/1000 steps=5300/265000 | pi_s=-0.0000 pi_i=-0.0002 v=0.6084 ent_s=2.852 ent_i=2.861 ret=-2.332 ev_s_post=0.106 ev_i_post=0.109 r_s=1.000 r_i=1.000 std_s=0.01 std_i=0.01
[HetNet] iter=40/1000 steps=10600/265000 | pi_s=-0.0001 pi_i=-0.0001 v=0.4845 ent_s=2.867 ent_i=2.876 ret=-2.277 ev_s_post=0.125 ev_i_post=0.124 r_s=1.000 r_i=1.000 std_s=0.01 std_i=0.02
[HetNet] iter=60/1000 steps=15900/265000 | pi_s=-0.0001 pi_i=-0.0001 v=0.3695 ent_s=2.887 ent_i=2.890 ret=-2.107 ev_s_post=0.140 ev_i_post=0.138 r_s=1.000 r_i=1.000 std_s=0.02 std_i=0.03
[HetNet] iter=80/1000 steps=21200/265000 | pi_s=-0.0000 pi_i=-0.0002 v=0.3166 ent_s=2.901 ent_i=2.904 ret=-2.150 ev_s_post=0.156 ev_i_post=0.155 r_s=1.000 r_i=1.000 std_s=0.03 std_i=0.03
[HetNet] iter=100/1000 steps=26500/265000 | pi_s=-0.0001 pi_i=-0.0002 v=0.3389 ent_s=2.920 ent_i=2.923 ret=-2.091 ev_s_post=0.151 ev_i_post=0.149 r_s=1.000 r_i=1.000 std_s=0.04 std_i=0.04
[HetNet] iter=120/1000 steps=31800/265000 | pi_s=-0.0001 pi_i=-0.0003 v=0.3185 ent_s=2.938 ent_i=2.950 ret=-2.103 ev_s_post=0.162 ev_i_post=0.162 r_s=1.000 r_i=1.000 std_s=0.05 std_i=0.06
[HetNet] iter=140/1000 steps=37100/265000 | pi_s=-0.0001 pi_i=-0.0004 v=0.3001 ent_s=2.955 ent_i=2.974 ret=-1.998 ev_s_post=0.166 ev_i_post=0.164 r_s=1.000 r_i=1.000 std_s=0.06 std_i=0.07
[HetNet] iter=160/1000 steps=42400/265000 | pi_s=-0.0002 pi_i=-0.0003 v=0.2958 ent_s=2.959 ent_i=2.994 ret=-1.981 ev_s_post=0.169 ev_i_post=0.169 r_s=1.000 r_i=1.000 std_s=0.06 std_i=0.08
[HetNet] iter=180/1000 steps=47700/265000 | pi_s=-0.0001 pi_i=-0.0002 v=0.2988 ent_s=2.975 ent_i=3.019 ret=-2.144 ev_s_post=0.158 ev_i_post=0.159 r_s=1.000 r_i=1.000 std_s=0.07 std_i=0.09
[HetNet] iter=200/1000 steps=53000/265000 | pi_s=-0.0000 pi_i=-0.0003 v=0.3006 ent_s=2.990 ent_i=3.039 ret=-2.027 ev_s_post=0.167 ev_i_post=0.168 r_s=1.000 r_i=1.000 std_s=0.08 std_i=0.10
[HetNet] iter=220/1000 steps=58300/265000 | pi_s=-0.0001 pi_i=-0.0001 v=0.2888 ent_s=3.000 ent_i=3.052 ret=-1.995 ev_s_post=0.168 ev_i_post=0.169 r_s=1.000 r_i=1.000 std_s=0.08 std_i=0.11
[HetNet] iter=240/1000 steps=63600/265000 | pi_s=-0.0001 pi_i=-0.0004 v=0.3005 ent_s=3.004 ent_i=3.070 ret=-2.066 ev_s_post=0.161 ev_i_post=0.160 r_s=1.000 r_i=1.000 std_s=0.08 std_i=0.12
[HetNet] iter=260/1000 steps=68900/265000 | pi_s=-0.0001 pi_i=-0.0002 v=0.2721 ent_s=3.010 ent_i=3.092 ret=-1.935 ev_s_post=0.168 ev_i_post=0.169 r_s=1.000 r_i=1.000 std_s=0.09 std_i=0.13
[HetNet] iter=280/1000 steps=74200/265000 | pi_s=-0.0001 pi_i=-0.0001 v=0.2688 ent_s=3.019 ent_i=3.117 ret=-1.961 ev_s_post=0.169 ev_i_post=0.171 r_s=1.000 r_i=1.000 std_s=0.09 std_i=0.14
[HetNet] iter=300/1000 steps=79500/265000 | pi_s=-0.0001 pi_i=-0.0003 v=0.2507 ent_s=3.027 ent_i=3.138 ret=-2.024 ev_s_post=0.171 ev_i_post=0.173 r_s=1.000 r_i=1.000 std_s=0.09 std_i=0.15
[HetNet] iter=320/1000 steps=84800/265000 | pi_s=-0.0001 pi_i=-0.0002 v=0.3077 ent_s=3.034 ent_i=3.161 ret=-1.994 ev_s_post=0.162 ev_i_post=0.161 r_s=1.000 r_i=1.000 std_s=0.10 std_i=0.16
[HetNet] iter=340/1000 steps=90100/265000 | pi_s=-0.0001 pi_i=-0.0002 v=0.3177 ent_s=3.046 ent_i=3.194 ret=-1.997 ev_s_post=0.164 ev_i_post=0.163 r_s=1.000 r_i=1.000 std_s=0.10 std_i=0.18
[HetNet] iter=360/1000 steps=95400/265000 | pi_s=-0.0001 pi_i=-0.0003 v=0.3239 ent_s=3.058 ent_i=3.225 ret=-1.922 ev_s_post=0.163 ev_i_post=0.164 r_s=1.000 r_i=1.000 std_s=0.11 std_i=0.19
[HetNet] iter=380/1000 steps=100700/265000 | pi_s=-0.0001 pi_i=-0.0002 v=0.3002 ent_s=3.071 ent_i=3.241 ret=-2.057 ev_s_post=0.160 ev_i_post=0.158 r_s=1.000 r_i=1.000 std_s=0.12 std_i=0.20
[HetNet] iter=400/1000 steps=106000/265000 | pi_s=-0.0001 pi_i=-0.0002 v=0.3172 ent_s=3.076 ent_i=3.260 ret=-2.037 ev_s_post=0.163 ev_i_post=0.163 r_s=1.000 r_i=1.000 std_s=0.12 std_i=0.21
[HetNet] iter=420/1000 steps=111300/265000 | pi_s=-0.0001 pi_i=-0.0001 v=0.2884 ent_s=3.086 ent_i=3.283 ret=-2.005 ev_s_post=0.166 ev_i_post=0.165 r_s=1.000 r_i=1.000 std_s=0.12 std_i=0.22
[HetNet] iter=440/1000 steps=116600/265000 | pi_s=-0.0002 pi_i=-0.0002 v=0.3277 ent_s=3.101 ent_i=3.312 ret=-2.054 ev_s_post=0.158 ev_i_post=0.158 r_s=1.000 r_i=1.000 std_s=0.13 std_i=0.24
