=============================
Job ID:       585223
Array Task:   3
Node:         evc7
GPU:          0
Start time:   Wed Apr 15 18:18:45 EDT 2026
=============================
Running: GNN-MAPPO K=3 r_comm=1.0 (Guided Coverage)
Using device: cuda
GPU: Tesla V100-PCIE-16GB
Env: Guided Coverage | 2S + 2I -> 3 zones | world=3.0

=== GNN-MAPPO | K=3, r_comm=1.0 (Guided Coverage) | device=cuda ===
[GNN K3_r1.0] iter=1/1000 steps=265 | pi=-0.0002 v=317.5331 ent=2.8580 ret=-12.264 exp_var=0.000
[GNN K3_r1.0] iter=20/1000 steps=5300 | pi=-0.0009 v=0.2147 ent=3.1807 ret=-5.809 exp_var=0.214
[GNN K3_r1.0] iter=40/1000 steps=10600 | pi=-0.0011 v=0.2487 ent=3.4591 ret=-5.793 exp_var=0.218
[GNN K3_r1.0] iter=60/1000 steps=15900 | pi=-0.0012 v=0.6773 ent=3.7145 ret=-9.105 exp_var=0.313
[GNN K3_r1.0] iter=80/1000 steps=21200 | pi=-0.0014 v=0.3116 ent=3.8369 ret=-5.949 exp_var=0.268
[GNN K3_r1.0] iter=100/1000 steps=26500 | pi=-0.0015 v=0.2377 ent=3.8378 ret=-5.544 exp_var=0.199
[GNN K3_r1.0] iter=120/1000 steps=31800 | pi=-0.0012 v=0.0857 ent=3.8368 ret=-4.633 exp_var=0.097
[GNN K3_r1.0] iter=140/1000 steps=37100 | pi=-0.0016 v=0.0897 ent=3.8368 ret=-4.646 exp_var=0.155
[GNN K3_r1.0] iter=160/1000 steps=42400 | pi=-0.0017 v=0.0853 ent=3.8371 ret=-4.649 exp_var=0.101
[GNN K3_r1.0] iter=180/1000 steps=47700 | pi=-0.0013 v=0.1087 ent=3.8373 ret=-4.707 exp_var=0.134
[GNN K3_r1.0] iter=200/1000 steps=53000 | pi=-0.0019 v=0.0889 ent=3.8362 ret=-4.590 exp_var=0.110
[GNN K3_r1.0] iter=220/1000 steps=58300 | pi=-0.0019 v=0.0829 ent=3.8362 ret=-4.469 exp_var=0.110
[GNN K3_r1.0] iter=240/1000 steps=63600 | pi=-0.0020 v=0.0821 ent=3.8352 ret=-4.468 exp_var=0.122
[GNN K3_r1.0] iter=260/1000 steps=68900 | pi=-0.0019 v=0.1050 ent=3.8372 ret=-4.605 exp_var=0.137
[GNN K3_r1.0] iter=280/1000 steps=74200 | pi=-0.0016 v=0.0920 ent=3.8374 ret=-4.498 exp_var=0.105
[GNN K3_r1.0] iter=300/1000 steps=79500 | pi=-0.0013 v=0.0831 ent=3.8368 ret=-4.421 exp_var=0.105
[GNN K3_r1.0] iter=320/1000 steps=84800 | pi=-0.0020 v=0.1097 ent=3.8366 ret=-4.873 exp_var=0.109
[GNN K3_r1.0] iter=340/1000 steps=90100 | pi=-0.0014 v=0.0819 ent=3.8368 ret=-4.430 exp_var=0.126
[GNN K3_r1.0] iter=360/1000 steps=95400 | pi=-0.0014 v=0.0837 ent=3.8371 ret=-4.441 exp_var=0.152
[GNN K3_r1.0] iter=380/1000 steps=100700 | pi=-0.0015 v=0.0929 ent=3.8373 ret=-4.471 exp_var=0.144
[GNN K3_r1.0] iter=400/1000 steps=106000 | pi=-0.0016 v=0.0950 ent=3.8374 ret=-4.456 exp_var=0.137
[GNN K3_r1.0] iter=420/1000 steps=111300 | pi=-0.0017 v=0.1172 ent=3.8376 ret=-4.815 exp_var=0.159
[GNN K3_r1.0] iter=440/1000 steps=116600 | pi=-0.0016 v=0.0937 ent=3.8367 ret=-4.379 exp_var=0.130
[GNN K3_r1.0] iter=460/1000 steps=121900 | pi=-0.0013 v=0.0962 ent=3.8373 ret=-4.592 exp_var=0.116
[GNN K3_r1.0] iter=480/1000 steps=127200 | pi=-0.0013 v=0.0929 ent=3.8374 ret=-4.435 exp_var=0.120
[GNN K3_r1.0] iter=500/1000 steps=132500 | pi=-0.0013 v=0.1157 ent=3.8372 ret=-4.528 exp_var=0.122
[GNN K3_r1.0] iter=520/1000 steps=137800 | pi=-0.0011 v=0.0989 ent=3.8375 ret=-4.410 exp_var=0.130
[GNN K3_r1.0] iter=540/1000 steps=143100 | pi=-0.0014 v=0.1333 ent=3.8376 ret=-4.732 exp_var=0.125
[GNN K3_r1.0] iter=560/1000 steps=148400 | pi=-0.0013 v=0.1621 ent=3.8377 ret=-4.832 exp_var=0.143
[GNN K3_r1.0] iter=580/1000 steps=153700 | pi=-0.0014 v=0.0986 ent=3.8375 ret=-4.372 exp_var=0.122
[GNN K3_r1.0] iter=600/1000 steps=159000 | pi=-0.0012 v=0.1039 ent=3.8377 ret=-4.318 exp_var=0.153
[GNN K3_r1.0] iter=620/1000 steps=164300 | pi=-0.0013 v=0.0963 ent=3.8377 ret=-4.338 exp_var=0.186
[GNN K3_r1.0] iter=640/1000 steps=169600 | pi=-0.0013 v=0.0862 ent=3.8365 ret=-4.275 exp_var=0.177
[GNN K3_r1.0] iter=660/1000 steps=174900 | pi=-0.0012 v=0.0889 ent=3.8373 ret=-4.293 exp_var=0.182
[GNN K3_r1.0] iter=680/1000 steps=180200 | pi=-0.0015 v=0.0860 ent=3.8376 ret=-4.250 exp_var=0.205
[GNN K3_r1.0] iter=700/1000 steps=185500 | pi=-0.0015 v=0.0856 ent=3.8377 ret=-4.293 exp_var=0.219
[GNN K3_r1.0] iter=720/1000 steps=190800 | pi=-0.0015 v=0.0894 ent=3.8375 ret=-4.255 exp_var=0.223
[GNN K3_r1.0] iter=740/1000 steps=196100 | pi=-0.0016 v=0.0936 ent=3.8376 ret=-4.245 exp_var=0.286
[GNN K3_r1.0] iter=760/1000 steps=201400 | pi=-0.0016 v=0.0953 ent=3.8378 ret=-4.209 exp_var=0.287
[GNN K3_r1.0] iter=780/1000 steps=206700 | pi=-0.0018 v=0.0998 ent=3.8377 ret=-4.127 exp_var=0.271
[GNN K3_r1.0] iter=800/1000 steps=212000 | pi=-0.0016 v=0.0950 ent=3.8375 ret=-4.058 exp_var=0.202
[GNN K3_r1.0] iter=820/1000 steps=217300 | pi=-0.0014 v=0.0985 ent=3.8378 ret=-4.107 exp_var=0.210
[GNN K3_r1.0] iter=840/1000 steps=222600 | pi=-0.0016 v=0.1007 ent=3.8376 ret=-4.077 exp_var=0.230
[GNN K3_r1.0] iter=860/1000 steps=227900 | pi=-0.0017 v=0.1111 ent=3.8379 ret=-4.074 exp_var=0.233
[GNN K3_r1.0] iter=880/1000 steps=233200 | pi=-0.0016 v=0.1006 ent=3.8374 ret=-4.171 exp_var=0.229
[GNN K3_r1.0] iter=900/1000 steps=238500 | pi=-0.0014 v=0.1143 ent=3.8375 ret=-4.093 exp_var=0.239
[GNN K3_r1.0] iter=920/1000 steps=243800 | pi=-0.0012 v=0.1037 ent=3.8378 ret=-4.023 exp_var=0.228
[GNN K3_r1.0] iter=940/1000 steps=249100 | pi=-0.0011 v=0.1064 ent=3.8378 ret=-3.820 exp_var=0.229
[GNN K3_r1.0] iter=960/1000 steps=254400 | pi=-0.0011 v=0.1058 ent=3.8379 ret=-3.843 exp_var=0.253
[GNN K3_r1.0] iter=980/1000 steps=259700 | pi=-0.0010 v=0.1027 ent=3.8378 ret=-3.853 exp_var=0.249
[GNN K3_r1.0] iter=1000/1000 steps=265000 | pi=-0.0010 v=0.1118 ent=3.8378 ret=-3.932 exp_var=0.221
Saved plot: /home/ak565492/gnn_experiments/outputs/guided_coverage/gc_gnn_K3_r1.0.png
Saved checkpoint: /home/ak565492/gnn_experiments/outputs/guided_coverage/gc_gnn_K3_r1.0_final.pt

[GNN K3_r1.0] Final return: -3.932
=============================
End time: Wed Apr 15 20:49:51 EDT 2026
=============================
