=============================
Job ID:       585221
Array Task:   1
Node:         evc5
GPU:          0
Start time:   Wed Apr 15 18:18:45 EDT 2026
=============================
Running: GNN-MAPPO K=2 r_comm=1.0 (Guided Coverage)
Using device: cuda
GPU: Tesla V100-PCIE-16GB
Env: Guided Coverage | 2S + 2I -> 3 zones | world=3.0

=== GNN-MAPPO | K=2, r_comm=1.0 (Guided Coverage) | device=cuda ===
[GNN K2_r1.0] iter=1/1000 steps=265 | pi=-0.0002 v=318.8996 ent=2.8583 ret=-12.293 exp_var=-0.001
[GNN K2_r1.0] iter=20/1000 steps=5300 | pi=-0.0007 v=0.7148 ent=3.2026 ret=-8.858 exp_var=0.231
[GNN K2_r1.0] iter=40/1000 steps=10600 | pi=-0.0010 v=0.2486 ent=3.4718 ret=-6.151 exp_var=0.152
[GNN K2_r1.0] iter=60/1000 steps=15900 | pi=-0.0011 v=0.3752 ent=3.8191 ret=-6.047 exp_var=0.229
[GNN K2_r1.0] iter=80/1000 steps=21200 | pi=-0.0011 v=0.2287 ent=3.8370 ret=-5.668 exp_var=0.126
[GNN K2_r1.0] iter=100/1000 steps=26500 | pi=-0.0012 v=0.5289 ent=3.8370 ret=-9.103 exp_var=0.208
[GNN K2_r1.0] iter=120/1000 steps=31800 | pi=-0.0009 v=0.2783 ent=3.8376 ret=-5.726 exp_var=0.317
[GNN K2_r1.0] iter=140/1000 steps=37100 | pi=-0.0014 v=0.6489 ent=3.8375 ret=-6.745 exp_var=0.425
[GNN K2_r1.0] iter=160/1000 steps=42400 | pi=-0.0011 v=0.1568 ent=3.8363 ret=-5.344 exp_var=0.084
[GNN K2_r1.0] iter=180/1000 steps=47700 | pi=-0.0013 v=0.6667 ent=3.8373 ret=-7.874 exp_var=0.338
[GNN K2_r1.0] iter=200/1000 steps=53000 | pi=-0.0012 v=0.3441 ent=3.8376 ret=-6.574 exp_var=0.218
[GNN K2_r1.0] iter=220/1000 steps=58300 | pi=-0.0012 v=0.3348 ent=3.8376 ret=-6.083 exp_var=0.192
[GNN K2_r1.0] iter=240/1000 steps=63600 | pi=-0.0014 v=0.5938 ent=3.8373 ret=-6.849 exp_var=0.257
[GNN K2_r1.0] iter=260/1000 steps=68900 | pi=-0.0014 v=0.4018 ent=3.8377 ret=-6.067 exp_var=0.214
[GNN K2_r1.0] iter=280/1000 steps=74200 | pi=-0.0016 v=0.3324 ent=3.8378 ret=-6.191 exp_var=0.192
[GNN K2_r1.0] iter=300/1000 steps=79500 | pi=-0.0014 v=0.6091 ent=3.8377 ret=-7.240 exp_var=0.252
[GNN K2_r1.0] iter=320/1000 steps=84800 | pi=-0.0013 v=0.3531 ent=3.8377 ret=-6.586 exp_var=0.230
[GNN K2_r1.0] iter=340/1000 steps=90100 | pi=-0.0013 v=0.7479 ent=3.8375 ret=-7.949 exp_var=0.244
[GNN K2_r1.0] iter=360/1000 steps=95400 | pi=-0.0012 v=0.6714 ent=3.8368 ret=-10.661 exp_var=0.281
[GNN K2_r1.0] iter=380/1000 steps=100700 | pi=-0.0012 v=0.6013 ent=3.8374 ret=-11.427 exp_var=0.278
[GNN K2_r1.0] iter=400/1000 steps=106000 | pi=-0.0013 v=0.4784 ent=3.8368 ret=-12.926 exp_var=0.160
[GNN K2_r1.0] iter=420/1000 steps=111300 | pi=-0.0014 v=0.4474 ent=3.8367 ret=-12.729 exp_var=0.149
[GNN K2_r1.0] iter=440/1000 steps=116600 | pi=-0.0011 v=0.5158 ent=3.8372 ret=-12.920 exp_var=0.166
[GNN K2_r1.0] iter=460/1000 steps=121900 | pi=-0.0015 v=0.5116 ent=3.8375 ret=-7.653 exp_var=0.168
[GNN K2_r1.0] iter=480/1000 steps=127200 | pi=-0.0011 v=0.9440 ent=3.8374 ret=-10.330 exp_var=0.254
[GNN K2_r1.0] iter=500/1000 steps=132500 | pi=-0.0014 v=0.7835 ent=3.8367 ret=-9.388 exp_var=0.247
[GNN K2_r1.0] iter=520/1000 steps=137800 | pi=-0.0013 v=0.1930 ent=3.8370 ret=-6.051 exp_var=0.112
[GNN K2_r1.0] iter=540/1000 steps=143100 | pi=-0.0015 v=0.0972 ent=3.8377 ret=-5.725 exp_var=0.111
[GNN K2_r1.0] iter=560/1000 steps=148400 | pi=-0.0014 v=0.1017 ent=3.8378 ret=-5.753 exp_var=0.077
[GNN K2_r1.0] iter=580/1000 steps=153700 | pi=-0.0013 v=0.0915 ent=3.8375 ret=-5.696 exp_var=0.107
[GNN K2_r1.0] iter=600/1000 steps=159000 | pi=-0.0013 v=0.0907 ent=3.8373 ret=-5.629 exp_var=0.113
[GNN K2_r1.0] iter=620/1000 steps=164300 | pi=-0.0014 v=0.0983 ent=3.8374 ret=-5.590 exp_var=0.146
[GNN K2_r1.0] iter=640/1000 steps=169600 | pi=-0.0013 v=0.0884 ent=3.8372 ret=-5.567 exp_var=0.117
[GNN K2_r1.0] iter=660/1000 steps=174900 | pi=-0.0014 v=0.0808 ent=3.8375 ret=-5.528 exp_var=0.177
[GNN K2_r1.0] iter=680/1000 steps=180200 | pi=-0.0011 v=0.0796 ent=3.8375 ret=-5.542 exp_var=0.173
[GNN K2_r1.0] iter=700/1000 steps=185500 | pi=-0.0011 v=0.0799 ent=3.8373 ret=-5.545 exp_var=0.141
[GNN K2_r1.0] iter=720/1000 steps=190800 | pi=-0.0010 v=0.0788 ent=3.8375 ret=-5.540 exp_var=0.153
[GNN K2_r1.0] iter=740/1000 steps=196100 | pi=-0.0010 v=0.0802 ent=3.8375 ret=-5.522 exp_var=0.158
[GNN K2_r1.0] iter=760/1000 steps=201400 | pi=-0.0008 v=0.0786 ent=3.8378 ret=-5.531 exp_var=0.145
[GNN K2_r1.0] iter=780/1000 steps=206700 | pi=-0.0011 v=0.0823 ent=3.8377 ret=-5.562 exp_var=0.118
[GNN K2_r1.0] iter=800/1000 steps=212000 | pi=-0.0013 v=0.1568 ent=3.8377 ret=-5.756 exp_var=0.170
[GNN K2_r1.0] iter=820/1000 steps=217300 | pi=-0.0014 v=0.1978 ent=3.8378 ret=-5.863 exp_var=0.201
[GNN K2_r1.0] iter=840/1000 steps=222600 | pi=-0.0012 v=0.0985 ent=3.8378 ret=-5.601 exp_var=0.098
[GNN K2_r1.0] iter=860/1000 steps=227900 | pi=-0.0009 v=0.1023 ent=3.8378 ret=-5.634 exp_var=0.126
[GNN K2_r1.0] iter=880/1000 steps=233200 | pi=-0.0010 v=0.0773 ent=3.8375 ret=-5.555 exp_var=0.108
[GNN K2_r1.0] iter=900/1000 steps=238500 | pi=-0.0009 v=0.0765 ent=3.8378 ret=-5.556 exp_var=0.109
[GNN K2_r1.0] iter=920/1000 steps=243800 | pi=-0.0011 v=0.0783 ent=3.8375 ret=-5.561 exp_var=0.125
[GNN K2_r1.0] iter=940/1000 steps=249100 | pi=-0.0009 v=0.0789 ent=3.8378 ret=-5.585 exp_var=0.130
[GNN K2_r1.0] iter=960/1000 steps=254400 | pi=-0.0009 v=0.1049 ent=3.8379 ret=-5.612 exp_var=0.136
[GNN K2_r1.0] iter=980/1000 steps=259700 | pi=-0.0008 v=0.0787 ent=3.8379 ret=-5.543 exp_var=0.138
[GNN K2_r1.0] iter=1000/1000 steps=265000 | pi=-0.0009 v=0.0742 ent=3.8378 ret=-5.508 exp_var=0.143
Saved plot: /home/ak565492/gnn_experiments/outputs/guided_coverage/gc_gnn_K2_r1.0.png
Saved checkpoint: /home/ak565492/gnn_experiments/outputs/guided_coverage/gc_gnn_K2_r1.0_final.pt

[GNN K2_r1.0] Final return: -5.508
=============================
End time: Wed Apr 15 20:48:39 EDT 2026
=============================
