=============================
Job ID:       589157
Array Task:   2
Node:         evc10
GPU:          0
Start time:   Mon Apr 20 22:00:58 EDT 2026
=============================
Running: GNN-MAPPO K=2 r_comm=1.5 (Guided Coverage)
Using device: cuda
GPU: Tesla V100-PCIE-16GB
Env: Guided Coverage | 2S + 2I -> 3 zones | world=3.0

=== GNN-MAPPO | K=2, r_comm=1.5 (Guided Coverage) | device=cuda ===
[GNN K2_r1.5] iter=1/1000 steps=265 | pi=-0.0003 v=363.1473 ent=2.8605 ret=-769.743 exp_var=-0.001
[GNN K2_r1.5] iter=20/1000 steps=5300 | pi=-0.0023 v=24.3655 ent=2.9646 ret=-423.268 exp_var=0.637
[GNN K2_r1.5] iter=40/1000 steps=10600 | pi=-0.0023 v=28.5747 ent=3.1091 ret=-384.506 exp_var=0.816
[GNN K2_r1.5] iter=60/1000 steps=15900 | pi=-0.0023 v=25.2449 ent=3.2189 ret=-357.048 exp_var=0.855
[GNN K2_r1.5] iter=80/1000 steps=21200 | pi=-0.0020 v=26.0238 ent=3.2884 ret=-351.076 exp_var=0.896
[GNN K2_r1.5] iter=100/1000 steps=26500 | pi=-0.0022 v=25.6735 ent=3.3761 ret=-360.171 exp_var=0.897
[GNN K2_r1.5] iter=120/1000 steps=31800 | pi=-0.0024 v=26.0813 ent=3.4491 ret=-341.455 exp_var=0.905
[GNN K2_r1.5] iter=140/1000 steps=37100 | pi=-0.0023 v=28.2329 ent=3.5186 ret=-372.658 exp_var=0.888
[GNN K2_r1.5] iter=160/1000 steps=42400 | pi=-0.0029 v=34.1208 ent=3.5982 ret=-369.359 exp_var=0.868
[GNN K2_r1.5] iter=180/1000 steps=47700 | pi=-0.0024 v=25.7839 ent=3.6838 ret=-361.514 exp_var=0.884
[GNN K2_r1.5] iter=200/1000 steps=53000 | pi=-0.0028 v=25.3759 ent=3.7422 ret=-362.323 exp_var=0.914
[GNN K2_r1.5] iter=220/1000 steps=58300 | pi=-0.0030 v=27.0310 ent=3.7935 ret=-358.639 exp_var=0.911
[GNN K2_r1.5] iter=240/1000 steps=63600 | pi=-0.0027 v=29.0436 ent=3.8208 ret=-361.751 exp_var=0.893
[GNN K2_r1.5] iter=260/1000 steps=68900 | pi=-0.0028 v=27.1675 ent=3.8371 ret=-367.698 exp_var=0.914
[GNN K2_r1.5] iter=280/1000 steps=74200 | pi=-0.0027 v=24.6324 ent=3.8348 ret=-385.149 exp_var=0.929
[GNN K2_r1.5] iter=300/1000 steps=79500 | pi=-0.0027 v=20.9581 ent=3.8372 ret=-370.890 exp_var=0.924
[GNN K2_r1.5] iter=320/1000 steps=84800 | pi=-0.0028 v=35.7821 ent=3.8348 ret=-382.093 exp_var=0.904
[GNN K2_r1.5] iter=340/1000 steps=90100 | pi=-0.0028 v=28.6725 ent=3.8375 ret=-394.504 exp_var=0.914
[GNN K2_r1.5] iter=360/1000 steps=95400 | pi=-0.0029 v=25.1509 ent=3.8363 ret=-398.720 exp_var=0.926
[GNN K2_r1.5] iter=380/1000 steps=100700 | pi=-0.0026 v=32.8637 ent=3.8361 ret=-391.148 exp_var=0.915
[GNN K2_r1.5] iter=400/1000 steps=106000 | pi=-0.0031 v=26.8258 ent=3.8371 ret=-389.387 exp_var=0.912
[GNN K2_r1.5] iter=420/1000 steps=111300 | pi=-0.0029 v=22.4040 ent=3.8368 ret=-389.791 exp_var=0.930
[GNN K2_r1.5] iter=440/1000 steps=116600 | pi=-0.0029 v=33.0233 ent=3.8366 ret=-428.881 exp_var=0.909
[GNN K2_r1.5] iter=460/1000 steps=121900 | pi=-0.0022 v=29.7709 ent=3.8367 ret=-439.791 exp_var=0.928
[GNN K2_r1.5] iter=480/1000 steps=127200 | pi=-0.0025 v=35.1771 ent=3.8354 ret=-441.921 exp_var=0.935
[GNN K2_r1.5] iter=500/1000 steps=132500 | pi=-0.0024 v=32.8123 ent=3.8330 ret=-396.567 exp_var=0.915
[GNN K2_r1.5] iter=520/1000 steps=137800 | pi=-0.0026 v=42.8801 ent=3.8342 ret=-457.742 exp_var=0.933
[GNN K2_r1.5] iter=540/1000 steps=143100 | pi=-0.0022 v=35.7011 ent=3.8370 ret=-433.526 exp_var=0.922
[GNN K2_r1.5] iter=560/1000 steps=148400 | pi=-0.0020 v=33.4381 ent=3.8367 ret=-428.390 exp_var=0.942
[GNN K2_r1.5] iter=580/1000 steps=153700 | pi=-0.0027 v=35.1359 ent=3.8376 ret=-425.503 exp_var=0.902
[GNN K2_r1.5] iter=600/1000 steps=159000 | pi=-0.0024 v=47.0329 ent=3.8375 ret=-457.078 exp_var=0.914
[GNN K2_r1.5] iter=620/1000 steps=164300 | pi=-0.0024 v=29.3806 ent=3.8345 ret=-397.870 exp_var=0.926
[GNN K2_r1.5] iter=640/1000 steps=169600 | pi=-0.0022 v=25.6557 ent=3.8370 ret=-398.768 exp_var=0.935
[GNN K2_r1.5] iter=660/1000 steps=174900 | pi=-0.0021 v=25.7299 ent=3.8371 ret=-404.650 exp_var=0.932
[GNN K2_r1.5] iter=680/1000 steps=180200 | pi=-0.0027 v=26.9252 ent=3.8372 ret=-410.494 exp_var=0.919
[GNN K2_r1.5] iter=700/1000 steps=185500 | pi=-0.0021 v=37.1653 ent=3.8358 ret=-423.200 exp_var=0.915
[GNN K2_r1.5] iter=720/1000 steps=190800 | pi=-0.0026 v=28.1299 ent=3.8374 ret=-411.122 exp_var=0.923
[GNN K2_r1.5] iter=740/1000 steps=196100 | pi=-0.0023 v=32.1599 ent=3.8378 ret=-427.814 exp_var=0.920
[GNN K2_r1.5] iter=760/1000 steps=201400 | pi=-0.0021 v=28.1383 ent=3.8376 ret=-425.850 exp_var=0.923
[GNN K2_r1.5] iter=780/1000 steps=206700 | pi=-0.0023 v=23.7901 ent=3.8376 ret=-397.253 exp_var=0.923
[GNN K2_r1.5] iter=800/1000 steps=212000 | pi=-0.0020 v=23.0655 ent=3.8369 ret=-401.201 exp_var=0.925
[GNN K2_r1.5] iter=820/1000 steps=217300 | pi=-0.0024 v=25.3267 ent=3.8372 ret=-393.900 exp_var=0.914
[GNN K2_r1.5] iter=840/1000 steps=222600 | pi=-0.0020 v=30.7590 ent=3.8376 ret=-397.483 exp_var=0.916
[GNN K2_r1.5] iter=860/1000 steps=227900 | pi=-0.0023 v=31.0912 ent=3.8378 ret=-402.528 exp_var=0.919
[GNN K2_r1.5] iter=880/1000 steps=233200 | pi=-0.0022 v=29.6375 ent=3.8360 ret=-413.674 exp_var=0.927
[GNN K2_r1.5] iter=900/1000 steps=238500 | pi=-0.0020 v=26.1448 ent=3.8378 ret=-411.160 exp_var=0.929
[GNN K2_r1.5] iter=920/1000 steps=243800 | pi=-0.0019 v=26.7740 ent=3.8373 ret=-412.954 exp_var=0.920
[GNN K2_r1.5] iter=940/1000 steps=249100 | pi=-0.0017 v=28.8592 ent=3.8378 ret=-413.046 exp_var=0.927
[GNN K2_r1.5] iter=960/1000 steps=254400 | pi=-0.0017 v=25.7562 ent=3.8379 ret=-394.245 exp_var=0.924
[GNN K2_r1.5] iter=980/1000 steps=259700 | pi=-0.0016 v=29.6438 ent=3.8378 ret=-407.012 exp_var=0.933
[GNN K2_r1.5] iter=1000/1000 steps=265000 | pi=-0.0016 v=23.2552 ent=3.8377 ret=-386.026 exp_var=0.924
Saved plot: /home/ak565492/gnn_experiments/outputs/guided_coverage/gc_gnn_K2_r1.5.png
Saved checkpoint: /home/ak565492/gnn_experiments/outputs/guided_coverage/gc_gnn_K2_r1.5_final.pt

[GNN K2_r1.5] Final return: -386.026
=============================
End time: Tue Apr 21 00:05:01 EDT 2026
=============================
