=============================
Job ID:       567203
Array Task:   3
Node:         evc5
GPU:          0
Start time:   Mon Mar 16 22:34:18 EDT 2026
=============================
Running: GNN K=2 r_comm=2.0
Device: cuda
GPU: Tesla V100-PCIE-16GB

=== GNN | K=2, r_comm=2.0 | device=cuda ===
[K2_r2.0] iter=1/2000 steps=256 | pi=-0.0012 v=0.5113 ent=2.8223 ret=-4.944 exp_var=0.926
[K2_r2.0] iter=20/2000 steps=5120 | pi=-0.0026 v=36.1583 ent=2.8079 ret=-3.782 exp_var=0.837
[K2_r2.0] iter=40/2000 steps=10240 | pi=-0.0030 v=5.1607 ent=2.8302 ret=-4.382 exp_var=0.828
[K2_r2.0] iter=60/2000 steps=15360 | pi=-0.0019 v=1.8265 ent=2.8596 ret=-4.401 exp_var=0.893
[K2_r2.0] iter=80/2000 steps=20480 | pi=-0.0037 v=0.6254 ent=2.8835 ret=-3.988 exp_var=0.909
[K2_r2.0] iter=100/2000 steps=25600 | pi=-0.0032 v=0.0277 ent=3.0405 ret=-2.798 exp_var=0.994
[K2_r2.0] iter=120/2000 steps=30720 | pi=0.0004 v=0.0135 ent=3.0645 ret=-2.830 exp_var=0.997
[K2_r2.0] iter=140/2000 steps=35840 | pi=0.0002 v=0.0225 ent=2.8466 ret=-2.204 exp_var=0.995
[K2_r2.0] iter=160/2000 steps=40960 | pi=-0.0042 v=0.0180 ent=2.7278 ret=-2.997 exp_var=0.996
[K2_r2.0] iter=180/2000 steps=46080 | pi=-0.0046 v=0.0210 ent=2.5523 ret=-2.208 exp_var=0.996
[K2_r2.0] iter=200/2000 steps=51200 | pi=-0.0040 v=0.0094 ent=2.4301 ret=-2.713 exp_var=0.998
[K2_r2.0] iter=220/2000 steps=56320 | pi=-0.0038 v=0.0083 ent=2.4036 ret=-2.689 exp_var=0.998
[K2_r2.0] iter=240/2000 steps=61440 | pi=-0.0038 v=0.0104 ent=2.2890 ret=-2.623 exp_var=0.998
[K2_r2.0] iter=260/2000 steps=66560 | pi=-0.0033 v=0.0105 ent=2.1630 ret=-2.600 exp_var=0.998
[K2_r2.0] iter=280/2000 steps=71680 | pi=-0.0036 v=0.0033 ent=2.2432 ret=-2.955 exp_var=0.999
[K2_r2.0] iter=300/2000 steps=76800 | pi=0.0034 v=0.0035 ent=2.3782 ret=-3.003 exp_var=0.999
[K2_r2.0] iter=320/2000 steps=81920 | pi=-0.0035 v=0.0020 ent=2.5832 ret=-2.971 exp_var=1.000
[K2_r2.0] iter=340/2000 steps=87040 | pi=-0.0044 v=0.0028 ent=2.7991 ret=-2.920 exp_var=0.999
[K2_r2.0] iter=360/2000 steps=92160 | pi=-0.0053 v=0.0042 ent=2.6305 ret=-2.780 exp_var=0.999
[K2_r2.0] iter=380/2000 steps=97280 | pi=-0.0033 v=0.0046 ent=2.6483 ret=-2.776 exp_var=0.999
