=============================
Job ID:       567175
Array Task:   4
Node:         evc8
GPU:          0
Start time:   Mon Mar 16 21:39:42 EDT 2026
=============================
Running: GNN K=3 r_comm=1.0
Device: cuda
GPU: Tesla V100-PCIE-16GB

=== GNN | K=3, r_comm=1.0 | device=cuda ===
[K3_r1.0] iter=1/2000 steps=256 | pi=-0.0011 v=0.4691 ent=2.8274 ret=0.000 exp_var=0.937
[K3_r1.0] iter=20/2000 steps=5120 | pi=-0.0032 v=58.0817 ent=2.8097 ret=0.000 exp_var=0.919
[K3_r1.0] iter=40/2000 steps=10240 | pi=-0.0022 v=26.2128 ent=2.8074 ret=0.000 exp_var=0.896
[K3_r1.0] iter=60/2000 steps=15360 | pi=-0.0027 v=9.9029 ent=2.7798 ret=0.000 exp_var=0.922
[K3_r1.0] iter=80/2000 steps=20480 | pi=-0.0027 v=7.8119 ent=2.7982 ret=0.000 exp_var=0.931
[K3_r1.0] iter=100/2000 steps=25600 | pi=-0.0039 v=2.5763 ent=2.7917 ret=0.000 exp_var=0.933
[K3_r1.0] iter=120/2000 steps=30720 | pi=-0.0031 v=0.9472 ent=2.8594 ret=0.000 exp_var=0.950
[K3_r1.0] iter=140/2000 steps=35840 | pi=-0.0026 v=0.1051 ent=2.9583 ret=0.000 exp_var=0.978
[K3_r1.0] iter=160/2000 steps=40960 | pi=0.0043 v=0.0146 ent=2.9501 ret=0.000 exp_var=0.996
