=============================
Job ID:       567172
Array Task:   1
Node:         evc5
GPU:          0
Start time:   Mon Mar 16 21:39:42 EDT 2026
=============================
Running: GNN K=2 r_comm=1.0
Device: cuda
GPU: Tesla V100-PCIE-16GB

=== GNN | K=2, r_comm=1.0 | device=cuda ===
[K2_r1.0] iter=1/2000 steps=256 | pi=-0.0012 v=0.4893 ent=2.8224 ret=0.000 exp_var=0.929
[K2_r1.0] iter=20/2000 steps=5120 | pi=-0.0033 v=35.7037 ent=2.7949 ret=0.000 exp_var=0.901
[K2_r1.0] iter=40/2000 steps=10240 | pi=-0.0026 v=12.7731 ent=2.7968 ret=0.000 exp_var=0.875
[K2_r1.0] iter=60/2000 steps=15360 | pi=-0.0001 v=7.3481 ent=2.8105 ret=0.000 exp_var=0.897
[K2_r1.0] iter=80/2000 steps=20480 | pi=-0.0029 v=4.6253 ent=2.8388 ret=0.000 exp_var=0.925
[K2_r1.0] iter=100/2000 steps=25600 | pi=-0.0021 v=5.8892 ent=2.7772 ret=0.000 exp_var=0.905
[K2_r1.0] iter=120/2000 steps=30720 | pi=-0.0031 v=4.4638 ent=2.7453 ret=0.000 exp_var=0.951
[K2_r1.0] iter=140/2000 steps=35840 | pi=-0.0028 v=3.7068 ent=2.7167 ret=0.000 exp_var=0.935
[K2_r1.0] iter=160/2000 steps=40960 | pi=-0.0002 v=5.1054 ent=2.6976 ret=0.000 exp_var=0.910
