=============================
Job ID:       589150
Array Task:   9
Node:         evc6
GPU:          0
Start time:   Mon Apr 20 22:00:46 EDT 2026
=============================
Running: PCP GNN K=2 r=2.0
Using device: cuda
GPU: Tesla V100-PCIE-16GB
Env: PCP | 2S + 2I | world=5.0 | max_steps=80

=== GNN-MAPPO | K=2, r_comm=2.0 (PCP) | device=cuda ===
[GNN K2_r2.0] iter=1 steps=256/384000 | pi=-0.0002 v=21.1421 ent=2.8630 ret=-217.454 exp_var=0.013
[GNN K2_r2.0] iter=20 steps=5120/384000 | pi=-0.0024 v=153.7908 ent=2.9786 ret=12.754 exp_var=0.770
[GNN K2_r2.0] iter=40 steps=10240/384000 | pi=-0.0019 v=240.7903 ent=3.0435 ret=33.740 exp_var=0.852
[GNN K2_r2.0] iter=60 steps=15360/384000 | pi=-0.0010 v=249.6488 ent=3.1071 ret=25.413 exp_var=0.917
[GNN K2_r2.0] iter=80 steps=20480/384000 | pi=-0.0012 v=266.1880 ent=3.1976 ret=24.404 exp_var=0.931
[GNN K2_r2.0] iter=100 steps=25600/384000 | pi=-0.0014 v=221.9452 ent=3.2150 ret=43.501 exp_var=0.950
[GNN K2_r2.0] iter=120 steps=30720/384000 | pi=-0.0016 v=236.9549 ent=3.2841 ret=35.523 exp_var=0.933
[GNN K2_r2.0] iter=140 steps=35840/384000 | pi=-0.0014 v=231.8651 ent=3.3727 ret=29.432 exp_var=0.950
[GNN K2_r2.0] iter=160 steps=40960/384000 | pi=-0.0010 v=215.6809 ent=3.5102 ret=35.557 exp_var=0.960
[GNN K2_r2.0] iter=180 steps=46080/384000 | pi=-0.0011 v=273.0797 ent=3.5869 ret=24.732 exp_var=0.946
[GNN K2_r2.0] iter=200 steps=51200/384000 | pi=-0.0013 v=260.8999 ent=3.7195 ret=26.948 exp_var=0.947
[GNN K2_r2.0] iter=220 steps=56320/384000 | pi=-0.0015 v=273.1631 ent=3.7838 ret=24.771 exp_var=0.945
[GNN K2_r2.0] iter=240 steps=61440/384000 | pi=-0.0012 v=259.3578 ent=3.8056 ret=30.633 exp_var=0.939
[GNN K2_r2.0] iter=260 steps=66560/384000 | pi=-0.0010 v=262.0012 ent=3.8104 ret=34.659 exp_var=0.951
[GNN K2_r2.0] iter=280 steps=71680/384000 | pi=-0.0012 v=311.9078 ent=3.8335 ret=31.297 exp_var=0.945
[GNN K2_r2.0] iter=300 steps=76800/384000 | pi=-0.0007 v=270.0943 ent=3.7257 ret=30.918 exp_var=0.960
[GNN K2_r2.0] iter=320 steps=81920/384000 | pi=-0.0007 v=270.1900 ent=3.6699 ret=30.926 exp_var=0.959
[GNN K2_r2.0] iter=340 steps=87040/384000 | pi=-0.0006 v=308.7226 ent=3.5989 ret=31.218 exp_var=0.953
[GNN K2_r2.0] iter=360 steps=92160/384000 | pi=-0.0003 v=324.3039 ent=3.5039 ret=31.591 exp_var=0.952
[GNN K2_r2.0] iter=380 steps=97280/384000 | pi=-0.0002 v=312.4699 ent=3.3302 ret=31.624 exp_var=0.954
[GNN K2_r2.0] iter=400 steps=102400/384000 | pi=-0.0006 v=311.6321 ent=3.2102 ret=31.699 exp_var=0.954
[GNN K2_r2.0] iter=420 steps=107520/384000 | pi=0.0000 v=309.2033 ent=3.1262 ret=31.291 exp_var=0.953
[GNN K2_r2.0] iter=440 steps=112640/384000 | pi=-0.0002 v=299.9042 ent=3.0203 ret=31.594 exp_var=0.957
[GNN K2_r2.0] iter=460 steps=117760/384000 | pi=-0.0002 v=311.5046 ent=2.8751 ret=31.857 exp_var=0.950
[GNN K2_r2.0] iter=480 steps=122880/384000 | pi=0.0010 v=297.1627 ent=2.7841 ret=31.649 exp_var=0.958
[GNN K2_r2.0] iter=500 steps=128000/384000 | pi=-0.0004 v=282.6959 ent=2.6630 ret=31.856 exp_var=0.958
[GNN K2_r2.0] iter=520 steps=133120/384000 | pi=0.0000 v=304.6066 ent=2.5725 ret=31.617 exp_var=0.954
[GNN K2_r2.0] iter=540 steps=138240/384000 | pi=-0.0002 v=305.5588 ent=2.4999 ret=31.315 exp_var=0.954
[GNN K2_r2.0] iter=560 steps=143360/384000 | pi=0.0001 v=316.7174 ent=2.4327 ret=30.351 exp_var=0.951
[GNN K2_r2.0] iter=580 steps=148480/384000 | pi=0.0004 v=328.5164 ent=2.3481 ret=30.016 exp_var=0.942
[GNN K2_r2.0] iter=600 steps=153600/384000 | pi=0.0001 v=310.2252 ent=2.2834 ret=29.829 exp_var=0.940
[GNN K2_r2.0] iter=620 steps=158720/384000 | pi=-0.0001 v=322.6093 ent=2.2643 ret=32.602 exp_var=0.927
[GNN K2_r2.0] iter=640 steps=163840/384000 | pi=-0.0002 v=338.6671 ent=2.2266 ret=32.000 exp_var=0.928
[GNN K2_r2.0] iter=660 steps=168960/384000 | pi=-0.0002 v=327.6355 ent=2.2094 ret=32.929 exp_var=0.927
[GNN K2_r2.0] iter=680 steps=174080/384000 | pi=0.0000 v=335.0354 ent=2.1476 ret=31.917 exp_var=0.919
[GNN K2_r2.0] iter=700 steps=179200/384000 | pi=-0.0002 v=346.6427 ent=2.1250 ret=31.715 exp_var=0.921
[GNN K2_r2.0] iter=720 steps=184320/384000 | pi=-0.0003 v=342.8942 ent=2.0820 ret=32.226 exp_var=0.918
[GNN K2_r2.0] iter=740 steps=189440/384000 | pi=-0.0001 v=331.5620 ent=2.0144 ret=32.252 exp_var=0.921
[GNN K2_r2.0] iter=760 steps=194560/384000 | pi=-0.0002 v=337.6236 ent=1.9944 ret=31.769 exp_var=0.918
[GNN K2_r2.0] iter=780 steps=199680/384000 | pi=-0.0002 v=329.3884 ent=1.9853 ret=31.219 exp_var=0.924
[GNN K2_r2.0] iter=800 steps=204800/384000 | pi=-0.0001 v=332.3346 ent=1.9925 ret=30.768 exp_var=0.929
[GNN K2_r2.0] iter=820 steps=209920/384000 | pi=-0.0002 v=332.6226 ent=1.9627 ret=30.476 exp_var=0.927
[GNN K2_r2.0] iter=840 steps=215040/384000 | pi=-0.0003 v=353.9865 ent=1.9322 ret=30.654 exp_var=0.921
[GNN K2_r2.0] iter=860 steps=220160/384000 | pi=-0.0003 v=364.2121 ent=1.9493 ret=31.553 exp_var=0.910
[GNN K2_r2.0] iter=880 steps=225280/384000 | pi=-0.0007 v=355.4010 ent=1.9454 ret=32.111 exp_var=0.917
[GNN K2_r2.0] iter=900 steps=230400/384000 | pi=-0.0002 v=364.7825 ent=1.9525 ret=31.467 exp_var=0.915
[GNN K2_r2.0] iter=920 steps=235520/384000 | pi=-0.0004 v=364.4816 ent=1.9810 ret=31.412 exp_var=0.930
[GNN K2_r2.0] iter=940 steps=240640/384000 | pi=-0.0003 v=370.9498 ent=2.0044 ret=31.576 exp_var=0.923
[GNN K2_r2.0] iter=960 steps=245760/384000 | pi=-0.0004 v=368.9545 ent=2.0564 ret=31.747 exp_var=0.925
[GNN K2_r2.0] iter=980 steps=250880/384000 | pi=-0.0003 v=365.4977 ent=2.1510 ret=31.235 exp_var=0.918
[GNN K2_r2.0] iter=1000 steps=256000/384000 | pi=-0.0005 v=371.6038 ent=2.2192 ret=31.186 exp_var=0.915
[GNN K2_r2.0] iter=1020 steps=261120/384000 | pi=-0.0004 v=364.7322 ent=2.2766 ret=30.764 exp_var=0.915
[GNN K2_r2.0] iter=1040 steps=266240/384000 | pi=-0.0003 v=362.5394 ent=2.3651 ret=30.309 exp_var=0.908
[GNN K2_r2.0] iter=1060 steps=271360/384000 | pi=-0.0004 v=377.4597 ent=2.4352 ret=29.779 exp_var=0.890
[GNN K2_r2.0] iter=1080 steps=276480/384000 | pi=-0.0003 v=383.8671 ent=2.5470 ret=29.316 exp_var=0.885
[GNN K2_r2.0] iter=1100 steps=281600/384000 | pi=-0.0005 v=405.2087 ent=2.6883 ret=29.027 exp_var=0.868
[GNN K2_r2.0] iter=1120 steps=286720/384000 | pi=-0.0006 v=422.1768 ent=2.8084 ret=28.974 exp_var=0.853
[GNN K2_r2.0] iter=1140 steps=291840/384000 | pi=-0.0006 v=411.8527 ent=2.9390 ret=28.299 exp_var=0.847
[GNN K2_r2.0] iter=1160 steps=296960/384000 | pi=-0.0007 v=400.1902 ent=3.0517 ret=28.565 exp_var=0.846
[GNN K2_r2.0] iter=1180 steps=302080/384000 | pi=-0.0005 v=393.9385 ent=3.1650 ret=28.555 exp_var=0.847
[GNN K2_r2.0] iter=1200 steps=307200/384000 | pi=-0.0006 v=386.9239 ent=3.2655 ret=28.778 exp_var=0.841
[GNN K2_r2.0] iter=1220 steps=312320/384000 | pi=-0.0007 v=382.9808 ent=3.3630 ret=28.670 exp_var=0.841
[GNN K2_r2.0] iter=1240 steps=317440/384000 | pi=-0.0005 v=389.6967 ent=3.4541 ret=28.613 exp_var=0.837
[GNN K2_r2.0] iter=1260 steps=322560/384000 | pi=-0.0008 v=382.5036 ent=3.5424 ret=28.602 exp_var=0.843
[GNN K2_r2.0] iter=1280 steps=327680/384000 | pi=-0.0006 v=384.8507 ent=3.6414 ret=28.578 exp_var=0.842
[GNN K2_r2.0] iter=1300 steps=332800/384000 | pi=-0.0008 v=385.8081 ent=3.7212 ret=28.673 exp_var=0.836
[GNN K2_r2.0] iter=1320 steps=337920/384000 | pi=-0.0007 v=382.2445 ent=3.8062 ret=29.433 exp_var=0.829
[GNN K2_r2.0] iter=1340 steps=343040/384000 | pi=-0.0008 v=380.0404 ent=3.8373 ret=29.552 exp_var=0.829
[GNN K2_r2.0] iter=1360 steps=348160/384000 | pi=-0.0007 v=357.3461 ent=3.8376 ret=31.089 exp_var=0.830
[GNN K2_r2.0] iter=1380 steps=353280/384000 | pi=-0.0008 v=354.8701 ent=3.8378 ret=31.047 exp_var=0.830
[GNN K2_r2.0] iter=1400 steps=358400/384000 | pi=-0.0008 v=367.3308 ent=3.8378 ret=30.835 exp_var=0.805
[GNN K2_r2.0] iter=1420 steps=363520/384000 | pi=-0.0008 v=368.2659 ent=3.8378 ret=30.476 exp_var=0.789
[GNN K2_r2.0] iter=1440 steps=368640/384000 | pi=-0.0009 v=368.2854 ent=3.8378 ret=30.208 exp_var=0.797
[GNN K2_r2.0] iter=1460 steps=373760/384000 | pi=-0.0008 v=371.9674 ent=3.8378 ret=30.326 exp_var=0.796
[GNN K2_r2.0] iter=1480 steps=378880/384000 | pi=-0.0011 v=404.0142 ent=3.8379 ret=30.627 exp_var=0.808
[GNN K2_r2.0] iter=1500 steps=384000/384000 | pi=-0.0010 v=347.9808 ent=3.8378 ret=29.791 exp_var=0.851
Saved plot: /home/ak565492/gnn_experiments/outputs/hetnet_envs/pcp_gnn_K2_r2.0.png
Saved checkpoint: /home/ak565492/gnn_experiments/outputs/hetnet_envs/pcp_gnn_K2_r2.0_final.pt

[GNN K2_r2.0] Final return: 29.791
=============================
End time: Tue Apr 21 01:15:26 EDT 2026
=============================
