=============================
Job ID:       567204
Array Task:   4
Node:         evc6
GPU:          0
Start time:   Mon Mar 16 22:34:18 EDT 2026
=============================
Running: GNN K=3 r_comm=1.0
Device: cuda
GPU: Tesla V100-PCIE-16GB

=== GNN | K=3, r_comm=1.0 | device=cuda ===
[K3_r1.0] iter=1/2000 steps=256 | pi=-0.0011 v=0.4658 ent=2.8265 ret=-4.975 exp_var=0.937
[K3_r1.0] iter=20/2000 steps=5120 | pi=-0.0028 v=37.4435 ent=2.8005 ret=-2.930 exp_var=0.951
[K3_r1.0] iter=40/2000 steps=10240 | pi=-0.0030 v=15.2785 ent=2.7732 ret=-4.378 exp_var=0.927
[K3_r1.0] iter=60/2000 steps=15360 | pi=-0.0023 v=2.9419 ent=2.8270 ret=-5.141 exp_var=0.910
[K3_r1.0] iter=80/2000 steps=20480 | pi=-0.0028 v=1.8147 ent=2.8862 ret=-5.786 exp_var=0.904
[K3_r1.0] iter=100/2000 steps=25600 | pi=-0.0006 v=0.6135 ent=3.1131 ret=-4.121 exp_var=0.914
[K3_r1.0] iter=120/2000 steps=30720 | pi=-0.0036 v=0.4695 ent=2.9919 ret=-2.834 exp_var=0.947
[K3_r1.0] iter=140/2000 steps=35840 | pi=-0.0038 v=0.1033 ent=3.0353 ret=-2.971 exp_var=0.988
[K3_r1.0] iter=160/2000 steps=40960 | pi=0.0002 v=0.1712 ent=3.2578 ret=-2.742 exp_var=0.982
[K3_r1.0] iter=180/2000 steps=46080 | pi=-0.0020 v=0.0311 ent=3.1395 ret=-2.384 exp_var=0.994
[K3_r1.0] iter=200/2000 steps=51200 | pi=-0.0048 v=0.0076 ent=2.9489 ret=-2.860 exp_var=0.998
[K3_r1.0] iter=220/2000 steps=56320 | pi=-0.0039 v=0.0113 ent=2.7832 ret=-2.943 exp_var=0.998
[K3_r1.0] iter=240/2000 steps=61440 | pi=-0.0002 v=0.0091 ent=2.6379 ret=-4.057 exp_var=0.998
[K3_r1.0] iter=260/2000 steps=66560 | pi=-0.0000 v=0.0034 ent=2.7149 ret=-4.206 exp_var=0.999
[K3_r1.0] iter=280/2000 steps=71680 | pi=-0.0029 v=0.0026 ent=2.8438 ret=-4.337 exp_var=1.000
[K3_r1.0] iter=300/2000 steps=76800 | pi=-0.0043 v=0.0028 ent=2.7602 ret=-4.112 exp_var=0.999
[K3_r1.0] iter=320/2000 steps=81920 | pi=-0.0015 v=0.0009 ent=2.8883 ret=-3.843 exp_var=1.000
[K3_r1.0] iter=340/2000 steps=87040 | pi=-0.0029 v=0.0014 ent=2.8114 ret=-4.128 exp_var=1.000
[K3_r1.0] iter=360/2000 steps=92160 | pi=-0.0006 v=0.0007 ent=3.0366 ret=-3.808 exp_var=1.000
[K3_r1.0] iter=380/2000 steps=97280 | pi=-0.0039 v=0.0016 ent=2.8504 ret=-3.867 exp_var=1.000
[K3_r1.0] iter=400/2000 steps=102400 | pi=-0.0018 v=0.0007 ent=2.8999 ret=-4.053 exp_var=1.000
