=============================
Job ID:       585253
Array Task:   11
Node:         evc41
GPU:          0
Start time:   Wed Apr 15 18:35:49 EDT 2026
=============================
Running: PCP HetNet r=2.0
Using device: cuda
GPU: NVIDIA H100 PCIe
Env: PCP | 2S + 2I | world=5.0 | max_steps=80

=== HetNet/MAHAC | r_comm=2.0 (PCP) | device=cuda ===
  [DIAG] t=0 done_sum=0/256 reward_mean=-0.6777 reward_min=-1.1473 reward_max=-0.2702
  [DIAG] t=1 done_sum=0/256 reward_mean=-0.6777 reward_min=-1.1486 reward_max=-0.2701
  [DIAG] t=2 done_sum=0/256 reward_mean=-0.6776 reward_min=-1.1503 reward_max=-0.2696
  [DIAG] t=255 done_sum=256/256 reward_mean=-0.7536 reward_min=-1.4252 reward_max=-0.3117
  [ROLLOUT SUMMARY] total_dones=45312 expected_if_100step_eps≈512 reward_global_mean=-0.7106 reward_global_std=0.1720
[HetNet] iter=1/1500 steps=256/384000 | pi_s=0.0085 pi_i=0.0100 v=61.9825 ent_s=2.839 ent_i=2.839 ret=-1.028 ev_s_post=-0.010 ev_i_post=-0.001 r_s=1.000 r_i=0.999 std_s=0.00 std_i=0.00
  [DIAG] t=0 done_sum=0/256 reward_mean=-0.6774 reward_min=-1.0432 reward_max=-0.2909
  [DIAG] t=1 done_sum=0/256 reward_mean=-0.6774 reward_min=-1.0445 reward_max=-0.2915
  [DIAG] t=2 done_sum=0/256 reward_mean=-0.6775 reward_min=-1.0462 reward_max=-0.2907
  [DIAG] t=255 done_sum=256/256 reward_mean=-0.7491 reward_min=-1.2411 reward_max=-0.3204
  [ROLLOUT SUMMARY] total_dones=45312 expected_if_100step_eps≈512 reward_global_mean=-0.7094 reward_global_std=0.1589
  [DIAG] t=0 done_sum=0/256 reward_mean=-0.6624 reward_min=-1.0978 reward_max=-0.3179
  [DIAG] t=1 done_sum=0/256 reward_mean=-0.6626 reward_min=-1.0972 reward_max=-0.3185
  [DIAG] t=2 done_sum=0/256 reward_mean=-0.6627 reward_min=-1.0968 reward_max=-0.3185
  [DIAG] t=255 done_sum=256/256 reward_mean=-0.7519 reward_min=-1.2277 reward_max=1.1370
  [ROLLOUT SUMMARY] total_dones=45312 expected_if_100step_eps≈512 reward_global_mean=-0.7095 reward_global_std=0.1722
  [DIAG] t=0 done_sum=0/256 reward_mean=-0.6738 reward_min=-1.0933 reward_max=-0.3338
  [DIAG] t=1 done_sum=0/256 reward_mean=-0.6739 reward_min=-1.0926 reward_max=-0.3351
  [DIAG] t=2 done_sum=0/256 reward_mean=-0.6739 reward_min=-1.0925 reward_max=-0.3355
  [DIAG] t=255 done_sum=256/256 reward_mean=-0.7432 reward_min=-1.2735 reward_max=-0.3495
  [ROLLOUT SUMMARY] total_dones=45312 expected_if_100step_eps≈512 reward_global_mean=-0.7110 reward_global_std=0.1594
  [DIAG] t=0 done_sum=0/256 reward_mean=-0.6602 reward_min=-1.0591 reward_max=-0.2333
  [DIAG] t=1 done_sum=0/256 reward_mean=-0.6603 reward_min=-1.0590 reward_max=-0.2340
  [DIAG] t=2 done_sum=0/256 reward_mean=-0.6605 reward_min=-1.0596 reward_max=-0.2342
  [DIAG] t=255 done_sum=256/256 reward_mean=-0.7437 reward_min=-1.2734 reward_max=1.5537
  [ROLLOUT SUMMARY] total_dones=45312 expected_if_100step_eps≈512 reward_global_mean=-0.7091 reward_global_std=0.1754
  [DIAG] t=0 done_sum=0/256 reward_mean=-0.6571 reward_min=-1.0399 reward_max=-0.2733
  [DIAG] t=1 done_sum=0/256 reward_mean=-0.6572 reward_min=-1.0397 reward_max=-0.2736
  [DIAG] t=2 done_sum=0/256 reward_mean=-0.6573 reward_min=-1.0400 reward_max=-0.2748
  [DIAG] t=255 done_sum=256/256 reward_mean=-0.7410 reward_min=-1.3360 reward_max=1.4821
  [ROLLOUT SUMMARY] total_dones=45312 expected_if_100step_eps≈512 reward_global_mean=-0.6963 reward_global_std=0.1943
  [DIAG] t=0 done_sum=0/256 reward_mean=-0.6940 reward_min=-1.0735 reward_max=-0.3321
  [DIAG] t=1 done_sum=0/256 reward_mean=-0.6941 reward_min=-1.0748 reward_max=-0.3322
  [DIAG] t=2 done_sum=0/256 reward_mean=-0.6942 reward_min=-1.0769 reward_max=-0.3319
  [DIAG] t=255 done_sum=256/256 reward_mean=-0.7607 reward_min=-1.2802 reward_max=1.5983
  [ROLLOUT SUMMARY] total_dones=45312 expected_if_100step_eps≈512 reward_global_mean=-0.7383 reward_global_std=0.1738
  [DIAG] t=0 done_sum=0/256 reward_mean=-0.6834 reward_min=-1.0473 reward_max=-0.2990
  [DIAG] t=1 done_sum=0/256 reward_mean=-0.6836 reward_min=-1.0461 reward_max=-0.3000
  [DIAG] t=2 done_sum=0/256 reward_mean=-0.6838 reward_min=-1.0454 reward_max=-0.3005
  [DIAG] t=255 done_sum=256/256 reward_mean=-0.7574 reward_min=-1.2677 reward_max=-0.3445
  [ROLLOUT SUMMARY] total_dones=45312 expected_if_100step_eps≈512 reward_global_mean=-0.7271 reward_global_std=0.1550
  [DIAG] t=0 done_sum=0/256 reward_mean=-0.6815 reward_min=-1.1521 reward_max=-0.2805
  [DIAG] t=1 done_sum=0/256 reward_mean=-0.6815 reward_min=-1.1513 reward_max=-0.2806
  [DIAG] t=2 done_sum=0/256 reward_mean=-0.6816 reward_min=-1.1504 reward_max=-0.2818
  [DIAG] t=255 done_sum=256/256 reward_mean=-0.7445 reward_min=-1.3290 reward_max=-0.3729
  [ROLLOUT SUMMARY] total_dones=45312 expected_if_100step_eps≈512 reward_global_mean=-0.7180 reward_global_std=0.1613
  [DIAG] t=0 done_sum=0/256 reward_mean=-0.6923 reward_min=-1.1309 reward_max=-0.3379
  [DIAG] t=1 done_sum=0/256 reward_mean=-0.6923 reward_min=-1.1310 reward_max=-0.3376
  [DIAG] t=2 done_sum=0/256 reward_mean=-0.6923 reward_min=-1.1316 reward_max=-0.3365
  [DIAG] t=255 done_sum=256/256 reward_mean=-0.7433 reward_min=-1.2473 reward_max=-0.3091
  [ROLLOUT SUMMARY] total_dones=45312 expected_if_100step_eps≈512 reward_global_mean=-0.7205 reward_global_std=0.1596
  [DIAG] t=0 done_sum=0/256 reward_mean=-0.6731 reward_min=-1.0377 reward_max=-0.3126
  [DIAG] t=1 done_sum=0/256 reward_mean=-0.6732 reward_min=-1.0387 reward_max=-0.3136
  [DIAG] t=2 done_sum=0/256 reward_mean=-0.6733 reward_min=-1.0398 reward_max=-0.3147
  [DIAG] t=255 done_sum=256/256 reward_mean=-0.7034 reward_min=-1.1915 reward_max=1.2603
  [ROLLOUT SUMMARY] total_dones=45312 expected_if_100step_eps≈512 reward_global_mean=-0.6943 reward_global_std=0.1550
  [DIAG] t=0 done_sum=0/256 reward_mean=-0.6778 reward_min=-1.1719 reward_max=-0.3271
  [DIAG] t=1 done_sum=0/256 reward_mean=-0.6779 reward_min=-1.1713 reward_max=-0.3268
  [DIAG] t=2 done_sum=0/256 reward_mean=-0.6779 reward_min=-1.1711 reward_max=-0.3271
  [DIAG] t=255 done_sum=256/256 reward_mean=-0.7299 reward_min=-1.2361 reward_max=-0.3215
  [ROLLOUT SUMMARY] total_dones=45312 expected_if_100step_eps≈512 reward_global_mean=-0.7070 reward_global_std=0.1593
  [DIAG] t=0 done_sum=0/256 reward_mean=-0.6790 reward_min=-1.1089 reward_max=-0.3627
  [DIAG] t=1 done_sum=0/256 reward_mean=-0.6790 reward_min=-1.1093 reward_max=-0.3628
  [DIAG] t=2 done_sum=0/256 reward_mean=-0.6790 reward_min=-1.1093 reward_max=-0.3632
  [DIAG] t=255 done_sum=256/256 reward_mean=-0.7097 reward_min=-1.2339 reward_max=-0.3023
  [ROLLOUT SUMMARY] total_dones=45312 expected_if_100step_eps≈512 reward_global_mean=-0.6980 reward_global_std=0.1458
  [DIAG] t=0 done_sum=0/256 reward_mean=-0.6724 reward_min=-1.0597 reward_max=-0.3557
  [DIAG] t=1 done_sum=0/256 reward_mean=-0.6724 reward_min=-1.0594 reward_max=-0.3553
  [DIAG] t=2 done_sum=0/256 reward_mean=-0.6724 reward_min=-1.0584 reward_max=-0.3543
  [DIAG] t=255 done_sum=256/256 reward_mean=-0.7241 reward_min=-1.2465 reward_max=-0.3281
  [ROLLOUT SUMMARY] total_dones=45312 expected_if_100step_eps≈512 reward_global_mean=-0.7021 reward_global_std=0.1434
  [DIAG] t=0 done_sum=0/256 reward_mean=-0.6694 reward_min=-1.1430 reward_max=-0.3291
  [DIAG] t=1 done_sum=0/256 reward_mean=-0.6695 reward_min=-1.1430 reward_max=-0.3297
  [DIAG] t=2 done_sum=0/256 reward_mean=-0.6695 reward_min=-1.1433 reward_max=-0.3313
  [DIAG] t=255 done_sum=256/256 reward_mean=-0.7305 reward_min=-1.1957 reward_max=-0.2991
  [ROLLOUT SUMMARY] total_dones=45312 expected_if_100step_eps≈512 reward_global_mean=-0.7021 reward_global_std=0.1632
  [DIAG] t=0 done_sum=0/256 reward_mean=-0.6795 reward_min=-1.0730 reward_max=-0.3957
  [DIAG] t=1 done_sum=0/256 reward_mean=-0.6795 reward_min=-1.0724 reward_max=-0.3945
  [DIAG] t=2 done_sum=0/256 reward_mean=-0.6793 reward_min=-1.0714 reward_max=-0.3923
  [DIAG] t=255 done_sum=256/256 reward_mean=-0.7436 reward_min=-1.1928 reward_max=-0.3269
  [ROLLOUT SUMMARY] total_dones=45312 expected_if_100step_eps≈512 reward_global_mean=-0.7145 reward_global_std=0.1525
  [DIAG] t=0 done_sum=0/256 reward_mean=-0.6751 reward_min=-1.0704 reward_max=-0.3511
  [DIAG] t=1 done_sum=0/256 reward_mean=-0.6752 reward_min=-1.0714 reward_max=-0.3510
  [DIAG] t=2 done_sum=0/256 reward_mean=-0.6753 reward_min=-1.0725 reward_max=-0.3504
  [DIAG] t=255 done_sum=256/256 reward_mean=-0.7384 reward_min=-1.2714 reward_max=-0.3073
  [ROLLOUT SUMMARY] total_dones=45312 expected_if_100step_eps≈512 reward_global_mean=-0.7090 reward_global_std=0.1614
  [DIAG] t=0 done_sum=0/256 reward_mean=-0.6782 reward_min=-0.9954 reward_max=-0.4217
  [DIAG] t=1 done_sum=0/256 reward_mean=-0.6783 reward_min=-0.9956 reward_max=-0.4211
  [DIAG] t=2 done_sum=0/256 reward_mean=-0.6783 reward_min=-0.9956 reward_max=-0.4210
  [DIAG] t=255 done_sum=256/256 reward_mean=-0.7397 reward_min=-1.2295 reward_max=-0.3832
  [ROLLOUT SUMMARY] total_dones=45312 expected_if_100step_eps≈512 reward_global_mean=-0.7086 reward_global_std=0.1465
  [DIAG] t=0 done_sum=0/256 reward_mean=-0.6875 reward_min=-1.1781 reward_max=-0.3080
  [DIAG] t=1 done_sum=0/256 reward_mean=-0.6874 reward_min=-1.1795 reward_max=-0.3078
  [DIAG] t=2 done_sum=0/256 reward_mean=-0.6873 reward_min=-1.1803 reward_max=-0.3078
  [DIAG] t=255 done_sum=256/256 reward_mean=-0.7340 reward_min=-1.2612 reward_max=-0.2894
  [ROLLOUT SUMMARY] total_dones=45312 expected_if_100step_eps≈512 reward_global_mean=-0.7114 reward_global_std=0.1599
  [DIAG] t=0 done_sum=0/256 reward_mean=-0.6837 reward_min=-1.0413 reward_max=-0.3435
  [DIAG] t=1 done_sum=0/256 reward_mean=-0.6838 reward_min=-1.0412 reward_max=-0.3443
  [DIAG] t=2 done_sum=0/256 reward_mean=-0.6838 reward_min=-1.0416 reward_max=-0.3449
  [DIAG] t=255 done_sum=256/256 reward_mean=-0.7338 reward_min=-1.2250 reward_max=1.4333
  [ROLLOUT SUMMARY] total_dones=45312 expected_if_100step_eps≈512 reward_global_mean=-0.7051 reward_global_std=0.1926
[HetNet] iter=20/1500 steps=5120/384000 | pi_s=0.0008 pi_i=0.0011 v=65.8162 ent_s=2.875 ent_i=2.876 ret=-1.020 ev_s_post=0.033 ev_i_post=0.069 r_s=1.000 r_i=1.000 std_s=0.02 std_i=0.02
  [DIAG] t=0 done_sum=0/256 reward_mean=-0.6725 reward_min=-1.0505 reward_max=-0.3504
  [DIAG] t=1 done_sum=0/256 reward_mean=-0.6725 reward_min=-1.0508 reward_max=-0.3505
  [DIAG] t=2 done_sum=0/256 reward_mean=-0.6725 reward_min=-1.0510 reward_max=-0.3504
  [DIAG] t=255 done_sum=256/256 reward_mean=-0.7195 reward_min=-1.1482 reward_max=-0.3407
  [ROLLOUT SUMMARY] total_dones=45312 expected_if_100step_eps≈512 reward_global_mean=-0.6935 reward_global_std=0.1439
  [DIAG] t=0 done_sum=0/256 reward_mean=-0.6736 reward_min=-1.0352 reward_max=-0.3393
  [DIAG] t=1 done_sum=0/256 reward_mean=-0.6735 reward_min=-1.0340 reward_max=-0.3389
  [DIAG] t=2 done_sum=0/256 reward_mean=-0.6736 reward_min=-1.0335 reward_max=-0.3384
  [DIAG] t=255 done_sum=256/256 reward_mean=-0.7128 reward_min=-1.1881 reward_max=-0.3273
  [ROLLOUT SUMMARY] total_dones=45312 expected_if_100step_eps≈512 reward_global_mean=-0.6894 reward_global_std=0.1461
  [DIAG] t=0 done_sum=0/256 reward_mean=-0.6700 reward_min=-1.2265 reward_max=-0.3830
  [DIAG] t=1 done_sum=0/256 reward_mean=-0.6700 reward_min=-1.2261 reward_max=-0.3827
  [DIAG] t=2 done_sum=0/256 reward_mean=-0.6700 reward_min=-1.2262 reward_max=-0.3823
  [DIAG] t=255 done_sum=256/256 reward_mean=-0.7067 reward_min=-1.3584 reward_max=1.6864
  [ROLLOUT SUMMARY] total_dones=45312 expected_if_100step_eps≈512 reward_global_mean=-0.6884 reward_global_std=0.1705
  [DIAG] t=0 done_sum=0/256 reward_mean=-0.6722 reward_min=-1.1231 reward_max=-0.3254
  [DIAG] t=1 done_sum=0/256 reward_mean=-0.6722 reward_min=-1.1222 reward_max=-0.3255
  [DIAG] t=2 done_sum=0/256 reward_mean=-0.6721 reward_min=-1.1213 reward_max=-0.3254
  [DIAG] t=255 done_sum=256/256 reward_mean=-0.7229 reward_min=-1.1655 reward_max=-0.2193
  [ROLLOUT SUMMARY] total_dones=45312 expected_if_100step_eps≈512 reward_global_mean=-0.6933 reward_global_std=0.1504
  [DIAG] t=0 done_sum=0/256 reward_mean=-0.6917 reward_min=-1.1084 reward_max=-0.2638
  [DIAG] t=1 done_sum=0/256 reward_mean=-0.6917 reward_min=-1.1080 reward_max=-0.2642
  [DIAG] t=2 done_sum=0/256 reward_mean=-0.6917 reward_min=-1.1084 reward_max=-0.2644
  [DIAG] t=255 done_sum=256/256 reward_mean=-0.7346 reward_min=-1.2723 reward_max=-0.3070
  [ROLLOUT SUMMARY] total_dones=45312 expected_if_100step_eps≈512 reward_global_mean=-0.7105 reward_global_std=0.1509
  [DIAG] t=0 done_sum=0/256 reward_mean=-0.6844 reward_min=-1.0593 reward_max=-0.3490
  [DIAG] t=1 done_sum=0/256 reward_mean=-0.6844 reward_min=-1.0603 reward_max=-0.3491
  [DIAG] t=2 done_sum=0/256 reward_mean=-0.6844 reward_min=-1.0606 reward_max=-0.3491
  [DIAG] t=255 done_sum=256/256 reward_mean=-0.7400 reward_min=-1.1911 reward_max=-0.3810
  [ROLLOUT SUMMARY] total_dones=45312 expected_if_100step_eps≈512 reward_global_mean=-0.7086 reward_global_std=0.1442
  [DIAG] t=0 done_sum=0/256 reward_mean=-0.6705 reward_min=-1.1077 reward_max=-0.2433
  [DIAG] t=1 done_sum=0/256 reward_mean=-0.6706 reward_min=-1.1076 reward_max=-0.2443
  [DIAG] t=2 done_sum=0/256 reward_mean=-0.6706 reward_min=-1.1082 reward_max=-0.2446
  [DIAG] t=255 done_sum=256/256 reward_mean=-0.7333 reward_min=-1.2173 reward_max=-0.2976
  [ROLLOUT SUMMARY] total_dones=45312 expected_if_100step_eps≈512 reward_global_mean=-0.6985 reward_global_std=0.1579
  [DIAG] t=0 done_sum=0/256 reward_mean=-0.6836 reward_min=-1.0719 reward_max=-0.3634
  [DIAG] t=1 done_sum=0/256 reward_mean=-0.6837 reward_min=-1.0723 reward_max=-0.3638
  [DIAG] t=2 done_sum=0/256 reward_mean=-0.6837 reward_min=-1.0731 reward_max=-0.3642
  [DIAG] t=255 done_sum=256/256 reward_mean=-0.7484 reward_min=-1.1885 reward_max=-0.3142
  [ROLLOUT SUMMARY] total_dones=45312 expected_if_100step_eps≈512 reward_global_mean=-0.7150 reward_global_std=0.1376
  [DIAG] t=0 done_sum=0/256 reward_mean=-0.6750 reward_min=-1.0534 reward_max=-0.3493
  [DIAG] t=1 done_sum=0/256 reward_mean=-0.6750 reward_min=-1.0544 reward_max=-0.3494
  [DIAG] t=2 done_sum=0/256 reward_mean=-0.6751 reward_min=-1.0544 reward_max=-0.3490
  [DIAG] t=255 done_sum=256/256 reward_mean=-0.7316 reward_min=-1.2711 reward_max=-0.3304
  [ROLLOUT SUMMARY] total_dones=45312 expected_if_100step_eps≈512 reward_global_mean=-0.7055 reward_global_std=0.1551
  [DIAG] t=0 done_sum=0/256 reward_mean=-0.6715 reward_min=-1.0252 reward_max=-0.3647
  [DIAG] t=1 done_sum=0/256 reward_mean=-0.6715 reward_min=-1.0250 reward_max=-0.3638
  [DIAG] t=2 done_sum=0/256 reward_mean=-0.6716 reward_min=-1.0248 reward_max=-0.3636
  [DIAG] t=255 done_sum=256/256 reward_mean=-0.7259 reward_min=-1.2217 reward_max=-0.3478
  [ROLLOUT SUMMARY] total_dones=45312 expected_if_100step_eps≈512 reward_global_mean=-0.6995 reward_global_std=0.1469
  [DIAG] t=0 done_sum=0/256 reward_mean=-0.6868 reward_min=-1.0759 reward_max=-0.3297
  [DIAG] t=1 done_sum=0/256 reward_mean=-0.6869 reward_min=-1.0740 reward_max=-0.3309
  [DIAG] t=2 done_sum=0/256 reward_mean=-0.6870 reward_min=-1.0720 reward_max=-0.3323
  [DIAG] t=255 done_sum=256/256 reward_mean=-0.7303 reward_min=-1.1612 reward_max=2.4195
  [ROLLOUT SUMMARY] total_dones=45312 expected_if_100step_eps≈512 reward_global_mean=-0.7132 reward_global_std=0.1798
  [DIAG] t=0 done_sum=0/256 reward_mean=-0.6779 reward_min=-1.0307 reward_max=-0.3251
  [DIAG] t=1 done_sum=0/256 reward_mean=-0.6779 reward_min=-1.0309 reward_max=-0.3255
  [DIAG] t=2 done_sum=0/256 reward_mean=-0.6779 reward_min=-1.0311 reward_max=-0.3266
  [DIAG] t=255 done_sum=256/256 reward_mean=-0.7058 reward_min=-1.2581 reward_max=2.3359
  [ROLLOUT SUMMARY] total_dones=45312 expected_if_100step_eps≈512 reward_global_mean=-0.6924 reward_global_std=0.2059
  [DIAG] t=0 done_sum=0/256 reward_mean=-0.6806 reward_min=-1.0736 reward_max=-0.3592
  [DIAG] t=1 done_sum=0/256 reward_mean=-0.6806 reward_min=-1.0736 reward_max=-0.3585
  [DIAG] t=2 done_sum=0/256 reward_mean=-0.6807 reward_min=-1.0740 reward_max=-0.3578
  [DIAG] t=255 done_sum=256/256 reward_mean=-0.7152 reward_min=-1.2713 reward_max=-0.3387
  [ROLLOUT SUMMARY] total_dones=45312 expected_if_100step_eps≈512 reward_global_mean=-0.7007 reward_global_std=0.1600
  [DIAG] t=0 done_sum=0/256 reward_mean=-0.6780 reward_min=-1.0673 reward_max=-0.3241
  [DIAG] t=1 done_sum=0/256 reward_mean=-0.6781 reward_min=-1.0673 reward_max=-0.3241
  [DIAG] t=2 done_sum=0/256 reward_mean=-0.6780 reward_min=-1.0677 reward_max=-0.3239
  [DIAG] t=255 done_sum=256/256 reward_mean=-0.7118 reward_min=-1.4441 reward_max=-0.3445
  [ROLLOUT SUMMARY] total_dones=45312 expected_if_100step_eps≈512 reward_global_mean=-0.6916 reward_global_std=0.1682
  [DIAG] t=0 done_sum=0/256 reward_mean=-0.6702 reward_min=-1.0470 reward_max=-0.2953
  [DIAG] t=1 done_sum=0/256 reward_mean=-0.6703 reward_min=-1.0465 reward_max=-0.2951
  [DIAG] t=2 done_sum=0/256 reward_mean=-0.6702 reward_min=-1.0464 reward_max=-0.2954
  [DIAG] t=255 done_sum=256/256 reward_mean=-0.7331 reward_min=-1.2557 reward_max=-0.2619
  [ROLLOUT SUMMARY] total_dones=45312 expected_if_100step_eps≈512 reward_global_mean=-0.7038 reward_global_std=0.1626
  [DIAG] t=0 done_sum=0/256 reward_mean=-0.6467 reward_min=-1.0120 reward_max=-0.3758
  [DIAG] t=1 done_sum=0/256 reward_mean=-0.6468 reward_min=-1.0122 reward_max=-0.3756
  [DIAG] t=2 done_sum=0/256 reward_mean=-0.6468 reward_min=-1.0126 reward_max=-0.3746
  [DIAG] t=255 done_sum=256/256 reward_mean=-0.6989 reward_min=-1.2202 reward_max=-0.3063
  [ROLLOUT SUMMARY] total_dones=45312 expected_if_100step_eps≈512 reward_global_mean=-0.6730 reward_global_std=0.1466
  [DIAG] t=0 done_sum=0/256 reward_mean=-0.6690 reward_min=-1.1755 reward_max=-0.3197
  [DIAG] t=1 done_sum=0/256 reward_mean=-0.6690 reward_min=-1.1754 reward_max=-0.3194
  [DIAG] t=2 done_sum=0/256 reward_mean=-0.6691 reward_min=-1.1752 reward_max=-0.3191
  [DIAG] t=255 done_sum=256/256 reward_mean=-0.7234 reward_min=-1.3632 reward_max=-0.3297
  [ROLLOUT SUMMARY] total_dones=45312 expected_if_100step_eps≈512 reward_global_mean=-0.6977 reward_global_std=0.1634
  [DIAG] t=0 done_sum=0/256 reward_mean=-0.6920 reward_min=-1.0963 reward_max=-0.2935
  [DIAG] t=1 done_sum=0/256 reward_mean=-0.6919 reward_min=-1.0975 reward_max=-0.2928
  [DIAG] t=2 done_sum=0/256 reward_mean=-0.6918 reward_min=-1.0974 reward_max=-0.2935
  [DIAG] t=255 done_sum=256/256 reward_mean=-0.7154 reward_min=-1.1832 reward_max=-0.3625
  [ROLLOUT SUMMARY] total_dones=45312 expected_if_100step_eps≈512 reward_global_mean=-0.7042 reward_global_std=0.1522
  [DIAG] t=0 done_sum=0/256 reward_mean=-0.6703 reward_min=-1.1488 reward_max=-0.3162
  [DIAG] t=1 done_sum=0/256 reward_mean=-0.6702 reward_min=-1.1489 reward_max=-0.3153
  [DIAG] t=2 done_sum=0/256 reward_mean=-0.6703 reward_min=-1.1490 reward_max=-0.3153
  [DIAG] t=255 done_sum=256/256 reward_mean=-0.6883 reward_min=-1.3291 reward_max=-0.2678
  [ROLLOUT SUMMARY] total_dones=45312 expected_if_100step_eps≈512 reward_global_mean=-0.6798 reward_global_std=0.1587
  [DIAG] t=0 done_sum=0/256 reward_mean=-0.6739 reward_min=-1.0160 reward_max=-0.2343
  [DIAG] t=1 done_sum=0/256 reward_mean=-0.6739 reward_min=-1.0162 reward_max=-0.2327
  [DIAG] t=2 done_sum=0/256 reward_mean=-0.6737 reward_min=-1.0162 reward_max=-0.2317
  [DIAG] t=255 done_sum=256/256 reward_mean=-0.6810 reward_min=-1.1307 reward_max=1.4640
  [ROLLOUT SUMMARY] total_dones=45312 expected_if_100step_eps≈512 reward_global_mean=-0.6795 reward_global_std=0.1538
[HetNet] iter=40/1500 steps=10240/384000 | pi_s=0.0002 pi_i=0.0005 v=59.2194 ent_s=2.920 ent_i=2.908 ret=-0.983 ev_s_post=0.311 ev_i_post=0.394 r_s=1.000 r_i=1.000 std_s=0.04 std_i=0.04
  [DIAG] t=0 done_sum=0/256 reward_mean=-0.6665 reward_min=-1.0749 reward_max=-0.2845
  [DIAG] t=1 done_sum=0/256 reward_mean=-0.6661 reward_min=-1.0758 reward_max=-0.2850
  [DIAG] t=2 done_sum=0/256 reward_mean=-0.6659 reward_min=-1.0761 reward_max=-0.2857
  [DIAG] t=255 done_sum=256/256 reward_mean=-0.6750 reward_min=-1.2107 reward_max=-0.1831
  [ROLLOUT SUMMARY] total_dones=45312 expected_if_100step_eps≈512 reward_global_mean=-0.6684 reward_global_std=0.1612
  [DIAG] t=0 done_sum=0/256 reward_mean=-0.6605 reward_min=-1.1562 reward_max=-0.3172
  [DIAG] t=1 done_sum=0/256 reward_mean=-0.6605 reward_min=-1.1568 reward_max=-0.3169
  [DIAG] t=2 done_sum=0/256 reward_mean=-0.6603 reward_min=-1.1568 reward_max=-0.3166
  [DIAG] t=255 done_sum=256/256 reward_mean=-0.6564 reward_min=-1.1184 reward_max=2.5207
  [ROLLOUT SUMMARY] total_dones=45312 expected_if_100step_eps≈512 reward_global_mean=-0.6575 reward_global_std=0.1926
  [DIAG] t=0 done_sum=0/256 reward_mean=-0.6738 reward_min=-1.0361 reward_max=-0.3391
  [DIAG] t=1 done_sum=0/256 reward_mean=-0.6737 reward_min=-1.0353 reward_max=-0.3381
  [DIAG] t=2 done_sum=0/256 reward_mean=-0.6738 reward_min=-1.0352 reward_max=-0.3368
  [DIAG] t=255 done_sum=256/256 reward_mean=-0.6969 reward_min=-1.2359 reward_max=-0.3611
  [ROLLOUT SUMMARY] total_dones=45312 expected_if_100step_eps≈512 reward_global_mean=-0.6830 reward_global_std=0.1575
  [DIAG] t=0 done_sum=0/256 reward_mean=-0.6690 reward_min=-1.1910 reward_max=-0.2037
  [DIAG] t=1 done_sum=0/256 reward_mean=-0.6690 reward_min=-1.1903 reward_max=-0.2047
  [DIAG] t=2 done_sum=0/256 reward_mean=-0.6688 reward_min=-1.1889 reward_max=-0.2057
  [DIAG] t=255 done_sum=256/256 reward_mean=-0.6821 reward_min=-1.2324 reward_max=-0.2466
  [ROLLOUT SUMMARY] total_dones=45312 expected_if_100step_eps≈512 reward_global_mean=-0.6749 reward_global_std=0.1524
  [DIAG] t=0 done_sum=0/256 reward_mean=-0.6619 reward_min=-1.0196 reward_max=-0.3217
  [DIAG] t=1 done_sum=0/256 reward_mean=-0.6619 reward_min=-1.0187 reward_max=-0.3213
  [DIAG] t=2 done_sum=0/256 reward_mean=-0.6618 reward_min=-1.0178 reward_max=-0.3208
  [DIAG] t=255 done_sum=256/256 reward_mean=-0.6782 reward_min=-1.1952 reward_max=-0.3272
  [ROLLOUT SUMMARY] total_dones=45312 expected_if_100step_eps≈512 reward_global_mean=-0.6693 reward_global_std=0.1430
  [DIAG] t=0 done_sum=0/256 reward_mean=-0.6633 reward_min=-1.0960 reward_max=-0.2896
  [DIAG] t=1 done_sum=0/256 reward_mean=-0.6632 reward_min=-1.0959 reward_max=-0.2897
  [DIAG] t=2 done_sum=0/256 reward_mean=-0.6631 reward_min=-1.0955 reward_max=-0.2894
  [DIAG] t=255 done_sum=256/256 reward_mean=-0.6991 reward_min=-1.2630 reward_max=-0.4124
  [ROLLOUT SUMMARY] total_dones=45312 expected_if_100step_eps≈512 reward_global_mean=-0.6802 reward_global_std=0.1464
  [DIAG] t=0 done_sum=0/256 reward_mean=-0.6673 reward_min=-1.0934 reward_max=-0.1781
  [DIAG] t=1 done_sum=0/256 reward_mean=-0.6672 reward_min=-1.0927 reward_max=-0.1779
  [DIAG] t=2 done_sum=0/256 reward_mean=-0.6670 reward_min=-1.0914 reward_max=-0.1789
  [DIAG] t=255 done_sum=256/256 reward_mean=-0.7060 reward_min=-1.1902 reward_max=1.5317
  [ROLLOUT SUMMARY] total_dones=45312 expected_if_100step_eps≈512 reward_global_mean=-0.6850 reward_global_std=0.1893
  [DIAG] t=0 done_sum=0/256 reward_mean=-0.6672 reward_min=-1.0199 reward_max=-0.2957
  [DIAG] t=1 done_sum=0/256 reward_mean=-0.6671 reward_min=-1.0212 reward_max=-0.2967
  [DIAG] t=2 done_sum=0/256 reward_mean=-0.6670 reward_min=-1.0232 reward_max=-0.2962
  [DIAG] t=255 done_sum=256/256 reward_mean=-0.6944 reward_min=-1.2312 reward_max=-0.3224
  [ROLLOUT SUMMARY] total_dones=45312 expected_if_100step_eps≈512 reward_global_mean=-0.6825 reward_global_std=0.1526
  [DIAG] t=0 done_sum=0/256 reward_mean=-0.6768 reward_min=-1.0781 reward_max=-0.2780
  [DIAG] t=1 done_sum=0/256 reward_mean=-0.6764 reward_min=-1.0781 reward_max=-0.2772
  [DIAG] t=2 done_sum=0/256 reward_mean=-0.6763 reward_min=-1.0788 reward_max=-0.2754
  [DIAG] t=255 done_sum=256/256 reward_mean=-0.6985 reward_min=-1.1796 reward_max=-0.3287
  [ROLLOUT SUMMARY] total_dones=45312 expected_if_100step_eps≈512 reward_global_mean=-0.6843 reward_global_std=0.1524
  [DIAG] t=0 done_sum=0/256 reward_mean=-0.6808 reward_min=-1.0902 reward_max=-0.3595
  [DIAG] t=1 done_sum=0/256 reward_mean=-0.6808 reward_min=-1.0895 reward_max=-0.3587
  [DIAG] t=2 done_sum=0/256 reward_mean=-0.6808 reward_min=-1.0890 reward_max=-0.3585
  [DIAG] t=255 done_sum=256/256 reward_mean=-0.7180 reward_min=-1.3103 reward_max=-0.2174
  [ROLLOUT SUMMARY] total_dones=45312 expected_if_100step_eps≈512 reward_global_mean=-0.6993 reward_global_std=0.1625
  [DIAG] t=0 done_sum=0/256 reward_mean=-0.6767 reward_min=-1.0468 reward_max=-0.2982
  [DIAG] t=1 done_sum=0/256 reward_mean=-0.6767 reward_min=-1.0466 reward_max=-0.2987
  [DIAG] t=2 done_sum=0/256 reward_mean=-0.6767 reward_min=-1.0474 reward_max=-0.2979
  [DIAG] t=255 done_sum=256/256 reward_mean=-0.7137 reward_min=-1.2174 reward_max=-0.3142
  [ROLLOUT SUMMARY] total_dones=45312 expected_if_100step_eps≈512 reward_global_mean=-0.6943 reward_global_std=0.1526
  [DIAG] t=0 done_sum=0/256 reward_mean=-0.6617 reward_min=-1.0311 reward_max=-0.3577
  [DIAG] t=1 done_sum=0/256 reward_mean=-0.6617 reward_min=-1.0312 reward_max=-0.3576
  [DIAG] t=2 done_sum=0/256 reward_mean=-0.6616 reward_min=-1.0315 reward_max=-0.3574
  [DIAG] t=255 done_sum=256/256 reward_mean=-0.6869 reward_min=-1.1496 reward_max=1.4538
  [ROLLOUT SUMMARY] total_dones=45312 expected_if_100step_eps≈512 reward_global_mean=-0.6716 reward_global_std=0.1782
  [DIAG] t=0 done_sum=0/256 reward_mean=-0.6667 reward_min=-1.0007 reward_max=-0.3578
  [DIAG] t=1 done_sum=0/256 reward_mean=-0.6666 reward_min=-0.9997 reward_max=-0.3581
  [DIAG] t=2 done_sum=0/256 reward_mean=-0.6664 reward_min=-0.9989 reward_max=-0.3581
  [DIAG] t=255 done_sum=256/256 reward_mean=-0.6949 reward_min=-1.2021 reward_max=-0.2811
  [ROLLOUT SUMMARY] total_dones=45312 expected_if_100step_eps≈512 reward_global_mean=-0.6736 reward_global_std=0.1475
  [DIAG] t=0 done_sum=0/256 reward_mean=-0.6846 reward_min=-1.0873 reward_max=-0.2997
  [DIAG] t=1 done_sum=0/256 reward_mean=-0.6846 reward_min=-1.0877 reward_max=-0.2995
  [DIAG] t=2 done_sum=0/256 reward_mean=-0.6844 reward_min=-1.0874 reward_max=-0.2998
  [DIAG] t=255 done_sum=256/256 reward_mean=-0.6917 reward_min=-1.2161 reward_max=-0.3337
  [ROLLOUT SUMMARY] total_dones=45312 expected_if_100step_eps≈512 reward_global_mean=-0.6809 reward_global_std=0.1416
  [DIAG] t=0 done_sum=0/256 reward_mean=-0.6705 reward_min=-1.0597 reward_max=-0.2303
  [DIAG] t=1 done_sum=0/256 reward_mean=-0.6704 reward_min=-1.0600 reward_max=-0.2295
  [DIAG] t=2 done_sum=0/256 reward_mean=-0.6702 reward_min=-1.0608 reward_max=-0.2289
  [DIAG] t=255 done_sum=256/256 reward_mean=-0.6740 reward_min=-1.1894 reward_max=2.5655
  [ROLLOUT SUMMARY] total_dones=45312 expected_if_100step_eps≈512 reward_global_mean=-0.6585 reward_global_std=0.2519
  [DIAG] t=0 done_sum=0/256 reward_mean=-0.6736 reward_min=-1.0393 reward_max=-0.2500
  [DIAG] t=1 done_sum=0/256 reward_mean=-0.6738 reward_min=-1.0398 reward_max=-0.2500
  [DIAG] t=2 done_sum=0/256 reward_mean=-0.6735 reward_min=-1.0403 reward_max=-0.2503
  [DIAG] t=255 done_sum=256/256 reward_mean=-0.7091 reward_min=-1.2962 reward_max=-0.2649
  [ROLLOUT SUMMARY] total_dones=45312 expected_if_100step_eps≈512 reward_global_mean=-0.6869 reward_global_std=0.1463
  [DIAG] t=0 done_sum=0/256 reward_mean=-0.6929 reward_min=-1.1423 reward_max=-0.3452
  [DIAG] t=1 done_sum=0/256 reward_mean=-0.6928 reward_min=-1.1425 reward_max=-0.3444
  [DIAG] t=2 done_sum=0/256 reward_mean=-0.6927 reward_min=-1.1420 reward_max=-0.3449
  [DIAG] t=255 done_sum=256/256 reward_mean=-0.7189 reward_min=-1.1966 reward_max=-0.3893
  [ROLLOUT SUMMARY] total_dones=45312 expected_if_100step_eps≈512 reward_global_mean=-0.7012 reward_global_std=0.1558
  [DIAG] t=0 done_sum=0/256 reward_mean=-0.6770 reward_min=-1.0959 reward_max=-0.3395
  [DIAG] t=1 done_sum=0/256 reward_mean=-0.6769 reward_min=-1.0952 reward_max=-0.3371
  [DIAG] t=2 done_sum=0/256 reward_mean=-0.6768 reward_min=-1.0943 reward_max=-0.3357
  [DIAG] t=255 done_sum=256/256 reward_mean=-0.7152 reward_min=-1.2238 reward_max=-0.3066
  [ROLLOUT SUMMARY] total_dones=45312 expected_if_100step_eps≈512 reward_global_mean=-0.6931 reward_global_std=0.1644
  [DIAG] t=0 done_sum=0/256 reward_mean=-0.6923 reward_min=-1.1331 reward_max=-0.2907
  [DIAG] t=1 done_sum=0/256 reward_mean=-0.6923 reward_min=-1.1313 reward_max=-0.2898
  [DIAG] t=2 done_sum=0/256 reward_mean=-0.6922 reward_min=-1.1309 reward_max=-0.2886
  [DIAG] t=255 done_sum=256/256 reward_mean=-0.7291 reward_min=-1.2019 reward_max=-0.2727
  [ROLLOUT SUMMARY] total_dones=45312 expected_if_100step_eps≈512 reward_global_mean=-0.7053 reward_global_std=0.1620
  [DIAG] t=0 done_sum=0/256 reward_mean=-0.6688 reward_min=-1.0864 reward_max=-0.2799
  [DIAG] t=1 done_sum=0/256 reward_mean=-0.6687 reward_min=-1.0861 reward_max=-0.2809
  [DIAG] t=2 done_sum=0/256 reward_mean=-0.6686 reward_min=-1.0850 reward_max=-0.2824
  [DIAG] t=255 done_sum=256/256 reward_mean=-0.7060 reward_min=-1.2647 reward_max=-0.2809
  [ROLLOUT SUMMARY] total_dones=45312 expected_if_100step_eps≈512 reward_global_mean=-0.6823 reward_global_std=0.1510
[HetNet] iter=60/1500 steps=15360/384000 | pi_s=0.0002 pi_i=0.0001 v=54.3291 ent_s=2.959 ent_i=2.949 ret=-0.987 ev_s_post=0.646 ev_i_post=0.679 r_s=1.000 r_i=1.000 std_s=0.06 std_i=0.06
  [DIAG] t=0 done_sum=0/256 reward_mean=-0.6831 reward_min=-1.1295 reward_max=-0.3714
  [DIAG] t=1 done_sum=0/256 reward_mean=-0.6832 reward_min=-1.1296 reward_max=-0.3713
  [DIAG] t=2 done_sum=0/256 reward_mean=-0.6829 reward_min=-1.1297 reward_max=-0.3716
  [DIAG] t=255 done_sum=256/256 reward_mean=-0.7134 reward_min=-1.3290 reward_max=-0.3732
  [ROLLOUT SUMMARY] total_dones=45312 expected_if_100step_eps≈512 reward_global_mean=-0.6948 reward_global_std=0.1437
  [DIAG] t=0 done_sum=0/256 reward_mean=-0.6691 reward_min=-1.0870 reward_max=-0.3125
  [DIAG] t=1 done_sum=0/256 reward_mean=-0.6691 reward_min=-1.0868 reward_max=-0.3112
  [DIAG] t=2 done_sum=0/256 reward_mean=-0.6691 reward_min=-1.0869 reward_max=-0.3097
  [DIAG] t=255 done_sum=256/256 reward_mean=-0.7048 reward_min=-1.2072 reward_max=-0.3519
  [ROLLOUT SUMMARY] total_dones=45312 expected_if_100step_eps≈512 reward_global_mean=-0.6813 reward_global_std=0.1483
  [DIAG] t=0 done_sum=0/256 reward_mean=-0.6730 reward_min=-1.0879 reward_max=-0.2968
  [DIAG] t=1 done_sum=0/256 reward_mean=-0.6729 reward_min=-1.0894 reward_max=-0.2981
  [DIAG] t=2 done_sum=0/256 reward_mean=-0.6729 reward_min=-1.0904 reward_max=-0.2996
  [DIAG] t=255 done_sum=256/256 reward_mean=-0.6968 reward_min=-1.1946 reward_max=-0.2026
  [ROLLOUT SUMMARY] total_dones=45312 expected_if_100step_eps≈512 reward_global_mean=-0.6813 reward_global_std=0.1495
  [DIAG] t=0 done_sum=0/256 reward_mean=-0.6633 reward_min=-1.0757 reward_max=-0.2628
  [DIAG] t=1 done_sum=0/256 reward_mean=-0.6632 reward_min=-1.0748 reward_max=-0.2635
  [DIAG] t=2 done_sum=0/256 reward_mean=-0.6631 reward_min=-1.0750 reward_max=-0.2639
  [DIAG] t=255 done_sum=256/256 reward_mean=-0.6955 reward_min=-1.2588 reward_max=-0.2849
  [ROLLOUT SUMMARY] total_dones=45312 expected_if_100step_eps≈512 reward_global_mean=-0.6762 reward_global_std=0.1568
  [DIAG] t=0 done_sum=0/256 reward_mean=-0.6829 reward_min=-1.1431 reward_max=-0.2659
  [DIAG] t=1 done_sum=0/256 reward_mean=-0.6829 reward_min=-1.1435 reward_max=-0.2655
  [DIAG] t=2 done_sum=0/256 reward_mean=-0.6828 reward_min=-1.1433 reward_max=-0.2658
  [DIAG] t=255 done_sum=256/256 reward_mean=-0.6881 reward_min=-1.2550 reward_max=2.5349
  [ROLLOUT SUMMARY] total_dones=45312 expected_if_100step_eps≈512 reward_global_mean=-0.6814 reward_global_std=0.2403
  [DIAG] t=0 done_sum=0/256 reward_mean=-0.6827 reward_min=-1.1120 reward_max=-0.2968
  [DIAG] t=1 done_sum=0/256 reward_mean=-0.6826 reward_min=-1.1120 reward_max=-0.2979
  [DIAG] t=2 done_sum=0/256 reward_mean=-0.6827 reward_min=-1.1123 reward_max=-0.2980
  [DIAG] t=255 done_sum=256/256 reward_mean=-0.6850 reward_min=-1.1850 reward_max=2.7430
  [ROLLOUT SUMMARY] total_dones=45312 expected_if_100step_eps≈512 reward_global_mean=-0.6829 reward_global_std=0.2111
  [DIAG] t=0 done_sum=0/256 reward_mean=-0.6666 reward_min=-1.1846 reward_max=-0.2694
  [DIAG] t=1 done_sum=0/256 reward_mean=-0.6666 reward_min=-1.1848 reward_max=-0.2694
  [DIAG] t=2 done_sum=0/256 reward_mean=-0.6666 reward_min=-1.1845 reward_max=-0.2693
  [DIAG] t=255 done_sum=256/256 reward_mean=-0.6986 reward_min=-1.3626 reward_max=-0.3356
  [ROLLOUT SUMMARY] total_dones=45312 expected_if_100step_eps≈512 reward_global_mean=-0.6812 reward_global_std=0.1436
  [DIAG] t=0 done_sum=0/256 reward_mean=-0.6875 reward_min=-1.1029 reward_max=-0.2445
  [DIAG] t=1 done_sum=0/256 reward_mean=-0.6874 reward_min=-1.1026 reward_max=-0.2454
  [DIAG] t=2 done_sum=0/256 reward_mean=-0.6873 reward_min=-1.1025 reward_max=-0.2460
  [DIAG] t=255 done_sum=256/256 reward_mean=-0.6934 reward_min=-1.1193 reward_max=2.6107
  [ROLLOUT SUMMARY] total_dones=45312 expected_if_100step_eps≈512 reward_global_mean=-0.6862 reward_global_std=0.2247
  [DIAG] t=0 done_sum=0/256 reward_mean=-0.6778 reward_min=-1.1254 reward_max=-0.3008
  [DIAG] t=1 done_sum=0/256 reward_mean=-0.6777 reward_min=-1.1264 reward_max=-0.3007
  [DIAG] t=2 done_sum=0/256 reward_mean=-0.6775 reward_min=-1.1269 reward_max=-0.3006
  [DIAG] t=255 done_sum=256/256 reward_mean=-0.6789 reward_min=-1.1628 reward_max=-0.2520
  [ROLLOUT SUMMARY] total_dones=45312 expected_if_100step_eps≈512 reward_global_mean=-0.6726 reward_global_std=0.1598
  [DIAG] t=0 done_sum=0/256 reward_mean=-0.6654 reward_min=-1.0771 reward_max=-0.2839
  [DIAG] t=1 done_sum=0/256 reward_mean=-0.6653 reward_min=-1.0773 reward_max=-0.2843
  [DIAG] t=2 done_sum=0/256 reward_mean=-0.6651 reward_min=-1.0766 reward_max=-0.2853
  [DIAG] t=255 done_sum=256/256 reward_mean=-0.6545 reward_min=-1.1077 reward_max=-0.3165
  [ROLLOUT SUMMARY] total_dones=45312 expected_if_100step_eps≈512 reward_global_mean=-0.6512 reward_global_std=0.1504
  [DIAG] t=0 done_sum=0/256 reward_mean=-0.6753 reward_min=-1.0502 reward_max=-0.3481
  [DIAG] t=1 done_sum=0/256 reward_mean=-0.6750 reward_min=-1.0486 reward_max=-0.3486
  [DIAG] t=2 done_sum=0/256 reward_mean=-0.6747 reward_min=-1.0469 reward_max=-0.3490
  [DIAG] t=255 done_sum=256/256 reward_mean=-0.6699 reward_min=-1.1686 reward_max=-0.2429
  [ROLLOUT SUMMARY] total_dones=45312 expected_if_100step_eps≈512 reward_global_mean=-0.6591 reward_global_std=0.1600
  [DIAG] t=0 done_sum=0/256 reward_mean=-0.6687 reward_min=-1.1539 reward_max=-0.3214
  [DIAG] t=1 done_sum=0/256 reward_mean=-0.6686 reward_min=-1.1560 reward_max=-0.3201
  [DIAG] t=2 done_sum=0/256 reward_mean=-0.6685 reward_min=-1.1585 reward_max=-0.3179
