=============================
Job ID:       585262
Array Task:   6
Node:         evc33
GPU:          0
Start time:   Wed Apr 15 18:45:50 EDT 2026
=============================
Running: PCP IPPO
Using device: cpu
Env: PCP | 2S + 2I | world=5.0 | max_steps=80

=== IPPO baseline (PCP) | 256 envs | device=cpu ===
[IPPO] iter=1 steps=256/384000 | pi=-0.0000 v=122.7561 ent=2.8606 ret=-177.761 exp_var=0.005
[IPPO] iter=20 steps=5120/384000 | pi=-0.0010 v=153.0374 ent=3.1574 ret=9.656 exp_var=0.117
[IPPO] iter=40 steps=10240/384000 | pi=-0.0012 v=177.3796 ent=3.2101 ret=9.861 exp_var=0.389
[IPPO] iter=60 steps=15360/384000 | pi=-0.0010 v=226.7597 ent=3.2222 ret=13.497 exp_var=0.553
[IPPO] iter=80 steps=20480/384000 | pi=-0.0013 v=220.6385 ent=3.2294 ret=9.863 exp_var=0.567
[IPPO] iter=100 steps=25600/384000 | pi=-0.0015 v=214.1062 ent=3.2559 ret=14.777 exp_var=0.704
[IPPO] iter=120 steps=30720/384000 | pi=-0.0015 v=265.9195 ent=3.2895 ret=14.933 exp_var=0.573
[IPPO] iter=140 steps=35840/384000 | pi=-0.0012 v=253.4064 ent=3.3243 ret=9.786 exp_var=0.694
[IPPO] iter=160 steps=40960/384000 | pi=-0.0013 v=244.8923 ent=3.3542 ret=9.789 exp_var=0.778
[IPPO] iter=180 steps=46080/384000 | pi=-0.0012 v=239.6817 ent=3.3794 ret=9.786 exp_var=0.837
[IPPO] iter=200 steps=51200/384000 | pi=-0.0010 v=234.0315 ent=3.4403 ret=9.778 exp_var=0.870
[IPPO] iter=220 steps=56320/384000 | pi=-0.0010 v=233.1250 ent=3.4739 ret=9.731 exp_var=0.884
[IPPO] iter=240 steps=61440/384000 | pi=-0.0010 v=239.0790 ent=3.4830 ret=9.628 exp_var=0.894
[IPPO] iter=260 steps=66560/384000 | pi=-0.0009 v=238.3529 ent=3.5236 ret=9.627 exp_var=0.913
[IPPO] iter=280 steps=71680/384000 | pi=-0.0009 v=241.8934 ent=3.5696 ret=9.599 exp_var=0.911
[IPPO] iter=300 steps=76800/384000 | pi=-0.0010 v=261.6806 ent=3.6190 ret=9.630 exp_var=0.899
[IPPO] iter=320 steps=81920/384000 | pi=-0.0009 v=248.4698 ent=3.6854 ret=9.615 exp_var=0.900
[IPPO] iter=340 steps=87040/384000 | pi=-0.0010 v=300.6101 ent=3.7616 ret=9.622 exp_var=0.884
[IPPO] iter=360 steps=92160/384000 | pi=-0.0011 v=292.6356 ent=3.8363 ret=9.644 exp_var=0.891
[IPPO] iter=380 steps=97280/384000 | pi=-0.0013 v=330.8411 ent=3.8377 ret=9.655 exp_var=0.877
[IPPO] iter=400 steps=102400/384000 | pi=-0.0011 v=283.7027 ent=3.8369 ret=9.636 exp_var=0.892
[IPPO] iter=420 steps=107520/384000 | pi=-0.0009 v=271.4510 ent=3.8366 ret=9.614 exp_var=0.899
[IPPO] iter=440 steps=112640/384000 | pi=-0.0010 v=280.7105 ent=3.8369 ret=9.593 exp_var=0.897
[IPPO] iter=460 steps=117760/384000 | pi=-0.0007 v=659.2831 ent=3.8367 ret=9.526 exp_var=0.741
[IPPO] iter=480 steps=122880/384000 | pi=-0.0003 v=467.9730 ent=3.8358 ret=9.135 exp_var=0.717
[IPPO] iter=500 steps=128000/384000 | pi=-0.0003 v=423.7223 ent=3.8376 ret=9.074 exp_var=0.705
[IPPO] iter=520 steps=133120/384000 | pi=-0.0005 v=391.4867 ent=3.8365 ret=9.081 exp_var=0.686
[IPPO] iter=540 steps=138240/384000 | pi=-0.0003 v=385.6734 ent=3.8369 ret=9.076 exp_var=0.601
[IPPO] iter=560 steps=143360/384000 | pi=-0.0003 v=343.5151 ent=3.8369 ret=9.050 exp_var=0.598
[IPPO] iter=580 steps=148480/384000 | pi=-0.0001 v=318.2357 ent=3.8356 ret=9.042 exp_var=0.597
[IPPO] iter=600 steps=153600/384000 | pi=-0.0004 v=310.5410 ent=3.8371 ret=9.053 exp_var=0.573
[IPPO] iter=620 steps=158720/384000 | pi=-0.0002 v=315.0521 ent=3.8314 ret=9.047 exp_var=0.563
[IPPO] iter=640 steps=163840/384000 | pi=-0.0004 v=311.1191 ent=3.8371 ret=9.038 exp_var=0.574
[IPPO] iter=660 steps=168960/384000 | pi=-0.0002 v=310.2149 ent=3.8365 ret=9.032 exp_var=0.554
[IPPO] iter=680 steps=174080/384000 | pi=-0.0002 v=320.1011 ent=3.8371 ret=9.031 exp_var=0.500
[IPPO] iter=700 steps=179200/384000 | pi=-0.0005 v=333.0093 ent=3.8363 ret=9.030 exp_var=0.509
[IPPO] iter=720 steps=184320/384000 | pi=-0.0003 v=341.7837 ent=3.8371 ret=9.024 exp_var=0.610
[IPPO] iter=740 steps=189440/384000 | pi=-0.0006 v=336.8515 ent=3.8370 ret=9.012 exp_var=0.614
[IPPO] iter=760 steps=194560/384000 | pi=-0.0001 v=328.8703 ent=3.8371 ret=9.013 exp_var=0.604
[IPPO] iter=780 steps=199680/384000 | pi=-0.0002 v=323.5342 ent=3.8367 ret=9.009 exp_var=0.621
[IPPO] iter=800 steps=204800/384000 | pi=-0.0002 v=305.9904 ent=3.8370 ret=9.006 exp_var=0.645
[IPPO] iter=820 steps=209920/384000 | pi=-0.0001 v=297.5605 ent=3.8373 ret=9.010 exp_var=0.650
[IPPO] iter=840 steps=215040/384000 | pi=-0.0005 v=342.3979 ent=3.8355 ret=9.033 exp_var=0.594
[IPPO] iter=860 steps=220160/384000 | pi=-0.0009 v=394.6604 ent=3.8362 ret=9.100 exp_var=0.581
[IPPO] iter=880 steps=225280/384000 | pi=-0.0004 v=481.9189 ent=3.8356 ret=9.177 exp_var=0.585
[IPPO] iter=900 steps=230400/384000 | pi=-0.0008 v=409.9826 ent=3.8367 ret=9.176 exp_var=0.553
[IPPO] iter=920 steps=235520/384000 | pi=-0.0007 v=617.1674 ent=3.8377 ret=9.263 exp_var=0.474
[IPPO] iter=940 steps=240640/384000 | pi=-0.0007 v=704.9217 ent=3.8378 ret=9.301 exp_var=0.573
[IPPO] iter=960 steps=245760/384000 | pi=-0.0004 v=731.7330 ent=3.8377 ret=9.252 exp_var=0.560
[IPPO] iter=980 steps=250880/384000 | pi=-0.0003 v=707.1873 ent=3.8374 ret=9.281 exp_var=0.564
[IPPO] iter=1000 steps=256000/384000 | pi=-0.0005 v=670.8885 ent=3.8357 ret=9.304 exp_var=0.555
[IPPO] iter=1020 steps=261120/384000 | pi=-0.0006 v=614.6117 ent=3.8357 ret=9.323 exp_var=0.574
[IPPO] iter=1040 steps=266240/384000 | pi=-0.0009 v=589.5362 ent=3.8369 ret=9.325 exp_var=0.579
[IPPO] iter=1060 steps=271360/384000 | pi=-0.0007 v=524.4101 ent=3.8374 ret=9.295 exp_var=0.617
[IPPO] iter=1080 steps=276480/384000 | pi=-0.0009 v=487.2848 ent=3.8366 ret=9.322 exp_var=0.626
[IPPO] iter=1100 steps=281600/384000 | pi=-0.0009 v=489.9361 ent=3.8374 ret=9.481 exp_var=0.627
[IPPO] iter=1120 steps=286720/384000 | pi=-0.0009 v=585.9968 ent=3.8373 ret=9.480 exp_var=0.504
[IPPO] iter=1140 steps=291840/384000 | pi=-0.0008 v=552.4574 ent=3.8372 ret=9.518 exp_var=0.470
[IPPO] iter=1160 steps=296960/384000 | pi=-0.0008 v=508.7124 ent=3.8357 ret=9.546 exp_var=0.511
[IPPO] iter=1180 steps=302080/384000 | pi=-0.0010 v=487.6000 ent=3.8375 ret=9.552 exp_var=0.514
[IPPO] iter=1200 steps=307200/384000 | pi=-0.0012 v=578.4884 ent=3.8376 ret=-0.923 exp_var=0.422
[IPPO] iter=1220 steps=312320/384000 | pi=-0.0011 v=674.6654 ent=3.8377 ret=9.452 exp_var=0.356
[IPPO] iter=1240 steps=317440/384000 | pi=-0.0014 v=659.8731 ent=3.8376 ret=9.481 exp_var=0.379
[IPPO] iter=1260 steps=322560/384000 | pi=-0.0013 v=740.6620 ent=3.8377 ret=9.426 exp_var=0.385
[IPPO] iter=1280 steps=327680/384000 | pi=-0.0006 v=644.7894 ent=3.8375 ret=9.384 exp_var=0.357
[IPPO] iter=1300 steps=332800/384000 | pi=-0.0008 v=521.9088 ent=3.8369 ret=9.396 exp_var=0.357
[IPPO] iter=1320 steps=337920/384000 | pi=-0.0011 v=501.5124 ent=3.8370 ret=9.429 exp_var=0.320
[IPPO] iter=1340 steps=343040/384000 | pi=-0.0011 v=464.3903 ent=3.8367 ret=9.472 exp_var=0.309
[IPPO] iter=1360 steps=348160/384000 | pi=-0.0008 v=436.7006 ent=3.8354 ret=30.281 exp_var=0.294
[IPPO] iter=1380 steps=353280/384000 | pi=-0.0013 v=460.8502 ent=3.8370 ret=9.285 exp_var=0.282
[IPPO] iter=1400 steps=358400/384000 | pi=-0.0011 v=472.3198 ent=3.8375 ret=9.227 exp_var=0.249
[IPPO] iter=1420 steps=363520/384000 | pi=-0.0011 v=424.3666 ent=3.8342 ret=9.292 exp_var=0.315
[IPPO] iter=1440 steps=368640/384000 | pi=-0.0008 v=393.3258 ent=3.8367 ret=9.224 exp_var=0.334
[IPPO] iter=1460 steps=373760/384000 | pi=-0.0013 v=443.7825 ent=3.8375 ret=9.271 exp_var=0.447
[IPPO] iter=1480 steps=378880/384000 | pi=-0.0014 v=476.4141 ent=3.8376 ret=9.317 exp_var=0.324
[IPPO] iter=1500 steps=384000/384000 | pi=-0.0018 v=442.1797 ent=3.8376 ret=9.372 exp_var=0.326
Saved plot: /home/ak565492/gnn_experiments/outputs/hetnet_envs/pcp_ippo.png
Saved checkpoint: /home/ak565492/gnn_experiments/outputs/hetnet_envs/pcp_ippo_final.pt

[IPPO] Final return: 9.372
=============================
End time: Wed Apr 15 21:22:29 EDT 2026
=============================
