=============================
Job ID:       567207
Array Task:   7
Node:         evc8
GPU:          0
Start time:   Mon Mar 16 22:34:18 EDT 2026
=============================
Running: GNN K=5 r_comm=1.0
Device: cuda
GPU: Tesla V100-PCIE-16GB

=== GNN | K=5, r_comm=1.0 | device=cuda ===
[K5_r1.0] iter=1/2000 steps=256 | pi=-0.0011 v=0.4797 ent=2.8259 ret=-4.949 exp_var=0.930
[K5_r1.0] iter=20/2000 steps=5120 | pi=-0.0033 v=48.6818 ent=2.8034 ret=-2.857 exp_var=0.886
[K5_r1.0] iter=40/2000 steps=10240 | pi=-0.0032 v=14.2661 ent=2.7897 ret=-3.787 exp_var=0.882
[K5_r1.0] iter=60/2000 steps=15360 | pi=-0.0029 v=10.6968 ent=2.7613 ret=-3.358 exp_var=0.904
[K5_r1.0] iter=80/2000 steps=20480 | pi=-0.0028 v=3.8437 ent=2.7914 ret=-3.157 exp_var=0.920
[K5_r1.0] iter=100/2000 steps=25600 | pi=-0.0025 v=3.7998 ent=2.7664 ret=-2.849 exp_var=0.884
[K5_r1.0] iter=120/2000 steps=30720 | pi=-0.0029 v=3.7885 ent=2.6871 ret=-2.544 exp_var=0.934
[K5_r1.0] iter=140/2000 steps=35840 | pi=-0.0030 v=3.4609 ent=2.6549 ret=-2.884 exp_var=0.964
[K5_r1.0] iter=160/2000 steps=40960 | pi=-0.0031 v=2.8146 ent=2.6488 ret=-2.627 exp_var=0.981
[K5_r1.0] iter=180/2000 steps=46080 | pi=-0.0029 v=2.5497 ent=2.6622 ret=-2.388 exp_var=0.987
[K5_r1.0] iter=200/2000 steps=51200 | pi=-0.0020 v=2.4632 ent=2.7688 ret=-2.590 exp_var=0.988
[K5_r1.0] iter=220/2000 steps=56320 | pi=-0.0033 v=2.0496 ent=2.8213 ret=-2.672 exp_var=0.989
[K5_r1.0] iter=240/2000 steps=61440 | pi=-0.0031 v=1.3229 ent=2.8794 ret=-2.722 exp_var=0.991
[K5_r1.0] iter=260/2000 steps=66560 | pi=-0.0025 v=1.0118 ent=2.8806 ret=-2.870 exp_var=0.993
[K5_r1.0] iter=280/2000 steps=71680 | pi=-0.0021 v=0.5927 ent=2.9019 ret=-3.338 exp_var=0.992
[K5_r1.0] iter=300/2000 steps=76800 | pi=-0.0026 v=0.4917 ent=2.9161 ret=-3.368 exp_var=0.994
[K5_r1.0] iter=320/2000 steps=81920 | pi=-0.0025 v=0.5700 ent=2.8142 ret=-3.223 exp_var=0.995
[K5_r1.0] iter=340/2000 steps=87040 | pi=-0.0031 v=0.5099 ent=2.7489 ret=-2.992 exp_var=0.996
[K5_r1.0] iter=360/2000 steps=92160 | pi=-0.0020 v=0.2623 ent=2.8543 ret=-3.276 exp_var=0.996
[K5_r1.0] iter=380/2000 steps=97280 | pi=-0.0038 v=0.2844 ent=2.7880 ret=-3.586 exp_var=0.989
[K5_r1.0] iter=400/2000 steps=102400 | pi=-0.0028 v=0.2227 ent=2.7643 ret=-3.520 exp_var=0.992
