=============================
Job ID:       567237
Array Task:   9
Node:         evc8
GPU:          0
Start time:   Tue Mar 17 00:45:09 EDT 2026
=============================
Running: GNN K=5 r_comm=2.0
Device: cuda
GPU: Tesla V100-PCIE-16GB

=== GNN | K=5, r_comm=2.0 | device=cuda ===
[K5_r2.0] iter=1/2000 steps=256 | pi=-0.0015 v=7.6904 ent=2.8274 ret=-4.847 exp_var=0.169
[K5_r2.0] iter=20/2000 steps=5120 | pi=-0.0023 v=28.9588 ent=2.8009 ret=-2.418 exp_var=0.685
[K5_r2.0] iter=40/2000 steps=10240 | pi=-0.0031 v=32.1552 ent=2.7241 ret=-3.256 exp_var=0.648
[K5_r2.0] iter=60/2000 steps=15360 | pi=-0.0037 v=26.7444 ent=2.7779 ret=-3.265 exp_var=0.355
[K5_r2.0] iter=80/2000 steps=20480 | pi=-0.0030 v=10.1545 ent=2.8533 ret=-2.999 exp_var=0.432
[K5_r2.0] iter=100/2000 steps=25600 | pi=-0.0028 v=1.8428 ent=2.8550 ret=-3.168 exp_var=0.730
[K5_r2.0] iter=120/2000 steps=30720 | pi=-0.0015 v=0.3526 ent=2.8080 ret=-2.505 exp_var=0.931
[K5_r2.0] iter=140/2000 steps=35840 | pi=-0.0025 v=0.2634 ent=2.9415 ret=-2.931 exp_var=0.945
[K5_r2.0] iter=160/2000 steps=40960 | pi=-0.0015 v=0.2956 ent=3.0116 ret=-2.789 exp_var=0.941
[K5_r2.0] iter=180/2000 steps=46080 | pi=-0.0007 v=0.2527 ent=3.0870 ret=-2.745 exp_var=0.949
[K5_r2.0] iter=200/2000 steps=51200 | pi=-0.0021 v=0.2898 ent=3.1530 ret=-2.650 exp_var=0.944
[K5_r2.0] iter=220/2000 steps=56320 | pi=-0.0030 v=0.0257 ent=2.8624 ret=-2.575 exp_var=0.994
[K5_r2.0] iter=240/2000 steps=61440 | pi=-0.0029 v=0.0085 ent=2.6145 ret=-2.886 exp_var=0.998
[K5_r2.0] iter=260/2000 steps=66560 | pi=-0.0015 v=0.0054 ent=2.5713 ret=-2.908 exp_var=0.999
[K5_r2.0] iter=280/2000 steps=71680 | pi=0.0012 v=0.0022 ent=2.6724 ret=-2.939 exp_var=0.999
[K5_r2.0] iter=300/2000 steps=76800 | pi=-0.0020 v=0.0018 ent=2.7778 ret=-2.937 exp_var=1.000
[K5_r2.0] iter=320/2000 steps=81920 | pi=-0.0023 v=0.0017 ent=2.8161 ret=-2.917 exp_var=1.000
[K5_r2.0] iter=340/2000 steps=87040 | pi=-0.0020 v=0.0011 ent=2.7711 ret=-2.934 exp_var=1.000
[K5_r2.0] iter=360/2000 steps=92160 | pi=-0.0033 v=0.0032 ent=2.7134 ret=-3.026 exp_var=0.999
[K5_r2.0] iter=380/2000 steps=97280 | pi=-0.0006 v=0.0016 ent=2.7727 ret=-3.007 exp_var=1.000
[K5_r2.0] iter=400/2000 steps=102400 | pi=-0.0001 v=0.0010 ent=2.7443 ret=-2.960 exp_var=1.000
[K5_r2.0] iter=420/2000 steps=107520 | pi=0.0004 v=0.0007 ent=2.6684 ret=-2.967 exp_var=1.000
[K5_r2.0] iter=440/2000 steps=112640 | pi=-0.0027 v=0.0086 ent=2.4908 ret=-2.969 exp_var=0.998
[K5_r2.0] iter=460/2000 steps=117760 | pi=-0.0015 v=0.0007 ent=2.4046 ret=-3.434 exp_var=1.000
[K5_r2.0] iter=480/2000 steps=122880 | pi=-0.0010 v=0.0001 ent=2.4704 ret=-3.422 exp_var=1.000
[K5_r2.0] iter=500/2000 steps=128000 | pi=0.0002 v=0.0013 ent=2.6236 ret=-3.433 exp_var=1.000
[K5_r2.0] iter=520/2000 steps=133120 | pi=0.0017 v=0.0011 ent=2.8071 ret=-3.266 exp_var=1.000
[K5_r2.0] iter=540/2000 steps=138240 | pi=-0.0012 v=0.0012 ent=2.7159 ret=-3.070 exp_var=1.000
[K5_r2.0] iter=560/2000 steps=143360 | pi=0.0052 v=0.0004 ent=2.5502 ret=-3.330 exp_var=1.000
[K5_r2.0] iter=580/2000 steps=148480 | pi=0.0033 v=0.0006 ent=2.6020 ret=-3.290 exp_var=1.000
[K5_r2.0] iter=600/2000 steps=153600 | pi=0.0008 v=0.0004 ent=2.6367 ret=-3.385 exp_var=1.000
[K5_r2.0] iter=620/2000 steps=158720 | pi=0.0068 v=0.0003 ent=2.5912 ret=-3.078 exp_var=1.000
[K5_r2.0] iter=640/2000 steps=163840 | pi=0.0017 v=0.0001 ent=2.5442 ret=-3.036 exp_var=1.000
[K5_r2.0] iter=660/2000 steps=168960 | pi=0.0014 v=0.0008 ent=2.7272 ret=-2.996 exp_var=1.000
[K5_r2.0] iter=680/2000 steps=174080 | pi=-0.0009 v=0.0013 ent=2.7279 ret=-2.999 exp_var=1.000
[K5_r2.0] iter=700/2000 steps=179200 | pi=-0.0000 v=0.0024 ent=2.7535 ret=-2.937 exp_var=0.999
[K5_r2.0] iter=720/2000 steps=184320 | pi=-0.0041 v=0.0018 ent=2.8433 ret=-2.973 exp_var=1.000
[K5_r2.0] iter=740/2000 steps=189440 | pi=-0.0007 v=0.0008 ent=2.8767 ret=-2.981 exp_var=1.000
[K5_r2.0] iter=760/2000 steps=194560 | pi=0.0039 v=0.0014 ent=2.9679 ret=-2.977 exp_var=1.000
[K5_r2.0] iter=780/2000 steps=199680 | pi=0.0005 v=0.0005 ent=2.8960 ret=-2.959 exp_var=1.000
[K5_r2.0] iter=800/2000 steps=204800 | pi=-0.0021 v=0.0002 ent=2.7951 ret=-2.971 exp_var=1.000
[K5_r2.0] iter=820/2000 steps=209920 | pi=0.0005 v=0.0002 ent=2.6442 ret=-2.932 exp_var=1.000
[K5_r2.0] iter=840/2000 steps=215040 | pi=0.0033 v=0.0008 ent=2.7151 ret=-3.062 exp_var=1.000
[K5_r2.0] iter=860/2000 steps=220160 | pi=0.0004 v=0.0004 ent=2.5955 ret=-3.386 exp_var=1.000
[K5_r2.0] iter=880/2000 steps=225280 | pi=0.0023 v=0.0001 ent=2.3561 ret=-3.627 exp_var=1.000
[K5_r2.0] iter=900/2000 steps=230400 | pi=-0.0007 v=0.0003 ent=2.4810 ret=-3.979 exp_var=1.000
[K5_r2.0] iter=920/2000 steps=235520 | pi=-0.0061 v=0.0004 ent=2.6771 ret=-4.319 exp_var=1.000
[K5_r2.0] iter=940/2000 steps=240640 | pi=0.0025 v=0.0001 ent=2.7302 ret=-4.415 exp_var=1.000
[K5_r2.0] iter=960/2000 steps=245760 | pi=-0.0009 v=0.0007 ent=2.8222 ret=-4.451 exp_var=1.000
[K5_r2.0] iter=980/2000 steps=250880 | pi=0.0014 v=0.0002 ent=3.1117 ret=-4.096 exp_var=1.000
[K5_r2.0] iter=1000/2000 steps=256000 | pi=0.0008 v=0.0006 ent=2.9872 ret=-3.850 exp_var=1.000
[K5_r2.0] iter=1020/2000 steps=261120 | pi=0.0039 v=0.0001 ent=3.0027 ret=-3.751 exp_var=1.000
[K5_r2.0] iter=1040/2000 steps=266240 | pi=0.0012 v=0.0006 ent=2.8278 ret=-3.729 exp_var=1.000
[K5_r2.0] iter=1060/2000 steps=271360 | pi=0.0013 v=0.0003 ent=3.0531 ret=-3.624 exp_var=1.000
[K5_r2.0] iter=1080/2000 steps=276480 | pi=0.0023 v=0.0005 ent=3.0925 ret=-3.461 exp_var=1.000
[K5_r2.0] iter=1100/2000 steps=281600 | pi=0.0009 v=0.0001 ent=3.0096 ret=-3.283 exp_var=1.000
[K5_r2.0] iter=1120/2000 steps=286720 | pi=-0.0005 v=0.0000 ent=2.9289 ret=-3.199 exp_var=1.000
[K5_r2.0] iter=1140/2000 steps=291840 | pi=-0.0015 v=0.0003 ent=2.9599 ret=-3.134 exp_var=1.000
[K5_r2.0] iter=1160/2000 steps=296960 | pi=-0.0001 v=0.0003 ent=2.8859 ret=-3.130 exp_var=1.000
[K5_r2.0] iter=1180/2000 steps=302080 | pi=0.0019 v=0.0001 ent=2.9753 ret=-3.158 exp_var=1.000
[K5_r2.0] iter=1200/2000 steps=307200 | pi=-0.0010 v=0.0006 ent=3.0248 ret=-3.119 exp_var=1.000
[K5_r2.0] iter=1220/2000 steps=312320 | pi=-0.0005 v=0.0002 ent=2.9083 ret=-3.087 exp_var=1.000
[K5_r2.0] iter=1240/2000 steps=317440 | pi=0.0034 v=0.0001 ent=2.9455 ret=-3.210 exp_var=1.000
[K5_r2.0] iter=1260/2000 steps=322560 | pi=0.0017 v=0.0002 ent=2.9148 ret=-3.252 exp_var=1.000
[K5_r2.0] iter=1280/2000 steps=327680 | pi=0.0077 v=0.0000 ent=2.7225 ret=-3.287 exp_var=1.000
[K5_r2.0] iter=1300/2000 steps=332800 | pi=0.0039 v=0.0000 ent=2.7729 ret=-3.578 exp_var=1.000
[K5_r2.0] iter=1320/2000 steps=337920 | pi=0.0020 v=0.0000 ent=2.8316 ret=-3.121 exp_var=1.000
[K5_r2.0] iter=1340/2000 steps=343040 | pi=0.0023 v=0.0002 ent=2.9518 ret=-3.005 exp_var=1.000
[K5_r2.0] iter=1360/2000 steps=348160 | pi=0.0081 v=0.0000 ent=2.9337 ret=-3.003 exp_var=1.000
[K5_r2.0] iter=1380/2000 steps=353280 | pi=0.0021 v=0.0001 ent=3.0269 ret=-2.999 exp_var=1.000
[K5_r2.0] iter=1400/2000 steps=358400 | pi=0.0020 v=0.0002 ent=2.9176 ret=-2.982 exp_var=1.000
[K5_r2.0] iter=1420/2000 steps=363520 | pi=0.0017 v=0.0002 ent=3.1027 ret=-2.949 exp_var=1.000
[K5_r2.0] iter=1440/2000 steps=368640 | pi=0.0168 v=0.0002 ent=3.1261 ret=-2.935 exp_var=1.000
[K5_r2.0] iter=1460/2000 steps=373760 | pi=0.0023 v=0.0001 ent=3.0369 ret=-2.956 exp_var=1.000
[K5_r2.0] iter=1480/2000 steps=378880 | pi=0.0065 v=0.0003 ent=3.0965 ret=-2.959 exp_var=1.000
[K5_r2.0] iter=1500/2000 steps=384000 | pi=0.0041 v=0.0002 ent=3.0178 ret=-2.948 exp_var=1.000
[K5_r2.0] iter=1520/2000 steps=389120 | pi=0.0077 v=0.0001 ent=3.0170 ret=-2.945 exp_var=1.000
[K5_r2.0] iter=1540/2000 steps=394240 | pi=0.0074 v=0.0000 ent=3.0812 ret=-2.948 exp_var=1.000
[K5_r2.0] iter=1560/2000 steps=399360 | pi=-0.0006 v=0.0001 ent=3.0759 ret=-2.953 exp_var=1.000
[K5_r2.0] iter=1580/2000 steps=404480 | pi=0.0035 v=0.0002 ent=3.2137 ret=-2.952 exp_var=1.000
[K5_r2.0] iter=1600/2000 steps=409600 | pi=0.0111 v=0.0001 ent=3.2710 ret=-2.940 exp_var=1.000
[K5_r2.0] iter=1620/2000 steps=414720 | pi=0.0150 v=0.0000 ent=3.4483 ret=-2.955 exp_var=1.000
[K5_r2.0] iter=1640/2000 steps=419840 | pi=0.0225 v=0.0001 ent=3.4984 ret=-2.977 exp_var=1.000
[K5_r2.0] iter=1660/2000 steps=424960 | pi=0.0208 v=0.0001 ent=3.5300 ret=-2.967 exp_var=1.000
[K5_r2.0] iter=1680/2000 steps=430080 | pi=0.0069 v=0.0004 ent=3.4324 ret=-2.958 exp_var=1.000
[K5_r2.0] iter=1700/2000 steps=435200 | pi=0.0112 v=0.0000 ent=3.3621 ret=-2.959 exp_var=1.000
[K5_r2.0] iter=1720/2000 steps=440320 | pi=0.0073 v=0.0001 ent=3.2541 ret=-2.938 exp_var=1.000
[K5_r2.0] iter=1740/2000 steps=445440 | pi=0.0268 v=0.0003 ent=3.3477 ret=-2.934 exp_var=1.000
[K5_r2.0] iter=1760/2000 steps=450560 | pi=0.0025 v=0.0001 ent=3.3435 ret=-2.938 exp_var=1.000
[K5_r2.0] iter=1780/2000 steps=455680 | pi=0.0070 v=0.0002 ent=3.4888 ret=-2.941 exp_var=1.000
[K5_r2.0] iter=1800/2000 steps=460800 | pi=0.0182 v=0.0000 ent=3.5249 ret=-2.942 exp_var=1.000
[K5_r2.0] iter=1820/2000 steps=465920 | pi=0.0109 v=0.0002 ent=3.4699 ret=-2.936 exp_var=1.000
[K5_r2.0] iter=1840/2000 steps=471040 | pi=0.0132 v=0.0000 ent=3.5860 ret=-2.940 exp_var=1.000
[K5_r2.0] iter=1860/2000 steps=476160 | pi=0.0068 v=0.0000 ent=3.5867 ret=-2.946 exp_var=1.000
[K5_r2.0] iter=1880/2000 steps=481280 | pi=0.0236 v=0.0000 ent=3.6436 ret=-2.945 exp_var=1.000
[K5_r2.0] iter=1900/2000 steps=486400 | pi=0.0055 v=0.0004 ent=3.5206 ret=-2.950 exp_var=1.000
[K5_r2.0] iter=1920/2000 steps=491520 | pi=0.0193 v=0.0002 ent=3.4957 ret=-2.952 exp_var=1.000
[K5_r2.0] iter=1940/2000 steps=496640 | pi=0.0094 v=0.0001 ent=3.4731 ret=-2.950 exp_var=1.000
[K5_r2.0] iter=1960/2000 steps=501760 | pi=0.0070 v=0.0000 ent=3.6666 ret=-2.958 exp_var=1.000
[K5_r2.0] iter=1980/2000 steps=506880 | pi=0.0787 v=0.0000 ent=3.7276 ret=-2.963 exp_var=1.000
[K5_r2.0] iter=2000/2000 steps=512000 | pi=0.0605 v=0.0000 ent=3.6796 ret=-2.975 exp_var=1.000
Saved plot: /home/ak565492/gnn_experiments/outputs/cluster_results/gnn_K5_r2.0.png

[K5_r2.0] Final return: -2.975
=============================
End time: Tue Mar 17 09:57:43 EDT 2026
=============================
