/home/ak565492/expenv/lib/python3.11/site-packages/torch/cuda/__init__.py:129: UserWarning: CUDA initialization: CUDA unknown error - this may be due to an incorrectly set up environment, e.g. changing env variable CUDA_VISIBLE_DEVICES after program start. Setting the available devices to be zero. (Triggered internally at ../c10/cuda/CUDAFunctions.cpp:108.)
  return torch._C._cuda_getDeviceCount() > 0
Traceback (most recent call last):
  File "/lustre/fs1/home/ak565492/gnn_experiments/train_hetnet_envs.py", line 460, in <module>
    main()
  File "/lustre/fs1/home/ak565492/gnn_experiments/train_hetnet_envs.py", line 456, in main
    run_hetnet(args, device)
  File "/lustre/fs1/home/ak565492/gnn_experiments/train_hetnet_envs.py", line 336, in run_hetnet
    bootstrap_values = collect_rollout(
                       ^^^^^^^^^^^^^^^^
  File "/home/ak565492/expenv/lib/python3.11/site-packages/torch/utils/_contextlib.py", line 116, in decorate_context
    return func(*args, **kwargs)
           ^^^^^^^^^^^^^^^^^^^^^
  File "/lustre/fs1/home/ak565492/gnn_experiments/HetGAT/utils.py", line 160, in collect_rollout
    reward, done, info = env_adapter.hetnet_step(all_actions)
                         ^^^^^^^^^^^^^^^^^^^^^^^^^^^^^^^^^^^^
  File "/lustre/fs1/home/ak565492/gnn_experiments/environments/predator_prey.py", line 478, in hetnet_step
    all_obs, all_rew, dones, all_info = self.env.step(all_actions)
                                        ^^^^^^^^^^^^^^^^^^^^^^^^^^
  File "/apps/python/python-3.11.4-gcc-12.2.0/lib/python3.11/contextlib.py", line 81, in inner
    return func(*args, **kwds)
           ^^^^^^^^^^^^^^^^^^^
  File "/home/ak565492/expenv/lib/python3.11/site-packages/vmas/simulator/environment/environment.py", line 400, in step
    return self._get_from_scenario(
           ^^^^^^^^^^^^^^^^^^^^^^^^
  File "/home/ak565492/expenv/lib/python3.11/site-packages/vmas/simulator/environment/environment.py", line 278, in _get_from_scenario
    reward = self.scenario.reward(agent).clone()
             ^^^^^^^^^^^^^^^^^^^^^^^^^^^
  File "/lustre/fs1/home/ak565492/gnn_experiments/environments/predator_prey.py", line 247, in reward
    rew = torch.full((batch), self.step_penalty, device=device)
          ^^^^^^^^^^^^^^^^^^^^^^^^^^^^^^^^^^^^^^^^^^^^^^^^^^^^^
TypeError: full() received an invalid combination of arguments - got (int, float, device=torch.device), but expected one of:
 * (tuple of ints size, Number fill_value, *, tuple of names names, torch.dtype dtype = None, torch.layout layout = None, torch.device device = None, bool pin_memory = False, bool requires_grad = False)
 * (tuple of ints size, Number fill_value, *, Tensor out = None, torch.dtype dtype = None, torch.layout layout = None, torch.device device = None, bool pin_memory = False, bool requires_grad = False)

