=============================
Job ID:       567206
Array Task:   6
Node:         evc7
GPU:          0
Start time:   Mon Mar 16 22:34:18 EDT 2026
=============================
Running: GNN K=3 r_comm=2.0
Device: cuda
GPU: Tesla V100-PCIE-16GB

=== GNN | K=3, r_comm=2.0 | device=cuda ===
[K3_r2.0] iter=1/2000 steps=256 | pi=-0.0011 v=0.4654 ent=2.8270 ret=-4.972 exp_var=0.937
[K3_r2.0] iter=20/2000 steps=5120 | pi=-0.0032 v=31.7562 ent=2.8336 ret=-2.829 exp_var=0.844
[K3_r2.0] iter=40/2000 steps=10240 | pi=-0.0020 v=11.7359 ent=2.8362 ret=-4.399 exp_var=0.906
[K3_r2.0] iter=60/2000 steps=15360 | pi=-0.0035 v=4.8507 ent=2.8438 ret=-3.909 exp_var=0.911
[K3_r2.0] iter=80/2000 steps=20480 | pi=-0.0023 v=1.1622 ent=2.8929 ret=-3.280 exp_var=0.915
[K3_r2.0] iter=100/2000 steps=25600 | pi=-0.0029 v=0.4122 ent=2.9334 ret=-3.494 exp_var=0.928
[K3_r2.0] iter=120/2000 steps=30720 | pi=0.0090 v=0.0049 ent=2.9948 ret=-3.085 exp_var=0.999
[K3_r2.0] iter=140/2000 steps=35840 | pi=0.0108 v=0.0036 ent=3.0180 ret=-2.877 exp_var=0.999
[K3_r2.0] iter=160/2000 steps=40960 | pi=-0.0039 v=0.0026 ent=2.8419 ret=-2.950 exp_var=0.999
[K3_r2.0] iter=180/2000 steps=46080 | pi=0.0001 v=0.0006 ent=3.1120 ret=-3.118 exp_var=1.000
[K3_r2.0] iter=200/2000 steps=51200 | pi=0.0022 v=0.0038 ent=3.1383 ret=-3.038 exp_var=0.999
[K3_r2.0] iter=220/2000 steps=56320 | pi=-0.0030 v=0.0093 ent=2.7135 ret=-2.779 exp_var=0.998
[K3_r2.0] iter=240/2000 steps=61440 | pi=-0.0029 v=0.0071 ent=2.5695 ret=-2.907 exp_var=0.998
[K3_r2.0] iter=260/2000 steps=66560 | pi=-0.0027 v=0.0057 ent=2.4599 ret=-3.063 exp_var=0.999
[K3_r2.0] iter=280/2000 steps=71680 | pi=-0.0035 v=0.0017 ent=2.5975 ret=-3.109 exp_var=1.000
[K3_r2.0] iter=300/2000 steps=76800 | pi=-0.0028 v=0.0023 ent=2.6261 ret=-2.984 exp_var=0.999
[K3_r2.0] iter=320/2000 steps=81920 | pi=-0.0015 v=0.0091 ent=2.3869 ret=-2.749 exp_var=0.998
[K3_r2.0] iter=340/2000 steps=87040 | pi=-0.0021 v=0.0041 ent=2.2947 ret=-2.987 exp_var=0.999
[K3_r2.0] iter=360/2000 steps=92160 | pi=-0.0020 v=0.0018 ent=2.3123 ret=-3.490 exp_var=1.000
