=============================
Job ID:       585241
Array Task:   13
Node:         evc43
GPU:          0
Start time:   Wed Apr 15 18:35:49 EDT 2026
=============================
Running: PCP HetNet r=1.5 s=1/i=3
Using device: cuda
GPU: NVIDIA H100 PCIe
Env: PCP | 1S + 3I | world=5.0 | max_steps=80

=== HetNet/MAHAC | r_comm=1.5 (PCP) | device=cuda ===
  [DIAG] t=0 done_sum=0/256 reward_mean=-0.6804 reward_min=-1.1610 reward_max=-0.2846
  [DIAG] t=1 done_sum=0/256 reward_mean=-0.6804 reward_min=-1.1614 reward_max=-0.2855
  [DIAG] t=2 done_sum=0/256 reward_mean=-0.6805 reward_min=-1.1618 reward_max=-0.2862
  [DIAG] t=255 done_sum=256/256 reward_mean=-0.6774 reward_min=-1.3488 reward_max=1.7002
  [ROLLOUT SUMMARY] total_dones=45312 expected_if_100step_eps≈512 reward_global_mean=-0.6836 reward_global_std=0.3133
[HetNet] iter=1/1500 steps=256/384000 | pi_s=0.0042 pi_i=0.0093 v=62.1604 ent_s=2.838 ent_i=2.839 ret=-0.989 ev_s_post=-0.011 ev_i_post=-0.002 r_s=1.000 r_i=1.000 std_s=0.00 std_i=0.00
  [DIAG] t=0 done_sum=0/256 reward_mean=-0.6726 reward_min=-1.0380 reward_max=1.2735
  [DIAG] t=1 done_sum=0/256 reward_mean=-0.6726 reward_min=-1.0387 reward_max=1.2747
  [DIAG] t=2 done_sum=0/256 reward_mean=-0.6726 reward_min=-1.0398 reward_max=1.2745
  [DIAG] t=255 done_sum=256/256 reward_mean=-0.6920 reward_min=-1.2513 reward_max=1.6454
  [ROLLOUT SUMMARY] total_dones=45312 expected_if_100step_eps≈512 reward_global_mean=-0.6793 reward_global_std=0.3302
  [DIAG] t=0 done_sum=0/256 reward_mean=-0.6606 reward_min=-1.0662 reward_max=-0.3237
  [DIAG] t=1 done_sum=0/256 reward_mean=-0.6607 reward_min=-1.0653 reward_max=-0.3245
  [DIAG] t=2 done_sum=0/256 reward_mean=-0.6609 reward_min=-1.0642 reward_max=-0.3248
  [DIAG] t=255 done_sum=256/256 reward_mean=-0.7089 reward_min=-1.1637 reward_max=1.6521
  [ROLLOUT SUMMARY] total_dones=45312 expected_if_100step_eps≈512 reward_global_mean=-0.6822 reward_global_std=0.2888
  [DIAG] t=0 done_sum=0/256 reward_mean=-0.6670 reward_min=-1.0620 reward_max=-0.2777
  [DIAG] t=1 done_sum=0/256 reward_mean=-0.6670 reward_min=-1.0613 reward_max=-0.2766
  [DIAG] t=2 done_sum=0/256 reward_mean=-0.6670 reward_min=-1.0601 reward_max=-0.2769
  [DIAG] t=255 done_sum=256/256 reward_mean=-0.6984 reward_min=-1.3075 reward_max=1.4961
  [ROLLOUT SUMMARY] total_dones=45312 expected_if_100step_eps≈512 reward_global_mean=-0.6749 reward_global_std=0.3125
  [DIAG] t=0 done_sum=0/256 reward_mean=-0.6641 reward_min=-1.0402 reward_max=-0.2064
  [DIAG] t=1 done_sum=0/256 reward_mean=-0.6641 reward_min=-1.0402 reward_max=-0.2067
  [DIAG] t=2 done_sum=0/256 reward_mean=-0.6641 reward_min=-1.0408 reward_max=-0.2066
  [DIAG] t=255 done_sum=256/256 reward_mean=-0.6989 reward_min=-1.2805 reward_max=1.6789
  [ROLLOUT SUMMARY] total_dones=45312 expected_if_100step_eps≈512 reward_global_mean=-0.6777 reward_global_std=0.3130
  [DIAG] t=0 done_sum=0/256 reward_mean=-0.6436 reward_min=-1.0290 reward_max=1.5201
  [DIAG] t=1 done_sum=0/256 reward_mean=-0.6436 reward_min=-1.0298 reward_max=1.5202
  [DIAG] t=2 done_sum=0/256 reward_mean=-0.6436 reward_min=-1.0296 reward_max=1.5200
  [DIAG] t=255 done_sum=256/256 reward_mean=-0.6180 reward_min=-1.3825 reward_max=1.6378
  [ROLLOUT SUMMARY] total_dones=45312 expected_if_100step_eps≈512 reward_global_mean=-0.6259 reward_global_std=0.3986
  [DIAG] t=0 done_sum=0/256 reward_mean=-0.6896 reward_min=-1.0626 reward_max=-0.3090
  [DIAG] t=1 done_sum=0/256 reward_mean=-0.6896 reward_min=-1.0625 reward_max=-0.3086
  [DIAG] t=2 done_sum=0/256 reward_mean=-0.6896 reward_min=-1.0631 reward_max=-0.3089
  [DIAG] t=255 done_sum=256/256 reward_mean=-0.7244 reward_min=-1.3635 reward_max=1.6157
  [ROLLOUT SUMMARY] total_dones=45312 expected_if_100step_eps≈512 reward_global_mean=-0.7130 reward_global_std=0.2421
  [DIAG] t=0 done_sum=0/256 reward_mean=-0.6808 reward_min=-1.1025 reward_max=1.3314
  [DIAG] t=1 done_sum=0/256 reward_mean=-0.6808 reward_min=-1.1029 reward_max=1.3315
  [DIAG] t=2 done_sum=0/256 reward_mean=-0.6808 reward_min=-1.1036 reward_max=1.3323
  [DIAG] t=255 done_sum=256/256 reward_mean=-0.6815 reward_min=-1.2905 reward_max=1.5515
  [ROLLOUT SUMMARY] total_dones=45312 expected_if_100step_eps≈512 reward_global_mean=-0.6795 reward_global_std=0.2914
  [DIAG] t=0 done_sum=0/256 reward_mean=-0.6644 reward_min=-1.1654 reward_max=1.5571
  [DIAG] t=1 done_sum=0/256 reward_mean=-0.6644 reward_min=-1.1668 reward_max=1.5584
  [DIAG] t=2 done_sum=0/256 reward_mean=-0.6643 reward_min=-1.1695 reward_max=1.5586
  [DIAG] t=255 done_sum=256/256 reward_mean=-0.6586 reward_min=-1.3453 reward_max=1.6216
  [ROLLOUT SUMMARY] total_dones=45312 expected_if_100step_eps≈512 reward_global_mean=-0.6534 reward_global_std=0.3394
  [DIAG] t=0 done_sum=0/256 reward_mean=-0.6920 reward_min=-1.1404 reward_max=-0.2758
  [DIAG] t=1 done_sum=0/256 reward_mean=-0.6919 reward_min=-1.1402 reward_max=-0.2760
  [DIAG] t=2 done_sum=0/256 reward_mean=-0.6918 reward_min=-1.1395 reward_max=-0.2762
  [DIAG] t=255 done_sum=256/256 reward_mean=-0.6332 reward_min=-1.2303 reward_max=1.6986
  [ROLLOUT SUMMARY] total_dones=45312 expected_if_100step_eps≈512 reward_global_mean=-0.6589 reward_global_std=0.3579
  [DIAG] t=0 done_sum=0/256 reward_mean=-0.6788 reward_min=-1.0293 reward_max=-0.3416
  [DIAG] t=1 done_sum=0/256 reward_mean=-0.6787 reward_min=-1.0310 reward_max=-0.3416
  [DIAG] t=2 done_sum=0/256 reward_mean=-0.6787 reward_min=-1.0327 reward_max=-0.3414
  [DIAG] t=255 done_sum=256/256 reward_mean=-0.6536 reward_min=-1.2441 reward_max=1.6206
  [ROLLOUT SUMMARY] total_dones=45312 expected_if_100step_eps≈512 reward_global_mean=-0.6531 reward_global_std=0.3342
  [DIAG] t=0 done_sum=0/256 reward_mean=-0.6833 reward_min=-1.1381 reward_max=-0.2964
  [DIAG] t=1 done_sum=0/256 reward_mean=-0.6833 reward_min=-1.1388 reward_max=-0.2955
  [DIAG] t=2 done_sum=0/256 reward_mean=-0.6834 reward_min=-1.1385 reward_max=-0.2943
  [DIAG] t=255 done_sum=256/256 reward_mean=-0.6605 reward_min=-1.2425 reward_max=1.6556
  [ROLLOUT SUMMARY] total_dones=45312 expected_if_100step_eps≈512 reward_global_mean=-0.6582 reward_global_std=0.3886
  [DIAG] t=0 done_sum=0/256 reward_mean=-0.6755 reward_min=-1.0973 reward_max=1.6508
  [DIAG] t=1 done_sum=0/256 reward_mean=-0.6754 reward_min=-1.0987 reward_max=1.6504
  [DIAG] t=2 done_sum=0/256 reward_mean=-0.6752 reward_min=-1.1014 reward_max=1.6498
  [DIAG] t=255 done_sum=256/256 reward_mean=-0.6390 reward_min=-1.2628 reward_max=1.6167
  [ROLLOUT SUMMARY] total_dones=45312 expected_if_100step_eps≈512 reward_global_mean=-0.6391 reward_global_std=0.3697
  [DIAG] t=0 done_sum=0/256 reward_mean=-0.6750 reward_min=-1.0137 reward_max=-0.3600
  [DIAG] t=1 done_sum=0/256 reward_mean=-0.6749 reward_min=-1.0143 reward_max=-0.3608
  [DIAG] t=2 done_sum=0/256 reward_mean=-0.6746 reward_min=-1.0136 reward_max=-0.3617
  [DIAG] t=255 done_sum=256/256 reward_mean=-0.6626 reward_min=-1.2379 reward_max=1.7070
  [ROLLOUT SUMMARY] total_dones=45312 expected_if_100step_eps≈512 reward_global_mean=-0.6445 reward_global_std=0.3521
  [DIAG] t=0 done_sum=0/256 reward_mean=-0.6694 reward_min=-1.1321 reward_max=-0.3490
  [DIAG] t=1 done_sum=0/256 reward_mean=-0.6693 reward_min=-1.1305 reward_max=-0.3495
  [DIAG] t=2 done_sum=0/256 reward_mean=-0.6692 reward_min=-1.1293 reward_max=-0.3513
  [DIAG] t=255 done_sum=256/256 reward_mean=-0.6621 reward_min=-1.1838 reward_max=1.5982
  [ROLLOUT SUMMARY] total_dones=45312 expected_if_100step_eps≈512 reward_global_mean=-0.6329 reward_global_std=0.3582
  [DIAG] t=0 done_sum=0/256 reward_mean=-0.6793 reward_min=-1.0561 reward_max=-0.3790
  [DIAG] t=1 done_sum=0/256 reward_mean=-0.6793 reward_min=-1.0556 reward_max=-0.3792
  [DIAG] t=2 done_sum=0/256 reward_mean=-0.6789 reward_min=-1.0546 reward_max=-0.3792
  [DIAG] t=255 done_sum=256/256 reward_mean=-0.6716 reward_min=-1.2680 reward_max=1.5515
  [ROLLOUT SUMMARY] total_dones=45312 expected_if_100step_eps≈512 reward_global_mean=-0.6363 reward_global_std=0.3634
  [DIAG] t=0 done_sum=0/256 reward_mean=-0.6769 reward_min=-1.0555 reward_max=-0.3285
  [DIAG] t=1 done_sum=0/256 reward_mean=-0.6767 reward_min=-1.0563 reward_max=-0.3282
  [DIAG] t=2 done_sum=0/256 reward_mean=-0.6765 reward_min=-1.0566 reward_max=-0.3284
  [DIAG] t=255 done_sum=256/256 reward_mean=-0.6499 reward_min=-1.1281 reward_max=1.7075
  [ROLLOUT SUMMARY] total_dones=45312 expected_if_100step_eps≈512 reward_global_mean=-0.6410 reward_global_std=0.3387
  [DIAG] t=0 done_sum=0/256 reward_mean=-0.6776 reward_min=-1.0007 reward_max=-0.4217
  [DIAG] t=1 done_sum=0/256 reward_mean=-0.6774 reward_min=-1.0008 reward_max=-0.4204
  [DIAG] t=2 done_sum=0/256 reward_mean=-0.6772 reward_min=-1.0017 reward_max=-0.4200
  [DIAG] t=255 done_sum=256/256 reward_mean=-0.6239 reward_min=-1.1645 reward_max=1.6287
  [ROLLOUT SUMMARY] total_dones=45312 expected_if_100step_eps≈512 reward_global_mean=-0.6258 reward_global_std=0.3701
  [DIAG] t=0 done_sum=0/256 reward_mean=-0.6905 reward_min=-1.1892 reward_max=-0.2806
  [DIAG] t=1 done_sum=0/256 reward_mean=-0.6903 reward_min=-1.1877 reward_max=-0.2817
  [DIAG] t=2 done_sum=0/256 reward_mean=-0.6900 reward_min=-1.1859 reward_max=-0.2826
  [DIAG] t=255 done_sum=256/256 reward_mean=-0.6440 reward_min=-1.2230 reward_max=1.6822
  [ROLLOUT SUMMARY] total_dones=45312 expected_if_100step_eps≈512 reward_global_mean=-0.6416 reward_global_std=0.3254
  [DIAG] t=0 done_sum=0/256 reward_mean=-0.6674 reward_min=-1.0374 reward_max=1.4154
  [DIAG] t=1 done_sum=0/256 reward_mean=-0.6672 reward_min=-1.0378 reward_max=1.4148
  [DIAG] t=2 done_sum=0/256 reward_mean=-0.6669 reward_min=-1.0388 reward_max=1.4153
  [DIAG] t=255 done_sum=256/256 reward_mean=-0.6063 reward_min=-1.2134 reward_max=1.7094
  [ROLLOUT SUMMARY] total_dones=45312 expected_if_100step_eps≈512 reward_global_mean=-0.6078 reward_global_std=0.3927
[HetNet] iter=20/1500 steps=5120/384000 | pi_s=0.0003 pi_i=0.0007 v=64.0980 ent_s=2.874 ent_i=2.877 ret=-0.879 ev_s_post=0.050 ev_i_post=0.078 r_s=1.000 r_i=1.000 std_s=0.02 std_i=0.02
  [DIAG] t=0 done_sum=0/256 reward_mean=-0.6686 reward_min=-1.0380 reward_max=1.4670
  [DIAG] t=1 done_sum=0/256 reward_mean=-0.6685 reward_min=-1.0378 reward_max=1.4674
  [DIAG] t=2 done_sum=0/256 reward_mean=-0.6682 reward_min=-1.0367 reward_max=1.4675
  [DIAG] t=255 done_sum=256/256 reward_mean=-0.5995 reward_min=-1.0809 reward_max=1.7416
  [ROLLOUT SUMMARY] total_dones=45312 expected_if_100step_eps≈512 reward_global_mean=-0.6169 reward_global_std=0.3588
  [DIAG] t=0 done_sum=0/256 reward_mean=-0.6734 reward_min=-1.0719 reward_max=1.4063
  [DIAG] t=1 done_sum=0/256 reward_mean=-0.6732 reward_min=-1.0717 reward_max=1.4077
  [DIAG] t=2 done_sum=0/256 reward_mean=-0.6729 reward_min=-1.0716 reward_max=1.4093
  [DIAG] t=255 done_sum=256/256 reward_mean=-0.6313 reward_min=-1.0139 reward_max=1.7583
  [ROLLOUT SUMMARY] total_dones=45312 expected_if_100step_eps≈512 reward_global_mean=-0.6300 reward_global_std=0.2848
  [DIAG] t=0 done_sum=0/256 reward_mean=-0.6577 reward_min=-1.1895 reward_max=1.4052
  [DIAG] t=1 done_sum=0/256 reward_mean=-0.6574 reward_min=-1.1888 reward_max=1.4057
  [DIAG] t=2 done_sum=0/256 reward_mean=-0.6571 reward_min=-1.1878 reward_max=1.4063
  [DIAG] t=255 done_sum=256/256 reward_mean=-0.5523 reward_min=-1.2679 reward_max=1.6160
  [ROLLOUT SUMMARY] total_dones=45312 expected_if_100step_eps≈512 reward_global_mean=-0.5752 reward_global_std=0.3847
  [DIAG] t=0 done_sum=0/256 reward_mean=-0.6703 reward_min=-1.1005 reward_max=-0.2907
  [DIAG] t=1 done_sum=0/256 reward_mean=-0.6699 reward_min=-1.0999 reward_max=-0.2909
  [DIAG] t=2 done_sum=0/256 reward_mean=-0.6694 reward_min=-1.0995 reward_max=-0.2912
  [DIAG] t=255 done_sum=256/256 reward_mean=-0.5265 reward_min=-1.2038 reward_max=1.7081
  [ROLLOUT SUMMARY] total_dones=45312 expected_if_100step_eps≈512 reward_global_mean=-0.5645 reward_global_std=0.4052
  [DIAG] t=0 done_sum=0/256 reward_mean=-0.6855 reward_min=-1.1133 reward_max=-0.2402
  [DIAG] t=1 done_sum=0/256 reward_mean=-0.6852 reward_min=-1.1134 reward_max=-0.2397
  [DIAG] t=2 done_sum=0/256 reward_mean=-0.6848 reward_min=-1.1143 reward_max=-0.2398
  [DIAG] t=255 done_sum=256/256 reward_mean=-0.5329 reward_min=-1.2022 reward_max=1.6779
  [ROLLOUT SUMMARY] total_dones=45312 expected_if_100step_eps≈512 reward_global_mean=-0.5773 reward_global_std=0.4034
  [DIAG] t=0 done_sum=0/256 reward_mean=-0.6844 reward_min=-1.0496 reward_max=-0.4401
  [DIAG] t=1 done_sum=0/256 reward_mean=-0.6844 reward_min=-1.0499 reward_max=-0.4398
  [DIAG] t=2 done_sum=0/256 reward_mean=-0.6838 reward_min=-1.0506 reward_max=-0.4397
  [DIAG] t=255 done_sum=256/256 reward_mean=-0.5786 reward_min=-1.0940 reward_max=1.6184
  [ROLLOUT SUMMARY] total_dones=45312 expected_if_100step_eps≈512 reward_global_mean=-0.6183 reward_global_std=0.2488
  [DIAG] t=0 done_sum=0/256 reward_mean=-0.6719 reward_min=-1.1157 reward_max=-0.2598
  [DIAG] t=1 done_sum=0/256 reward_mean=-0.6716 reward_min=-1.1144 reward_max=-0.2595
  [DIAG] t=2 done_sum=0/256 reward_mean=-0.6712 reward_min=-1.1135 reward_max=-0.2589
  [DIAG] t=255 done_sum=256/256 reward_mean=-0.5037 reward_min=-1.1142 reward_max=1.7023
  [ROLLOUT SUMMARY] total_dones=45312 expected_if_100step_eps≈512 reward_global_mean=-0.5583 reward_global_std=0.4054
  [DIAG] t=0 done_sum=0/256 reward_mean=-0.6662 reward_min=-1.1077 reward_max=1.4620
  [DIAG] t=1 done_sum=0/256 reward_mean=-0.6659 reward_min=-1.1074 reward_max=1.4621
  [DIAG] t=2 done_sum=0/256 reward_mean=-0.6655 reward_min=-1.1066 reward_max=1.4629
  [DIAG] t=255 done_sum=256/256 reward_mean=-0.4939 reward_min=-1.0439 reward_max=1.6954
  [ROLLOUT SUMMARY] total_dones=45312 expected_if_100step_eps≈512 reward_global_mean=-0.5588 reward_global_std=0.4154
  [DIAG] t=0 done_sum=0/256 reward_mean=-0.6689 reward_min=-1.0577 reward_max=1.4763
  [DIAG] t=1 done_sum=0/256 reward_mean=-0.6687 reward_min=-1.0576 reward_max=1.4769
  [DIAG] t=2 done_sum=0/256 reward_mean=-0.6683 reward_min=-1.0570 reward_max=1.4772
  [DIAG] t=255 done_sum=256/256 reward_mean=-0.5439 reward_min=-1.1042 reward_max=1.5987
  [ROLLOUT SUMMARY] total_dones=45312 expected_if_100step_eps≈512 reward_global_mean=-0.5818 reward_global_std=0.3546
  [DIAG] t=0 done_sum=0/256 reward_mean=-0.6666 reward_min=-1.0451 reward_max=1.6425
  [DIAG] t=1 done_sum=0/256 reward_mean=-0.6663 reward_min=-1.0447 reward_max=1.6424
  [DIAG] t=2 done_sum=0/256 reward_mean=-0.6662 reward_min=-1.0443 reward_max=1.6432
  [DIAG] t=255 done_sum=256/256 reward_mean=-0.5712 reward_min=-1.2136 reward_max=1.5981
  [ROLLOUT SUMMARY] total_dones=45312 expected_if_100step_eps≈512 reward_global_mean=-0.5983 reward_global_std=0.3099
  [DIAG] t=0 done_sum=0/256 reward_mean=-0.6904 reward_min=-1.0189 reward_max=-0.3272
  [DIAG] t=1 done_sum=0/256 reward_mean=-0.6901 reward_min=-1.0192 reward_max=-0.3269
  [DIAG] t=2 done_sum=0/256 reward_mean=-0.6898 reward_min=-1.0194 reward_max=-0.3271
  [DIAG] t=255 done_sum=256/256 reward_mean=-0.5270 reward_min=-1.1185 reward_max=1.6893
  [ROLLOUT SUMMARY] total_dones=45312 expected_if_100step_eps≈512 reward_global_mean=-0.5778 reward_global_std=0.4035
  [DIAG] t=0 done_sum=0/256 reward_mean=-0.6705 reward_min=-1.0253 reward_max=1.5167
  [DIAG] t=1 done_sum=0/256 reward_mean=-0.6703 reward_min=-1.0242 reward_max=1.5159
  [DIAG] t=2 done_sum=0/256 reward_mean=-0.6699 reward_min=-1.0230 reward_max=1.5155
  [DIAG] t=255 done_sum=256/256 reward_mean=-0.5379 reward_min=-1.0982 reward_max=1.7190
  [ROLLOUT SUMMARY] total_dones=45312 expected_if_100step_eps≈512 reward_global_mean=-0.5909 reward_global_std=0.3443
  [DIAG] t=0 done_sum=0/256 reward_mean=-0.6654 reward_min=-1.0120 reward_max=1.5482
  [DIAG] t=1 done_sum=0/256 reward_mean=-0.6651 reward_min=-1.0118 reward_max=1.5490
  [DIAG] t=2 done_sum=0/256 reward_mean=-0.6648 reward_min=-1.0116 reward_max=1.5497
  [DIAG] t=255 done_sum=256/256 reward_mean=-0.5381 reward_min=-1.0441 reward_max=1.6708
  [ROLLOUT SUMMARY] total_dones=45312 expected_if_100step_eps≈512 reward_global_mean=-0.5919 reward_global_std=0.3533
  [DIAG] t=0 done_sum=0/256 reward_mean=-0.6636 reward_min=-1.0773 reward_max=1.6643
  [DIAG] t=1 done_sum=0/256 reward_mean=-0.6633 reward_min=-1.0783 reward_max=1.6647
  [DIAG] t=2 done_sum=0/256 reward_mean=-0.6629 reward_min=-1.0790 reward_max=1.6641
  [DIAG] t=255 done_sum=256/256 reward_mean=-0.5064 reward_min=-1.1693 reward_max=1.7269
  [ROLLOUT SUMMARY] total_dones=45312 expected_if_100step_eps≈512 reward_global_mean=-0.5809 reward_global_std=0.4017
  [DIAG] t=0 done_sum=0/256 reward_mean=-0.6606 reward_min=-1.0449 reward_max=1.4627
  [DIAG] t=1 done_sum=0/256 reward_mean=-0.6604 reward_min=-1.0454 reward_max=1.4638
  [DIAG] t=2 done_sum=0/256 reward_mean=-0.6601 reward_min=-1.0454 reward_max=1.4650
  [DIAG] t=255 done_sum=256/256 reward_mean=-0.6183 reward_min=-1.1697 reward_max=1.5047
  [ROLLOUT SUMMARY] total_dones=45312 expected_if_100step_eps≈512 reward_global_mean=-0.6253 reward_global_std=0.2643
  [DIAG] t=0 done_sum=0/256 reward_mean=-0.6520 reward_min=-1.0089 reward_max=-0.3500
  [DIAG] t=1 done_sum=0/256 reward_mean=-0.6517 reward_min=-1.0081 reward_max=-0.3499
  [DIAG] t=2 done_sum=0/256 reward_mean=-0.6513 reward_min=-1.0064 reward_max=-0.3495
  [DIAG] t=255 done_sum=256/256 reward_mean=-0.5327 reward_min=-0.9915 reward_max=1.6152
  [ROLLOUT SUMMARY] total_dones=45312 expected_if_100step_eps≈512 reward_global_mean=-0.5702 reward_global_std=0.3562
  [DIAG] t=0 done_sum=0/256 reward_mean=-0.6787 reward_min=-1.1904 reward_max=-0.3574
  [DIAG] t=1 done_sum=0/256 reward_mean=-0.6784 reward_min=-1.1892 reward_max=-0.3572
  [DIAG] t=2 done_sum=0/256 reward_mean=-0.6780 reward_min=-1.1875 reward_max=-0.3574
  [DIAG] t=255 done_sum=256/256 reward_mean=-0.6213 reward_min=-1.3240 reward_max=1.7404
  [ROLLOUT SUMMARY] total_dones=45312 expected_if_100step_eps≈512 reward_global_mean=-0.6420 reward_global_std=0.2318
  [DIAG] t=0 done_sum=0/256 reward_mean=-0.6887 reward_min=-1.0961 reward_max=-0.3605
  [DIAG] t=1 done_sum=0/256 reward_mean=-0.6885 reward_min=-1.0967 reward_max=-0.3596
  [DIAG] t=2 done_sum=0/256 reward_mean=-0.6882 reward_min=-1.0975 reward_max=-0.3590
  [DIAG] t=255 done_sum=256/256 reward_mean=-0.6305 reward_min=-1.1685 reward_max=1.6307
  [ROLLOUT SUMMARY] total_dones=45312 expected_if_100step_eps≈512 reward_global_mean=-0.6507 reward_global_std=0.2357
  [DIAG] t=0 done_sum=0/256 reward_mean=-0.6682 reward_min=-1.1584 reward_max=-0.3099
  [DIAG] t=1 done_sum=0/256 reward_mean=-0.6680 reward_min=-1.1590 reward_max=-0.3090
  [DIAG] t=2 done_sum=0/256 reward_mean=-0.6677 reward_min=-1.1596 reward_max=-0.3076
  [DIAG] t=255 done_sum=256/256 reward_mean=-0.6113 reward_min=-1.3307 reward_max=1.6079
  [ROLLOUT SUMMARY] total_dones=45312 expected_if_100step_eps≈512 reward_global_mean=-0.6276 reward_global_std=0.2926
  [DIAG] t=0 done_sum=0/256 reward_mean=-0.6525 reward_min=-1.0188 reward_max=1.4718
  [DIAG] t=1 done_sum=0/256 reward_mean=-0.6523 reward_min=-1.0200 reward_max=1.4716
  [DIAG] t=2 done_sum=0/256 reward_mean=-0.6520 reward_min=-1.0212 reward_max=1.4722
  [DIAG] t=255 done_sum=256/256 reward_mean=-0.5841 reward_min=-1.1448 reward_max=1.6536
  [ROLLOUT SUMMARY] total_dones=45312 expected_if_100step_eps≈512 reward_global_mean=-0.6021 reward_global_std=0.3526
[HetNet] iter=40/1500 steps=10240/384000 | pi_s=0.0002 pi_i=0.0003 v=58.3509 ent_s=2.911 ent_i=2.915 ret=-0.871 ev_s_post=0.346 ev_i_post=0.402 r_s=1.000 r_i=1.000 std_s=0.04 std_i=0.04
  [DIAG] t=0 done_sum=0/256 reward_mean=-0.6635 reward_min=-1.0550 reward_max=-0.3456
  [DIAG] t=1 done_sum=0/256 reward_mean=-0.6634 reward_min=-1.0558 reward_max=-0.3458
  [DIAG] t=2 done_sum=0/256 reward_mean=-0.6632 reward_min=-1.0561 reward_max=-0.3454
  [DIAG] t=255 done_sum=256/256 reward_mean=-0.6224 reward_min=-1.2409 reward_max=1.6307
  [ROLLOUT SUMMARY] total_dones=45312 expected_if_100step_eps≈512 reward_global_mean=-0.6303 reward_global_std=0.2877
  [DIAG] t=0 done_sum=0/256 reward_mean=-0.6579 reward_min=-1.1498 reward_max=1.4338
  [DIAG] t=1 done_sum=0/256 reward_mean=-0.6577 reward_min=-1.1482 reward_max=1.4336
  [DIAG] t=2 done_sum=0/256 reward_mean=-0.6575 reward_min=-1.1473 reward_max=1.4338
  [DIAG] t=255 done_sum=256/256 reward_mean=-0.6074 reward_min=-1.1171 reward_max=1.7157
  [ROLLOUT SUMMARY] total_dones=45312 expected_if_100step_eps≈512 reward_global_mean=-0.6169 reward_global_std=0.3278
  [DIAG] t=0 done_sum=0/256 reward_mean=-0.6823 reward_min=-1.0409 reward_max=-0.3140
  [DIAG] t=1 done_sum=0/256 reward_mean=-0.6823 reward_min=-1.0416 reward_max=-0.3138
  [DIAG] t=2 done_sum=0/256 reward_mean=-0.6820 reward_min=-1.0420 reward_max=-0.3133
  [DIAG] t=255 done_sum=256/256 reward_mean=-0.6117 reward_min=-1.1872 reward_max=1.7335
  [ROLLOUT SUMMARY] total_dones=45312 expected_if_100step_eps≈512 reward_global_mean=-0.6372 reward_global_std=0.2968
  [DIAG] t=0 done_sum=0/256 reward_mean=-0.6695 reward_min=-1.1778 reward_max=-0.2268
  [DIAG] t=1 done_sum=0/256 reward_mean=-0.6694 reward_min=-1.1782 reward_max=-0.2277
  [DIAG] t=2 done_sum=0/256 reward_mean=-0.6692 reward_min=-1.1795 reward_max=-0.2279
  [DIAG] t=255 done_sum=256/256 reward_mean=-0.6199 reward_min=-1.2629 reward_max=1.5671
  [ROLLOUT SUMMARY] total_dones=45312 expected_if_100step_eps≈512 reward_global_mean=-0.6131 reward_global_std=0.3679
  [DIAG] t=0 done_sum=0/256 reward_mean=-0.6687 reward_min=-0.9981 reward_max=-0.2663
  [DIAG] t=1 done_sum=0/256 reward_mean=-0.6686 reward_min=-0.9978 reward_max=-0.2672
  [DIAG] t=2 done_sum=0/256 reward_mean=-0.6683 reward_min=-0.9981 reward_max=-0.2683
  [DIAG] t=255 done_sum=256/256 reward_mean=-0.5905 reward_min=-1.1853 reward_max=1.6451
  [ROLLOUT SUMMARY] total_dones=45312 expected_if_100step_eps≈512 reward_global_mean=-0.6189 reward_global_std=0.3275
  [DIAG] t=0 done_sum=0/256 reward_mean=-0.6698 reward_min=-1.0581 reward_max=-0.2953
  [DIAG] t=1 done_sum=0/256 reward_mean=-0.6697 reward_min=-1.0586 reward_max=-0.2958
  [DIAG] t=2 done_sum=0/256 reward_mean=-0.6695 reward_min=-1.0597 reward_max=-0.2962
  [DIAG] t=255 done_sum=256/256 reward_mean=-0.6169 reward_min=-1.2131 reward_max=1.6176
  [ROLLOUT SUMMARY] total_dones=45312 expected_if_100step_eps≈512 reward_global_mean=-0.6180 reward_global_std=0.3554
  [DIAG] t=0 done_sum=0/256 reward_mean=-0.6586 reward_min=-1.0942 reward_max=1.6547
  [DIAG] t=1 done_sum=0/256 reward_mean=-0.6585 reward_min=-1.0934 reward_max=1.6540
  [DIAG] t=2 done_sum=0/256 reward_mean=-0.6584 reward_min=-1.0924 reward_max=1.6533
  [DIAG] t=255 done_sum=256/256 reward_mean=-0.5607 reward_min=-1.2841 reward_max=1.6068
  [ROLLOUT SUMMARY] total_dones=45312 expected_if_100step_eps≈512 reward_global_mean=-0.5913 reward_global_std=0.4355
  [DIAG] t=0 done_sum=0/256 reward_mean=-0.6690 reward_min=-1.0434 reward_max=-0.3039
  [DIAG] t=1 done_sum=0/256 reward_mean=-0.6689 reward_min=-1.0431 reward_max=-0.3037
  [DIAG] t=2 done_sum=0/256 reward_mean=-0.6687 reward_min=-1.0434 reward_max=-0.3032
  [DIAG] t=255 done_sum=256/256 reward_mean=-0.6092 reward_min=-1.2000 reward_max=1.5894
  [ROLLOUT SUMMARY] total_dones=45312 expected_if_100step_eps≈512 reward_global_mean=-0.6173 reward_global_std=0.3629
  [DIAG] t=0 done_sum=0/256 reward_mean=-0.6802 reward_min=-1.0711 reward_max=-0.3147
  [DIAG] t=1 done_sum=0/256 reward_mean=-0.6799 reward_min=-1.0708 reward_max=-0.3159
  [DIAG] t=2 done_sum=0/256 reward_mean=-0.6797 reward_min=-1.0708 reward_max=-0.3167
  [DIAG] t=255 done_sum=256/256 reward_mean=-0.6338 reward_min=-1.2255 reward_max=1.6345
  [ROLLOUT SUMMARY] total_dones=45312 expected_if_100step_eps≈512 reward_global_mean=-0.6469 reward_global_std=0.2895
  [DIAG] t=0 done_sum=0/256 reward_mean=-0.6794 reward_min=-1.1108 reward_max=-0.3416
  [DIAG] t=1 done_sum=0/256 reward_mean=-0.6794 reward_min=-1.1115 reward_max=-0.3417
  [DIAG] t=2 done_sum=0/256 reward_mean=-0.6792 reward_min=-1.1123 reward_max=-0.3419
  [DIAG] t=255 done_sum=256/256 reward_mean=-0.6398 reward_min=-1.3761 reward_max=1.5520
  [ROLLOUT SUMMARY] total_dones=45312 expected_if_100step_eps≈512 reward_global_mean=-0.6466 reward_global_std=0.3622
  [DIAG] t=0 done_sum=0/256 reward_mean=-0.6735 reward_min=-1.0531 reward_max=-0.2964
  [DIAG] t=1 done_sum=0/256 reward_mean=-0.6733 reward_min=-1.0527 reward_max=-0.2958
  [DIAG] t=2 done_sum=0/256 reward_mean=-0.6730 reward_min=-1.0519 reward_max=-0.2949
  [DIAG] t=255 done_sum=256/256 reward_mean=-0.5979 reward_min=-1.2113 reward_max=1.6109
  [ROLLOUT SUMMARY] total_dones=45312 expected_if_100step_eps≈512 reward_global_mean=-0.6122 reward_global_std=0.4043
  [DIAG] t=0 done_sum=0/256 reward_mean=-0.6665 reward_min=-1.0865 reward_max=-0.3661
  [DIAG] t=1 done_sum=0/256 reward_mean=-0.6664 reward_min=-1.0850 reward_max=-0.3657
  [DIAG] t=2 done_sum=0/256 reward_mean=-0.6662 reward_min=-1.0843 reward_max=-0.3648
  [DIAG] t=255 done_sum=256/256 reward_mean=-0.6274 reward_min=-1.2293 reward_max=1.5825
  [ROLLOUT SUMMARY] total_dones=45312 expected_if_100step_eps≈512 reward_global_mean=-0.6296 reward_global_std=0.3149
  [DIAG] t=0 done_sum=0/256 reward_mean=-0.6636 reward_min=-1.0093 reward_max=-0.3430
  [DIAG] t=1 done_sum=0/256 reward_mean=-0.6635 reward_min=-1.0095 reward_max=-0.3425
  [DIAG] t=2 done_sum=0/256 reward_mean=-0.6632 reward_min=-1.0091 reward_max=-0.3425
  [DIAG] t=255 done_sum=256/256 reward_mean=-0.5646 reward_min=-1.2021 reward_max=1.6361
  [ROLLOUT SUMMARY] total_dones=45312 expected_if_100step_eps≈512 reward_global_mean=-0.6006 reward_global_std=0.3980
  [DIAG] t=0 done_sum=0/256 reward_mean=-0.6604 reward_min=-1.0961 reward_max=1.4299
  [DIAG] t=1 done_sum=0/256 reward_mean=-0.6602 reward_min=-1.0966 reward_max=1.4313
  [DIAG] t=2 done_sum=0/256 reward_mean=-0.6600 reward_min=-1.0962 reward_max=1.4324
  [DIAG] t=255 done_sum=256/256 reward_mean=-0.4685 reward_min=-1.1712 reward_max=1.5767
  [ROLLOUT SUMMARY] total_dones=45312 expected_if_100step_eps≈512 reward_global_mean=-0.5411 reward_global_std=0.5263
  [DIAG] t=0 done_sum=0/256 reward_mean=-0.6716 reward_min=-1.0819 reward_max=-0.2830
  [DIAG] t=1 done_sum=0/256 reward_mean=-0.6715 reward_min=-1.0801 reward_max=-0.2818
  [DIAG] t=2 done_sum=0/256 reward_mean=-0.6713 reward_min=-1.0789 reward_max=-0.2813
  [DIAG] t=255 done_sum=256/256 reward_mean=-0.5731 reward_min=-1.1516 reward_max=1.6511
  [ROLLOUT SUMMARY] total_dones=45312 expected_if_100step_eps≈512 reward_global_mean=-0.5978 reward_global_std=0.4254
  [DIAG] t=0 done_sum=0/256 reward_mean=-0.6636 reward_min=-1.0388 reward_max=1.4774
  [DIAG] t=1 done_sum=0/256 reward_mean=-0.6635 reward_min=-1.0380 reward_max=1.4778
  [DIAG] t=2 done_sum=0/256 reward_mean=-0.6632 reward_min=-1.0376 reward_max=1.4789
  [DIAG] t=255 done_sum=256/256 reward_mean=-0.5705 reward_min=-1.2200 reward_max=1.6462
  [ROLLOUT SUMMARY] total_dones=45312 expected_if_100step_eps≈512 reward_global_mean=-0.5881 reward_global_std=0.4225
  [DIAG] t=0 done_sum=0/256 reward_mean=-0.6978 reward_min=-1.1357 reward_max=-0.4298
  [DIAG] t=1 done_sum=0/256 reward_mean=-0.6976 reward_min=-1.1361 reward_max=-0.4288
  [DIAG] t=2 done_sum=0/256 reward_mean=-0.6973 reward_min=-1.1365 reward_max=-0.4271
  [DIAG] t=255 done_sum=256/256 reward_mean=-0.6243 reward_min=-1.2289 reward_max=1.5504
  [ROLLOUT SUMMARY] total_dones=45312 expected_if_100step_eps≈512 reward_global_mean=-0.6418 reward_global_std=0.3228
  [DIAG] t=0 done_sum=0/256 reward_mean=-0.6633 reward_min=-1.1002 reward_max=1.5269
  [DIAG] t=1 done_sum=0/256 reward_mean=-0.6632 reward_min=-1.0998 reward_max=1.5265
  [DIAG] t=2 done_sum=0/256 reward_mean=-0.6630 reward_min=-1.0987 reward_max=1.5260
  [DIAG] t=255 done_sum=256/256 reward_mean=-0.5527 reward_min=-1.2076 reward_max=1.6231
  [ROLLOUT SUMMARY] total_dones=45312 expected_if_100step_eps≈512 reward_global_mean=-0.5773 reward_global_std=0.4622
  [DIAG] t=0 done_sum=0/256 reward_mean=-0.6860 reward_min=-1.1502 reward_max=1.2417
  [DIAG] t=1 done_sum=0/256 reward_mean=-0.6858 reward_min=-1.1507 reward_max=1.2422
  [DIAG] t=2 done_sum=0/256 reward_mean=-0.6855 reward_min=-1.1517 reward_max=1.2430
  [DIAG] t=255 done_sum=256/256 reward_mean=-0.5987 reward_min=-1.2444 reward_max=1.7464
  [ROLLOUT SUMMARY] total_dones=45312 expected_if_100step_eps≈512 reward_global_mean=-0.6147 reward_global_std=0.4145
  [DIAG] t=0 done_sum=0/256 reward_mean=-0.6558 reward_min=-1.0975 reward_max=1.3931
  [DIAG] t=1 done_sum=0/256 reward_mean=-0.6555 reward_min=-1.0986 reward_max=1.3945
  [DIAG] t=2 done_sum=0/256 reward_mean=-0.6552 reward_min=-1.0999 reward_max=1.3951
  [DIAG] t=255 done_sum=256/256 reward_mean=-0.5390 reward_min=-1.3438 reward_max=1.7057
  [ROLLOUT SUMMARY] total_dones=45312 expected_if_100step_eps≈512 reward_global_mean=-0.5650 reward_global_std=0.4551
[HetNet] iter=60/1500 steps=15360/384000 | pi_s=-0.0000 pi_i=0.0002 v=57.6817 ent_s=2.943 ent_i=2.956 ret=-0.817 ev_s_post=0.680 ev_i_post=0.696 r_s=1.000 r_i=1.000 std_s=0.05 std_i=0.06
  [DIAG] t=0 done_sum=0/256 reward_mean=-0.6827 reward_min=-1.1387 reward_max=-0.3634
  [DIAG] t=1 done_sum=0/256 reward_mean=-0.6824 reward_min=-1.1398 reward_max=-0.3631
  [DIAG] t=2 done_sum=0/256 reward_mean=-0.6819 reward_min=-1.1405 reward_max=-0.3619
  [DIAG] t=255 done_sum=256/256 reward_mean=-0.5574 reward_min=-1.2185 reward_max=1.7148
  [ROLLOUT SUMMARY] total_dones=45312 expected_if_100step_eps≈512 reward_global_mean=-0.5922 reward_global_std=0.4314
  [DIAG] t=0 done_sum=0/256 reward_mean=-0.6708 reward_min=-1.0224 reward_max=-0.3123
  [DIAG] t=1 done_sum=0/256 reward_mean=-0.6706 reward_min=-1.0206 reward_max=-0.3121
  [DIAG] t=2 done_sum=0/256 reward_mean=-0.6702 reward_min=-1.0182 reward_max=-0.3131
  [DIAG] t=255 done_sum=256/256 reward_mean=-0.5254 reward_min=-1.1385 reward_max=1.7633
  [ROLLOUT SUMMARY] total_dones=45312 expected_if_100step_eps≈512 reward_global_mean=-0.5627 reward_global_std=0.4707
  [DIAG] t=0 done_sum=0/256 reward_mean=-0.6747 reward_min=-1.0956 reward_max=-0.3000
  [DIAG] t=1 done_sum=0/256 reward_mean=-0.6744 reward_min=-1.0945 reward_max=-0.2993
  [DIAG] t=2 done_sum=0/256 reward_mean=-0.6741 reward_min=-1.0939 reward_max=-0.2986
  [DIAG] t=255 done_sum=256/256 reward_mean=-0.5623 reward_min=-1.0768 reward_max=1.7803
  [ROLLOUT SUMMARY] total_dones=45312 expected_if_100step_eps≈512 reward_global_mean=-0.5873 reward_global_std=0.4298
  [DIAG] t=0 done_sum=0/256 reward_mean=-0.6479 reward_min=-1.0899 reward_max=1.5679
  [DIAG] t=1 done_sum=0/256 reward_mean=-0.6477 reward_min=-1.0880 reward_max=1.5675
  [DIAG] t=2 done_sum=0/256 reward_mean=-0.6473 reward_min=-1.0857 reward_max=1.5667
  [DIAG] t=255 done_sum=256/256 reward_mean=-0.5283 reward_min=-1.1506 reward_max=1.6621
  [ROLLOUT SUMMARY] total_dones=45312 expected_if_100step_eps≈512 reward_global_mean=-0.5576 reward_global_std=0.4583
  [DIAG] t=0 done_sum=0/256 reward_mean=-0.6828 reward_min=-1.1299 reward_max=-0.3267
  [DIAG] t=1 done_sum=0/256 reward_mean=-0.6827 reward_min=-1.1303 reward_max=-0.3254
  [DIAG] t=2 done_sum=0/256 reward_mean=-0.6825 reward_min=-1.1298 reward_max=-0.3240
  [DIAG] t=255 done_sum=256/256 reward_mean=-0.6025 reward_min=-1.3565 reward_max=1.6669
  [ROLLOUT SUMMARY] total_dones=45312 expected_if_100step_eps≈512 reward_global_mean=-0.6166 reward_global_std=0.4104
  [DIAG] t=0 done_sum=0/256 reward_mean=-0.6859 reward_min=-1.0844 reward_max=-0.2770
  [DIAG] t=1 done_sum=0/256 reward_mean=-0.6858 reward_min=-1.0858 reward_max=-0.2773
  [DIAG] t=2 done_sum=0/256 reward_mean=-0.6856 reward_min=-1.0862 reward_max=-0.2782
  [DIAG] t=255 done_sum=256/256 reward_mean=-0.6393 reward_min=-1.2291 reward_max=1.7224
  [ROLLOUT SUMMARY] total_dones=45312 expected_if_100step_eps≈512 reward_global_mean=-0.6513 reward_global_std=0.3481
  [DIAG] t=0 done_sum=0/256 reward_mean=-0.6721 reward_min=-1.1313 reward_max=-0.2374
  [DIAG] t=1 done_sum=0/256 reward_mean=-0.6717 reward_min=-1.1320 reward_max=-0.2388
  [DIAG] t=2 done_sum=0/256 reward_mean=-0.6715 reward_min=-1.1331 reward_max=-0.2399
  [DIAG] t=255 done_sum=256/256 reward_mean=-0.6645 reward_min=-1.3108 reward_max=1.6139
  [ROLLOUT SUMMARY] total_dones=45312 expected_if_100step_eps≈512 reward_global_mean=-0.6566 reward_global_std=0.3101
  [DIAG] t=0 done_sum=0/256 reward_mean=-0.6834 reward_min=-1.0848 reward_max=-0.2574
  [DIAG] t=1 done_sum=0/256 reward_mean=-0.6833 reward_min=-1.0842 reward_max=-0.2568
  [DIAG] t=2 done_sum=0/256 reward_mean=-0.6831 reward_min=-1.0832 reward_max=-0.2552
  [DIAG] t=255 done_sum=256/256 reward_mean=-0.6348 reward_min=-1.1394 reward_max=1.6696
  [ROLLOUT SUMMARY] total_dones=45312 expected_if_100step_eps≈512 reward_global_mean=-0.6348 reward_global_std=0.3691
  [DIAG] t=0 done_sum=0/256 reward_mean=-0.6766 reward_min=-1.0955 reward_max=-0.2985
  [DIAG] t=1 done_sum=0/256 reward_mean=-0.6764 reward_min=-1.0961 reward_max=-0.2987
  [DIAG] t=2 done_sum=0/256 reward_mean=-0.6762 reward_min=-1.0973 reward_max=-0.2994
  [DIAG] t=255 done_sum=256/256 reward_mean=-0.6363 reward_min=-1.2497 reward_max=1.5746
  [ROLLOUT SUMMARY] total_dones=45312 expected_if_100step_eps≈512 reward_global_mean=-0.6360 reward_global_std=0.3673
  [DIAG] t=0 done_sum=0/256 reward_mean=-0.6721 reward_min=-1.0858 reward_max=-0.3523
  [DIAG] t=1 done_sum=0/256 reward_mean=-0.6719 reward_min=-1.0856 reward_max=-0.3515
  [DIAG] t=2 done_sum=0/256 reward_mean=-0.6717 reward_min=-1.0847 reward_max=-0.3499
  [DIAG] t=255 done_sum=256/256 reward_mean=-0.6072 reward_min=-1.1929 reward_max=1.6286
  [ROLLOUT SUMMARY] total_dones=45312 expected_if_100step_eps≈512 reward_global_mean=-0.6151 reward_global_std=0.3611
  [DIAG] t=0 done_sum=0/256 reward_mean=-0.6648 reward_min=-1.0447 reward_max=1.4917
  [DIAG] t=1 done_sum=0/256 reward_mean=-0.6646 reward_min=-1.0437 reward_max=1.4918
  [DIAG] t=2 done_sum=0/256 reward_mean=-0.6642 reward_min=-1.0433 reward_max=1.4919
  [DIAG] t=255 done_sum=256/256 reward_mean=-0.5670 reward_min=-1.1406 reward_max=1.7330
  [ROLLOUT SUMMARY] total_dones=45312 expected_if_100step_eps≈512 reward_global_mean=-0.5829 reward_global_std=0.4626
  [DIAG] t=0 done_sum=0/256 reward_mean=-0.6749 reward_min=-1.1268 reward_max=-0.3284
  [DIAG] t=1 done_sum=0/256 reward_mean=-0.6748 reward_min=-1.1275 reward_max=-0.3270
  [DIAG] t=2 done_sum=0/256 reward_mean=-0.6747 reward_min=-1.1288 reward_max=-0.3261
  [DIAG] t=255 done_sum=256/256 reward_mean=-0.6348 reward_min=-1.3282 reward_max=1.4981
  [ROLLOUT SUMMARY] total_dones=45312 expected_if_100step_eps≈512 reward_global_mean=-0.6434 reward_global_std=0.3195
  [DIAG] t=0 done_sum=0/256 reward_mean=-0.6747 reward_min=-1.1542 reward_max=1.3222
  [DIAG] t=1 done_sum=0/256 reward_mean=-0.6746 reward_min=-1.1547 reward_max=1.3219
  [DIAG] t=2 done_sum=0/256 reward_mean=-0.6744 reward_min=-1.1555 reward_max=1.3213
  [DIAG] t=255 done_sum=256/256 reward_mean=-0.6104 reward_min=-1.3541 reward_max=1.5584
  [ROLLOUT SUMMARY] total_dones=45312 expected_if_100step_eps≈512 reward_global_mean=-0.6233 reward_global_std=0.4148
  [DIAG] t=0 done_sum=0/256 reward_mean=-0.6692 reward_min=-1.0295 reward_max=1.4950
  [DIAG] t=1 done_sum=0/256 reward_mean=-0.6689 reward_min=-1.0300 reward_max=1.4961
  [DIAG] t=2 done_sum=0/256 reward_mean=-0.6686 reward_min=-1.0304 reward_max=1.4978
