=============================
Job ID:       567241
Array Task:   3
Node:         evc5
GPU:          0
Start time:   Tue Mar 17 00:45:09 EDT 2026
=============================
Running: GNN K=2 r_comm=2.0
Device: cuda
GPU: Tesla V100-PCIE-16GB

=== GNN | K=2, r_comm=2.0 | device=cuda ===
[K2_r2.0] iter=1/2000 steps=256 | pi=-0.0015 v=7.4025 ent=2.8278 ret=-4.849 exp_var=0.217
[K2_r2.0] iter=20/2000 steps=5120 | pi=-0.0026 v=17.4814 ent=2.8156 ret=-4.029 exp_var=0.605
[K2_r2.0] iter=40/2000 steps=10240 | pi=-0.0031 v=13.5135 ent=2.7765 ret=-4.210 exp_var=0.554
[K2_r2.0] iter=60/2000 steps=15360 | pi=-0.0026 v=7.3649 ent=2.7638 ret=-3.865 exp_var=0.525
[K2_r2.0] iter=80/2000 steps=20480 | pi=-0.0027 v=3.3842 ent=2.7627 ret=-3.570 exp_var=0.643
[K2_r2.0] iter=100/2000 steps=25600 | pi=-0.0016 v=3.0102 ent=2.6968 ret=-2.848 exp_var=0.684
[K2_r2.0] iter=120/2000 steps=30720 | pi=-0.0016 v=0.9616 ent=2.6972 ret=-2.451 exp_var=0.851
[K2_r2.0] iter=140/2000 steps=35840 | pi=-0.0028 v=0.0176 ent=2.7988 ret=-2.811 exp_var=0.996
[K2_r2.0] iter=160/2000 steps=40960 | pi=0.0006 v=0.0061 ent=2.8690 ret=-2.955 exp_var=0.999
[K2_r2.0] iter=180/2000 steps=46080 | pi=0.0006 v=0.0047 ent=2.9825 ret=-2.979 exp_var=0.999
[K2_r2.0] iter=200/2000 steps=51200 | pi=-0.0033 v=0.0100 ent=2.9142 ret=-2.678 exp_var=0.998
[K2_r2.0] iter=220/2000 steps=56320 | pi=-0.0044 v=0.0148 ent=2.6612 ret=-2.125 exp_var=0.997
[K2_r2.0] iter=240/2000 steps=61440 | pi=-0.0042 v=0.0113 ent=2.4655 ret=-2.385 exp_var=0.998
[K2_r2.0] iter=260/2000 steps=66560 | pi=-0.0040 v=0.0049 ent=2.3892 ret=-2.905 exp_var=0.999
[K2_r2.0] iter=280/2000 steps=71680 | pi=0.0005 v=0.0011 ent=2.6399 ret=-3.308 exp_var=1.000
[K2_r2.0] iter=300/2000 steps=76800 | pi=-0.0011 v=0.0009 ent=2.7814 ret=-3.357 exp_var=1.000
[K2_r2.0] iter=320/2000 steps=81920 | pi=-0.0034 v=0.0013 ent=2.8813 ret=-3.470 exp_var=1.000
[K2_r2.0] iter=340/2000 steps=87040 | pi=-0.0032 v=0.0022 ent=2.8617 ret=-3.690 exp_var=0.999
[K2_r2.0] iter=360/2000 steps=92160 | pi=-0.0027 v=0.0011 ent=2.9086 ret=-3.696 exp_var=1.000
[K2_r2.0] iter=380/2000 steps=97280 | pi=-0.0037 v=0.0027 ent=2.7478 ret=-3.430 exp_var=0.999
[K2_r2.0] iter=400/2000 steps=102400 | pi=-0.0017 v=0.0014 ent=2.7771 ret=-3.380 exp_var=1.000
[K2_r2.0] iter=420/2000 steps=107520 | pi=-0.0042 v=0.0051 ent=2.5970 ret=-3.105 exp_var=0.999
[K2_r2.0] iter=440/2000 steps=112640 | pi=-0.0053 v=0.0027 ent=2.4507 ret=-3.133 exp_var=0.999
[K2_r2.0] iter=460/2000 steps=117760 | pi=-0.0043 v=0.0011 ent=2.4693 ret=-3.242 exp_var=1.000
[K2_r2.0] iter=480/2000 steps=122880 | pi=-0.0010 v=0.0004 ent=3.0575 ret=-3.375 exp_var=1.000
[K2_r2.0] iter=500/2000 steps=128000 | pi=-0.0044 v=0.0016 ent=2.9849 ret=-3.079 exp_var=1.000
[K2_r2.0] iter=520/2000 steps=133120 | pi=-0.0029 v=0.0019 ent=2.8593 ret=-3.067 exp_var=1.000
[K2_r2.0] iter=540/2000 steps=138240 | pi=-0.0047 v=0.0017 ent=2.8025 ret=-2.934 exp_var=1.000
[K2_r2.0] iter=560/2000 steps=143360 | pi=-0.0035 v=0.0021 ent=2.6517 ret=-2.926 exp_var=0.999
[K2_r2.0] iter=580/2000 steps=148480 | pi=-0.0045 v=0.0042 ent=2.4195 ret=-2.867 exp_var=0.999
[K2_r2.0] iter=600/2000 steps=153600 | pi=-0.0035 v=0.0030 ent=2.4390 ret=-2.859 exp_var=0.999
[K2_r2.0] iter=620/2000 steps=158720 | pi=-0.0025 v=0.0135 ent=2.3085 ret=-2.288 exp_var=0.997
[K2_r2.0] iter=640/2000 steps=163840 | pi=-0.0045 v=0.0045 ent=2.1966 ret=-2.723 exp_var=0.999
[K2_r2.0] iter=660/2000 steps=168960 | pi=-0.0039 v=0.0031 ent=2.2558 ret=-2.887 exp_var=0.999
[K2_r2.0] iter=680/2000 steps=174080 | pi=-0.0018 v=0.0034 ent=2.6288 ret=-3.050 exp_var=0.999
[K2_r2.0] iter=700/2000 steps=179200 | pi=-0.0027 v=0.0039 ent=2.9006 ret=-3.069 exp_var=0.999
[K2_r2.0] iter=720/2000 steps=184320 | pi=-0.0040 v=0.0037 ent=2.6332 ret=-2.991 exp_var=0.999
[K2_r2.0] iter=740/2000 steps=189440 | pi=-0.0039 v=0.0024 ent=2.5059 ret=-3.053 exp_var=0.999
[K2_r2.0] iter=760/2000 steps=194560 | pi=-0.0009 v=0.0024 ent=2.5879 ret=-3.061 exp_var=0.999
[K2_r2.0] iter=780/2000 steps=199680 | pi=-0.0024 v=0.0008 ent=2.7972 ret=-3.141 exp_var=1.000
[K2_r2.0] iter=800/2000 steps=204800 | pi=-0.0011 v=0.0012 ent=2.9672 ret=-3.214 exp_var=1.000
[K2_r2.0] iter=820/2000 steps=209920 | pi=0.0010 v=0.0010 ent=2.8806 ret=-3.180 exp_var=1.000
[K2_r2.0] iter=840/2000 steps=215040 | pi=-0.0008 v=0.0003 ent=3.1313 ret=-3.091 exp_var=1.000
[K2_r2.0] iter=860/2000 steps=220160 | pi=0.0017 v=0.0014 ent=3.2058 ret=-3.013 exp_var=1.000
[K2_r2.0] iter=880/2000 steps=225280 | pi=-0.0037 v=0.0027 ent=2.7664 ret=-2.975 exp_var=0.999
[K2_r2.0] iter=900/2000 steps=230400 | pi=-0.0023 v=0.0005 ent=2.8032 ret=-2.978 exp_var=1.000
[K2_r2.0] iter=920/2000 steps=235520 | pi=-0.0012 v=0.0002 ent=3.1463 ret=-2.980 exp_var=1.000
[K2_r2.0] iter=940/2000 steps=240640 | pi=-0.0021 v=0.0011 ent=2.8600 ret=-3.022 exp_var=1.000
[K2_r2.0] iter=960/2000 steps=245760 | pi=0.0015 v=0.0004 ent=3.1027 ret=-3.016 exp_var=1.000
[K2_r2.0] iter=980/2000 steps=250880 | pi=-0.0021 v=0.0005 ent=2.9820 ret=-2.980 exp_var=1.000
[K2_r2.0] iter=1000/2000 steps=256000 | pi=-0.0030 v=0.0029 ent=2.6618 ret=-2.949 exp_var=0.999
[K2_r2.0] iter=1020/2000 steps=261120 | pi=-0.0025 v=0.0013 ent=2.6470 ret=-2.968 exp_var=1.000
[K2_r2.0] iter=1040/2000 steps=266240 | pi=-0.0013 v=0.0007 ent=2.7697 ret=-2.962 exp_var=1.000
[K2_r2.0] iter=1060/2000 steps=271360 | pi=0.0002 v=0.0030 ent=2.5198 ret=-2.935 exp_var=0.999
[K2_r2.0] iter=1080/2000 steps=276480 | pi=-0.0012 v=0.0100 ent=2.2109 ret=-2.804 exp_var=0.998
[K2_r2.0] iter=1100/2000 steps=281600 | pi=0.0108 v=0.0112 ent=1.9247 ret=-2.829 exp_var=0.997
[K2_r2.0] iter=1120/2000 steps=286720 | pi=-0.0005 v=0.0069 ent=1.7359 ret=-2.905 exp_var=0.998
[K2_r2.0] iter=1140/2000 steps=291840 | pi=-0.0020 v=0.0048 ent=1.6659 ret=-2.932 exp_var=0.999
[K2_r2.0] iter=1160/2000 steps=296960 | pi=-0.0007 v=0.0104 ent=1.5522 ret=-2.878 exp_var=0.997
[K2_r2.0] iter=1180/2000 steps=302080 | pi=-0.0015 v=0.0064 ent=1.4321 ret=-2.927 exp_var=0.998
[K2_r2.0] iter=1200/2000 steps=307200 | pi=-0.0014 v=0.0016 ent=1.6997 ret=-2.980 exp_var=1.000
[K2_r2.0] iter=1220/2000 steps=312320 | pi=-0.0024 v=0.0018 ent=2.0286 ret=-2.987 exp_var=1.000
[K2_r2.0] iter=1240/2000 steps=317440 | pi=-0.0014 v=0.0021 ent=2.1972 ret=-2.991 exp_var=0.999
[K2_r2.0] iter=1260/2000 steps=322560 | pi=-0.0009 v=0.0010 ent=2.1067 ret=-3.030 exp_var=1.000
[K2_r2.0] iter=1280/2000 steps=327680 | pi=-0.0012 v=0.0023 ent=2.2316 ret=-3.062 exp_var=0.999
[K2_r2.0] iter=1300/2000 steps=332800 | pi=-0.0023 v=0.0017 ent=2.2377 ret=-3.036 exp_var=1.000
[K2_r2.0] iter=1320/2000 steps=337920 | pi=-0.0025 v=0.0026 ent=2.0675 ret=-2.979 exp_var=0.999
[K2_r2.0] iter=1340/2000 steps=343040 | pi=-0.0014 v=0.0036 ent=1.7740 ret=-2.947 exp_var=0.999
[K2_r2.0] iter=1360/2000 steps=348160 | pi=-0.0012 v=0.0045 ent=1.4806 ret=-2.956 exp_var=0.999
[K2_r2.0] iter=1380/2000 steps=353280 | pi=-0.0027 v=0.0042 ent=1.2420 ret=-2.904 exp_var=0.999
[K2_r2.0] iter=1400/2000 steps=358400 | pi=-0.0025 v=0.0034 ent=1.0349 ret=-2.889 exp_var=0.999
[K2_r2.0] iter=1420/2000 steps=363520 | pi=-0.0006 v=0.0013 ent=1.0378 ret=-2.989 exp_var=1.000
[K2_r2.0] iter=1440/2000 steps=368640 | pi=-0.0015 v=0.0022 ent=1.3174 ret=-2.955 exp_var=0.999
[K2_r2.0] iter=1460/2000 steps=373760 | pi=-0.0007 v=0.0019 ent=1.1314 ret=-2.959 exp_var=1.000
[K2_r2.0] iter=1480/2000 steps=378880 | pi=-0.0010 v=0.0015 ent=1.0128 ret=-2.956 exp_var=1.000
[K2_r2.0] iter=1500/2000 steps=384000 | pi=-0.0004 v=0.0022 ent=0.9548 ret=-2.959 exp_var=0.999
[K2_r2.0] iter=1520/2000 steps=389120 | pi=0.0121 v=0.0047 ent=0.6785 ret=-2.862 exp_var=0.999
[K2_r2.0] iter=1540/2000 steps=394240 | pi=0.0002 v=0.0028 ent=0.4581 ret=-2.946 exp_var=0.999
[K2_r2.0] iter=1560/2000 steps=399360 | pi=0.0014 v=0.0045 ent=0.5281 ret=-2.925 exp_var=0.999
[K2_r2.0] iter=1580/2000 steps=404480 | pi=0.0055 v=0.0085 ent=0.3175 ret=-2.754 exp_var=0.998
[K2_r2.0] iter=1600/2000 steps=409600 | pi=0.0015 v=0.0038 ent=0.1562 ret=-2.910 exp_var=0.999
[K2_r2.0] iter=1620/2000 steps=414720 | pi=0.0011 v=0.0021 ent=0.1930 ret=-2.971 exp_var=0.999
[K2_r2.0] iter=1640/2000 steps=419840 | pi=0.0008 v=0.0028 ent=0.2289 ret=-2.973 exp_var=0.999
[K2_r2.0] iter=1660/2000 steps=424960 | pi=0.0007 v=0.0025 ent=0.1102 ret=-2.993 exp_var=0.999
[K2_r2.0] iter=1680/2000 steps=430080 | pi=0.0002 v=0.0021 ent=0.0725 ret=-2.986 exp_var=0.999
[K2_r2.0] iter=1700/2000 steps=435200 | pi=0.0020 v=0.0045 ent=-0.0646 ret=-2.910 exp_var=0.999
[K2_r2.0] iter=1720/2000 steps=440320 | pi=0.0024 v=0.0021 ent=-0.1159 ret=-3.050 exp_var=0.999
[K2_r2.0] iter=1740/2000 steps=445440 | pi=0.0010 v=0.0025 ent=-0.1408 ret=-3.047 exp_var=0.999
[K2_r2.0] iter=1760/2000 steps=450560 | pi=-0.0001 v=0.0028 ent=-0.2122 ret=-2.989 exp_var=0.999
[K2_r2.0] iter=1780/2000 steps=455680 | pi=0.0016 v=0.0016 ent=-0.1983 ret=-3.021 exp_var=1.000
[K2_r2.0] iter=1800/2000 steps=460800 | pi=0.0008 v=0.0019 ent=-0.2236 ret=-3.027 exp_var=1.000
[K2_r2.0] iter=1820/2000 steps=465920 | pi=0.0000 v=0.0011 ent=-0.1611 ret=-3.089 exp_var=1.000
[K2_r2.0] iter=1840/2000 steps=471040 | pi=-0.0008 v=0.0010 ent=-0.1473 ret=-3.118 exp_var=1.000
[K2_r2.0] iter=1860/2000 steps=476160 | pi=0.0016 v=0.0005 ent=-0.0077 ret=-3.110 exp_var=1.000
[K2_r2.0] iter=1880/2000 steps=481280 | pi=0.0050 v=0.0002 ent=0.2066 ret=-3.105 exp_var=1.000
[K2_r2.0] iter=1900/2000 steps=486400 | pi=-0.0004 v=0.0002 ent=0.3212 ret=-3.123 exp_var=1.000
[K2_r2.0] iter=1920/2000 steps=491520 | pi=0.0006 v=0.0006 ent=0.2352 ret=-3.163 exp_var=1.000
[K2_r2.0] iter=1940/2000 steps=496640 | pi=-0.0024 v=0.0021 ent=0.0532 ret=-3.146 exp_var=0.999
[K2_r2.0] iter=1960/2000 steps=501760 | pi=0.0059 v=0.0012 ent=-0.0987 ret=-3.176 exp_var=1.000
[K2_r2.0] iter=1980/2000 steps=506880 | pi=-0.0013 v=0.0009 ent=-0.1036 ret=-3.197 exp_var=1.000
[K2_r2.0] iter=2000/2000 steps=512000 | pi=0.0015 v=0.0003 ent=0.0961 ret=-3.176 exp_var=1.000
Saved plot: /home/ak565492/gnn_experiments/outputs/cluster_results/gnn_K2_r2.0.png

[K2_r2.0] Final return: -3.176
=============================
End time: Tue Mar 17 09:05:56 EDT 2026
=============================
