=============================
Job ID:       585259
Array Task:   3
Node:         evc20
GPU:          0
Start time:   Wed Apr 15 18:45:50 EDT 2026
=============================
Running: PP GNN K=2 r=2.0
Using device: cuda
GPU: Tesla V100-PCIE-32GB
Env: PP | 2S + 1I | world=5.0 | max_steps=80

=== GNN-MAPPO | K=2, r_comm=2.0 (PP) | device=cuda ===
[GNN K2_r2.0] iter=1 steps=256/384000 | pi=-0.0002 v=47.6349 ent=2.8551 ret=-1.878 exp_var=0.007
[GNN K2_r2.0] iter=20 steps=5120/384000 | pi=-0.0056 v=33.9329 ent=2.8640 ret=11.344 exp_var=0.236
[GNN K2_r2.0] iter=40 steps=10240/384000 | pi=-0.0009 v=0.0004 ent=2.9119 ret=14.743 exp_var=-21.683
[GNN K2_r2.0] iter=60 steps=15360/384000 | pi=-0.0006 v=0.0002 ent=3.2626 ret=14.755 exp_var=-11.610
[GNN K2_r2.0] iter=80 steps=20480/384000 | pi=-0.0002 v=0.0004 ent=3.7976 ret=14.710 exp_var=-10.037
[GNN K2_r2.0] iter=100 steps=25600/384000 | pi=-0.0004 v=0.0005 ent=3.8375 ret=14.657 exp_var=-9.979
[GNN K2_r2.0] iter=120 steps=30720/384000 | pi=-0.0009 v=0.0002 ent=3.8377 ret=14.746 exp_var=-19.465
[GNN K2_r2.0] iter=140 steps=35840/384000 | pi=-0.0008 v=0.0002 ent=3.8377 ret=14.738 exp_var=-17.519
[GNN K2_r2.0] iter=160 steps=40960/384000 | pi=-0.0002 v=0.0002 ent=3.8376 ret=14.740 exp_var=-15.026
[GNN K2_r2.0] iter=180 steps=46080/384000 | pi=-0.0002 v=0.0002 ent=3.8378 ret=14.712 exp_var=-21.054
[GNN K2_r2.0] iter=200 steps=51200/384000 | pi=-0.0009 v=0.0001 ent=3.8379 ret=14.778 exp_var=-19.305
[GNN K2_r2.0] iter=220 steps=56320/384000 | pi=-0.0006 v=0.0003 ent=3.8377 ret=14.727 exp_var=-36.236
[GNN K2_r2.0] iter=240 steps=61440/384000 | pi=-0.0004 v=0.0002 ent=3.8377 ret=14.704 exp_var=-19.256
[GNN K2_r2.0] iter=260 steps=66560/384000 | pi=-0.0007 v=0.0002 ent=3.8378 ret=14.753 exp_var=-29.716
[GNN K2_r2.0] iter=280 steps=71680/384000 | pi=-0.0003 v=0.0001 ent=3.8378 ret=14.743 exp_var=-23.630
[GNN K2_r2.0] iter=300 steps=76800/384000 | pi=0.0001 v=0.0003 ent=3.8378 ret=14.668 exp_var=-18.280
[GNN K2_r2.0] iter=320 steps=81920/384000 | pi=-0.0008 v=0.0001 ent=3.8378 ret=14.767 exp_var=-17.387
[GNN K2_r2.0] iter=340 steps=87040/384000 | pi=-0.0005 v=0.0001 ent=3.8379 ret=14.764 exp_var=-28.591
[GNN K2_r2.0] iter=360 steps=92160/384000 | pi=-0.0000 v=0.0001 ent=3.8378 ret=14.783 exp_var=-19.209
[GNN K2_r2.0] iter=380 steps=97280/384000 | pi=-0.0003 v=0.0002 ent=3.8377 ret=14.717 exp_var=-20.715
[GNN K2_r2.0] iter=400 steps=102400/384000 | pi=-0.0009 v=0.0001 ent=3.8379 ret=14.778 exp_var=-19.537
[GNN K2_r2.0] iter=420 steps=107520/384000 | pi=-0.0006 v=0.0002 ent=3.8378 ret=14.695 exp_var=-14.655
[GNN K2_r2.0] iter=440 steps=112640/384000 | pi=-0.0006 v=0.0001 ent=3.8379 ret=14.763 exp_var=-20.613
[GNN K2_r2.0] iter=460 steps=117760/384000 | pi=-0.0006 v=0.0002 ent=3.8379 ret=14.741 exp_var=-15.462
[GNN K2_r2.0] iter=480 steps=122880/384000 | pi=-0.0008 v=0.0001 ent=3.8378 ret=14.785 exp_var=-18.571
[GNN K2_r2.0] iter=500 steps=128000/384000 | pi=-0.0083 v=1.7088 ent=3.8379 ret=14.419 exp_var=-1.587
[GNN K2_r2.0] iter=520 steps=133120/384000 | pi=-0.0077 v=0.5943 ent=3.8378 ret=14.413 exp_var=-18.203
[GNN K2_r2.0] iter=540 steps=138240/384000 | pi=-0.0117 v=0.2792 ent=3.8379 ret=14.457 exp_var=-85.534
[GNN K2_r2.0] iter=560 steps=143360/384000 | pi=-0.0184 v=0.3362 ent=3.8379 ret=14.334 exp_var=-0.942
[GNN K2_r2.0] iter=580 steps=148480/384000 | pi=-0.0150 v=0.1635 ent=3.8379 ret=13.941 exp_var=0.984
[GNN K2_r2.0] iter=600 steps=153600/384000 | pi=-0.0092 v=0.0742 ent=3.8379 ret=14.350 exp_var=-1.387
[GNN K2_r2.0] iter=620 steps=158720/384000 | pi=-0.0035 v=0.0521 ent=3.8379 ret=14.168 exp_var=-5.969
[GNN K2_r2.0] iter=640 steps=163840/384000 | pi=-0.0010 v=0.0219 ent=3.8379 ret=14.248 exp_var=0.991
[GNN K2_r2.0] iter=660 steps=168960/384000 | pi=0.0161 v=0.0154 ent=3.8379 ret=14.156 exp_var=1.000
[GNN K2_r2.0] iter=680 steps=174080/384000 | pi=-0.0119 v=0.9877 ent=3.8379 ret=14.197 exp_var=0.936
[GNN K2_r2.0] iter=700 steps=179200/384000 | pi=-0.0011 v=0.2082 ent=3.8378 ret=14.076 exp_var=0.996
[GNN K2_r2.0] iter=720 steps=184320/384000 | pi=-0.0012 v=0.4861 ent=3.8378 ret=14.215 exp_var=0.995
[GNN K2_r2.0] iter=740 steps=189440/384000 | pi=0.0053 v=0.0470 ent=3.8379 ret=14.055 exp_var=0.997
[GNN K2_r2.0] iter=760 steps=194560/384000 | pi=0.0032 v=0.1788 ent=3.8378 ret=14.123 exp_var=0.998
[GNN K2_r2.0] iter=780 steps=199680/384000 | pi=-0.0000 v=1.2486 ent=3.8371 ret=13.970 exp_var=0.964
[GNN K2_r2.0] iter=800 steps=204800/384000 | pi=0.0024 v=0.4624 ent=3.8378 ret=14.129 exp_var=0.995
[GNN K2_r2.0] iter=820 steps=209920/384000 | pi=0.0036 v=0.0861 ent=3.8379 ret=14.212 exp_var=0.999
[GNN K2_r2.0] iter=840 steps=215040/384000 | pi=0.0095 v=1.1542 ent=3.8379 ret=14.166 exp_var=0.992
[GNN K2_r2.0] iter=860 steps=220160/384000 | pi=0.0701 v=0.8443 ent=3.8379 ret=14.188 exp_var=-9.486
[GNN K2_r2.0] iter=880 steps=225280/384000 | pi=0.0236 v=0.1335 ent=3.8379 ret=14.185 exp_var=0.999
[GNN K2_r2.0] iter=900 steps=230400/384000 | pi=-0.0245 v=0.0455 ent=3.8379 ret=14.114 exp_var=1.000
[GNN K2_r2.0] iter=920 steps=235520/384000 | pi=-0.0246 v=0.0081 ent=3.8379 ret=13.914 exp_var=1.000
[GNN K2_r2.0] iter=940 steps=240640/384000 | pi=-0.0338 v=0.0183 ent=3.8379 ret=13.751 exp_var=1.000
[GNN K2_r2.0] iter=960 steps=245760/384000 | pi=-0.0251 v=0.0027 ent=3.8379 ret=13.784 exp_var=1.000
[GNN K2_r2.0] iter=980 steps=250880/384000 | pi=0.0601 v=0.0014 ent=3.8379 ret=13.741 exp_var=1.000
[GNN K2_r2.0] iter=1000 steps=256000/384000 | pi=0.0092 v=0.4933 ent=3.8379 ret=13.321 exp_var=0.999
[GNN K2_r2.0] iter=1020 steps=261120/384000 | pi=0.0301 v=0.1261 ent=3.8379 ret=13.108 exp_var=1.000
[GNN K2_r2.0] iter=1040 steps=266240/384000 | pi=0.0217 v=0.0386 ent=3.8379 ret=13.045 exp_var=1.000
[GNN K2_r2.0] iter=1060 steps=271360/384000 | pi=0.0344 v=0.0183 ent=3.8379 ret=13.069 exp_var=1.000
[GNN K2_r2.0] iter=1080 steps=276480/384000 | pi=0.0578 v=0.0099 ent=3.8379 ret=13.094 exp_var=1.000
[GNN K2_r2.0] iter=1100 steps=281600/384000 | pi=0.1002 v=0.0052 ent=3.8379 ret=13.118 exp_var=1.000
[GNN K2_r2.0] iter=1120 steps=286720/384000 | pi=0.0545 v=0.0049 ent=3.8379 ret=13.120 exp_var=1.000
[GNN K2_r2.0] iter=1140 steps=291840/384000 | pi=0.0773 v=0.0049 ent=3.8379 ret=13.117 exp_var=1.000
[GNN K2_r2.0] iter=1160 steps=296960/384000 | pi=0.1036 v=0.0048 ent=3.8379 ret=13.094 exp_var=1.000
[GNN K2_r2.0] iter=1180 steps=302080/384000 | pi=0.0917 v=0.0047 ent=3.8379 ret=13.111 exp_var=1.000
[GNN K2_r2.0] iter=1200 steps=307200/384000 | pi=0.0851 v=0.0047 ent=3.8379 ret=13.103 exp_var=1.000
[GNN K2_r2.0] iter=1220 steps=312320/384000 | pi=0.0162 v=0.0046 ent=3.8379 ret=13.110 exp_var=1.000
[GNN K2_r2.0] iter=1240 steps=317440/384000 | pi=0.0140 v=0.0048 ent=3.8379 ret=13.100 exp_var=1.000
[GNN K2_r2.0] iter=1260 steps=322560/384000 | pi=0.0138 v=0.0046 ent=3.8379 ret=13.127 exp_var=1.000
[GNN K2_r2.0] iter=1280 steps=327680/384000 | pi=0.0120 v=0.0044 ent=3.8379 ret=13.145 exp_var=1.000
[GNN K2_r2.0] iter=1300 steps=332800/384000 | pi=0.0103 v=0.0047 ent=3.8379 ret=13.119 exp_var=1.000
[GNN K2_r2.0] iter=1320 steps=337920/384000 | pi=0.0097 v=0.0044 ent=3.8379 ret=13.153 exp_var=1.000
[GNN K2_r2.0] iter=1340 steps=343040/384000 | pi=0.0082 v=0.0044 ent=3.8379 ret=13.138 exp_var=1.000
[GNN K2_r2.0] iter=1360 steps=348160/384000 | pi=0.0075 v=0.0044 ent=3.8378 ret=13.143 exp_var=1.000
[GNN K2_r2.0] iter=1380 steps=353280/384000 | pi=0.0057 v=0.0044 ent=3.8379 ret=13.136 exp_var=1.000
[GNN K2_r2.0] iter=1400 steps=358400/384000 | pi=0.0049 v=0.0043 ent=3.8379 ret=13.145 exp_var=1.000
[GNN K2_r2.0] iter=1420 steps=363520/384000 | pi=0.0037 v=0.0043 ent=3.8379 ret=13.138 exp_var=1.000
[GNN K2_r2.0] iter=1440 steps=368640/384000 | pi=0.0037 v=0.0043 ent=3.8379 ret=13.142 exp_var=1.000
[GNN K2_r2.0] iter=1460 steps=373760/384000 | pi=0.0035 v=0.0043 ent=3.8379 ret=13.136 exp_var=1.000
[GNN K2_r2.0] iter=1480 steps=378880/384000 | pi=0.0039 v=0.0043 ent=3.8379 ret=13.141 exp_var=1.000
[GNN K2_r2.0] iter=1500 steps=384000/384000 | pi=0.0037 v=0.0043 ent=3.8379 ret=13.121 exp_var=1.000
Saved plot: /home/ak565492/gnn_experiments/outputs/hetnet_envs/pp_gnn_K2_r2.0.png
Saved checkpoint: /home/ak565492/gnn_experiments/outputs/hetnet_envs/pp_gnn_K2_r2.0_final.pt

[GNN K2_r2.0] Final return: 13.121
=============================
End time: Wed Apr 15 22:10:55 EDT 2026
=============================
