=============================
Job ID:       567179
Array Task:   8
Node:         evc10
GPU:          0
Start time:   Mon Mar 16 21:39:42 EDT 2026
=============================
Running: GNN K=5 r_comm=1.5
Device: cuda
GPU: Tesla V100-PCIE-16GB

=== GNN | K=5, r_comm=1.5 | device=cuda ===
[K5_r1.5] iter=1/2000 steps=256 | pi=-0.0012 v=0.4395 ent=2.8254 ret=0.000 exp_var=0.936
[K5_r1.5] iter=20/2000 steps=5120 | pi=-0.0030 v=36.8672 ent=2.8353 ret=0.000 exp_var=0.844
[K5_r1.5] iter=40/2000 steps=10240 | pi=-0.0002 v=19.0718 ent=2.8171 ret=0.000 exp_var=0.880
[K5_r1.5] iter=60/2000 steps=15360 | pi=-0.0016 v=12.5104 ent=2.8529 ret=0.000 exp_var=0.883
[K5_r1.5] iter=80/2000 steps=20480 | pi=-0.0044 v=4.4358 ent=2.8062 ret=0.000 exp_var=0.839
[K5_r1.5] iter=100/2000 steps=25600 | pi=-0.0030 v=2.1686 ent=2.8224 ret=0.000 exp_var=0.905
[K5_r1.5] iter=120/2000 steps=30720 | pi=-0.0031 v=3.8720 ent=2.7961 ret=0.000 exp_var=0.908
[K5_r1.5] iter=140/2000 steps=35840 | pi=-0.0029 v=2.4454 ent=2.7635 ret=0.000 exp_var=0.926
[K5_r1.5] iter=160/2000 steps=40960 | pi=-0.0026 v=1.8154 ent=2.7794 ret=0.000 exp_var=0.959
