=============================
Job ID:       585258
Array Task:   2
Node:         evc10
GPU:          0
Start time:   Wed Apr 15 18:45:50 EDT 2026
=============================
Running: PP GNN K=3 r=1.5
Using device: cuda
GPU: Tesla V100-PCIE-16GB
Env: PP | 2S + 1I | world=5.0 | max_steps=80

=== GNN-MAPPO | K=3, r_comm=1.5 (PP) | device=cuda ===
[GNN K3_r1.5] iter=1 steps=256/384000 | pi=-0.0007 v=43.8828 ent=2.8485 ret=-1.887 exp_var=0.025
[GNN K3_r1.5] iter=20 steps=5120/384000 | pi=-0.0009 v=15.6677 ent=3.1857 ret=-0.631 exp_var=0.612
[GNN K3_r1.5] iter=40 steps=10240/384000 | pi=-0.0009 v=100.5050 ent=3.1465 ret=13.015 exp_var=-0.507
[GNN K3_r1.5] iter=60 steps=15360/384000 | pi=-0.0004 v=2.8642 ent=3.2549 ret=13.580 exp_var=-30.389
[GNN K3_r1.5] iter=80 steps=20480/384000 | pi=-0.0011 v=0.0014 ent=3.4086 ret=14.580 exp_var=-20.615
[GNN K3_r1.5] iter=100 steps=25600/384000 | pi=-0.0008 v=0.0007 ent=3.6654 ret=14.634 exp_var=-5.800
[GNN K3_r1.5] iter=120 steps=30720/384000 | pi=-0.0014 v=0.0004 ent=3.8239 ret=14.734 exp_var=-27.562
[GNN K3_r1.5] iter=140 steps=35840/384000 | pi=-0.0008 v=0.0006 ent=3.8377 ret=14.668 exp_var=-15.501
[GNN K3_r1.5] iter=160 steps=40960/384000 | pi=-0.0005 v=0.0003 ent=3.8376 ret=14.746 exp_var=-22.603
[GNN K3_r1.5] iter=180 steps=46080/384000 | pi=-0.0003 v=0.0005 ent=3.8376 ret=14.648 exp_var=-7.000
[GNN K3_r1.5] iter=200 steps=51200/384000 | pi=-0.0004 v=0.0006 ent=3.8376 ret=14.594 exp_var=-2.261
[GNN K3_r1.5] iter=220 steps=56320/384000 | pi=-0.0011 v=0.0007 ent=3.8378 ret=14.570 exp_var=-3.633
[GNN K3_r1.5] iter=240 steps=61440/384000 | pi=-0.0001 v=0.0008 ent=3.8377 ret=14.467 exp_var=0.101
[GNN K3_r1.5] iter=260 steps=66560/384000 | pi=-0.0005 v=0.0002 ent=3.8377 ret=14.734 exp_var=-25.012
[GNN K3_r1.5] iter=280 steps=71680/384000 | pi=-0.0008 v=0.0004 ent=3.8378 ret=14.636 exp_var=-12.233
[GNN K3_r1.5] iter=300 steps=76800/384000 | pi=-0.0008 v=0.0003 ent=3.8377 ret=14.683 exp_var=-19.115
[GNN K3_r1.5] iter=320 steps=81920/384000 | pi=-0.0008 v=0.0003 ent=3.8376 ret=14.684 exp_var=-18.971
[GNN K3_r1.5] iter=340 steps=87040/384000 | pi=-0.0092 v=0.3024 ent=3.8379 ret=14.552 exp_var=-7.102
[GNN K3_r1.5] iter=360 steps=92160/384000 | pi=-0.0402 v=2.5047 ent=3.8369 ret=12.752 exp_var=0.967
[GNN K3_r1.5] iter=380 steps=97280/384000 | pi=-0.0376 v=1.9233 ent=3.8372 ret=12.670 exp_var=0.985
[GNN K3_r1.5] iter=400 steps=102400/384000 | pi=0.0008 v=0.1304 ent=3.8378 ret=13.752 exp_var=0.988
[GNN K3_r1.5] iter=420 steps=107520/384000 | pi=-0.0009 v=0.0009 ent=3.8278 ret=14.748 exp_var=-1180.042
[GNN K3_r1.5] iter=440 steps=112640/384000 | pi=-0.0009 v=0.0005 ent=3.8374 ret=14.775 exp_var=-864.373
[GNN K3_r1.5] iter=460 steps=117760/384000 | pi=-0.0013 v=0.0004 ent=3.8374 ret=14.783 exp_var=-562.661
[GNN K3_r1.5] iter=480 steps=122880/384000 | pi=-0.0012 v=0.0003 ent=3.8350 ret=14.756 exp_var=-308.080
[GNN K3_r1.5] iter=500 steps=128000/384000 | pi=-0.0013 v=0.0002 ent=3.8367 ret=14.791 exp_var=-303.180
[GNN K3_r1.5] iter=520 steps=133120/384000 | pi=-0.0012 v=0.0003 ent=3.8374 ret=14.765 exp_var=-203.049
[GNN K3_r1.5] iter=540 steps=138240/384000 | pi=-0.0014 v=0.0001 ent=3.8377 ret=14.796 exp_var=-191.792
[GNN K3_r1.5] iter=560 steps=143360/384000 | pi=-0.0013 v=0.0003 ent=3.8378 ret=14.758 exp_var=-137.078
[GNN K3_r1.5] iter=580 steps=148480/384000 | pi=-0.0012 v=0.0002 ent=3.8377 ret=14.752 exp_var=-108.806
[GNN K3_r1.5] iter=600 steps=153600/384000 | pi=-0.0009 v=0.0002 ent=3.8377 ret=14.739 exp_var=-86.084
[GNN K3_r1.5] iter=620 steps=158720/384000 | pi=-0.0011 v=0.0002 ent=3.8376 ret=14.753 exp_var=-107.512
[GNN K3_r1.5] iter=640 steps=163840/384000 | pi=-0.0012 v=0.0003 ent=3.8378 ret=14.707 exp_var=-41.463
[GNN K3_r1.5] iter=660 steps=168960/384000 | pi=-0.0012 v=0.0001 ent=3.8377 ret=14.774 exp_var=-127.476
[GNN K3_r1.5] iter=680 steps=174080/384000 | pi=-0.0011 v=0.0003 ent=3.8378 ret=14.736 exp_var=-50.259
[GNN K3_r1.5] iter=700 steps=179200/384000 | pi=-0.0012 v=0.0002 ent=3.8378 ret=14.717 exp_var=-26.830
[GNN K3_r1.5] iter=720 steps=184320/384000 | pi=-0.0013 v=0.0002 ent=3.8378 ret=14.748 exp_var=-60.207
[GNN K3_r1.5] iter=740 steps=189440/384000 | pi=-0.0015 v=0.0001 ent=3.8378 ret=14.784 exp_var=-90.493
[GNN K3_r1.5] iter=760 steps=194560/384000 | pi=-0.0014 v=0.0001 ent=3.8377 ret=14.792 exp_var=-88.973
[GNN K3_r1.5] iter=780 steps=199680/384000 | pi=-0.0016 v=0.0001 ent=3.8377 ret=14.782 exp_var=-97.498
[GNN K3_r1.5] iter=800 steps=204800/384000 | pi=-0.0016 v=0.0001 ent=3.8379 ret=14.779 exp_var=-67.791
[GNN K3_r1.5] iter=820 steps=209920/384000 | pi=-0.0013 v=0.0001 ent=3.8378 ret=14.782 exp_var=-59.757
[GNN K3_r1.5] iter=840 steps=215040/384000 | pi=-0.0015 v=0.0001 ent=3.8379 ret=14.782 exp_var=-56.936
[GNN K3_r1.5] iter=860 steps=220160/384000 | pi=-0.0017 v=0.0001 ent=3.8379 ret=14.765 exp_var=-35.570
[GNN K3_r1.5] iter=880 steps=225280/384000 | pi=-0.0015 v=0.0002 ent=3.8379 ret=14.737 exp_var=-26.337
[GNN K3_r1.5] iter=900 steps=230400/384000 | pi=-0.0016 v=0.0001 ent=3.8379 ret=14.788 exp_var=-44.700
[GNN K3_r1.5] iter=920 steps=235520/384000 | pi=-0.0015 v=0.0001 ent=3.8379 ret=14.776 exp_var=-30.763
[GNN K3_r1.5] iter=940 steps=240640/384000 | pi=-0.0018 v=0.0001 ent=3.8379 ret=14.786 exp_var=-41.850
[GNN K3_r1.5] iter=960 steps=245760/384000 | pi=-0.0015 v=0.0001 ent=3.8379 ret=14.783 exp_var=-33.946
[GNN K3_r1.5] iter=980 steps=250880/384000 | pi=-0.0020 v=0.0001 ent=3.8379 ret=14.793 exp_var=-25.114
[GNN K3_r1.5] iter=1000 steps=256000/384000 | pi=-0.0013 v=0.0001 ent=3.8379 ret=14.796 exp_var=-31.645
[GNN K3_r1.5] iter=1020 steps=261120/384000 | pi=-0.0010 v=0.0002 ent=3.8378 ret=14.771 exp_var=-113.726
[GNN K3_r1.5] iter=1040 steps=266240/384000 | pi=-0.0018 v=0.0001 ent=3.8379 ret=14.778 exp_var=-36.773
[GNN K3_r1.5] iter=1060 steps=271360/384000 | pi=-0.0022 v=0.0002 ent=3.8379 ret=14.756 exp_var=-41.603
[GNN K3_r1.5] iter=1080 steps=276480/384000 | pi=-0.0018 v=0.0004 ent=3.8379 ret=14.727 exp_var=-52.329
[GNN K3_r1.5] iter=1100 steps=281600/384000 | pi=-0.0021 v=0.0001 ent=3.8379 ret=14.792 exp_var=-58.770
[GNN K3_r1.5] iter=1120 steps=286720/384000 | pi=-0.0020 v=0.0002 ent=3.8379 ret=14.794 exp_var=-77.884
[GNN K3_r1.5] iter=1140 steps=291840/384000 | pi=-0.0018 v=0.0001 ent=3.8379 ret=14.791 exp_var=-45.131
[GNN K3_r1.5] iter=1160 steps=296960/384000 | pi=-0.0024 v=0.0002 ent=3.8379 ret=14.766 exp_var=-67.206
[GNN K3_r1.5] iter=1180 steps=302080/384000 | pi=-0.0013 v=0.0002 ent=3.8379 ret=14.767 exp_var=-54.952
[GNN K3_r1.5] iter=1200 steps=307200/384000 | pi=-0.0013 v=0.0001 ent=3.8379 ret=14.777 exp_var=-29.834
[GNN K3_r1.5] iter=1220 steps=312320/384000 | pi=-0.0013 v=0.0001 ent=3.8379 ret=14.779 exp_var=-32.125
[GNN K3_r1.5] iter=1240 steps=317440/384000 | pi=-0.0016 v=0.0001 ent=3.8379 ret=14.785 exp_var=-30.158
[GNN K3_r1.5] iter=1260 steps=322560/384000 | pi=-0.0016 v=0.0001 ent=3.8379 ret=14.778 exp_var=-26.609
[GNN K3_r1.5] iter=1280 steps=327680/384000 | pi=-0.0017 v=0.0001 ent=3.8379 ret=14.784 exp_var=-29.400
[GNN K3_r1.5] iter=1300 steps=332800/384000 | pi=-0.0017 v=0.0001 ent=3.8379 ret=14.779 exp_var=-25.619
[GNN K3_r1.5] iter=1320 steps=337920/384000 | pi=-0.0014 v=0.0001 ent=3.8379 ret=14.785 exp_var=-26.658
[GNN K3_r1.5] iter=1340 steps=343040/384000 | pi=-0.0013 v=0.0001 ent=3.8379 ret=14.779 exp_var=-22.567
[GNN K3_r1.5] iter=1360 steps=348160/384000 | pi=-0.0015 v=0.0001 ent=3.8379 ret=14.776 exp_var=-19.627
[GNN K3_r1.5] iter=1380 steps=353280/384000 | pi=-0.0017 v=0.0001 ent=3.8379 ret=14.763 exp_var=-19.449
[GNN K3_r1.5] iter=1400 steps=358400/384000 | pi=-0.0012 v=0.0001 ent=3.8379 ret=14.771 exp_var=-19.562
[GNN K3_r1.5] iter=1420 steps=363520/384000 | pi=-0.0012 v=0.0001 ent=3.8379 ret=14.762 exp_var=-16.926
[GNN K3_r1.5] iter=1440 steps=368640/384000 | pi=-0.0012 v=0.0001 ent=3.8379 ret=14.768 exp_var=-16.817
[GNN K3_r1.5] iter=1460 steps=373760/384000 | pi=-0.0009 v=0.0001 ent=3.8379 ret=14.759 exp_var=-16.849
[GNN K3_r1.5] iter=1480 steps=378880/384000 | pi=-0.0011 v=0.0001 ent=3.8379 ret=14.778 exp_var=-19.929
[GNN K3_r1.5] iter=1500 steps=384000/384000 | pi=-0.0012 v=0.0001 ent=3.8379 ret=14.762 exp_var=-13.209
Saved plot: /home/ak565492/gnn_experiments/outputs/hetnet_envs/pp_gnn_K3_r1.5.png
Saved checkpoint: /home/ak565492/gnn_experiments/outputs/hetnet_envs/pp_gnn_K3_r1.5_final.pt

[GNN K3_r1.5] Final return: 14.762
=============================
End time: Wed Apr 15 22:11:57 EDT 2026
=============================
