=============================
Job ID:       567171
Array Task:   0
Node:         evc2
GPU:          0
Start time:   Mon Mar 16 21:39:42 EDT 2026
=============================
Running: IPPO baseline
Device: cuda
GPU: Tesla V100-PCIE-16GB

=== IPPO baseline | 256 envs | device=cuda ===
[IPPO] iter=1 steps=256/512000 | pi=-0.0011 v=0.4196 ent=2.8230 ret=-47.354 exp_var=0.939
[IPPO] iter=20 steps=5120/512000 | pi=-0.0022 v=60.5501 ent=2.7812 ret=-0.949 exp_var=0.945
[IPPO] iter=40 steps=10240/512000 | pi=-0.0019 v=42.0478 ent=2.7498 ret=-0.896 exp_var=0.965
[IPPO] iter=60 steps=15360/512000 | pi=-0.0009 v=19.3129 ent=2.7551 ret=-0.463 exp_var=0.952
[IPPO] iter=80 steps=20480/512000 | pi=-0.0026 v=7.6403 ent=2.7723 ret=-0.376 exp_var=0.960
[IPPO] iter=100 steps=25600/512000 | pi=-0.0026 v=2.2704 ent=2.8393 ret=-0.090 exp_var=0.954
[IPPO] iter=120 steps=30720/512000 | pi=-0.0014 v=0.5237 ent=2.9541 ret=-0.386 exp_var=0.990
[IPPO] iter=140 steps=35840/512000 | pi=7.3381 v=0.0621 ent=3.0298 ret=-0.252 exp_var=0.989
[IPPO] iter=160 steps=40960/512000 | pi=-0.0006 v=0.0129 ent=2.9309 ret=-0.404 exp_var=0.998
[IPPO] iter=180 steps=46080/512000 | pi=-0.0009 v=0.0038 ent=2.9975 ret=-0.462 exp_var=0.999
