Traceback (most recent call last):
  File "/lustre/fs1/home/ak565492/gnn_experiments/train.py", line 262, in <module>
    main()
  File "/lustre/fs1/home/ak565492/gnn_experiments/train.py", line 258, in main
    run_ippo(device, args.output_dir)
  File "/lustre/fs1/home/ak565492/gnn_experiments/train.py", line 178, in run_ippo
    adapter = make_adapter(device)
              ^^^^^^^^^^^^^^^^^^^^
  File "/lustre/fs1/home/ak565492/gnn_experiments/train.py", line 82, in make_adapter
    return GuardedTerritoryAdapter(
           ^^^^^^^^^^^^^^^^^^^^^^^^
  File "/lustre/fs1/home/ak565492/gnn_experiments/environments/guarded_territory.py", line 446, in __init__
    self.env = vmas.make_env(
               ^^^^^^^^^^^^^^
  File "/home/ak565492/expenv/lib/python3.11/site-packages/vmas/make_env.py", line 80, in make_env
    env = Environment(
          ^^^^^^^^^^^^
  File "/apps/python/python-3.11.4-gcc-12.2.0/lib/python3.11/contextlib.py", line 81, in inner
    return func(*args, **kwds)
           ^^^^^^^^^^^^^^^^^^^
  File "/home/ak565492/expenv/lib/python3.11/site-packages/vmas/simulator/environment/environment.py", line 100, in __init__
    observations = self._reset(seed=seed)
                   ^^^^^^^^^^^^^^^^^^^^^^
  File "/home/ak565492/expenv/lib/python3.11/site-packages/vmas/simulator/environment/environment.py", line 222, in _reset
    result = self._get_from_scenario(
             ^^^^^^^^^^^^^^^^^^^^^^^^
  File "/home/ak565492/expenv/lib/python3.11/site-packages/vmas/simulator/environment/environment.py", line 286, in _get_from_scenario
    self.scenario.observation(agent)
  File "/lustre/fs1/home/ak565492/gnn_experiments/environments/guarded_territory.py", line 292, in observation
    obs_parts.append((other_rel * visible).reshape(batch, -1))
                      ~~~~~~~~~~^~~~~~~~~
RuntimeError: The size of tensor a (5) must match the size of tensor b (3) at non-singleton dimension 1
