=============================
Job ID:       567246
Array Task:   8
Node:         evc8
GPU:          0
Start time:   Tue Mar 17 00:45:09 EDT 2026
=============================
Running: GNN K=5 r_comm=1.5
Device: cuda
GPU: Tesla V100-PCIE-16GB

=== GNN | K=5, r_comm=1.5 | device=cuda ===
[K5_r1.5] iter=1/2000 steps=256 | pi=-0.0015 v=7.6823 ent=2.8274 ret=-4.848 exp_var=0.168
[K5_r1.5] iter=20/2000 steps=5120 | pi=-0.0021 v=25.6540 ent=2.7842 ret=-3.758 exp_var=0.674
[K5_r1.5] iter=40/2000 steps=10240 | pi=-0.0024 v=17.6385 ent=2.7956 ret=-4.478 exp_var=0.540
[K5_r1.5] iter=60/2000 steps=15360 | pi=-0.0015 v=8.6711 ent=2.9307 ret=-5.918 exp_var=0.297
[K5_r1.5] iter=80/2000 steps=20480 | pi=-0.0004 v=2.5555 ent=2.9702 ret=-4.693 exp_var=0.625
[K5_r1.5] iter=100/2000 steps=25600 | pi=-0.0017 v=2.1741 ent=2.8092 ret=-3.678 exp_var=0.694
[K5_r1.5] iter=120/2000 steps=30720 | pi=0.0095 v=1.8207 ent=2.6402 ret=-3.820 exp_var=0.741
[K5_r1.5] iter=140/2000 steps=35840 | pi=-0.0026 v=1.6144 ent=2.4925 ret=-3.889 exp_var=0.760
[K5_r1.5] iter=160/2000 steps=40960 | pi=-0.0022 v=1.0337 ent=2.6532 ret=-4.047 exp_var=0.813
[K5_r1.5] iter=180/2000 steps=46080 | pi=-0.0022 v=1.1728 ent=2.7827 ret=-3.267 exp_var=0.801
[K5_r1.5] iter=200/2000 steps=51200 | pi=-0.0028 v=0.8347 ent=2.7509 ret=-2.900 exp_var=0.847
[K5_r1.5] iter=220/2000 steps=56320 | pi=-0.0000 v=0.5861 ent=2.7517 ret=-2.755 exp_var=0.888
[K5_r1.5] iter=240/2000 steps=61440 | pi=-0.0028 v=0.5773 ent=2.8010 ret=-2.583 exp_var=0.892
[K5_r1.5] iter=260/2000 steps=66560 | pi=-0.0018 v=0.3225 ent=2.9237 ret=-2.738 exp_var=0.935
[K5_r1.5] iter=280/2000 steps=71680 | pi=-0.0001 v=0.3152 ent=2.9505 ret=-2.776 exp_var=0.939
[K5_r1.5] iter=300/2000 steps=76800 | pi=-0.0028 v=0.0236 ent=2.9034 ret=-2.750 exp_var=0.994
[K5_r1.5] iter=320/2000 steps=81920 | pi=-0.0022 v=0.0107 ent=2.6903 ret=-2.917 exp_var=0.997
[K5_r1.5] iter=340/2000 steps=87040 | pi=-0.0011 v=0.0035 ent=2.6080 ret=-3.024 exp_var=0.999
[K5_r1.5] iter=360/2000 steps=92160 | pi=-0.0010 v=0.0040 ent=2.5735 ret=-3.146 exp_var=0.999
[K5_r1.5] iter=380/2000 steps=97280 | pi=-0.0031 v=0.0041 ent=2.4859 ret=-3.731 exp_var=0.999
[K5_r1.5] iter=400/2000 steps=102400 | pi=0.0030 v=0.0013 ent=2.4706 ret=-3.877 exp_var=1.000
[K5_r1.5] iter=420/2000 steps=107520 | pi=-0.0009 v=0.0013 ent=2.5106 ret=-3.863 exp_var=1.000
[K5_r1.5] iter=440/2000 steps=112640 | pi=0.0007 v=0.0010 ent=2.5072 ret=-3.785 exp_var=1.000
[K5_r1.5] iter=460/2000 steps=117760 | pi=0.0009 v=0.0018 ent=2.5282 ret=-3.675 exp_var=1.000
[K5_r1.5] iter=480/2000 steps=122880 | pi=0.0010 v=0.0010 ent=2.4343 ret=-3.507 exp_var=1.000
[K5_r1.5] iter=500/2000 steps=128000 | pi=0.0004 v=0.0011 ent=2.3851 ret=-3.483 exp_var=1.000
[K5_r1.5] iter=520/2000 steps=133120 | pi=-0.0004 v=0.0028 ent=2.3502 ret=-3.499 exp_var=0.999
[K5_r1.5] iter=540/2000 steps=138240 | pi=0.0029 v=0.0005 ent=2.4037 ret=-3.858 exp_var=1.000
[K5_r1.5] iter=560/2000 steps=143360 | pi=0.0068 v=0.0013 ent=2.4528 ret=-3.980 exp_var=1.000
[K5_r1.5] iter=580/2000 steps=148480 | pi=0.0151 v=0.0012 ent=2.5634 ret=-4.031 exp_var=1.000
[K5_r1.5] iter=600/2000 steps=153600 | pi=-0.0004 v=0.0050 ent=2.5058 ret=-4.045 exp_var=0.999
[K5_r1.5] iter=620/2000 steps=158720 | pi=0.0021 v=0.0010 ent=2.4261 ret=-4.003 exp_var=1.000
[K5_r1.5] iter=640/2000 steps=163840 | pi=0.0058 v=0.0003 ent=2.3884 ret=-3.858 exp_var=1.000
[K5_r1.5] iter=660/2000 steps=168960 | pi=0.0026 v=0.0003 ent=2.4943 ret=-3.668 exp_var=1.000
[K5_r1.5] iter=680/2000 steps=174080 | pi=-0.0004 v=0.0024 ent=2.5610 ret=-3.326 exp_var=0.999
[K5_r1.5] iter=700/2000 steps=179200 | pi=-0.0008 v=0.0045 ent=2.5291 ret=-3.235 exp_var=0.999
[K5_r1.5] iter=720/2000 steps=184320 | pi=-0.0008 v=0.0035 ent=2.5227 ret=-3.177 exp_var=0.999
[K5_r1.5] iter=740/2000 steps=189440 | pi=-0.0020 v=0.0031 ent=2.4833 ret=-3.202 exp_var=0.999
[K5_r1.5] iter=760/2000 steps=194560 | pi=-0.0005 v=0.0011 ent=2.4579 ret=-3.167 exp_var=1.000
[K5_r1.5] iter=780/2000 steps=199680 | pi=0.0051 v=0.0009 ent=2.4123 ret=-3.155 exp_var=1.000
[K5_r1.5] iter=800/2000 steps=204800 | pi=0.0107 v=0.0021 ent=2.4292 ret=-3.079 exp_var=1.000
[K5_r1.5] iter=820/2000 steps=209920 | pi=0.0188 v=0.0028 ent=2.4903 ret=-3.131 exp_var=0.999
[K5_r1.5] iter=840/2000 steps=215040 | pi=0.0017 v=0.0026 ent=2.4817 ret=-3.141 exp_var=0.999
[K5_r1.5] iter=860/2000 steps=220160 | pi=0.0001 v=0.0020 ent=2.5470 ret=-3.097 exp_var=0.999
[K5_r1.5] iter=880/2000 steps=225280 | pi=0.0022 v=0.0030 ent=2.7043 ret=-3.073 exp_var=0.999
[K5_r1.5] iter=900/2000 steps=230400 | pi=-0.0020 v=0.0030 ent=2.6445 ret=-3.097 exp_var=1.000
[K5_r1.5] iter=920/2000 steps=235520 | pi=0.0075 v=0.0013 ent=2.5112 ret=-3.062 exp_var=1.000
[K5_r1.5] iter=940/2000 steps=240640 | pi=0.0042 v=0.0009 ent=2.5185 ret=-3.094 exp_var=1.000
[K5_r1.5] iter=960/2000 steps=245760 | pi=0.0033 v=0.0032 ent=2.7253 ret=-3.138 exp_var=0.999
[K5_r1.5] iter=980/2000 steps=250880 | pi=0.0003 v=0.0020 ent=2.7400 ret=-3.136 exp_var=0.999
[K5_r1.5] iter=1000/2000 steps=256000 | pi=-0.0006 v=0.0058 ent=2.7305 ret=-3.136 exp_var=0.999
[K5_r1.5] iter=1020/2000 steps=261120 | pi=0.0005 v=0.0006 ent=2.5636 ret=-3.092 exp_var=1.000
[K5_r1.5] iter=1040/2000 steps=266240 | pi=-0.0003 v=0.0009 ent=2.6392 ret=-3.099 exp_var=1.000
[K5_r1.5] iter=1060/2000 steps=271360 | pi=-0.0018 v=0.0049 ent=2.6566 ret=-3.047 exp_var=0.999
[K5_r1.5] iter=1080/2000 steps=276480 | pi=-0.0011 v=0.0025 ent=2.6648 ret=-3.039 exp_var=0.999
[K5_r1.5] iter=1100/2000 steps=281600 | pi=-0.0011 v=0.0013 ent=2.4524 ret=-2.995 exp_var=1.000
[K5_r1.5] iter=1120/2000 steps=286720 | pi=0.0009 v=0.0001 ent=2.5051 ret=-3.034 exp_var=1.000
[K5_r1.5] iter=1140/2000 steps=291840 | pi=0.0045 v=0.0009 ent=2.5486 ret=-3.075 exp_var=1.000
[K5_r1.5] iter=1160/2000 steps=296960 | pi=-0.0001 v=0.0032 ent=2.6495 ret=-3.027 exp_var=0.999
[K5_r1.5] iter=1180/2000 steps=302080 | pi=0.0035 v=0.0037 ent=2.8609 ret=-3.024 exp_var=0.999
[K5_r1.5] iter=1200/2000 steps=307200 | pi=0.0008 v=0.0003 ent=2.6583 ret=-2.961 exp_var=1.000
[K5_r1.5] iter=1220/2000 steps=312320 | pi=0.0017 v=0.0016 ent=2.8373 ret=-2.924 exp_var=1.000
[K5_r1.5] iter=1240/2000 steps=317440 | pi=0.0045 v=0.0013 ent=2.7676 ret=-2.884 exp_var=1.000
[K5_r1.5] iter=1260/2000 steps=322560 | pi=-0.0014 v=0.0053 ent=2.7541 ret=-2.894 exp_var=0.999
[K5_r1.5] iter=1280/2000 steps=327680 | pi=-0.0019 v=0.0020 ent=2.5055 ret=-2.926 exp_var=0.999
[K5_r1.5] iter=1300/2000 steps=332800 | pi=-0.0025 v=0.0018 ent=2.2883 ret=-2.896 exp_var=1.000
[K5_r1.5] iter=1320/2000 steps=337920 | pi=0.0118 v=0.0011 ent=2.3256 ret=-3.008 exp_var=1.000
[K5_r1.5] iter=1340/2000 steps=343040 | pi=0.0006 v=0.0018 ent=2.5895 ret=-3.071 exp_var=1.000
[K5_r1.5] iter=1360/2000 steps=348160 | pi=0.0029 v=0.0009 ent=2.8626 ret=-3.202 exp_var=1.000
[K5_r1.5] iter=1380/2000 steps=353280 | pi=0.0095 v=0.0009 ent=2.8054 ret=-3.273 exp_var=1.000
[K5_r1.5] iter=1400/2000 steps=358400 | pi=0.0059 v=0.0001 ent=2.5535 ret=-3.203 exp_var=1.000
[K5_r1.5] iter=1420/2000 steps=363520 | pi=0.0007 v=0.0002 ent=2.5086 ret=-3.374 exp_var=1.000
[K5_r1.5] iter=1440/2000 steps=368640 | pi=0.0023 v=0.0003 ent=2.5022 ret=-3.530 exp_var=1.000
[K5_r1.5] iter=1460/2000 steps=373760 | pi=0.0054 v=0.0002 ent=2.5710 ret=-3.546 exp_var=1.000
[K5_r1.5] iter=1480/2000 steps=378880 | pi=0.0020 v=0.0011 ent=2.5086 ret=-3.598 exp_var=1.000
[K5_r1.5] iter=1500/2000 steps=384000 | pi=-0.0003 v=0.0003 ent=2.4469 ret=-3.523 exp_var=1.000
[K5_r1.5] iter=1520/2000 steps=389120 | pi=-0.0005 v=0.0026 ent=2.3921 ret=-3.292 exp_var=0.999
[K5_r1.5] iter=1540/2000 steps=394240 | pi=-0.0017 v=0.0032 ent=2.2275 ret=-3.263 exp_var=0.999
[K5_r1.5] iter=1560/2000 steps=399360 | pi=-0.0019 v=0.0055 ent=2.2275 ret=-3.195 exp_var=0.999
[K5_r1.5] iter=1580/2000 steps=404480 | pi=-0.0004 v=0.0050 ent=2.3672 ret=-3.158 exp_var=0.999
[K5_r1.5] iter=1600/2000 steps=409600 | pi=-0.0015 v=0.0084 ent=2.3901 ret=-3.133 exp_var=0.998
[K5_r1.5] iter=1620/2000 steps=414720 | pi=-0.0017 v=0.0103 ent=2.5220 ret=-3.072 exp_var=0.997
[K5_r1.5] iter=1640/2000 steps=419840 | pi=-0.0011 v=0.0082 ent=2.6030 ret=-3.055 exp_var=0.998
[K5_r1.5] iter=1660/2000 steps=424960 | pi=0.0406 v=0.0068 ent=2.6220 ret=-3.030 exp_var=0.998
[K5_r1.5] iter=1680/2000 steps=430080 | pi=0.0002 v=0.0062 ent=2.7219 ret=-3.006 exp_var=0.998
[K5_r1.5] iter=1700/2000 steps=435200 | pi=0.0031 v=0.0093 ent=2.7641 ret=-3.003 exp_var=0.998
[K5_r1.5] iter=1720/2000 steps=440320 | pi=0.0005 v=0.0065 ent=2.7986 ret=-2.989 exp_var=0.998
[K5_r1.5] iter=1740/2000 steps=445440 | pi=-0.0003 v=0.0059 ent=2.8064 ret=-2.965 exp_var=0.998
[K5_r1.5] iter=1760/2000 steps=450560 | pi=0.0023 v=0.0070 ent=2.7856 ret=-2.965 exp_var=0.998
[K5_r1.5] iter=1780/2000 steps=455680 | pi=-0.0005 v=0.0083 ent=2.7982 ret=-2.958 exp_var=0.998
[K5_r1.5] iter=1800/2000 steps=460800 | pi=0.0025 v=0.0085 ent=2.8525 ret=-3.001 exp_var=0.998
[K5_r1.5] iter=1820/2000 steps=465920 | pi=0.0004 v=0.0068 ent=2.8073 ret=-2.946 exp_var=0.998
[K5_r1.5] iter=1840/2000 steps=471040 | pi=0.0003 v=0.0091 ent=2.8799 ret=-2.975 exp_var=0.998
[K5_r1.5] iter=1860/2000 steps=476160 | pi=0.0000 v=0.0091 ent=2.9147 ret=-2.974 exp_var=0.998
[K5_r1.5] iter=1880/2000 steps=481280 | pi=0.0008 v=0.0074 ent=2.8861 ret=-2.976 exp_var=0.998
[K5_r1.5] iter=1900/2000 steps=486400 | pi=0.0046 v=0.0070 ent=2.8743 ret=-2.946 exp_var=0.998
[K5_r1.5] iter=1920/2000 steps=491520 | pi=0.0008 v=0.0072 ent=2.8858 ret=-2.942 exp_var=0.998
[K5_r1.5] iter=1940/2000 steps=496640 | pi=0.0006 v=0.0065 ent=2.9176 ret=-2.940 exp_var=0.998
[K5_r1.5] iter=1960/2000 steps=501760 | pi=0.0009 v=0.0066 ent=2.8906 ret=-2.940 exp_var=0.998
[K5_r1.5] iter=1980/2000 steps=506880 | pi=0.0051 v=0.0061 ent=2.9125 ret=-2.934 exp_var=0.998
[K5_r1.5] iter=2000/2000 steps=512000 | pi=-0.0001 v=0.0065 ent=2.8960 ret=-2.949 exp_var=0.998
Saved plot: /home/ak565492/gnn_experiments/outputs/cluster_results/gnn_K5_r1.5.png

[K5_r1.5] Final return: -2.949
=============================
End time: Tue Mar 17 09:25:46 EDT 2026
=============================
