/home/ak565492/expenv/lib/python3.11/site-packages/torch/_inductor/compile_fx.py:167: UserWarning: TensorFloat32 tensor cores for float32 matrix multiplication available but not enabled. Consider setting `torch.set_float32_matmul_precision('high')` for better performance.
  warnings.warn(
Traceback (most recent call last):
  File "/lustre/fs1/home/ak565492/gnn_experiments/train_hetnet_envs.py", line 460, in <module>
    main()
  File "/lustre/fs1/home/ak565492/gnn_experiments/train_hetnet_envs.py", line 454, in main
    run_gnn(args, device)
  File "/lustre/fs1/home/ak565492/gnn_experiments/train_hetnet_envs.py", line 221, in run_gnn
    plot_and_save(
  File "/lustre/fs1/home/ak565492/gnn_experiments/train_hetnet_envs.py", line 72, in plot_and_save
    fig.savefig(path, dpi=150, bbox_inches="tight")
  File "/home/ak565492/expenv/lib/python3.11/site-packages/matplotlib/figure.py", line 3490, in savefig
    self.canvas.print_figure(fname, **kwargs)
  File "/home/ak565492/expenv/lib/python3.11/site-packages/matplotlib/backend_bases.py", line 2186, in print_figure
    result = print_method(
             ^^^^^^^^^^^^^
  File "/home/ak565492/expenv/lib/python3.11/site-packages/matplotlib/backend_bases.py", line 2042, in <lambda>
    print_method = functools.wraps(meth)(lambda *args, **kwargs: meth(
                                                                 ^^^^^
  File "/home/ak565492/expenv/lib/python3.11/site-packages/matplotlib/backends/backend_agg.py", line 481, in print_png
    self._print_pil(filename_or_obj, "png", pil_kwargs, metadata)
  File "/home/ak565492/expenv/lib/python3.11/site-packages/matplotlib/backends/backend_agg.py", line 430, in _print_pil
    mpl.image.imsave(
  File "/home/ak565492/expenv/lib/python3.11/site-packages/matplotlib/image.py", line 1657, in imsave
    image.save(fname, **pil_kwargs)
  File "/home/ak565492/expenv/lib/python3.11/site-packages/PIL/Image.py", line 2566, in save
    fp = builtins.open(filename, "w+b")
         ^^^^^^^^^^^^^^^^^^^^^^^^^^^^^^
OSError: [Errno 28] No space left on device: '/home/ak565492/gnn_experiments/outputs/hetnet_envs/pcp_gnn_K2_r2.0.png'
