/home/ak565492/expenv/lib/python3.11/site-packages/torch/cuda/__init__.py:129: UserWarning: CUDA initialization: CUDA unknown error - this may be due to an incorrectly set up environment, e.g. changing env variable CUDA_VISIBLE_DEVICES after program start. Setting the available devices to be zero. (Triggered internally at ../c10/cuda/CUDAFunctions.cpp:108.)
  return torch._C._cuda_getDeviceCount() > 0
Traceback (most recent call last):
  File "/lustre/fs1/home/ak565492/gnn_experiments/train_hetnet_envs.py", line 460, in <module>
    main()
  File "/lustre/fs1/home/ak565492/gnn_experiments/train_hetnet_envs.py", line 452, in main
    run_ippo(args, device)
  File "/lustre/fs1/home/ak565492/gnn_experiments/train_hetnet_envs.py", line 125, in run_ippo
    last_obs, rollout_metrics = trainer.collect_rollouts(num_steps=rollout_steps)
                                ^^^^^^^^^^^^^^^^^^^^^^^^^^^^^^^^^^^^^^^^^^^^^^^^^
  File "/lustre/fs1/home/ak565492/gnn_experiments/baseline/trainer.py", line 106, in collect_rollouts
    next_obs, rewards, dones, info, next_positions = self.adapter.step(actions)
                                                     ^^^^^^^^^^^^^^^^^^^^^^^^^^
  File "/lustre/fs1/home/ak565492/gnn_experiments/environments/predator_capture_prey.py", line 450, in step
    all_obs, all_rew, dones, all_infos = self.env.step(all_actions)
                                         ^^^^^^^^^^^^^^^^^^^^^^^^^^
  File "/apps/python/python-3.11.4-gcc-12.2.0/lib/python3.11/contextlib.py", line 81, in inner
    return func(*args, **kwds)
           ^^^^^^^^^^^^^^^^^^^
  File "/home/ak565492/expenv/lib/python3.11/site-packages/vmas/simulator/environment/environment.py", line 388, in step
    self._set_action(actions[i], agent)
  File "/home/ak565492/expenv/lib/python3.11/site-packages/vmas/simulator/environment/environment.py", line 651, in _set_action
    assert not torch.any(
AssertionError: Physical actions of agent scout_0 are out of its range 1.0
