=============================
Job ID:       589144
Array Task:   3
Node:         evc3
GPU:          0
Start time:   Mon Apr 20 22:00:46 EDT 2026
=============================
Running: PP GNN K=2 r=2.0
Using device: cuda
GPU: Tesla V100-PCIE-16GB
Env: PP | 2S + 1I | world=5.0 | max_steps=80

=== GNN-MAPPO | K=2, r_comm=2.0 (PP) | device=cuda ===
[GNN K2_r2.0] iter=1 steps=256/384000 | pi=-0.0000 v=9.3024 ent=2.8600 ret=-100.676 exp_var=-0.001
[GNN K2_r2.0] iter=20 steps=5120/384000 | pi=-0.0007 v=7.4311 ent=2.9724 ret=-146.001 exp_var=0.906
[GNN K2_r2.0] iter=40 steps=10240/384000 | pi=-0.0012 v=6.1096 ent=3.0047 ret=-125.069 exp_var=0.903
[GNN K2_r2.0] iter=60 steps=15360/384000 | pi=-0.0010 v=6.4001 ent=3.0683 ret=-129.899 exp_var=0.944
[GNN K2_r2.0] iter=80 steps=20480/384000 | pi=-0.0024 v=3.1093 ent=3.1112 ret=-85.587 exp_var=0.974
[GNN K2_r2.0] iter=100 steps=25600/384000 | pi=-0.0031 v=1.0494 ent=3.1987 ret=-53.895 exp_var=0.981
[GNN K2_r2.0] iter=120 steps=30720/384000 | pi=-0.0016 v=2.5312 ent=3.4199 ret=-61.939 exp_var=0.983
[GNN K2_r2.0] iter=140 steps=35840/384000 | pi=-0.0010 v=2.3255 ent=3.5128 ret=-66.982 exp_var=0.992
[GNN K2_r2.0] iter=160 steps=40960/384000 | pi=-0.0012 v=2.1875 ent=3.5990 ret=-67.646 exp_var=0.995
[GNN K2_r2.0] iter=180 steps=46080/384000 | pi=-0.0008 v=2.3006 ent=3.7038 ret=-65.893 exp_var=0.995
[GNN K2_r2.0] iter=200 steps=51200/384000 | pi=-0.0014 v=2.4064 ent=3.8134 ret=-65.593 exp_var=0.995
[GNN K2_r2.0] iter=220 steps=56320/384000 | pi=-0.0013 v=2.3755 ent=3.8376 ret=-69.470 exp_var=0.996
[GNN K2_r2.0] iter=240 steps=61440/384000 | pi=-0.0008 v=2.3742 ent=3.8340 ret=-64.525 exp_var=0.994
[GNN K2_r2.0] iter=260 steps=66560/384000 | pi=-0.0009 v=1.9538 ent=3.8369 ret=-60.958 exp_var=0.994
[GNN K2_r2.0] iter=280 steps=71680/384000 | pi=-0.0008 v=2.3175 ent=3.8374 ret=-62.948 exp_var=0.994
[GNN K2_r2.0] iter=300 steps=76800/384000 | pi=-0.0006 v=2.7939 ent=3.8375 ret=-65.333 exp_var=0.994
[GNN K2_r2.0] iter=320 steps=81920/384000 | pi=-0.0005 v=2.8068 ent=3.8367 ret=-66.618 exp_var=0.995
[GNN K2_r2.0] iter=340 steps=87040/384000 | pi=-0.0007 v=2.7311 ent=3.8353 ret=-65.126 exp_var=0.994
[GNN K2_r2.0] iter=360 steps=92160/384000 | pi=-0.0006 v=2.6837 ent=3.8375 ret=-65.957 exp_var=0.995
[GNN K2_r2.0] iter=380 steps=97280/384000 | pi=-0.0008 v=2.6516 ent=3.8373 ret=-65.379 exp_var=0.995
[GNN K2_r2.0] iter=400 steps=102400/384000 | pi=-0.0007 v=2.7912 ent=3.8376 ret=-65.830 exp_var=0.995
[GNN K2_r2.0] iter=420 steps=107520/384000 | pi=-0.0005 v=2.9637 ent=3.8374 ret=-67.060 exp_var=0.994
[GNN K2_r2.0] iter=440 steps=112640/384000 | pi=-0.0007 v=2.9961 ent=3.8375 ret=-68.178 exp_var=0.995
[GNN K2_r2.0] iter=460 steps=117760/384000 | pi=-0.0006 v=3.3993 ent=3.8375 ret=-70.373 exp_var=0.994
[GNN K2_r2.0] iter=480 steps=122880/384000 | pi=-0.0010 v=3.2318 ent=3.8377 ret=-69.945 exp_var=0.995
[GNN K2_r2.0] iter=500 steps=128000/384000 | pi=-0.0003 v=1.7553 ent=3.8374 ret=-68.963 exp_var=0.996
[GNN K2_r2.0] iter=520 steps=133120/384000 | pi=-0.0008 v=1.5148 ent=3.8373 ret=-74.891 exp_var=0.997
[GNN K2_r2.0] iter=540 steps=138240/384000 | pi=-0.0014 v=2.3732 ent=3.8376 ret=-73.914 exp_var=0.997
[GNN K2_r2.0] iter=560 steps=143360/384000 | pi=-0.0007 v=2.6545 ent=3.8376 ret=-73.854 exp_var=0.996
[GNN K2_r2.0] iter=580 steps=148480/384000 | pi=-0.0009 v=2.4997 ent=3.8377 ret=-74.217 exp_var=0.996
[GNN K2_r2.0] iter=600 steps=153600/384000 | pi=-0.0010 v=2.1599 ent=3.8373 ret=-73.999 exp_var=0.997
[GNN K2_r2.0] iter=620 steps=158720/384000 | pi=-0.0004 v=2.5405 ent=3.8376 ret=-74.831 exp_var=0.996
[GNN K2_r2.0] iter=640 steps=163840/384000 | pi=-0.0013 v=2.1948 ent=3.8377 ret=-75.028 exp_var=0.997
[GNN K2_r2.0] iter=660 steps=168960/384000 | pi=-0.0006 v=2.0192 ent=3.8375 ret=-74.124 exp_var=0.997
[GNN K2_r2.0] iter=680 steps=174080/384000 | pi=-0.0010 v=1.8258 ent=3.8359 ret=-74.691 exp_var=0.997
[GNN K2_r2.0] iter=700 steps=179200/384000 | pi=-0.0006 v=1.9383 ent=3.8374 ret=-73.502 exp_var=0.997
[GNN K2_r2.0] iter=720 steps=184320/384000 | pi=-0.0007 v=2.0099 ent=3.8377 ret=-75.623 exp_var=0.997
[GNN K2_r2.0] iter=740 steps=189440/384000 | pi=-0.0008 v=2.0020 ent=3.8377 ret=-76.704 exp_var=0.997
[GNN K2_r2.0] iter=760 steps=194560/384000 | pi=-0.0006 v=2.1514 ent=3.8378 ret=-76.554 exp_var=0.997
[GNN K2_r2.0] iter=780 steps=199680/384000 | pi=-0.0005 v=2.3702 ent=3.8377 ret=-77.201 exp_var=0.997
[GNN K2_r2.0] iter=800 steps=204800/384000 | pi=-0.0009 v=2.2208 ent=3.8377 ret=-77.134 exp_var=0.997
[GNN K2_r2.0] iter=820 steps=209920/384000 | pi=-0.0009 v=2.2300 ent=3.8373 ret=-76.197 exp_var=0.997
[GNN K2_r2.0] iter=840 steps=215040/384000 | pi=-0.0012 v=1.9711 ent=3.8373 ret=-77.765 exp_var=0.998
[GNN K2_r2.0] iter=860 steps=220160/384000 | pi=-0.0010 v=2.6196 ent=3.8376 ret=-79.294 exp_var=0.997
[GNN K2_r2.0] iter=880 steps=225280/384000 | pi=-0.0011 v=1.9861 ent=3.8376 ret=-77.635 exp_var=0.998
[GNN K2_r2.0] iter=900 steps=230400/384000 | pi=-0.0009 v=1.7824 ent=3.8377 ret=-78.264 exp_var=0.998
[GNN K2_r2.0] iter=920 steps=235520/384000 | pi=-0.0011 v=2.4818 ent=3.8375 ret=-78.221 exp_var=0.997
[GNN K2_r2.0] iter=940 steps=240640/384000 | pi=-0.0011 v=2.4075 ent=3.8375 ret=-65.675 exp_var=0.996
[GNN K2_r2.0] iter=960 steps=245760/384000 | pi=-0.0009 v=1.9169 ent=3.8377 ret=-63.261 exp_var=0.997
[GNN K2_r2.0] iter=980 steps=250880/384000 | pi=-0.0010 v=1.9256 ent=3.8376 ret=-66.225 exp_var=0.997
[GNN K2_r2.0] iter=1000 steps=256000/384000 | pi=-0.0006 v=2.0487 ent=3.8375 ret=-67.414 exp_var=0.997
[GNN K2_r2.0] iter=1020 steps=261120/384000 | pi=-0.0007 v=2.2075 ent=3.8365 ret=-69.496 exp_var=0.997
[GNN K2_r2.0] iter=1040 steps=266240/384000 | pi=-0.0006 v=2.1330 ent=3.8377 ret=-69.543 exp_var=0.998
[GNN K2_r2.0] iter=1060 steps=271360/384000 | pi=-0.0005 v=2.3653 ent=3.8377 ret=-70.330 exp_var=0.997
[GNN K2_r2.0] iter=1080 steps=276480/384000 | pi=-0.0008 v=2.2327 ent=3.8376 ret=-69.809 exp_var=0.998
[GNN K2_r2.0] iter=1100 steps=281600/384000 | pi=-0.0008 v=2.3294 ent=3.8377 ret=-69.840 exp_var=0.997
[GNN K2_r2.0] iter=1120 steps=286720/384000 | pi=-0.0010 v=2.2456 ent=3.8377 ret=-70.183 exp_var=0.997
[GNN K2_r2.0] iter=1140 steps=291840/384000 | pi=-0.0008 v=2.4543 ent=3.8377 ret=-68.973 exp_var=0.997
[GNN K2_r2.0] iter=1160 steps=296960/384000 | pi=-0.0012 v=2.4672 ent=3.8377 ret=-69.971 exp_var=0.997
[GNN K2_r2.0] iter=1180 steps=302080/384000 | pi=-0.0013 v=2.5102 ent=3.8378 ret=-69.999 exp_var=0.997
[GNN K2_r2.0] iter=1200 steps=307200/384000 | pi=-0.0008 v=2.2686 ent=3.8377 ret=-71.367 exp_var=0.998
[GNN K2_r2.0] iter=1220 steps=312320/384000 | pi=-0.0010 v=2.3834 ent=3.8377 ret=-71.316 exp_var=0.997
[GNN K2_r2.0] iter=1240 steps=317440/384000 | pi=-0.0011 v=2.4839 ent=3.8378 ret=-71.814 exp_var=0.997
[GNN K2_r2.0] iter=1260 steps=322560/384000 | pi=-0.0009 v=2.4363 ent=3.8378 ret=-71.088 exp_var=0.997
[GNN K2_r2.0] iter=1280 steps=327680/384000 | pi=-0.0008 v=2.4994 ent=3.8378 ret=-70.614 exp_var=0.997
[GNN K2_r2.0] iter=1300 steps=332800/384000 | pi=-0.0011 v=2.4247 ent=3.8378 ret=-70.759 exp_var=0.997
[GNN K2_r2.0] iter=1320 steps=337920/384000 | pi=-0.0010 v=2.6677 ent=3.8378 ret=-70.351 exp_var=0.997
[GNN K2_r2.0] iter=1340 steps=343040/384000 | pi=-0.0011 v=2.8162 ent=3.8377 ret=-68.070 exp_var=0.996
[GNN K2_r2.0] iter=1360 steps=348160/384000 | pi=-0.0011 v=2.6026 ent=3.8376 ret=-68.072 exp_var=0.997
[GNN K2_r2.0] iter=1380 steps=353280/384000 | pi=-0.0010 v=2.6120 ent=3.8378 ret=-67.880 exp_var=0.997
[GNN K2_r2.0] iter=1400 steps=358400/384000 | pi=-0.0010 v=2.5257 ent=3.8378 ret=-67.889 exp_var=0.997
[GNN K2_r2.0] iter=1420 steps=363520/384000 | pi=-0.0010 v=2.5431 ent=3.8378 ret=-67.753 exp_var=0.997
[GNN K2_r2.0] iter=1440 steps=368640/384000 | pi=-0.0010 v=2.6259 ent=3.8378 ret=-67.670 exp_var=0.997
[GNN K2_r2.0] iter=1460 steps=373760/384000 | pi=-0.0009 v=2.6318 ent=3.8379 ret=-64.791 exp_var=0.997
[GNN K2_r2.0] iter=1480 steps=378880/384000 | pi=-0.0011 v=2.6933 ent=3.8379 ret=-63.935 exp_var=0.997
[GNN K2_r2.0] iter=1500 steps=384000/384000 | pi=-0.0015 v=3.1895 ent=3.8377 ret=-56.810 exp_var=0.996
Saved plot: /home/ak565492/gnn_experiments/outputs/hetnet_envs/pp_gnn_K2_r2.0.png
Saved checkpoint: /home/ak565492/gnn_experiments/outputs/hetnet_envs/pp_gnn_K2_r2.0_final.pt

[GNN K2_r2.0] Final return: -56.810
=============================
End time: Tue Apr 21 01:01:35 EDT 2026
=============================
