=============================
Job ID:       567239
Array Task:   1
Node:         evc2
GPU:          0
Start time:   Tue Mar 17 00:45:09 EDT 2026
=============================
Running: GNN K=2 r_comm=1.0
Device: cuda
GPU: Tesla V100-PCIE-16GB

=== GNN | K=2, r_comm=1.0 | device=cuda ===
[K2_r1.0] iter=1/2000 steps=256 | pi=-0.0016 v=7.4209 ent=2.8257 ret=-4.834 exp_var=0.220
[K2_r1.0] iter=20/2000 steps=5120 | pi=-0.0026 v=19.3567 ent=2.8409 ret=-3.759 exp_var=0.589
[K2_r1.0] iter=40/2000 steps=10240 | pi=-0.0032 v=11.6514 ent=2.7973 ret=-4.102 exp_var=0.570
[K2_r1.0] iter=60/2000 steps=15360 | pi=-0.0032 v=5.2036 ent=2.7820 ret=-4.115 exp_var=0.575
[K2_r1.0] iter=80/2000 steps=20480 | pi=-0.0025 v=2.7695 ent=2.6969 ret=-3.016 exp_var=0.691
[K2_r1.0] iter=100/2000 steps=25600 | pi=-0.0024 v=2.1354 ent=2.6326 ret=-3.136 exp_var=0.725
[K2_r1.0] iter=120/2000 steps=30720 | pi=-0.0018 v=1.7557 ent=2.5727 ret=-2.940 exp_var=0.769
[K2_r1.0] iter=140/2000 steps=35840 | pi=-0.0022 v=1.8025 ent=2.5403 ret=-2.870 exp_var=0.779
[K2_r1.0] iter=160/2000 steps=40960 | pi=-0.0023 v=1.7447 ent=2.4501 ret=-2.874 exp_var=0.786
[K2_r1.0] iter=180/2000 steps=46080 | pi=-0.0026 v=1.4529 ent=2.4329 ret=-2.919 exp_var=0.789
[K2_r1.0] iter=200/2000 steps=51200 | pi=-0.0026 v=1.3841 ent=2.4510 ret=-2.951 exp_var=0.801
[K2_r1.0] iter=220/2000 steps=56320 | pi=-0.0020 v=1.4333 ent=2.4099 ret=-3.080 exp_var=0.813
[K2_r1.0] iter=240/2000 steps=61440 | pi=-0.0010 v=1.3113 ent=2.4212 ret=-3.037 exp_var=0.822
[K2_r1.0] iter=260/2000 steps=66560 | pi=-0.0019 v=1.1204 ent=2.4475 ret=-3.094 exp_var=0.852
[K2_r1.0] iter=280/2000 steps=71680 | pi=-0.0005 v=1.0771 ent=2.4493 ret=-3.109 exp_var=0.888
[K2_r1.0] iter=300/2000 steps=76800 | pi=-0.0022 v=1.0587 ent=2.4645 ret=-3.089 exp_var=0.888
[K2_r1.0] iter=320/2000 steps=81920 | pi=-0.0025 v=1.1011 ent=2.5662 ret=-3.037 exp_var=0.893
[K2_r1.0] iter=340/2000 steps=87040 | pi=-0.0034 v=1.0473 ent=2.5517 ret=-3.022 exp_var=0.920
[K2_r1.0] iter=360/2000 steps=92160 | pi=-0.0018 v=0.8986 ent=2.4950 ret=-3.184 exp_var=0.944
[K2_r1.0] iter=380/2000 steps=97280 | pi=0.0011 v=0.6789 ent=2.8464 ret=-3.971 exp_var=0.947
[K2_r1.0] iter=400/2000 steps=102400 | pi=-0.0036 v=2.4101 ent=2.8409 ret=-3.612 exp_var=0.650
[K2_r1.0] iter=420/2000 steps=107520 | pi=-0.0020 v=0.4705 ent=2.8646 ret=-3.507 exp_var=0.912
[K2_r1.0] iter=440/2000 steps=112640 | pi=0.0062 v=0.4862 ent=2.8348 ret=-3.550 exp_var=0.914
[K2_r1.0] iter=460/2000 steps=117760 | pi=-0.0031 v=0.5421 ent=2.9365 ret=-3.663 exp_var=0.910
[K2_r1.0] iter=480/2000 steps=122880 | pi=-0.0026 v=0.5680 ent=3.0087 ret=-3.745 exp_var=0.912
[K2_r1.0] iter=500/2000 steps=128000 | pi=-0.0014 v=0.4292 ent=3.1581 ret=-3.824 exp_var=0.933
[K2_r1.0] iter=520/2000 steps=133120 | pi=-0.0021 v=0.3328 ent=3.3098 ret=-3.775 exp_var=0.944
[K2_r1.0] iter=540/2000 steps=138240 | pi=0.0000 v=0.3540 ent=3.2806 ret=-3.820 exp_var=0.931
[K2_r1.0] iter=560/2000 steps=143360 | pi=-0.0034 v=0.2501 ent=2.9064 ret=-3.513 exp_var=0.959
[K2_r1.0] iter=580/2000 steps=148480 | pi=0.0000 v=0.2482 ent=2.7294 ret=-3.273 exp_var=0.963
[K2_r1.0] iter=600/2000 steps=153600 | pi=0.0087 v=0.2499 ent=2.8378 ret=-3.155 exp_var=0.965
[K2_r1.0] iter=620/2000 steps=158720 | pi=0.0031 v=0.2282 ent=2.8901 ret=-3.138 exp_var=0.970
[K2_r1.0] iter=640/2000 steps=163840 | pi=0.0063 v=0.1893 ent=3.0439 ret=-3.222 exp_var=0.976
[K2_r1.0] iter=660/2000 steps=168960 | pi=0.0028 v=0.2214 ent=3.2028 ret=-3.470 exp_var=0.974
[K2_r1.0] iter=680/2000 steps=174080 | pi=0.0034 v=0.3008 ent=3.2549 ret=-3.487 exp_var=0.962
[K2_r1.0] iter=700/2000 steps=179200 | pi=0.0010 v=0.1258 ent=3.2997 ret=-3.494 exp_var=0.981
[K2_r1.0] iter=720/2000 steps=184320 | pi=0.0026 v=0.1204 ent=3.2259 ret=-3.503 exp_var=0.982
[K2_r1.0] iter=740/2000 steps=189440 | pi=0.0151 v=0.1242 ent=3.4747 ret=-3.681 exp_var=0.978
[K2_r1.0] iter=760/2000 steps=194560 | pi=-0.0001 v=0.0963 ent=3.2890 ret=-3.455 exp_var=0.976
[K2_r1.0] iter=780/2000 steps=199680 | pi=0.0006 v=0.0547 ent=3.5933 ret=-3.155 exp_var=0.991
[K2_r1.0] iter=800/2000 steps=204800 | pi=0.0028 v=0.0014 ent=3.2138 ret=-3.032 exp_var=1.000
[K2_r1.0] iter=820/2000 steps=209920 | pi=0.0016 v=0.0008 ent=3.1162 ret=-2.991 exp_var=1.000
[K2_r1.0] iter=840/2000 steps=215040 | pi=0.0007 v=0.0040 ent=3.0509 ret=-2.932 exp_var=0.999
[K2_r1.0] iter=860/2000 steps=220160 | pi=-0.0031 v=0.0034 ent=2.8569 ret=-2.903 exp_var=0.999
[K2_r1.0] iter=880/2000 steps=225280 | pi=-0.0005 v=0.0064 ent=2.7623 ret=-2.876 exp_var=0.999
[K2_r1.0] iter=900/2000 steps=230400 | pi=-0.0020 v=0.0059 ent=2.9310 ret=-2.882 exp_var=0.999
[K2_r1.0] iter=920/2000 steps=235520 | pi=-0.0026 v=0.0034 ent=2.8178 ret=-2.909 exp_var=0.999
[K2_r1.0] iter=940/2000 steps=240640 | pi=-0.0012 v=0.0016 ent=2.7970 ret=-2.914 exp_var=1.000
[K2_r1.0] iter=960/2000 steps=245760 | pi=-0.0014 v=0.0010 ent=2.7930 ret=-2.929 exp_var=1.000
[K2_r1.0] iter=980/2000 steps=250880 | pi=-0.0020 v=0.0072 ent=2.6037 ret=-2.901 exp_var=0.999
[K2_r1.0] iter=1000/2000 steps=256000 | pi=-0.0034 v=0.0053 ent=2.5675 ret=-2.849 exp_var=0.999
[K2_r1.0] iter=1020/2000 steps=261120 | pi=-0.0019 v=0.0054 ent=2.4887 ret=-2.758 exp_var=0.999
[K2_r1.0] iter=1040/2000 steps=266240 | pi=-0.0023 v=0.0042 ent=2.4233 ret=-2.778 exp_var=0.999
[K2_r1.0] iter=1060/2000 steps=271360 | pi=-0.0038 v=0.0018 ent=2.4173 ret=-2.831 exp_var=1.000
[K2_r1.0] iter=1080/2000 steps=276480 | pi=-0.0027 v=0.0062 ent=2.3553 ret=-2.839 exp_var=0.999
[K2_r1.0] iter=1100/2000 steps=281600 | pi=-0.0033 v=0.0017 ent=2.3163 ret=-2.890 exp_var=1.000
[K2_r1.0] iter=1120/2000 steps=286720 | pi=-0.0023 v=0.0013 ent=2.3498 ret=-2.900 exp_var=1.000
[K2_r1.0] iter=1140/2000 steps=291840 | pi=-0.0019 v=0.0004 ent=2.4801 ret=-2.928 exp_var=1.000
[K2_r1.0] iter=1160/2000 steps=296960 | pi=-0.0016 v=0.0014 ent=2.4907 ret=-2.927 exp_var=1.000
[K2_r1.0] iter=1180/2000 steps=302080 | pi=0.0001 v=0.0012 ent=2.4991 ret=-2.971 exp_var=1.000
[K2_r1.0] iter=1200/2000 steps=307200 | pi=-0.0013 v=0.0013 ent=2.7847 ret=-2.980 exp_var=1.000
[K2_r1.0] iter=1220/2000 steps=312320 | pi=0.0023 v=0.0003 ent=2.7880 ret=-3.081 exp_var=1.000
[K2_r1.0] iter=1240/2000 steps=317440 | pi=0.0011 v=0.0008 ent=2.8095 ret=-3.033 exp_var=1.000
[K2_r1.0] iter=1260/2000 steps=322560 | pi=-0.0025 v=0.0029 ent=2.7010 ret=-2.862 exp_var=0.999
[K2_r1.0] iter=1280/2000 steps=327680 | pi=-0.0010 v=0.0015 ent=2.8078 ret=-2.882 exp_var=1.000
[K2_r1.0] iter=1300/2000 steps=332800 | pi=-0.0024 v=0.0024 ent=2.6920 ret=-2.836 exp_var=0.999
[K2_r1.0] iter=1320/2000 steps=337920 | pi=0.0007 v=0.0022 ent=2.6621 ret=-2.830 exp_var=0.999
[K2_r1.0] iter=1340/2000 steps=343040 | pi=-0.0025 v=0.0006 ent=2.7346 ret=-2.942 exp_var=1.000
[K2_r1.0] iter=1360/2000 steps=348160 | pi=0.0090 v=0.0003 ent=2.9285 ret=-2.943 exp_var=1.000
[K2_r1.0] iter=1380/2000 steps=353280 | pi=0.0017 v=0.0002 ent=2.9250 ret=-2.945 exp_var=1.000
[K2_r1.0] iter=1400/2000 steps=358400 | pi=-0.0016 v=0.0007 ent=2.9878 ret=-2.934 exp_var=1.000
[K2_r1.0] iter=1420/2000 steps=363520 | pi=-0.0016 v=0.0006 ent=2.8102 ret=-2.931 exp_var=1.000
[K2_r1.0] iter=1440/2000 steps=368640 | pi=-0.0034 v=0.0014 ent=2.6787 ret=-2.918 exp_var=1.000
[K2_r1.0] iter=1460/2000 steps=373760 | pi=-0.0031 v=0.0018 ent=2.5151 ret=-2.922 exp_var=1.000
[K2_r1.0] iter=1480/2000 steps=378880 | pi=0.1574 v=0.0016 ent=2.5508 ret=-2.933 exp_var=1.000
[K2_r1.0] iter=1500/2000 steps=384000 | pi=-0.0020 v=0.0134 ent=2.3283 ret=-2.702 exp_var=0.997
[K2_r1.0] iter=1520/2000 steps=389120 | pi=0.0002 v=0.0544 ent=2.0679 ret=-1.688 exp_var=0.989
[K2_r1.0] iter=1540/2000 steps=394240 | pi=-0.0017 v=0.0395 ent=1.9274 ret=-1.632 exp_var=0.992
[K2_r1.0] iter=1560/2000 steps=399360 | pi=-0.0014 v=0.0200 ent=1.8130 ret=-2.365 exp_var=0.996
[K2_r1.0] iter=1580/2000 steps=404480 | pi=-0.0022 v=0.0130 ent=1.7302 ret=-2.473 exp_var=0.997
[K2_r1.0] iter=1600/2000 steps=409600 | pi=-0.0007 v=0.0095 ent=1.7112 ret=-2.638 exp_var=0.998
[K2_r1.0] iter=1620/2000 steps=414720 | pi=-0.0007 v=0.0114 ent=1.6942 ret=-2.516 exp_var=0.997
[K2_r1.0] iter=1640/2000 steps=419840 | pi=-0.0022 v=0.0066 ent=1.6440 ret=-2.700 exp_var=0.998
[K2_r1.0] iter=1660/2000 steps=424960 | pi=-0.0007 v=0.0023 ent=1.6525 ret=-2.874 exp_var=0.999
[K2_r1.0] iter=1680/2000 steps=430080 | pi=-0.0022 v=0.0066 ent=1.5597 ret=-2.647 exp_var=0.998
[K2_r1.0] iter=1700/2000 steps=435200 | pi=-0.0023 v=0.0106 ent=1.4759 ret=-2.619 exp_var=0.998
[K2_r1.0] iter=1720/2000 steps=440320 | pi=-0.0001 v=0.0140 ent=1.3631 ret=-2.422 exp_var=0.997
[K2_r1.0] iter=1740/2000 steps=445440 | pi=0.0003 v=0.0125 ent=1.2340 ret=-2.478 exp_var=0.997
[K2_r1.0] iter=1760/2000 steps=450560 | pi=-0.0016 v=0.0060 ent=1.1559 ret=-2.748 exp_var=0.999
[K2_r1.0] iter=1780/2000 steps=455680 | pi=-0.0023 v=0.0052 ent=1.1415 ret=-2.734 exp_var=0.999
[K2_r1.0] iter=1800/2000 steps=460800 | pi=-0.0026 v=0.0053 ent=1.1059 ret=-2.758 exp_var=0.999
[K2_r1.0] iter=1820/2000 steps=465920 | pi=-0.0033 v=0.0078 ent=1.0318 ret=-2.658 exp_var=0.998
[K2_r1.0] iter=1840/2000 steps=471040 | pi=-0.0013 v=0.0098 ent=0.9939 ret=-2.633 exp_var=0.998
[K2_r1.0] iter=1860/2000 steps=476160 | pi=0.0132 v=0.0111 ent=0.9255 ret=-2.552 exp_var=0.997
[K2_r1.0] iter=1880/2000 steps=481280 | pi=-0.0020 v=0.0132 ent=0.8709 ret=-2.434 exp_var=0.997
[K2_r1.0] iter=1900/2000 steps=486400 | pi=-0.0017 v=0.0057 ent=0.8592 ret=-2.705 exp_var=0.999
[K2_r1.0] iter=1920/2000 steps=491520 | pi=-0.0023 v=0.0089 ent=0.7958 ret=-2.618 exp_var=0.998
[K2_r1.0] iter=1940/2000 steps=496640 | pi=-0.0002 v=0.0072 ent=0.7097 ret=-2.675 exp_var=0.998
[K2_r1.0] iter=1960/2000 steps=501760 | pi=-0.0011 v=0.0084 ent=0.6561 ret=-2.632 exp_var=0.998
[K2_r1.0] iter=1980/2000 steps=506880 | pi=-0.0021 v=0.0057 ent=0.6084 ret=-2.762 exp_var=0.999
[K2_r1.0] iter=2000/2000 steps=512000 | pi=-0.0007 v=0.0078 ent=0.5570 ret=-2.633 exp_var=0.998
Saved plot: /home/ak565492/gnn_experiments/outputs/cluster_results/gnn_K2_r1.0.png

[K2_r1.0] Final return: -2.633
=============================
End time: Tue Mar 17 09:42:28 EDT 2026
=============================
