=============================
Job ID:       585254
Array Task:   12
Node:         evc41
GPU:          0
Start time:   Wed Apr 15 18:35:49 EDT 2026
=============================
Running: PCP HetNet r=1.5 s=3/i=3
Using device: cuda
GPU: NVIDIA H100 PCIe
Env: PCP | 3S + 3I | world=5.0 | max_steps=80

=== HetNet/MAHAC | r_comm=1.5 (PCP) | device=cuda ===
  [DIAG] t=0 done_sum=0/256 reward_mean=-0.6806 reward_min=-1.0727 reward_max=-0.3569
  [DIAG] t=1 done_sum=0/256 reward_mean=-0.6807 reward_min=-1.0723 reward_max=-0.3573
  [DIAG] t=2 done_sum=0/256 reward_mean=-0.6808 reward_min=-1.0720 reward_max=-0.3571
  [DIAG] t=255 done_sum=256/256 reward_mean=-0.8248 reward_min=-1.3841 reward_max=-0.4065
  [ROLLOUT SUMMARY] total_dones=45312 expected_if_100step_eps≈512 reward_global_mean=-0.7395 reward_global_std=0.1498
[HetNet] iter=1/1500 steps=256/384000 | pi_s=0.0079 pi_i=0.0097 v=60.6046 ent_s=2.839 ent_i=2.839 ret=-1.070 ev_s_post=0.000 ev_i_post=-0.013 r_s=1.000 r_i=1.000 std_s=0.00 std_i=0.00
  [DIAG] t=0 done_sum=0/256 reward_mean=-0.6826 reward_min=-1.0090 reward_max=-0.4110
  [DIAG] t=1 done_sum=0/256 reward_mean=-0.6828 reward_min=-1.0091 reward_max=-0.4114
  [DIAG] t=2 done_sum=0/256 reward_mean=-0.6830 reward_min=-1.0097 reward_max=-0.4115
  [DIAG] t=255 done_sum=256/256 reward_mean=-0.8465 reward_min=-1.3694 reward_max=-0.3920
  [ROLLOUT SUMMARY] total_dones=45312 expected_if_100step_eps≈512 reward_global_mean=-0.7534 reward_global_std=0.1548
  [DIAG] t=0 done_sum=0/256 reward_mean=-0.6688 reward_min=-0.9963 reward_max=-0.3908
  [DIAG] t=1 done_sum=0/256 reward_mean=-0.6688 reward_min=-0.9970 reward_max=-0.3914
  [DIAG] t=2 done_sum=0/256 reward_mean=-0.6689 reward_min=-0.9982 reward_max=-0.3919
  [DIAG] t=255 done_sum=256/256 reward_mean=-0.8183 reward_min=-1.3323 reward_max=-0.4976
  [ROLLOUT SUMMARY] total_dones=45312 expected_if_100step_eps≈512 reward_global_mean=-0.7292 reward_global_std=0.1375
  [DIAG] t=0 done_sum=0/256 reward_mean=-0.6883 reward_min=-1.0235 reward_max=-0.4437
  [DIAG] t=1 done_sum=0/256 reward_mean=-0.6884 reward_min=-1.0235 reward_max=-0.4424
  [DIAG] t=2 done_sum=0/256 reward_mean=-0.6886 reward_min=-1.0242 reward_max=-0.4408
  [DIAG] t=255 done_sum=256/256 reward_mean=-0.8552 reward_min=-1.2343 reward_max=-0.4027
  [ROLLOUT SUMMARY] total_dones=45312 expected_if_100step_eps≈512 reward_global_mean=-0.7623 reward_global_std=0.1596
  [DIAG] t=0 done_sum=0/256 reward_mean=-0.6682 reward_min=-0.9815 reward_max=-0.2851
  [DIAG] t=1 done_sum=0/256 reward_mean=-0.6684 reward_min=-0.9816 reward_max=-0.2846
  [DIAG] t=2 done_sum=0/256 reward_mean=-0.6686 reward_min=-0.9811 reward_max=-0.2843
  [DIAG] t=255 done_sum=256/256 reward_mean=-0.8405 reward_min=-1.3399 reward_max=-0.4277
  [ROLLOUT SUMMARY] total_dones=45312 expected_if_100step_eps≈512 reward_global_mean=-0.7418 reward_global_std=0.1509
  [DIAG] t=0 done_sum=0/256 reward_mean=-0.6881 reward_min=-1.1250 reward_max=-0.4627
  [DIAG] t=1 done_sum=0/256 reward_mean=-0.6883 reward_min=-1.1260 reward_max=-0.4640
  [DIAG] t=2 done_sum=0/256 reward_mean=-0.6885 reward_min=-1.1274 reward_max=-0.4658
  [DIAG] t=255 done_sum=256/256 reward_mean=-0.8431 reward_min=-1.4998 reward_max=-0.4680
  [ROLLOUT SUMMARY] total_dones=45312 expected_if_100step_eps≈512 reward_global_mean=-0.7559 reward_global_std=0.1440
  [DIAG] t=0 done_sum=0/256 reward_mean=-0.6670 reward_min=-1.1026 reward_max=-0.3135
  [DIAG] t=1 done_sum=0/256 reward_mean=-0.6673 reward_min=-1.1023 reward_max=-0.3129
  [DIAG] t=2 done_sum=0/256 reward_mean=-0.6678 reward_min=-1.1024 reward_max=-0.3113
  [DIAG] t=255 done_sum=256/256 reward_mean=-0.8209 reward_min=-1.3039 reward_max=-0.4503
  [ROLLOUT SUMMARY] total_dones=45312 expected_if_100step_eps≈512 reward_global_mean=-0.7364 reward_global_std=0.1563
  [DIAG] t=0 done_sum=0/256 reward_mean=-0.6734 reward_min=-1.1145 reward_max=-0.3891
  [DIAG] t=1 done_sum=0/256 reward_mean=-0.6736 reward_min=-1.1154 reward_max=-0.3885
  [DIAG] t=2 done_sum=0/256 reward_mean=-0.6737 reward_min=-1.1157 reward_max=-0.3875
  [DIAG] t=255 done_sum=256/256 reward_mean=-0.8157 reward_min=-1.2796 reward_max=-0.4591
  [ROLLOUT SUMMARY] total_dones=45312 expected_if_100step_eps≈512 reward_global_mean=-0.7376 reward_global_std=0.1449
  [DIAG] t=0 done_sum=0/256 reward_mean=-0.6640 reward_min=-1.0540 reward_max=-0.3354
  [DIAG] t=1 done_sum=0/256 reward_mean=-0.6641 reward_min=-1.0539 reward_max=-0.3351
  [DIAG] t=2 done_sum=0/256 reward_mean=-0.6643 reward_min=-1.0532 reward_max=-0.3352
  [DIAG] t=255 done_sum=256/256 reward_mean=-0.8213 reward_min=-1.2940 reward_max=-0.4550
  [ROLLOUT SUMMARY] total_dones=45312 expected_if_100step_eps≈512 reward_global_mean=-0.7353 reward_global_std=0.1533
  [DIAG] t=0 done_sum=0/256 reward_mean=-0.6885 reward_min=-1.1189 reward_max=-0.3822
  [DIAG] t=1 done_sum=0/256 reward_mean=-0.6887 reward_min=-1.1196 reward_max=-0.3819
  [DIAG] t=2 done_sum=0/256 reward_mean=-0.6892 reward_min=-1.1204 reward_max=-0.3826
  [DIAG] t=255 done_sum=256/256 reward_mean=-0.8331 reward_min=-1.3576 reward_max=-0.4528
  [ROLLOUT SUMMARY] total_dones=45312 expected_if_100step_eps≈512 reward_global_mean=-0.7590 reward_global_std=0.1515
  [DIAG] t=0 done_sum=0/256 reward_mean=-0.6627 reward_min=-0.9992 reward_max=-0.2814
  [DIAG] t=1 done_sum=0/256 reward_mean=-0.6629 reward_min=-0.9987 reward_max=-0.2814
  [DIAG] t=2 done_sum=0/256 reward_mean=-0.6629 reward_min=-0.9981 reward_max=-0.2812
  [DIAG] t=255 done_sum=256/256 reward_mean=-0.8076 reward_min=-1.2710 reward_max=-0.3414
  [ROLLOUT SUMMARY] total_dones=45312 expected_if_100step_eps≈512 reward_global_mean=-0.7292 reward_global_std=0.1493
  [DIAG] t=0 done_sum=0/256 reward_mean=-0.6792 reward_min=-1.0375 reward_max=-0.4402
  [DIAG] t=1 done_sum=0/256 reward_mean=-0.6793 reward_min=-1.0381 reward_max=-0.4417
  [DIAG] t=2 done_sum=0/256 reward_mean=-0.6795 reward_min=-1.0391 reward_max=-0.4428
  [DIAG] t=255 done_sum=256/256 reward_mean=-0.8177 reward_min=-1.2814 reward_max=-0.4550
  [ROLLOUT SUMMARY] total_dones=45312 expected_if_100step_eps≈512 reward_global_mean=-0.7437 reward_global_std=0.1377
  [DIAG] t=0 done_sum=0/256 reward_mean=-0.6721 reward_min=-1.0023 reward_max=-0.3379
  [DIAG] t=1 done_sum=0/256 reward_mean=-0.6722 reward_min=-1.0028 reward_max=-0.3380
  [DIAG] t=2 done_sum=0/256 reward_mean=-0.6723 reward_min=-1.0037 reward_max=-0.3387
  [DIAG] t=255 done_sum=256/256 reward_mean=-0.8318 reward_min=-1.3607 reward_max=-0.4282
  [ROLLOUT SUMMARY] total_dones=45312 expected_if_100step_eps≈512 reward_global_mean=-0.7448 reward_global_std=0.1512
  [DIAG] t=0 done_sum=0/256 reward_mean=-0.6687 reward_min=-1.0112 reward_max=-0.3354
  [DIAG] t=1 done_sum=0/256 reward_mean=-0.6688 reward_min=-1.0121 reward_max=-0.3357
  [DIAG] t=2 done_sum=0/256 reward_mean=-0.6690 reward_min=-1.0129 reward_max=-0.3359
  [DIAG] t=255 done_sum=256/256 reward_mean=-0.8068 reward_min=-1.2939 reward_max=-0.4493
  [ROLLOUT SUMMARY] total_dones=45312 expected_if_100step_eps≈512 reward_global_mean=-0.7325 reward_global_std=0.1418
  [DIAG] t=0 done_sum=0/256 reward_mean=-0.6758 reward_min=-1.0926 reward_max=-0.2630
  [DIAG] t=1 done_sum=0/256 reward_mean=-0.6759 reward_min=-1.0919 reward_max=-0.2639
  [DIAG] t=2 done_sum=0/256 reward_mean=-0.6762 reward_min=-1.0908 reward_max=-0.2645
  [DIAG] t=255 done_sum=256/256 reward_mean=-0.8098 reward_min=-1.2623 reward_max=-0.3696
  [ROLLOUT SUMMARY] total_dones=45312 expected_if_100step_eps≈512 reward_global_mean=-0.7389 reward_global_std=0.1480
  [DIAG] t=0 done_sum=0/256 reward_mean=-0.6846 reward_min=-1.0581 reward_max=-0.4189
  [DIAG] t=1 done_sum=0/256 reward_mean=-0.6848 reward_min=-1.0596 reward_max=-0.4190
  [DIAG] t=2 done_sum=0/256 reward_mean=-0.6848 reward_min=-1.0618 reward_max=-0.4187
  [DIAG] t=255 done_sum=256/256 reward_mean=-0.8120 reward_min=-1.3921 reward_max=-0.3612
  [ROLLOUT SUMMARY] total_dones=45312 expected_if_100step_eps≈512 reward_global_mean=-0.7471 reward_global_std=0.1520
  [DIAG] t=0 done_sum=0/256 reward_mean=-0.6844 reward_min=-1.0144 reward_max=-0.3990
  [DIAG] t=1 done_sum=0/256 reward_mean=-0.6846 reward_min=-1.0155 reward_max=-0.3985
  [DIAG] t=2 done_sum=0/256 reward_mean=-0.6848 reward_min=-1.0165 reward_max=-0.3984
  [DIAG] t=255 done_sum=256/256 reward_mean=-0.8242 reward_min=-1.2793 reward_max=-0.3772
  [ROLLOUT SUMMARY] total_dones=45312 expected_if_100step_eps≈512 reward_global_mean=-0.7529 reward_global_std=0.1443
  [DIAG] t=0 done_sum=0/256 reward_mean=-0.6690 reward_min=-0.9833 reward_max=-0.3956
  [DIAG] t=1 done_sum=0/256 reward_mean=-0.6691 reward_min=-0.9834 reward_max=-0.3956
  [DIAG] t=2 done_sum=0/256 reward_mean=-0.6692 reward_min=-0.9840 reward_max=-0.3955
