=============================
Job ID:       567208
Array Task:   8
Node:         evc8
GPU:          0
Start time:   Mon Mar 16 22:34:18 EDT 2026
=============================
Running: GNN K=5 r_comm=1.5
Device: cuda
GPU: Tesla V100-PCIE-16GB

=== GNN | K=5, r_comm=1.5 | device=cuda ===
[K5_r1.5] iter=1/2000 steps=256 | pi=-0.0011 v=0.4732 ent=2.8265 ret=-4.943 exp_var=0.931
[K5_r1.5] iter=20/2000 steps=5120 | pi=-0.0026 v=49.9516 ent=2.7871 ret=-3.525 exp_var=0.885
[K5_r1.5] iter=40/2000 steps=10240 | pi=-0.0029 v=14.5769 ent=2.7922 ret=-3.996 exp_var=0.867
[K5_r1.5] iter=60/2000 steps=15360 | pi=-0.0037 v=4.8534 ent=2.8019 ret=-4.437 exp_var=0.906
[K5_r1.5] iter=80/2000 steps=20480 | pi=-0.0027 v=2.6803 ent=2.8126 ret=-3.615 exp_var=0.920
[K5_r1.5] iter=100/2000 steps=25600 | pi=-0.0034 v=0.2131 ent=2.9174 ret=-3.981 exp_var=0.952
[K5_r1.5] iter=120/2000 steps=30720 | pi=-0.0046 v=0.0224 ent=2.8354 ret=-2.459 exp_var=0.995
[K5_r1.5] iter=140/2000 steps=35840 | pi=-0.0037 v=0.0084 ent=2.8585 ret=-2.875 exp_var=0.998
[K5_r1.5] iter=160/2000 steps=40960 | pi=-0.0024 v=0.0023 ent=3.0417 ret=-2.851 exp_var=0.999
[K5_r1.5] iter=180/2000 steps=46080 | pi=-0.0020 v=0.0031 ent=3.0715 ret=-2.931 exp_var=0.999
[K5_r1.5] iter=200/2000 steps=51200 | pi=0.0010 v=0.0013 ent=3.3068 ret=-3.029 exp_var=1.000
[K5_r1.5] iter=220/2000 steps=56320 | pi=-0.0039 v=0.0031 ent=2.9395 ret=-3.132 exp_var=0.999
[K5_r1.5] iter=240/2000 steps=61440 | pi=-0.0038 v=0.0012 ent=2.8855 ret=-3.191 exp_var=1.000
[K5_r1.5] iter=260/2000 steps=66560 | pi=-0.0001 v=0.0003 ent=3.0717 ret=-3.120 exp_var=1.000
[K5_r1.5] iter=280/2000 steps=71680 | pi=-0.0022 v=0.0033 ent=2.9632 ret=-2.997 exp_var=0.999
[K5_r1.5] iter=300/2000 steps=76800 | pi=-0.0044 v=0.0040 ent=2.7478 ret=-2.998 exp_var=0.999
[K5_r1.5] iter=320/2000 steps=81920 | pi=-0.0028 v=0.0046 ent=2.5343 ret=-3.010 exp_var=0.999
[K5_r1.5] iter=340/2000 steps=87040 | pi=-0.0028 v=0.0019 ent=2.4484 ret=-3.088 exp_var=1.000
[K5_r1.5] iter=360/2000 steps=92160 | pi=-0.0044 v=0.0051 ent=2.7635 ret=-2.977 exp_var=0.999
