=============================
Job ID:       567242
Array Task:   4
Node:         evc5
GPU:          0
Start time:   Tue Mar 17 00:45:09 EDT 2026
=============================
Running: GNN K=3 r_comm=1.0
Device: cuda
GPU: Tesla V100-PCIE-16GB

=== GNN | K=3, r_comm=1.0 | device=cuda ===
[K3_r1.0] iter=1/2000 steps=256 | pi=-0.0014 v=7.2940 ent=2.8311 ret=-4.822 exp_var=0.280
[K3_r1.0] iter=20/2000 steps=5120 | pi=-0.0017 v=24.5672 ent=2.8429 ret=-3.672 exp_var=0.663
[K3_r1.0] iter=40/2000 steps=10240 | pi=-0.0029 v=18.2249 ent=2.8126 ret=-4.290 exp_var=0.540
[K3_r1.0] iter=60/2000 steps=15360 | pi=-0.0024 v=11.0772 ent=2.8301 ret=-4.535 exp_var=0.378
[K3_r1.0] iter=80/2000 steps=20480 | pi=-0.0028 v=6.0972 ent=2.8144 ret=-3.136 exp_var=0.527
[K3_r1.0] iter=100/2000 steps=25600 | pi=-0.0023 v=3.3875 ent=2.7350 ret=-2.587 exp_var=0.651
[K3_r1.0] iter=120/2000 steps=30720 | pi=-0.0020 v=1.8608 ent=2.6117 ret=-2.280 exp_var=0.749
[K3_r1.0] iter=140/2000 steps=35840 | pi=-0.0025 v=1.9378 ent=2.5900 ret=-2.409 exp_var=0.765
[K3_r1.0] iter=160/2000 steps=40960 | pi=-0.0021 v=1.8214 ent=2.5376 ret=-2.674 exp_var=0.756
[K3_r1.0] iter=180/2000 steps=46080 | pi=-0.0026 v=1.6119 ent=2.4828 ret=-2.884 exp_var=0.774
[K3_r1.0] iter=200/2000 steps=51200 | pi=-0.0023 v=1.6920 ent=2.5557 ret=-3.154 exp_var=0.787
[K3_r1.0] iter=220/2000 steps=56320 | pi=-0.0023 v=1.5956 ent=2.5491 ret=-3.076 exp_var=0.846
[K3_r1.0] iter=240/2000 steps=61440 | pi=-0.0025 v=2.1365 ent=2.5314 ret=-3.136 exp_var=0.710
[K3_r1.0] iter=260/2000 steps=66560 | pi=-0.0030 v=1.1429 ent=2.5199 ret=-2.934 exp_var=0.846
[K3_r1.0] iter=280/2000 steps=71680 | pi=-0.0028 v=0.8569 ent=2.6115 ret=-2.809 exp_var=0.876
[K3_r1.0] iter=300/2000 steps=76800 | pi=-0.0014 v=0.5760 ent=2.6359 ret=-2.796 exp_var=0.910
[K3_r1.0] iter=320/2000 steps=81920 | pi=-0.0021 v=0.7271 ent=2.7168 ret=-2.918 exp_var=0.880
[K3_r1.0] iter=340/2000 steps=87040 | pi=-0.0020 v=0.3347 ent=2.8943 ret=-2.992 exp_var=0.957
[K3_r1.0] iter=360/2000 steps=92160 | pi=-0.0016 v=0.3952 ent=2.8516 ret=-2.839 exp_var=0.953
[K3_r1.0] iter=380/2000 steps=97280 | pi=-0.0020 v=0.3923 ent=2.8198 ret=-2.861 exp_var=0.959
[K3_r1.0] iter=400/2000 steps=102400 | pi=-0.0018 v=0.3240 ent=2.8095 ret=-2.754 exp_var=0.933
[K3_r1.0] iter=420/2000 steps=107520 | pi=-0.0012 v=0.3042 ent=2.9408 ret=-2.866 exp_var=0.941
[K3_r1.0] iter=440/2000 steps=112640 | pi=-0.0012 v=0.0855 ent=2.9273 ret=-2.667 exp_var=0.987
[K3_r1.0] iter=460/2000 steps=117760 | pi=-0.0008 v=0.0176 ent=2.7387 ret=-2.930 exp_var=0.995
[K3_r1.0] iter=480/2000 steps=122880 | pi=-0.0013 v=0.0135 ent=2.6664 ret=-2.801 exp_var=0.997
[K3_r1.0] iter=500/2000 steps=128000 | pi=-0.0002 v=0.0098 ent=2.6218 ret=-2.791 exp_var=0.998
[K3_r1.0] iter=520/2000 steps=133120 | pi=0.0001 v=0.0072 ent=2.5423 ret=-2.776 exp_var=0.998
[K3_r1.0] iter=540/2000 steps=138240 | pi=0.0029 v=0.0058 ent=2.4478 ret=-2.840 exp_var=0.999
[K3_r1.0] iter=560/2000 steps=143360 | pi=0.0049 v=0.0062 ent=2.4069 ret=-2.964 exp_var=0.998
[K3_r1.0] iter=580/2000 steps=148480 | pi=0.0375 v=0.0037 ent=2.4056 ret=-3.000 exp_var=0.999
[K3_r1.0] iter=600/2000 steps=153600 | pi=0.0010 v=0.0048 ent=2.3925 ret=-2.959 exp_var=0.999
[K3_r1.0] iter=620/2000 steps=158720 | pi=0.0007 v=0.0033 ent=2.3423 ret=-2.879 exp_var=0.999
[K3_r1.0] iter=640/2000 steps=163840 | pi=-0.0004 v=0.0038 ent=2.3761 ret=-2.858 exp_var=0.999
[K3_r1.0] iter=660/2000 steps=168960 | pi=-0.0014 v=0.0031 ent=2.1948 ret=-2.840 exp_var=0.999
[K3_r1.0] iter=680/2000 steps=174080 | pi=-0.0004 v=0.0019 ent=2.0265 ret=-2.849 exp_var=1.000
[K3_r1.0] iter=700/2000 steps=179200 | pi=-0.0003 v=0.0015 ent=2.1012 ret=-2.875 exp_var=1.000
[K3_r1.0] iter=720/2000 steps=184320 | pi=0.0022 v=0.0017 ent=2.1623 ret=-2.858 exp_var=1.000
[K3_r1.0] iter=740/2000 steps=189440 | pi=-0.0008 v=0.0010 ent=2.0994 ret=-2.964 exp_var=1.000
[K3_r1.0] iter=760/2000 steps=194560 | pi=-0.0005 v=0.0016 ent=2.1793 ret=-3.003 exp_var=1.000
[K3_r1.0] iter=780/2000 steps=199680 | pi=0.0010 v=0.0036 ent=2.2896 ret=-3.257 exp_var=0.999
[K3_r1.0] iter=800/2000 steps=204800 | pi=-0.0007 v=0.0048 ent=2.2783 ret=-3.443 exp_var=0.999
[K3_r1.0] iter=820/2000 steps=209920 | pi=-0.0010 v=0.0041 ent=2.2287 ret=-3.526 exp_var=0.999
[K3_r1.0] iter=840/2000 steps=215040 | pi=-0.0014 v=0.0042 ent=2.1994 ret=-3.214 exp_var=0.999
[K3_r1.0] iter=860/2000 steps=220160 | pi=-0.0023 v=0.0073 ent=2.2208 ret=-3.127 exp_var=0.998
[K3_r1.0] iter=880/2000 steps=225280 | pi=-0.0014 v=0.0034 ent=2.3301 ret=-3.278 exp_var=0.999
[K3_r1.0] iter=900/2000 steps=230400 | pi=-0.0017 v=0.0041 ent=2.3910 ret=-3.296 exp_var=0.999
[K3_r1.0] iter=920/2000 steps=235520 | pi=-0.0003 v=0.0032 ent=2.4177 ret=-3.211 exp_var=0.999
[K3_r1.0] iter=940/2000 steps=240640 | pi=-0.0004 v=0.0038 ent=2.3973 ret=-3.080 exp_var=0.999
[K3_r1.0] iter=960/2000 steps=245760 | pi=0.0022 v=0.0015 ent=2.3477 ret=-3.064 exp_var=1.000
[K3_r1.0] iter=980/2000 steps=250880 | pi=0.0006 v=0.0013 ent=2.3109 ret=-3.047 exp_var=1.000
[K3_r1.0] iter=1000/2000 steps=256000 | pi=0.0023 v=0.0012 ent=2.2967 ret=-3.035 exp_var=1.000
[K3_r1.0] iter=1020/2000 steps=261120 | pi=0.0004 v=0.0018 ent=2.2847 ret=-3.029 exp_var=1.000
[K3_r1.0] iter=1040/2000 steps=266240 | pi=0.0022 v=0.0011 ent=2.2445 ret=-3.017 exp_var=1.000
[K3_r1.0] iter=1060/2000 steps=271360 | pi=0.0235 v=0.0014 ent=2.3006 ret=-3.017 exp_var=1.000
[K3_r1.0] iter=1080/2000 steps=276480 | pi=-0.0004 v=0.0009 ent=2.2745 ret=-3.017 exp_var=1.000
[K3_r1.0] iter=1100/2000 steps=281600 | pi=0.0008 v=0.0011 ent=2.1962 ret=-2.982 exp_var=1.000
[K3_r1.0] iter=1120/2000 steps=286720 | pi=0.0101 v=0.0005 ent=2.1652 ret=-2.952 exp_var=1.000
[K3_r1.0] iter=1140/2000 steps=291840 | pi=0.0023 v=0.0006 ent=2.1963 ret=-2.946 exp_var=1.000
[K3_r1.0] iter=1160/2000 steps=296960 | pi=0.0034 v=0.0004 ent=2.1690 ret=-2.939 exp_var=1.000
[K3_r1.0] iter=1180/2000 steps=302080 | pi=0.0169 v=0.0010 ent=2.2272 ret=-2.993 exp_var=1.000
[K3_r1.0] iter=1200/2000 steps=307200 | pi=-0.0010 v=0.0027 ent=2.2793 ret=-3.027 exp_var=0.999
[K3_r1.0] iter=1220/2000 steps=312320 | pi=0.0010 v=0.0039 ent=2.5008 ret=-3.127 exp_var=0.999
[K3_r1.0] iter=1240/2000 steps=317440 | pi=0.0004 v=0.0034 ent=2.4413 ret=-3.153 exp_var=0.999
[K3_r1.0] iter=1260/2000 steps=322560 | pi=-0.0006 v=0.0029 ent=2.4079 ret=-3.122 exp_var=0.999
[K3_r1.0] iter=1280/2000 steps=327680 | pi=-0.0009 v=0.0029 ent=2.3292 ret=-3.143 exp_var=0.999
[K3_r1.0] iter=1300/2000 steps=332800 | pi=-0.0005 v=0.0016 ent=2.3983 ret=-3.221 exp_var=1.000
[K3_r1.0] iter=1320/2000 steps=337920 | pi=-0.0008 v=0.0012 ent=2.2907 ret=-3.251 exp_var=1.000
[K3_r1.0] iter=1340/2000 steps=343040 | pi=-0.0013 v=0.0010 ent=2.2836 ret=-3.252 exp_var=1.000
[K3_r1.0] iter=1360/2000 steps=348160 | pi=-0.0001 v=0.0010 ent=2.3958 ret=-3.221 exp_var=1.000
[K3_r1.0] iter=1380/2000 steps=353280 | pi=-0.0010 v=0.0021 ent=2.3616 ret=-3.208 exp_var=0.999
[K3_r1.0] iter=1400/2000 steps=358400 | pi=0.0005 v=0.0009 ent=2.3451 ret=-3.072 exp_var=1.000
[K3_r1.0] iter=1420/2000 steps=363520 | pi=-0.0012 v=0.0007 ent=2.2468 ret=-3.014 exp_var=1.000
[K3_r1.0] iter=1440/2000 steps=368640 | pi=-0.0015 v=0.0006 ent=2.1999 ret=-3.055 exp_var=1.000
[K3_r1.0] iter=1460/2000 steps=373760 | pi=-0.0005 v=0.0004 ent=2.1796 ret=-2.987 exp_var=1.000
[K3_r1.0] iter=1480/2000 steps=378880 | pi=-0.0021 v=0.0008 ent=2.1306 ret=-2.984 exp_var=1.000
[K3_r1.0] iter=1500/2000 steps=384000 | pi=-0.0001 v=0.0004 ent=2.1972 ret=-2.943 exp_var=1.000
[K3_r1.0] iter=1520/2000 steps=389120 | pi=0.0043 v=0.0004 ent=2.2674 ret=-2.928 exp_var=1.000
[K3_r1.0] iter=1540/2000 steps=394240 | pi=0.0020 v=0.0004 ent=2.2175 ret=-2.906 exp_var=1.000
[K3_r1.0] iter=1560/2000 steps=399360 | pi=-0.0012 v=0.0003 ent=2.1324 ret=-2.899 exp_var=1.000
[K3_r1.0] iter=1580/2000 steps=404480 | pi=0.0002 v=0.0002 ent=2.1026 ret=-2.864 exp_var=1.000
[K3_r1.0] iter=1600/2000 steps=409600 | pi=-0.0002 v=0.0003 ent=2.1393 ret=-2.873 exp_var=1.000
[K3_r1.0] iter=1620/2000 steps=414720 | pi=0.0044 v=0.0007 ent=2.3645 ret=-2.821 exp_var=1.000
[K3_r1.0] iter=1640/2000 steps=419840 | pi=0.0050 v=0.0006 ent=2.3506 ret=-2.803 exp_var=1.000
[K3_r1.0] iter=1660/2000 steps=424960 | pi=0.0135 v=0.0007 ent=2.2739 ret=-2.783 exp_var=1.000
[K3_r1.0] iter=1680/2000 steps=430080 | pi=0.0037 v=0.0010 ent=2.2806 ret=-2.758 exp_var=1.000
[K3_r1.0] iter=1700/2000 steps=435200 | pi=0.0043 v=0.0008 ent=2.3147 ret=-2.796 exp_var=1.000
[K3_r1.0] iter=1720/2000 steps=440320 | pi=-0.0000 v=0.0007 ent=2.2798 ret=-2.772 exp_var=1.000
[K3_r1.0] iter=1740/2000 steps=445440 | pi=0.0007 v=0.0006 ent=2.2837 ret=-2.821 exp_var=1.000
[K3_r1.0] iter=1760/2000 steps=450560 | pi=0.0025 v=0.0005 ent=2.3862 ret=-2.869 exp_var=1.000
[K3_r1.0] iter=1780/2000 steps=455680 | pi=0.0031 v=0.0003 ent=2.2384 ret=-2.884 exp_var=1.000
[K3_r1.0] iter=1800/2000 steps=460800 | pi=0.0012 v=0.0003 ent=2.1650 ret=-2.873 exp_var=1.000
[K3_r1.0] iter=1820/2000 steps=465920 | pi=-0.0005 v=0.0002 ent=2.0822 ret=-2.856 exp_var=1.000
[K3_r1.0] iter=1840/2000 steps=471040 | pi=0.0009 v=0.0001 ent=2.0395 ret=-2.885 exp_var=1.000
[K3_r1.0] iter=1860/2000 steps=476160 | pi=-0.0005 v=0.0002 ent=2.0037 ret=-2.903 exp_var=1.000
[K3_r1.0] iter=1880/2000 steps=481280 | pi=0.0039 v=0.0004 ent=2.0278 ret=-2.903 exp_var=1.000
[K3_r1.0] iter=1900/2000 steps=486400 | pi=0.0010 v=0.0002 ent=2.0517 ret=-2.955 exp_var=1.000
[K3_r1.0] iter=1920/2000 steps=491520 | pi=0.0009 v=0.0002 ent=2.0785 ret=-3.016 exp_var=1.000
[K3_r1.0] iter=1940/2000 steps=496640 | pi=0.0001 v=0.0001 ent=2.0840 ret=-3.047 exp_var=1.000
[K3_r1.0] iter=1960/2000 steps=501760 | pi=0.0031 v=0.0002 ent=2.1183 ret=-3.085 exp_var=1.000
[K3_r1.0] iter=1980/2000 steps=506880 | pi=-0.0001 v=0.0007 ent=2.1774 ret=-3.085 exp_var=1.000
[K3_r1.0] iter=2000/2000 steps=512000 | pi=0.0044 v=0.0004 ent=2.2106 ret=-3.094 exp_var=1.000
Saved plot: /home/ak565492/gnn_experiments/outputs/cluster_results/gnn_K3_r1.0.png

[K3_r1.0] Final return: -3.094
=============================
End time: Tue Mar 17 09:45:42 EDT 2026
=============================
