=============================
Job ID:       567244
Array Task:   6
Node:         evc6
GPU:          0
Start time:   Tue Mar 17 00:45:09 EDT 2026
=============================
Running: GNN K=3 r_comm=2.0
Device: cuda
GPU: Tesla V100-PCIE-16GB

=== GNN | K=3, r_comm=2.0 | device=cuda ===
[K3_r2.0] iter=1/2000 steps=256 | pi=-0.0014 v=7.3087 ent=2.8299 ret=-4.863 exp_var=0.286
[K3_r2.0] iter=20/2000 steps=5120 | pi=-0.0027 v=20.2823 ent=2.8199 ret=-3.232 exp_var=0.631
[K3_r2.0] iter=40/2000 steps=10240 | pi=-0.0023 v=21.6912 ent=2.8321 ret=-4.840 exp_var=0.475
[K3_r2.0] iter=60/2000 steps=15360 | pi=-0.0017 v=8.5706 ent=2.9613 ret=-4.980 exp_var=0.455
[K3_r2.0] iter=80/2000 steps=20480 | pi=-0.0010 v=3.0043 ent=2.9720 ret=-5.288 exp_var=0.620
[K3_r2.0] iter=100/2000 steps=25600 | pi=-0.0028 v=1.2541 ent=2.9096 ret=-2.985 exp_var=0.795
[K3_r2.0] iter=120/2000 steps=30720 | pi=-0.0026 v=0.2585 ent=2.9484 ret=-2.813 exp_var=0.947
[K3_r2.0] iter=140/2000 steps=35840 | pi=-0.0042 v=0.0240 ent=2.9767 ret=-2.540 exp_var=0.995
[K3_r2.0] iter=160/2000 steps=40960 | pi=-0.0041 v=0.0104 ent=2.7227 ret=-2.925 exp_var=0.997
[K3_r2.0] iter=180/2000 steps=46080 | pi=-0.0039 v=0.0092 ent=2.5536 ret=-2.866 exp_var=0.998
[K3_r2.0] iter=200/2000 steps=51200 | pi=-0.0021 v=0.0134 ent=2.4771 ret=-2.739 exp_var=0.997
[K3_r2.0] iter=220/2000 steps=56320 | pi=-0.0043 v=0.0073 ent=2.3623 ret=-2.814 exp_var=0.998
[K3_r2.0] iter=240/2000 steps=61440 | pi=-0.0041 v=0.0033 ent=2.3158 ret=-2.996 exp_var=0.999
[K3_r2.0] iter=260/2000 steps=66560 | pi=-0.0030 v=0.0073 ent=2.3110 ret=-2.922 exp_var=0.998
[K3_r2.0] iter=280/2000 steps=71680 | pi=-0.0032 v=0.0063 ent=2.1061 ret=-2.850 exp_var=0.998
[K3_r2.0] iter=300/2000 steps=76800 | pi=-0.0032 v=0.0051 ent=2.0541 ret=-2.911 exp_var=0.999
[K3_r2.0] iter=320/2000 steps=81920 | pi=-0.0026 v=0.0123 ent=2.0663 ret=-2.768 exp_var=0.997
[K3_r2.0] iter=340/2000 steps=87040 | pi=-0.0004 v=0.0126 ent=1.9786 ret=-2.770 exp_var=0.997
[K3_r2.0] iter=360/2000 steps=92160 | pi=-0.0035 v=0.0086 ent=1.9390 ret=-3.085 exp_var=0.998
[K3_r2.0] iter=380/2000 steps=97280 | pi=-0.0034 v=0.0061 ent=1.9608 ret=-3.297 exp_var=0.998
[K3_r2.0] iter=400/2000 steps=102400 | pi=-0.0039 v=0.0044 ent=1.9556 ret=-3.288 exp_var=0.999
[K3_r2.0] iter=420/2000 steps=107520 | pi=0.0642 v=0.0009 ent=2.0915 ret=-3.322 exp_var=1.000
[K3_r2.0] iter=440/2000 steps=112640 | pi=-0.0032 v=0.0011 ent=2.4700 ret=-3.353 exp_var=1.000
[K3_r2.0] iter=460/2000 steps=117760 | pi=-0.0043 v=0.0010 ent=2.4914 ret=-3.318 exp_var=1.000
[K3_r2.0] iter=480/2000 steps=122880 | pi=0.0102 v=0.0010 ent=2.7801 ret=-3.295 exp_var=1.000
[K3_r2.0] iter=500/2000 steps=128000 | pi=-0.0033 v=0.0012 ent=2.5162 ret=-3.050 exp_var=1.000
[K3_r2.0] iter=520/2000 steps=133120 | pi=-0.0041 v=0.0011 ent=2.4399 ret=-3.028 exp_var=1.000
[K3_r2.0] iter=540/2000 steps=138240 | pi=-0.0046 v=0.0015 ent=2.7599 ret=-3.000 exp_var=1.000
[K3_r2.0] iter=560/2000 steps=143360 | pi=-0.0035 v=0.0024 ent=2.4657 ret=-2.948 exp_var=0.999
[K3_r2.0] iter=580/2000 steps=148480 | pi=-0.0033 v=0.0008 ent=2.8464 ret=-3.048 exp_var=1.000
[K3_r2.0] iter=600/2000 steps=153600 | pi=-0.0037 v=0.0053 ent=2.4869 ret=-2.896 exp_var=0.999
[K3_r2.0] iter=620/2000 steps=158720 | pi=-0.0032 v=0.0023 ent=2.3315 ret=-2.961 exp_var=0.999
[K3_r2.0] iter=640/2000 steps=163840 | pi=-0.0025 v=0.0002 ent=2.5208 ret=-3.089 exp_var=1.000
[K3_r2.0] iter=660/2000 steps=168960 | pi=-0.0015 v=0.0001 ent=3.1151 ret=-3.032 exp_var=1.000
[K3_r2.0] iter=680/2000 steps=174080 | pi=-0.0039 v=0.0024 ent=2.5935 ret=-3.001 exp_var=0.999
[K3_r2.0] iter=700/2000 steps=179200 | pi=-0.0037 v=0.0035 ent=2.2447 ret=-2.885 exp_var=0.999
[K3_r2.0] iter=720/2000 steps=184320 | pi=-0.0042 v=0.0080 ent=1.9479 ret=-2.667 exp_var=0.998
[K3_r2.0] iter=740/2000 steps=189440 | pi=-0.0043 v=0.0065 ent=1.7544 ret=-2.671 exp_var=0.998
[K3_r2.0] iter=760/2000 steps=194560 | pi=-0.0042 v=0.0040 ent=1.5934 ret=-2.762 exp_var=0.999
[K3_r2.0] iter=780/2000 steps=199680 | pi=-0.0037 v=0.0051 ent=1.5478 ret=-2.813 exp_var=0.999
[K3_r2.0] iter=800/2000 steps=204800 | pi=-0.0027 v=0.0059 ent=1.4968 ret=-2.935 exp_var=0.999
[K3_r2.0] iter=820/2000 steps=209920 | pi=-0.0027 v=0.0055 ent=1.5071 ret=-2.960 exp_var=0.999
[K3_r2.0] iter=840/2000 steps=215040 | pi=-0.0020 v=0.0063 ent=1.3768 ret=-2.943 exp_var=0.998
[K3_r2.0] iter=860/2000 steps=220160 | pi=-0.0017 v=0.0133 ent=1.2716 ret=-2.743 exp_var=0.997
[K3_r2.0] iter=880/2000 steps=225280 | pi=-0.0012 v=0.0153 ent=1.1795 ret=-2.778 exp_var=0.996
[K3_r2.0] iter=900/2000 steps=230400 | pi=-0.0002 v=0.0181 ent=1.1263 ret=-2.591 exp_var=0.996
[K3_r2.0] iter=920/2000 steps=235520 | pi=-0.0005 v=0.0184 ent=1.0987 ret=-2.563 exp_var=0.996
[K3_r2.0] iter=940/2000 steps=240640 | pi=-0.0014 v=0.0153 ent=1.0982 ret=-2.700 exp_var=0.996
[K3_r2.0] iter=960/2000 steps=245760 | pi=-0.0008 v=0.0135 ent=1.1030 ret=-2.757 exp_var=0.997
[K3_r2.0] iter=980/2000 steps=250880 | pi=-0.0004 v=0.0132 ent=1.0946 ret=-2.785 exp_var=0.997
[K3_r2.0] iter=1000/2000 steps=256000 | pi=0.0000 v=0.0090 ent=1.1273 ret=-2.853 exp_var=0.998
[K3_r2.0] iter=1020/2000 steps=261120 | pi=-0.0010 v=0.0070 ent=1.2245 ret=-2.919 exp_var=0.998
[K3_r2.0] iter=1040/2000 steps=266240 | pi=0.0003 v=0.0053 ent=1.3475 ret=-3.059 exp_var=0.999
[K3_r2.0] iter=1060/2000 steps=271360 | pi=-0.0009 v=0.0033 ent=1.4635 ret=-3.154 exp_var=0.999
[K3_r2.0] iter=1080/2000 steps=276480 | pi=0.0010 v=0.0059 ent=1.6027 ret=-3.217 exp_var=0.998
[K3_r2.0] iter=1100/2000 steps=281600 | pi=0.0003 v=0.0053 ent=1.6903 ret=-3.171 exp_var=0.999
[K3_r2.0] iter=1120/2000 steps=286720 | pi=-0.0025 v=0.0076 ent=1.6904 ret=-3.034 exp_var=0.998
[K3_r2.0] iter=1140/2000 steps=291840 | pi=-0.0020 v=0.0058 ent=1.5619 ret=-3.108 exp_var=0.999
[K3_r2.0] iter=1160/2000 steps=296960 | pi=0.0667 v=0.0038 ent=1.4945 ret=-3.062 exp_var=0.999
[K3_r2.0] iter=1180/2000 steps=302080 | pi=-0.0013 v=0.0055 ent=1.4608 ret=-2.991 exp_var=0.999
[K3_r2.0] iter=1200/2000 steps=307200 | pi=-0.0021 v=0.0051 ent=1.3437 ret=-3.001 exp_var=0.999
[K3_r2.0] iter=1220/2000 steps=312320 | pi=-0.0002 v=0.0044 ent=1.2969 ret=-3.137 exp_var=0.999
[K3_r2.0] iter=1240/2000 steps=317440 | pi=-0.0007 v=0.0031 ent=1.3481 ret=-3.142 exp_var=0.999
[K3_r2.0] iter=1260/2000 steps=322560 | pi=-0.0010 v=0.0055 ent=1.2320 ret=-2.967 exp_var=0.999
[K3_r2.0] iter=1280/2000 steps=327680 | pi=0.0009 v=0.0023 ent=1.2662 ret=-3.084 exp_var=0.999
[K3_r2.0] iter=1300/2000 steps=332800 | pi=-0.0003 v=0.0073 ent=1.1441 ret=-2.795 exp_var=0.998
[K3_r2.0] iter=1320/2000 steps=337920 | pi=-0.0009 v=0.0079 ent=1.0526 ret=-2.761 exp_var=0.998
[K3_r2.0] iter=1340/2000 steps=343040 | pi=-0.0004 v=0.0049 ent=1.0281 ret=-2.980 exp_var=0.999
[K3_r2.0] iter=1360/2000 steps=348160 | pi=0.0002 v=0.0066 ent=0.9756 ret=-2.915 exp_var=0.998
[K3_r2.0] iter=1380/2000 steps=353280 | pi=0.0004 v=0.0068 ent=0.9002 ret=-3.096 exp_var=0.998
[K3_r2.0] iter=1400/2000 steps=358400 | pi=0.0012 v=0.0086 ent=0.8159 ret=-3.126 exp_var=0.998
[K3_r2.0] iter=1420/2000 steps=363520 | pi=0.0002 v=0.0095 ent=0.8636 ret=-2.977 exp_var=0.998
[K3_r2.0] iter=1440/2000 steps=368640 | pi=-0.0004 v=0.0076 ent=0.8578 ret=-3.092 exp_var=0.998
[K3_r2.0] iter=1460/2000 steps=373760 | pi=-0.0010 v=0.0059 ent=0.8482 ret=-3.179 exp_var=0.999
[K3_r2.0] iter=1480/2000 steps=378880 | pi=0.0021 v=0.0107 ent=0.7995 ret=-2.966 exp_var=0.997
[K3_r2.0] iter=1500/2000 steps=384000 | pi=0.0048 v=0.0071 ent=0.7327 ret=-3.201 exp_var=0.998
[K3_r2.0] iter=1520/2000 steps=389120 | pi=-0.0002 v=0.0064 ent=0.7398 ret=-3.387 exp_var=0.998
[K3_r2.0] iter=1540/2000 steps=394240 | pi=-0.0006 v=0.0075 ent=0.7347 ret=-3.349 exp_var=0.998
[K3_r2.0] iter=1560/2000 steps=399360 | pi=0.0007 v=0.0086 ent=0.6707 ret=-3.207 exp_var=0.998
[K3_r2.0] iter=1580/2000 steps=404480 | pi=-0.0010 v=0.0070 ent=0.6348 ret=-3.438 exp_var=0.998
[K3_r2.0] iter=1600/2000 steps=409600 | pi=-0.0005 v=0.0086 ent=0.6091 ret=-3.250 exp_var=0.998
[K3_r2.0] iter=1620/2000 steps=414720 | pi=0.0002 v=0.0063 ent=0.5016 ret=-3.424 exp_var=0.998
[K3_r2.0] iter=1640/2000 steps=419840 | pi=0.0001 v=0.0060 ent=0.4868 ret=-3.498 exp_var=0.998
[K3_r2.0] iter=1660/2000 steps=424960 | pi=-0.0009 v=0.0052 ent=0.4017 ret=-3.526 exp_var=0.999
[K3_r2.0] iter=1680/2000 steps=430080 | pi=-0.0003 v=0.0045 ent=0.3534 ret=-3.484 exp_var=0.999
[K3_r2.0] iter=1700/2000 steps=435200 | pi=0.0055 v=0.0038 ent=0.2907 ret=-3.434 exp_var=0.999
[K3_r2.0] iter=1720/2000 steps=440320 | pi=-0.0014 v=0.0045 ent=0.2459 ret=-3.427 exp_var=0.999
[K3_r2.0] iter=1740/2000 steps=445440 | pi=-0.0018 v=0.0049 ent=0.2283 ret=-3.396 exp_var=0.999
[K3_r2.0] iter=1760/2000 steps=450560 | pi=-0.0015 v=0.0039 ent=0.2409 ret=-3.371 exp_var=0.999
[K3_r2.0] iter=1780/2000 steps=455680 | pi=-0.0021 v=0.0026 ent=0.2420 ret=-3.424 exp_var=0.999
[K3_r2.0] iter=1800/2000 steps=460800 | pi=-0.0020 v=0.0024 ent=0.1869 ret=-3.406 exp_var=0.999
[K3_r2.0] iter=1820/2000 steps=465920 | pi=-0.0019 v=0.0038 ent=0.1412 ret=-3.330 exp_var=0.999
[K3_r2.0] iter=1840/2000 steps=471040 | pi=-0.0027 v=0.0033 ent=0.0331 ret=-3.291 exp_var=0.999
[K3_r2.0] iter=1860/2000 steps=476160 | pi=-0.0025 v=0.0038 ent=-0.0352 ret=-3.286 exp_var=0.999
[K3_r2.0] iter=1880/2000 steps=481280 | pi=-0.0034 v=0.0025 ent=-0.0751 ret=-3.302 exp_var=0.999
[K3_r2.0] iter=1900/2000 steps=486400 | pi=-0.0022 v=0.0058 ent=-0.1439 ret=-3.222 exp_var=0.999
[K3_r2.0] iter=1920/2000 steps=491520 | pi=-0.0016 v=0.0071 ent=-0.2714 ret=-3.188 exp_var=0.998
[K3_r2.0] iter=1940/2000 steps=496640 | pi=-0.0018 v=0.0058 ent=-0.3766 ret=-3.241 exp_var=0.999
[K3_r2.0] iter=1960/2000 steps=501760 | pi=-0.0005 v=0.0071 ent=-0.4577 ret=-3.147 exp_var=0.998
[K3_r2.0] iter=1980/2000 steps=506880 | pi=-0.0021 v=0.0072 ent=-0.5253 ret=-3.131 exp_var=0.998
[K3_r2.0] iter=2000/2000 steps=512000 | pi=-0.0019 v=0.0050 ent=-0.5904 ret=-3.174 exp_var=0.999
Saved plot: /home/ak565492/gnn_experiments/outputs/cluster_results/gnn_K3_r2.0.png

[K3_r2.0] Final return: -3.174
=============================
End time: Tue Mar 17 09:42:22 EDT 2026
=============================
