=============================
Job ID:       567243
Array Task:   5
Node:         evc6
GPU:          0
Start time:   Tue Mar 17 00:45:09 EDT 2026
=============================
Running: GNN K=3 r_comm=1.5
Device: cuda
GPU: Tesla V100-PCIE-16GB

=== GNN | K=3, r_comm=1.5 | device=cuda ===
[K3_r1.5] iter=1/2000 steps=256 | pi=-0.0014 v=7.2881 ent=2.8305 ret=-4.808 exp_var=0.279
[K3_r1.5] iter=20/2000 steps=5120 | pi=-0.0017 v=21.8414 ent=2.8398 ret=-3.325 exp_var=0.675
[K3_r1.5] iter=40/2000 steps=10240 | pi=-0.0027 v=26.6756 ent=2.7460 ret=-3.673 exp_var=0.614
[K3_r1.5] iter=60/2000 steps=15360 | pi=-0.0021 v=26.9942 ent=2.8023 ret=-3.366 exp_var=0.428
[K3_r1.5] iter=80/2000 steps=20480 | pi=-0.0025 v=15.8850 ent=2.8323 ret=-2.587 exp_var=0.466
[K3_r1.5] iter=100/2000 steps=25600 | pi=-0.0013 v=9.9847 ent=2.7247 ret=-2.009 exp_var=0.508
[K3_r1.5] iter=120/2000 steps=30720 | pi=-0.0023 v=6.9317 ent=2.5810 ret=-1.617 exp_var=0.557
[K3_r1.5] iter=140/2000 steps=35840 | pi=-0.0028 v=6.0293 ent=2.4048 ret=-1.516 exp_var=0.583
[K3_r1.5] iter=160/2000 steps=40960 | pi=-0.0029 v=4.9544 ent=2.2533 ret=-1.395 exp_var=0.660
[K3_r1.5] iter=180/2000 steps=46080 | pi=-0.0024 v=4.9636 ent=2.1476 ret=-1.494 exp_var=0.733
[K3_r1.5] iter=200/2000 steps=51200 | pi=-0.0021 v=5.5392 ent=2.0826 ret=-1.510 exp_var=0.663
[K3_r1.5] iter=220/2000 steps=56320 | pi=-0.0026 v=4.9789 ent=2.0519 ret=-1.508 exp_var=0.635
[K3_r1.5] iter=240/2000 steps=61440 | pi=-0.0025 v=5.2943 ent=1.9795 ret=-1.618 exp_var=0.665
[K3_r1.5] iter=260/2000 steps=66560 | pi=-0.0027 v=5.0160 ent=1.9440 ret=-1.657 exp_var=0.714
[K3_r1.5] iter=280/2000 steps=71680 | pi=-0.0023 v=4.9804 ent=1.9158 ret=-2.091 exp_var=0.799
[K3_r1.5] iter=300/2000 steps=76800 | pi=-0.0023 v=5.0753 ent=1.9065 ret=-2.167 exp_var=0.797
[K3_r1.5] iter=320/2000 steps=81920 | pi=-0.0024 v=5.2356 ent=1.8735 ret=-2.163 exp_var=0.815
[K3_r1.5] iter=340/2000 steps=87040 | pi=-0.0021 v=4.8915 ent=1.8637 ret=-2.194 exp_var=0.891
[K3_r1.5] iter=360/2000 steps=92160 | pi=-0.0029 v=5.8873 ent=1.8804 ret=-2.233 exp_var=0.917
[K3_r1.5] iter=380/2000 steps=97280 | pi=-0.0028 v=6.1143 ent=1.9065 ret=-2.209 exp_var=0.929
[K3_r1.5] iter=400/2000 steps=102400 | pi=-0.0001 v=6.1236 ent=1.9431 ret=-2.196 exp_var=0.940
[K3_r1.5] iter=420/2000 steps=107520 | pi=-0.0012 v=14.8910 ent=1.9602 ret=-1.989 exp_var=0.816
[K3_r1.5] iter=440/2000 steps=112640 | pi=-0.0010 v=27.6961 ent=2.1231 ret=-1.843 exp_var=0.728
[K3_r1.5] iter=460/2000 steps=117760 | pi=-0.0025 v=7.2856 ent=2.2110 ret=-1.910 exp_var=0.922
[K3_r1.5] iter=480/2000 steps=122880 | pi=-0.0026 v=6.7064 ent=2.1517 ret=-1.829 exp_var=0.897
[K3_r1.5] iter=500/2000 steps=128000 | pi=-0.0023 v=6.1564 ent=2.0262 ret=-1.870 exp_var=0.923
[K3_r1.5] iter=520/2000 steps=133120 | pi=-0.0019 v=5.6594 ent=1.9526 ret=-1.932 exp_var=0.942
[K3_r1.5] iter=540/2000 steps=138240 | pi=-0.0003 v=17.7621 ent=2.0367 ret=-2.268 exp_var=0.858
[K3_r1.5] iter=560/2000 steps=143360 | pi=0.0675 v=5.2949 ent=2.0617 ret=-2.351 exp_var=0.957
[K3_r1.5] iter=580/2000 steps=148480 | pi=-0.0027 v=9.5442 ent=2.0541 ret=-2.525 exp_var=0.907
[K3_r1.5] iter=600/2000 steps=153600 | pi=-0.0002 v=7.9515 ent=2.0819 ret=-2.963 exp_var=0.923
[K3_r1.5] iter=620/2000 steps=158720 | pi=0.0023 v=5.6222 ent=2.1445 ret=-3.736 exp_var=0.930
[K3_r1.5] iter=640/2000 steps=163840 | pi=-0.0002 v=5.0653 ent=2.1543 ret=-4.302 exp_var=0.939
[K3_r1.5] iter=660/2000 steps=168960 | pi=-0.0012 v=4.6355 ent=2.2185 ret=-4.906 exp_var=0.916
[K3_r1.5] iter=680/2000 steps=174080 | pi=0.0102 v=4.8360 ent=2.3719 ret=-5.184 exp_var=0.888
[K3_r1.5] iter=700/2000 steps=179200 | pi=-0.0011 v=2.9514 ent=2.5439 ret=-5.404 exp_var=0.932
[K3_r1.5] iter=720/2000 steps=184320 | pi=0.0005 v=3.5687 ent=2.6549 ret=-5.557 exp_var=0.926
[K3_r1.5] iter=740/2000 steps=189440 | pi=0.0021 v=3.5309 ent=2.8357 ret=-5.768 exp_var=0.918
[K3_r1.5] iter=760/2000 steps=194560 | pi=-0.0001 v=4.2915 ent=2.9400 ret=-5.904 exp_var=0.893
[K3_r1.5] iter=780/2000 steps=199680 | pi=0.0001 v=29.7381 ent=2.8446 ret=-5.816 exp_var=0.503
[K3_r1.5] iter=800/2000 steps=204800 | pi=0.0031 v=2.4654 ent=2.9298 ret=-5.872 exp_var=0.929
[K3_r1.5] iter=820/2000 steps=209920 | pi=-0.0004 v=3.5069 ent=3.0720 ret=-5.738 exp_var=0.919
[K3_r1.5] iter=840/2000 steps=215040 | pi=-0.0011 v=3.0517 ent=2.9236 ret=-4.605 exp_var=0.908
[K3_r1.5] iter=860/2000 steps=220160 | pi=-0.0021 v=3.7461 ent=2.7494 ret=-3.818 exp_var=0.931
[K3_r1.5] iter=880/2000 steps=225280 | pi=-0.0030 v=3.7045 ent=2.6279 ret=-3.306 exp_var=0.942
[K3_r1.5] iter=900/2000 steps=230400 | pi=-0.0027 v=5.3486 ent=2.5168 ret=-2.605 exp_var=0.931
[K3_r1.5] iter=920/2000 steps=235520 | pi=-0.0010 v=5.0529 ent=2.3794 ret=-2.266 exp_var=0.936
[K3_r1.5] iter=940/2000 steps=240640 | pi=-0.0024 v=5.0320 ent=2.3484 ret=-2.272 exp_var=0.932
[K3_r1.5] iter=960/2000 steps=245760 | pi=-0.0032 v=4.6081 ent=2.3234 ret=-2.404 exp_var=0.943
[K3_r1.5] iter=980/2000 steps=250880 | pi=-0.0027 v=4.4464 ent=2.3061 ret=-2.269 exp_var=0.953
[K3_r1.5] iter=1000/2000 steps=256000 | pi=-0.0018 v=3.9121 ent=2.2550 ret=-2.206 exp_var=0.963
[K3_r1.5] iter=1020/2000 steps=261120 | pi=-0.0026 v=4.0836 ent=2.2058 ret=-2.317 exp_var=0.959
[K3_r1.5] iter=1040/2000 steps=266240 | pi=-0.0021 v=3.9344 ent=2.1460 ret=-2.357 exp_var=0.969
[K3_r1.5] iter=1060/2000 steps=271360 | pi=-0.0030 v=3.2438 ent=2.0236 ret=-2.397 exp_var=0.977
[K3_r1.5] iter=1080/2000 steps=276480 | pi=-0.0025 v=3.6167 ent=1.9854 ret=-2.420 exp_var=0.977
[K3_r1.5] iter=1100/2000 steps=281600 | pi=-0.0022 v=3.4752 ent=1.8936 ret=-2.425 exp_var=0.980
[K3_r1.5] iter=1120/2000 steps=286720 | pi=-0.0016 v=8.6439 ent=1.9237 ret=-2.452 exp_var=0.955
[K3_r1.5] iter=1140/2000 steps=291840 | pi=-0.0030 v=3.9881 ent=1.8647 ret=-2.457 exp_var=0.977
[K3_r1.5] iter=1160/2000 steps=296960 | pi=-0.0023 v=10.9151 ent=1.8771 ret=-2.602 exp_var=0.939
[K3_r1.5] iter=1180/2000 steps=302080 | pi=-0.0023 v=5.8780 ent=1.9133 ret=-2.874 exp_var=0.964
[K3_r1.5] iter=1200/2000 steps=307200 | pi=-0.0017 v=5.7846 ent=2.0934 ret=-3.220 exp_var=0.961
[K3_r1.5] iter=1220/2000 steps=312320 | pi=-0.0028 v=4.8609 ent=2.1808 ret=-3.580 exp_var=0.960
[K3_r1.5] iter=1240/2000 steps=317440 | pi=-0.0017 v=5.0381 ent=2.2381 ret=-3.837 exp_var=0.957
[K3_r1.5] iter=1260/2000 steps=322560 | pi=-0.0017 v=5.6550 ent=2.3660 ret=-3.857 exp_var=0.953
[K3_r1.5] iter=1280/2000 steps=327680 | pi=-0.0024 v=6.1362 ent=2.3704 ret=-3.545 exp_var=0.951
[K3_r1.5] iter=1300/2000 steps=332800 | pi=-0.0019 v=3.7388 ent=2.2994 ret=-3.520 exp_var=0.972
[K3_r1.5] iter=1320/2000 steps=337920 | pi=-0.0016 v=4.4438 ent=2.2428 ret=-3.606 exp_var=0.973
[K3_r1.5] iter=1340/2000 steps=343040 | pi=-0.0025 v=3.0417 ent=2.2237 ret=-3.762 exp_var=0.982
[K3_r1.5] iter=1360/2000 steps=348160 | pi=-0.0025 v=3.6034 ent=2.1972 ret=-3.786 exp_var=0.979
[K3_r1.5] iter=1380/2000 steps=353280 | pi=-0.0018 v=2.8156 ent=2.2200 ret=-3.889 exp_var=0.982
[K3_r1.5] iter=1400/2000 steps=358400 | pi=-0.0016 v=3.8562 ent=2.2425 ret=-4.070 exp_var=0.976
[K3_r1.5] iter=1420/2000 steps=363520 | pi=-0.0016 v=3.0605 ent=2.2320 ret=-4.090 exp_var=0.981
[K3_r1.5] iter=1440/2000 steps=368640 | pi=-0.0002 v=5.0155 ent=2.2789 ret=-4.178 exp_var=0.966
[K3_r1.5] iter=1460/2000 steps=373760 | pi=-0.0031 v=4.3802 ent=2.2487 ret=-4.364 exp_var=0.958
[K3_r1.5] iter=1480/2000 steps=378880 | pi=-0.0008 v=3.3217 ent=2.2637 ret=-4.688 exp_var=0.963
[K3_r1.5] iter=1500/2000 steps=384000 | pi=-0.0022 v=2.7677 ent=2.2265 ret=-4.932 exp_var=0.970
[K3_r1.5] iter=1520/2000 steps=389120 | pi=-0.0016 v=2.9975 ent=2.2450 ret=-5.036 exp_var=0.964
[K3_r1.5] iter=1540/2000 steps=394240 | pi=-0.0014 v=4.2752 ent=2.2577 ret=-4.992 exp_var=0.955
[K3_r1.5] iter=1560/2000 steps=399360 | pi=-0.0021 v=2.3447 ent=2.2011 ret=-5.038 exp_var=0.977
[K3_r1.5] iter=1580/2000 steps=404480 | pi=-0.0016 v=2.2334 ent=2.2160 ret=-4.997 exp_var=0.977
[K3_r1.5] iter=1600/2000 steps=409600 | pi=-0.0005 v=2.7450 ent=2.2203 ret=-4.914 exp_var=0.974
[K3_r1.5] iter=1620/2000 steps=414720 | pi=-0.0020 v=5.6824 ent=2.2370 ret=-4.819 exp_var=0.948
[K3_r1.5] iter=1640/2000 steps=419840 | pi=-0.0025 v=5.2996 ent=2.1933 ret=-4.534 exp_var=0.956
[K3_r1.5] iter=1660/2000 steps=424960 | pi=-0.0022 v=5.8746 ent=2.1346 ret=-4.618 exp_var=0.949
[K3_r1.5] iter=1680/2000 steps=430080 | pi=-0.0020 v=4.4698 ent=2.1805 ret=-4.266 exp_var=0.955
[K3_r1.5] iter=1700/2000 steps=435200 | pi=-0.0023 v=3.5341 ent=2.1699 ret=-4.360 exp_var=0.966
[K3_r1.5] iter=1720/2000 steps=440320 | pi=0.0001 v=3.4809 ent=2.1774 ret=-4.301 exp_var=0.971
[K3_r1.5] iter=1740/2000 steps=445440 | pi=-0.0023 v=4.2951 ent=2.1547 ret=-4.431 exp_var=0.959
[K3_r1.5] iter=1760/2000 steps=450560 | pi=-0.0025 v=3.4965 ent=2.1342 ret=-4.387 exp_var=0.969
[K3_r1.5] iter=1780/2000 steps=455680 | pi=-0.0016 v=2.6109 ent=2.1640 ret=-4.436 exp_var=0.979
[K3_r1.5] iter=1800/2000 steps=460800 | pi=-0.0019 v=1.9863 ent=2.2143 ret=-4.940 exp_var=0.983
[K3_r1.5] iter=1820/2000 steps=465920 | pi=-0.0016 v=1.7405 ent=2.2827 ret=-5.740 exp_var=0.982
[K3_r1.5] iter=1840/2000 steps=471040 | pi=-0.0008 v=1.4857 ent=2.2995 ret=-5.941 exp_var=0.987
[K3_r1.5] iter=1860/2000 steps=476160 | pi=-0.0001 v=1.1657 ent=2.3079 ret=-6.102 exp_var=0.989
[K3_r1.5] iter=1880/2000 steps=481280 | pi=0.0003 v=1.4566 ent=2.4342 ret=-6.161 exp_var=0.985
[K3_r1.5] iter=1900/2000 steps=486400 | pi=-0.0001 v=1.4324 ent=2.5242 ret=-6.211 exp_var=0.983
[K3_r1.5] iter=1920/2000 steps=491520 | pi=0.0004 v=1.8742 ent=2.5944 ret=-6.184 exp_var=0.976
[K3_r1.5] iter=1940/2000 steps=496640 | pi=0.0057 v=1.5160 ent=2.6260 ret=-6.176 exp_var=0.981
[K3_r1.5] iter=1960/2000 steps=501760 | pi=0.0002 v=1.3517 ent=2.6782 ret=-6.112 exp_var=0.982
[K3_r1.5] iter=1980/2000 steps=506880 | pi=0.0064 v=1.2640 ent=2.6996 ret=-6.241 exp_var=0.986
[K3_r1.5] iter=2000/2000 steps=512000 | pi=0.0014 v=1.3104 ent=2.7378 ret=-6.168 exp_var=0.986
Saved plot: /home/ak565492/gnn_experiments/outputs/cluster_results/gnn_K3_r1.5.png

[K3_r1.5] Final return: -6.168
=============================
End time: Tue Mar 17 09:17:41 EDT 2026
=============================
