=============================
Job ID:       567240
Array Task:   2
Node:         evc3
GPU:          0
Start time:   Tue Mar 17 00:45:09 EDT 2026
=============================
Running: GNN K=2 r_comm=1.5
Device: cuda
GPU: Tesla V100-PCIE-16GB

=== GNN | K=2, r_comm=1.5 | device=cuda ===
[K2_r1.5] iter=1/2000 steps=256 | pi=-0.0016 v=7.4225 ent=2.8269 ret=-4.850 exp_var=0.219
[K2_r1.5] iter=20/2000 steps=5120 | pi=-0.0022 v=23.9406 ent=2.8220 ret=-3.902 exp_var=0.620
[K2_r1.5] iter=40/2000 steps=10240 | pi=-0.0023 v=22.4793 ent=2.7932 ret=-3.716 exp_var=0.568
[K2_r1.5] iter=60/2000 steps=15360 | pi=-0.0029 v=14.5256 ent=2.8450 ret=-3.823 exp_var=0.519
[K2_r1.5] iter=80/2000 steps=20480 | pi=-0.0030 v=9.8265 ent=2.8197 ret=-2.675 exp_var=0.546
[K2_r1.5] iter=100/2000 steps=25600 | pi=-0.0027 v=9.1249 ent=2.7020 ret=-2.220 exp_var=0.563
[K2_r1.5] iter=120/2000 steps=30720 | pi=-0.0029 v=7.4548 ent=2.6036 ret=-2.129 exp_var=0.595
[K2_r1.5] iter=140/2000 steps=35840 | pi=-0.0015 v=7.1654 ent=2.5024 ret=-2.673 exp_var=0.591
[K2_r1.5] iter=160/2000 steps=40960 | pi=-0.0023 v=6.8844 ent=2.3469 ret=-2.733 exp_var=0.613
[K2_r1.5] iter=180/2000 steps=46080 | pi=-0.0022 v=6.4927 ent=2.2049 ret=-2.949 exp_var=0.650
[K2_r1.5] iter=200/2000 steps=51200 | pi=-0.0006 v=6.3399 ent=2.0736 ret=-3.014 exp_var=0.688
[K2_r1.5] iter=220/2000 steps=56320 | pi=-0.0023 v=6.4178 ent=1.9594 ret=-3.021 exp_var=0.712
[K2_r1.5] iter=240/2000 steps=61440 | pi=-0.0022 v=7.2755 ent=1.9029 ret=-3.103 exp_var=0.724
[K2_r1.5] iter=260/2000 steps=66560 | pi=-0.0024 v=8.0811 ent=1.9516 ret=-3.053 exp_var=0.691
[K2_r1.5] iter=280/2000 steps=71680 | pi=-0.0024 v=6.6565 ent=1.9924 ret=-3.268 exp_var=0.766
[K2_r1.5] iter=300/2000 steps=76800 | pi=-0.0022 v=6.8452 ent=2.0469 ret=-3.663 exp_var=0.765
[K2_r1.5] iter=320/2000 steps=81920 | pi=-0.0027 v=6.9150 ent=2.1513 ret=-4.092 exp_var=0.761
[K2_r1.5] iter=340/2000 steps=87040 | pi=-0.0025 v=6.9643 ent=2.2100 ret=-4.466 exp_var=0.815
[K2_r1.5] iter=360/2000 steps=92160 | pi=-0.0021 v=5.6926 ent=2.2390 ret=-4.873 exp_var=0.845
[K2_r1.5] iter=380/2000 steps=97280 | pi=-0.0020 v=6.2447 ent=2.2820 ret=-4.943 exp_var=0.868
[K2_r1.5] iter=400/2000 steps=102400 | pi=-0.0013 v=4.9401 ent=2.2862 ret=-5.412 exp_var=0.916
[K2_r1.5] iter=420/2000 steps=107520 | pi=-0.0020 v=5.0868 ent=2.3319 ret=-5.613 exp_var=0.912
[K2_r1.5] iter=440/2000 steps=112640 | pi=-0.0026 v=17.9343 ent=2.6203 ret=-6.016 exp_var=0.589
[K2_r1.5] iter=460/2000 steps=117760 | pi=-0.0012 v=5.7228 ent=2.6796 ret=-6.431 exp_var=0.796
[K2_r1.5] iter=480/2000 steps=122880 | pi=-0.0015 v=3.3143 ent=2.6917 ret=-6.590 exp_var=0.753
[K2_r1.5] iter=500/2000 steps=128000 | pi=0.0066 v=3.5017 ent=2.9182 ret=-6.654 exp_var=0.590
[K2_r1.5] iter=520/2000 steps=133120 | pi=0.0152 v=2.1872 ent=2.9326 ret=-6.855 exp_var=0.654
[K2_r1.5] iter=540/2000 steps=138240 | pi=0.0046 v=1.9649 ent=3.0639 ret=-6.876 exp_var=0.671
[K2_r1.5] iter=560/2000 steps=143360 | pi=0.0049 v=1.6515 ent=3.2030 ret=-6.926 exp_var=0.618
[K2_r1.5] iter=580/2000 steps=148480 | pi=0.0026 v=1.5582 ent=3.1594 ret=-6.864 exp_var=0.634
[K2_r1.5] iter=600/2000 steps=153600 | pi=0.0027 v=1.2334 ent=3.1951 ret=-6.835 exp_var=0.669
[K2_r1.5] iter=620/2000 steps=158720 | pi=0.0018 v=1.2650 ent=3.2839 ret=-6.722 exp_var=0.696
[K2_r1.5] iter=640/2000 steps=163840 | pi=0.0007 v=1.7757 ent=3.2452 ret=-5.939 exp_var=0.702
[K2_r1.5] iter=660/2000 steps=168960 | pi=-0.0011 v=1.7033 ent=3.0023 ret=-4.470 exp_var=0.730
[K2_r1.5] iter=680/2000 steps=174080 | pi=0.0011 v=2.0305 ent=2.9174 ret=-4.484 exp_var=0.712
[K2_r1.5] iter=700/2000 steps=179200 | pi=0.0020 v=2.2230 ent=2.9151 ret=-3.946 exp_var=0.736
[K2_r1.5] iter=720/2000 steps=184320 | pi=0.0011 v=2.4017 ent=2.7882 ret=-3.414 exp_var=0.745
[K2_r1.5] iter=740/2000 steps=189440 | pi=-0.0013 v=2.3460 ent=2.8111 ret=-3.693 exp_var=0.745
[K2_r1.5] iter=760/2000 steps=194560 | pi=0.0019 v=2.0993 ent=2.6971 ret=-3.778 exp_var=0.765
[K2_r1.5] iter=780/2000 steps=199680 | pi=-0.0012 v=1.9119 ent=2.6514 ret=-3.699 exp_var=0.787
[K2_r1.5] iter=800/2000 steps=204800 | pi=-0.0029 v=2.1748 ent=2.5978 ret=-3.709 exp_var=0.798
[K2_r1.5] iter=820/2000 steps=209920 | pi=-0.0006 v=2.1800 ent=2.6146 ret=-3.749 exp_var=0.805
[K2_r1.5] iter=840/2000 steps=215040 | pi=-0.0030 v=2.1569 ent=2.4982 ret=-3.342 exp_var=0.812
[K2_r1.5] iter=860/2000 steps=220160 | pi=-0.0039 v=2.3427 ent=2.3783 ret=-3.604 exp_var=0.804
[K2_r1.5] iter=880/2000 steps=225280 | pi=-0.0013 v=2.1372 ent=2.3044 ret=-3.791 exp_var=0.814
[K2_r1.5] iter=900/2000 steps=230400 | pi=-0.0014 v=2.0432 ent=2.2159 ret=-3.948 exp_var=0.824
[K2_r1.5] iter=920/2000 steps=235520 | pi=-0.0007 v=1.8580 ent=2.1344 ret=-4.054 exp_var=0.849
[K2_r1.5] iter=940/2000 steps=240640 | pi=-0.0005 v=1.7193 ent=2.0031 ret=-4.351 exp_var=0.872
[K2_r1.5] iter=960/2000 steps=245760 | pi=-0.0052 v=1.9827 ent=1.9366 ret=-4.412 exp_var=0.869
[K2_r1.5] iter=980/2000 steps=250880 | pi=0.0054 v=2.4034 ent=1.7930 ret=-4.520 exp_var=0.870
[K2_r1.5] iter=1000/2000 steps=256000 | pi=-0.0049 v=1.9088 ent=1.6963 ret=-4.789 exp_var=0.902
[K2_r1.5] iter=1020/2000 steps=261120 | pi=-0.0015 v=2.0121 ent=1.5667 ret=-5.163 exp_var=0.905
[K2_r1.5] iter=1040/2000 steps=266240 | pi=0.0039 v=2.6263 ent=1.6126 ret=-5.650 exp_var=0.878
[K2_r1.5] iter=1060/2000 steps=271360 | pi=0.0023 v=3.6459 ent=1.6543 ret=-5.826 exp_var=0.835
[K2_r1.5] iter=1080/2000 steps=276480 | pi=0.0017 v=3.1459 ent=1.8202 ret=-5.973 exp_var=0.852
[K2_r1.5] iter=1100/2000 steps=281600 | pi=0.0018 v=2.5171 ent=1.8211 ret=-5.934 exp_var=0.788
[K2_r1.5] iter=1120/2000 steps=286720 | pi=0.0019 v=1.7052 ent=1.8241 ret=-6.281 exp_var=0.876
[K2_r1.5] iter=1140/2000 steps=291840 | pi=0.0015 v=1.9247 ent=1.7695 ret=-5.508 exp_var=0.877
[K2_r1.5] iter=1160/2000 steps=296960 | pi=0.0011 v=1.4471 ent=1.7187 ret=-5.521 exp_var=0.921
[K2_r1.5] iter=1180/2000 steps=302080 | pi=0.0033 v=1.5948 ent=1.7257 ret=-5.265 exp_var=0.921
[K2_r1.5] iter=1200/2000 steps=307200 | pi=-0.0005 v=1.8840 ent=1.7190 ret=-4.959 exp_var=0.913
[K2_r1.5] iter=1220/2000 steps=312320 | pi=0.0010 v=1.6620 ent=1.6902 ret=-4.625 exp_var=0.918
[K2_r1.5] iter=1240/2000 steps=317440 | pi=0.0010 v=1.9180 ent=1.5798 ret=-4.508 exp_var=0.919
[K2_r1.5] iter=1260/2000 steps=322560 | pi=0.0019 v=1.6603 ent=1.5589 ret=-4.461 exp_var=0.936
[K2_r1.5] iter=1280/2000 steps=327680 | pi=-0.0013 v=1.4683 ent=1.5781 ret=-4.276 exp_var=0.944
[K2_r1.5] iter=1300/2000 steps=332800 | pi=0.0003 v=1.5957 ent=1.5243 ret=-4.047 exp_var=0.952
[K2_r1.5] iter=1320/2000 steps=337920 | pi=0.0009 v=1.9557 ent=1.4193 ret=-3.991 exp_var=0.944
[K2_r1.5] iter=1340/2000 steps=343040 | pi=0.0007 v=2.5973 ent=1.4318 ret=-4.765 exp_var=0.928
[K2_r1.5] iter=1360/2000 steps=348160 | pi=-0.0015 v=1.4884 ent=1.4958 ret=-5.468 exp_var=0.955
[K2_r1.5] iter=1380/2000 steps=353280 | pi=-0.0017 v=2.1839 ent=1.4797 ret=-4.704 exp_var=0.939
[K2_r1.5] iter=1400/2000 steps=358400 | pi=-0.0013 v=1.4820 ent=1.4534 ret=-4.357 exp_var=0.965
[K2_r1.5] iter=1420/2000 steps=363520 | pi=-0.0005 v=1.3785 ent=1.3218 ret=-4.223 exp_var=0.971
[K2_r1.5] iter=1440/2000 steps=368640 | pi=0.0012 v=2.3935 ent=1.2577 ret=-4.038 exp_var=0.946
[K2_r1.5] iter=1460/2000 steps=373760 | pi=-0.0001 v=1.6106 ent=1.1593 ret=-3.660 exp_var=0.957
[K2_r1.5] iter=1480/2000 steps=378880 | pi=-0.0008 v=1.4903 ent=1.1113 ret=-3.594 exp_var=0.959
[K2_r1.5] iter=1500/2000 steps=384000 | pi=0.0001 v=1.5611 ent=0.9986 ret=-3.493 exp_var=0.959
[K2_r1.5] iter=1520/2000 steps=389120 | pi=-0.0003 v=3.5616 ent=1.0859 ret=-3.605 exp_var=0.905
[K2_r1.5] iter=1540/2000 steps=394240 | pi=0.0028 v=3.3869 ent=1.1507 ret=-3.924 exp_var=0.885
[K2_r1.5] iter=1560/2000 steps=399360 | pi=-0.0011 v=2.3136 ent=1.1533 ret=-3.976 exp_var=0.931
[K2_r1.5] iter=1580/2000 steps=404480 | pi=-0.0002 v=1.3767 ent=1.1427 ret=-4.153 exp_var=0.963
[K2_r1.5] iter=1600/2000 steps=409600 | pi=-0.0002 v=23.1819 ent=1.2480 ret=-4.111 exp_var=-0.681
[K2_r1.5] iter=1620/2000 steps=414720 | pi=0.0021 v=11.1734 ent=1.6095 ret=-5.275 exp_var=0.290
[K2_r1.5] iter=1640/2000 steps=419840 | pi=-0.0001 v=14.9731 ent=1.7596 ret=-5.268 exp_var=-0.056
[K2_r1.5] iter=1660/2000 steps=424960 | pi=-0.0010 v=13.0204 ent=1.9241 ret=-4.847 exp_var=0.107
[K2_r1.5] iter=1680/2000 steps=430080 | pi=-0.0007 v=9.4940 ent=1.9741 ret=-4.493 exp_var=0.354
[K2_r1.5] iter=1700/2000 steps=435200 | pi=-0.0010 v=7.2569 ent=2.0060 ret=-4.397 exp_var=0.546
[K2_r1.5] iter=1720/2000 steps=440320 | pi=-0.0006 v=5.1571 ent=2.0581 ret=-4.637 exp_var=0.522
[K2_r1.5] iter=1740/2000 steps=445440 | pi=-0.0018 v=8.8759 ent=2.0900 ret=-4.950 exp_var=-0.631
[K2_r1.5] iter=1760/2000 steps=450560 | pi=-0.0007 v=10.3393 ent=2.2805 ret=-5.267 exp_var=-1.111
[K2_r1.5] iter=1780/2000 steps=455680 | pi=-0.0011 v=7.2218 ent=2.3672 ret=-5.345 exp_var=-1.497
[K2_r1.5] iter=1800/2000 steps=460800 | pi=-0.0005 v=4.4396 ent=2.3791 ret=-5.414 exp_var=-0.564
[K2_r1.5] iter=1820/2000 steps=465920 | pi=-0.0007 v=2.8740 ent=2.4893 ret=-4.872 exp_var=0.091
[K2_r1.5] iter=1840/2000 steps=471040 | pi=-0.0005 v=1.6400 ent=2.4973 ret=-4.378 exp_var=0.518
[K2_r1.5] iter=1860/2000 steps=476160 | pi=0.0001 v=0.9624 ent=2.4990 ret=-4.084 exp_var=0.731
[K2_r1.5] iter=1880/2000 steps=481280 | pi=0.0003 v=0.6732 ent=2.5355 ret=-3.819 exp_var=0.820
[K2_r1.5] iter=1900/2000 steps=486400 | pi=0.0015 v=0.3302 ent=2.5298 ret=-3.417 exp_var=0.918
[K2_r1.5] iter=1920/2000 steps=491520 | pi=-0.0011 v=0.1080 ent=2.5303 ret=-3.270 exp_var=0.973
[K2_r1.5] iter=1940/2000 steps=496640 | pi=-0.0006 v=0.1233 ent=2.5681 ret=-3.281 exp_var=0.970
[K2_r1.5] iter=1960/2000 steps=501760 | pi=0.0018 v=0.0282 ent=2.5959 ret=-3.287 exp_var=0.993
[K2_r1.5] iter=1980/2000 steps=506880 | pi=-0.0004 v=0.0245 ent=2.6160 ret=-3.218 exp_var=0.994
[K2_r1.5] iter=2000/2000 steps=512000 | pi=0.0066 v=0.0544 ent=2.6811 ret=-3.135 exp_var=0.987
Saved plot: /home/ak565492/gnn_experiments/outputs/cluster_results/gnn_K2_r1.5.png

[K2_r1.5] Final return: -3.135
=============================
End time: Tue Mar 17 09:30:05 EDT 2026
=============================
