=============================
Job ID:       589147
Array Task:   6
Node:         evc5
GPU:          0
Start time:   Mon Apr 20 22:00:46 EDT 2026
=============================
Running: PCP IPPO
Using device: cuda
GPU: Tesla V100-PCIE-16GB
Env: PCP | 2S + 2I | world=5.0 | max_steps=80

=== IPPO baseline (PCP) | 256 envs | device=cuda ===
[IPPO] iter=1 steps=256/384000 | pi=-0.0003 v=22.6954 ent=2.8498 ret=-54.490 exp_var=0.003
[IPPO] iter=20 steps=5120/384000 | pi=-0.0009 v=100.7909 ent=3.0312 ret=-15.558 exp_var=0.820
[IPPO] iter=40 steps=10240/384000 | pi=-0.0019 v=116.6941 ent=3.2438 ret=-10.787 exp_var=0.896
[IPPO] iter=60 steps=15360/384000 | pi=-0.0009 v=132.0617 ent=3.4574 ret=-11.442 exp_var=0.924
[IPPO] iter=80 steps=20480/384000 | pi=-0.0019 v=145.3595 ent=3.5464 ret=1.808 exp_var=0.953
[IPPO] iter=100 steps=25600/384000 | pi=-0.0006 v=154.8848 ent=3.5891 ret=-1.051 exp_var=0.942
[IPPO] iter=120 steps=30720/384000 | pi=-0.0005 v=164.4166 ent=3.7414 ret=-0.276 exp_var=0.916
[IPPO] iter=140 steps=35840/384000 | pi=-0.0004 v=175.5506 ent=3.8280 ret=-2.282 exp_var=0.908
[IPPO] iter=160 steps=40960/384000 | pi=-0.0007 v=181.8001 ent=3.8364 ret=-1.495 exp_var=0.908
[IPPO] iter=180 steps=46080/384000 | pi=-0.0010 v=179.9056 ent=3.8367 ret=-0.346 exp_var=0.896
[IPPO] iter=200 steps=51200/384000 | pi=-0.0009 v=182.5443 ent=3.8344 ret=1.173 exp_var=0.892
[IPPO] iter=220 steps=56320/384000 | pi=-0.0015 v=208.0691 ent=3.8363 ret=2.700 exp_var=0.917
[IPPO] iter=240 steps=61440/384000 | pi=-0.0012 v=188.4223 ent=3.8363 ret=6.809 exp_var=0.939
[IPPO] iter=260 steps=66560/384000 | pi=-0.0014 v=186.4018 ent=3.8351 ret=7.980 exp_var=0.941
[IPPO] iter=280 steps=71680/384000 | pi=-0.0012 v=164.0823 ent=3.8369 ret=9.377 exp_var=0.946
[IPPO] iter=300 steps=76800/384000 | pi=-0.0013 v=197.4889 ent=3.8371 ret=8.823 exp_var=0.916
[IPPO] iter=320 steps=81920/384000 | pi=-0.0010 v=206.8413 ent=3.8348 ret=9.118 exp_var=0.926
[IPPO] iter=340 steps=87040/384000 | pi=-0.0010 v=219.9666 ent=3.8354 ret=8.654 exp_var=0.920
[IPPO] iter=360 steps=92160/384000 | pi=-0.0006 v=222.0996 ent=3.8352 ret=8.521 exp_var=0.916
[IPPO] iter=380 steps=97280/384000 | pi=-0.0013 v=252.5164 ent=3.8372 ret=9.067 exp_var=0.897
[IPPO] iter=400 steps=102400/384000 | pi=-0.0010 v=215.8354 ent=3.8333 ret=9.476 exp_var=0.928
[IPPO] iter=420 steps=107520/384000 | pi=-0.0006 v=233.9964 ent=3.8244 ret=8.822 exp_var=0.901
[IPPO] iter=440 steps=112640/384000 | pi=-0.0007 v=248.7687 ent=3.8367 ret=8.864 exp_var=0.913
[IPPO] iter=460 steps=117760/384000 | pi=-0.0011 v=231.3222 ent=3.8350 ret=8.430 exp_var=0.907
[IPPO] iter=480 steps=122880/384000 | pi=-0.0008 v=217.9842 ent=3.8357 ret=8.337 exp_var=0.905
[IPPO] iter=500 steps=128000/384000 | pi=-0.0009 v=223.1288 ent=3.8356 ret=9.373 exp_var=0.893
[IPPO] iter=520 steps=133120/384000 | pi=-0.0010 v=239.9506 ent=3.8323 ret=9.364 exp_var=0.865
[IPPO] iter=540 steps=138240/384000 | pi=-0.0007 v=261.9788 ent=3.8356 ret=9.382 exp_var=0.861
[IPPO] iter=560 steps=143360/384000 | pi=-0.0007 v=213.7660 ent=3.8360 ret=9.053 exp_var=0.890
[IPPO] iter=580 steps=148480/384000 | pi=-0.0010 v=218.4429 ent=3.8364 ret=9.702 exp_var=0.880
[IPPO] iter=600 steps=153600/384000 | pi=-0.0007 v=218.0605 ent=3.8350 ret=9.542 exp_var=0.872
[IPPO] iter=620 steps=158720/384000 | pi=-0.0008 v=226.8236 ent=3.8374 ret=9.344 exp_var=0.858
[IPPO] iter=640 steps=163840/384000 | pi=-0.0007 v=233.0866 ent=3.8354 ret=9.158 exp_var=0.837
[IPPO] iter=660 steps=168960/384000 | pi=-0.0006 v=220.0051 ent=3.8328 ret=9.609 exp_var=0.869
[IPPO] iter=680 steps=174080/384000 | pi=-0.0009 v=231.5261 ent=3.8352 ret=9.599 exp_var=0.853
[IPPO] iter=700 steps=179200/384000 | pi=-0.0011 v=228.6663 ent=3.8344 ret=9.525 exp_var=0.854
[IPPO] iter=720 steps=184320/384000 | pi=-0.0007 v=239.1234 ent=3.8363 ret=9.636 exp_var=0.846
[IPPO] iter=740 steps=189440/384000 | pi=-0.0011 v=225.8073 ent=3.8347 ret=9.493 exp_var=0.854
[IPPO] iter=760 steps=194560/384000 | pi=-0.0009 v=230.2084 ent=3.8323 ret=9.683 exp_var=0.843
[IPPO] iter=780 steps=199680/384000 | pi=-0.0007 v=235.7681 ent=3.8365 ret=9.549 exp_var=0.798
[IPPO] iter=800 steps=204800/384000 | pi=-0.0006 v=230.2779 ent=3.8371 ret=9.392 exp_var=0.842
[IPPO] iter=820 steps=209920/384000 | pi=-0.0006 v=233.0241 ent=3.8322 ret=9.277 exp_var=0.821
[IPPO] iter=840 steps=215040/384000 | pi=-0.0005 v=235.7892 ent=3.8371 ret=9.165 exp_var=0.826
[IPPO] iter=860 steps=220160/384000 | pi=-0.0009 v=231.8690 ent=3.8369 ret=9.225 exp_var=0.817
[IPPO] iter=880 steps=225280/384000 | pi=-0.0006 v=228.3914 ent=3.8359 ret=9.308 exp_var=0.788
[IPPO] iter=900 steps=230400/384000 | pi=-0.0007 v=237.8917 ent=3.8342 ret=9.314 exp_var=0.771
[IPPO] iter=920 steps=235520/384000 | pi=-0.0005 v=240.8401 ent=3.8372 ret=9.283 exp_var=0.746
[IPPO] iter=940 steps=240640/384000 | pi=-0.0005 v=241.6198 ent=3.8356 ret=9.296 exp_var=0.752
[IPPO] iter=960 steps=245760/384000 | pi=-0.0004 v=243.3956 ent=3.8362 ret=9.241 exp_var=0.750
[IPPO] iter=980 steps=250880/384000 | pi=-0.0006 v=241.8468 ent=3.8328 ret=9.266 exp_var=0.748
[IPPO] iter=1000 steps=256000/384000 | pi=-0.0003 v=240.0062 ent=3.8343 ret=9.111 exp_var=0.754
[IPPO] iter=1020 steps=261120/384000 | pi=-0.0004 v=241.2764 ent=3.8363 ret=9.150 exp_var=0.758
[IPPO] iter=1040 steps=266240/384000 | pi=-0.0007 v=241.7897 ent=3.8364 ret=9.062 exp_var=0.738
[IPPO] iter=1060 steps=271360/384000 | pi=-0.0004 v=243.0352 ent=3.8358 ret=9.022 exp_var=0.739
[IPPO] iter=1080 steps=276480/384000 | pi=-0.0007 v=242.2560 ent=3.8322 ret=9.063 exp_var=0.756
[IPPO] iter=1100 steps=281600/384000 | pi=-0.0007 v=251.5484 ent=3.8364 ret=9.043 exp_var=0.637
[IPPO] iter=1120 steps=286720/384000 | pi=-0.0006 v=249.0877 ent=3.8327 ret=8.914 exp_var=0.519
[IPPO] iter=1140 steps=291840/384000 | pi=-0.0002 v=248.9849 ent=3.8314 ret=8.923 exp_var=0.569
[IPPO] iter=1160 steps=296960/384000 | pi=-0.0003 v=250.9700 ent=3.8359 ret=8.877 exp_var=0.570
[IPPO] iter=1180 steps=302080/384000 | pi=-0.0004 v=250.4086 ent=3.8363 ret=8.843 exp_var=0.573
[IPPO] iter=1200 steps=307200/384000 | pi=-0.0005 v=249.0263 ent=3.8331 ret=8.910 exp_var=0.525
[IPPO] iter=1220 steps=312320/384000 | pi=-0.0005 v=246.6617 ent=3.8345 ret=8.997 exp_var=0.534
[IPPO] iter=1240 steps=317440/384000 | pi=-0.0004 v=249.0633 ent=3.8358 ret=8.910 exp_var=0.557
[IPPO] iter=1260 steps=322560/384000 | pi=-0.0005 v=246.8724 ent=3.8362 ret=8.849 exp_var=0.565
[IPPO] iter=1280 steps=327680/384000 | pi=-0.0006 v=247.2035 ent=3.8356 ret=8.928 exp_var=0.554
[IPPO] iter=1300 steps=332800/384000 | pi=-0.0006 v=248.8359 ent=3.8359 ret=8.886 exp_var=0.532
[IPPO] iter=1320 steps=337920/384000 | pi=-0.0006 v=246.3850 ent=3.8360 ret=8.875 exp_var=0.523
[IPPO] iter=1340 steps=343040/384000 | pi=-0.0005 v=249.6787 ent=3.8354 ret=8.940 exp_var=0.593
[IPPO] iter=1360 steps=348160/384000 | pi=-0.0007 v=250.1589 ent=3.8369 ret=8.944 exp_var=0.624
[IPPO] iter=1380 steps=353280/384000 | pi=-0.0006 v=248.6773 ent=3.8355 ret=8.997 exp_var=0.634
[IPPO] iter=1400 steps=358400/384000 | pi=-0.0008 v=253.5793 ent=3.8335 ret=8.905 exp_var=0.607
[IPPO] iter=1420 steps=363520/384000 | pi=-0.0003 v=354.3302 ent=3.8366 ret=5.596 exp_var=0.384
[IPPO] iter=1440 steps=368640/384000 | pi=-0.0005 v=344.9451 ent=3.8358 ret=5.949 exp_var=0.357
[IPPO] iter=1460 steps=373760/384000 | pi=-0.0007 v=306.1256 ent=3.8369 ret=7.817 exp_var=0.361
[IPPO] iter=1480 steps=378880/384000 | pi=-0.0010 v=313.7045 ent=3.8373 ret=8.003 exp_var=0.395
[IPPO] iter=1500 steps=384000/384000 | pi=-0.0007 v=328.7991 ent=3.8373 ret=9.033 exp_var=0.489
Saved plot: /home/ak565492/gnn_experiments/outputs/hetnet_envs/pcp_ippo.png
Saved checkpoint: /home/ak565492/gnn_experiments/outputs/hetnet_envs/pcp_ippo_final.pt

[IPPO] Final return: 9.033
=============================
End time: Tue Apr 21 00:36:04 EDT 2026
=============================
