=============================
Job ID:       567177
Array Task:   6
Node:         evc9
GPU:          0
Start time:   Mon Mar 16 21:39:42 EDT 2026
=============================
Running: GNN K=3 r_comm=2.0
Device: cuda
GPU: Tesla V100-PCIE-16GB

=== GNN | K=3, r_comm=2.0 | device=cuda ===
[K3_r2.0] iter=1/2000 steps=256 | pi=-0.0011 v=0.4428 ent=2.8272 ret=0.000 exp_var=0.940
[K3_r2.0] iter=20/2000 steps=5120 | pi=-0.0031 v=31.3412 ent=2.7945 ret=0.000 exp_var=0.916
[K3_r2.0] iter=40/2000 steps=10240 | pi=-0.0032 v=6.4652 ent=2.7918 ret=0.000 exp_var=0.916
[K3_r2.0] iter=60/2000 steps=15360 | pi=-0.0036 v=2.7099 ent=2.8356 ret=0.000 exp_var=0.939
[K3_r2.0] iter=80/2000 steps=20480 | pi=-0.0031 v=1.1143 ent=2.8599 ret=0.000 exp_var=0.980
[K3_r2.0] iter=100/2000 steps=25600 | pi=0.0004 v=4.4065 ent=3.1211 ret=0.000 exp_var=0.698
[K3_r2.0] iter=120/2000 steps=30720 | pi=-0.0008 v=0.1534 ent=3.0469 ret=0.000 exp_var=0.963
[K3_r2.0] iter=140/2000 steps=35840 | pi=-0.0011 v=0.1225 ent=3.1710 ret=0.000 exp_var=0.974
[K3_r2.0] iter=160/2000 steps=40960 | pi=-0.0037 v=0.0312 ent=3.0772 ret=0.000 exp_var=0.993
