=============================
Job ID:       589142
Array Task:   1
Node:         evc2
GPU:          0
Start time:   Mon Apr 20 22:00:46 EDT 2026
=============================
Running: PP GNN K=2 r=1.5
Using device: cuda
GPU: Tesla V100-PCIE-16GB
Env: PP | 2S + 1I | world=5.0 | max_steps=80

=== GNN-MAPPO | K=2, r_comm=1.5 (PP) | device=cuda ===
[GNN K2_r1.5] iter=1 steps=256/384000 | pi=-0.0000 v=9.3249 ent=2.8591 ret=-100.676 exp_var=-0.001
[GNN K2_r1.5] iter=20 steps=5120/384000 | pi=-0.0013 v=6.2776 ent=2.9880 ret=-105.752 exp_var=0.946
[GNN K2_r1.5] iter=40 steps=10240/384000 | pi=-0.0021 v=2.3451 ent=3.0693 ret=-65.497 exp_var=0.990
[GNN K2_r1.5] iter=60 steps=15360/384000 | pi=-0.0014 v=2.3011 ent=3.1817 ret=-61.133 exp_var=0.992
[GNN K2_r1.5] iter=80 steps=20480/384000 | pi=-0.0008 v=1.9437 ent=3.2929 ret=-60.096 exp_var=0.994
[GNN K2_r1.5] iter=100 steps=25600/384000 | pi=-0.0007 v=1.2719 ent=3.3696 ret=-47.580 exp_var=0.993
[GNN K2_r1.5] iter=120 steps=30720/384000 | pi=-0.0016 v=1.1311 ent=3.5258 ret=-44.106 exp_var=0.991
[GNN K2_r1.5] iter=140 steps=35840/384000 | pi=-0.0018 v=0.4524 ent=3.7818 ret=-39.171 exp_var=0.995
[GNN K2_r1.5] iter=160 steps=40960/384000 | pi=-0.0008 v=0.6218 ent=3.8339 ret=-38.419 exp_var=0.995
[GNN K2_r1.5] iter=180 steps=46080/384000 | pi=-0.0016 v=0.5170 ent=3.8370 ret=-32.569 exp_var=0.982
[GNN K2_r1.5] iter=200 steps=51200/384000 | pi=-0.0016 v=0.3761 ent=3.8372 ret=-31.739 exp_var=0.994
[GNN K2_r1.5] iter=220 steps=56320/384000 | pi=-0.0020 v=0.3907 ent=3.8374 ret=-28.791 exp_var=0.987
[GNN K2_r1.5] iter=240 steps=61440/384000 | pi=-0.0024 v=0.0749 ent=3.8369 ret=-26.424 exp_var=0.996
[GNN K2_r1.5] iter=260 steps=66560/384000 | pi=-0.0016 v=0.1463 ent=3.8371 ret=-25.008 exp_var=0.991
[GNN K2_r1.5] iter=280 steps=71680/384000 | pi=-0.0014 v=0.1283 ent=3.8376 ret=-23.511 exp_var=0.987
[GNN K2_r1.5] iter=300 steps=76800/384000 | pi=-0.0011 v=0.3080 ent=3.8377 ret=-22.759 exp_var=0.976
[GNN K2_r1.5] iter=320 steps=81920/384000 | pi=-0.0015 v=0.0394 ent=3.8359 ret=-21.384 exp_var=0.997
[GNN K2_r1.5] iter=340 steps=87040/384000 | pi=-0.0019 v=0.7525 ent=3.8353 ret=4.238 exp_var=0.972
[GNN K2_r1.5] iter=360 steps=92160/384000 | pi=-0.0022 v=0.7473 ent=3.7844 ret=12.710 exp_var=0.985
[GNN K2_r1.5] iter=380 steps=97280/384000 | pi=-0.0025 v=0.8603 ent=3.6422 ret=14.378 exp_var=0.984
[GNN K2_r1.5] iter=400 steps=102400/384000 | pi=-0.0015 v=0.4544 ent=3.5527 ret=14.687 exp_var=0.987
[GNN K2_r1.5] iter=420 steps=107520/384000 | pi=-0.0012 v=0.3444 ent=3.6252 ret=14.741 exp_var=0.987
[GNN K2_r1.5] iter=440 steps=112640/384000 | pi=-0.0019 v=0.1196 ent=3.7424 ret=14.746 exp_var=0.996
[GNN K2_r1.5] iter=460 steps=117760/384000 | pi=-0.0018 v=0.1396 ent=3.8345 ret=14.757 exp_var=0.994
[GNN K2_r1.5] iter=480 steps=122880/384000 | pi=-0.0015 v=0.1299 ent=3.8376 ret=14.763 exp_var=0.993
[GNN K2_r1.5] iter=500 steps=128000/384000 | pi=-0.0018 v=0.0257 ent=3.8372 ret=14.769 exp_var=0.998
[GNN K2_r1.5] iter=520 steps=133120/384000 | pi=-0.0016 v=0.0179 ent=3.8364 ret=14.771 exp_var=0.999
[GNN K2_r1.5] iter=540 steps=138240/384000 | pi=-0.0020 v=0.0101 ent=3.8372 ret=14.778 exp_var=1.000
[GNN K2_r1.5] iter=560 steps=143360/384000 | pi=-0.0016 v=0.0087 ent=3.8375 ret=14.780 exp_var=1.000
[GNN K2_r1.5] iter=580 steps=148480/384000 | pi=-0.0014 v=0.0079 ent=3.8366 ret=14.798 exp_var=1.000
[GNN K2_r1.5] iter=600 steps=153600/384000 | pi=-0.0023 v=0.0051 ent=3.8377 ret=14.800 exp_var=1.000
[GNN K2_r1.5] iter=620 steps=158720/384000 | pi=-0.0009 v=0.0088 ent=3.8374 ret=14.799 exp_var=0.999
[GNN K2_r1.5] iter=640 steps=163840/384000 | pi=-0.0015 v=0.0029 ent=3.8370 ret=14.808 exp_var=0.999
[GNN K2_r1.5] iter=660 steps=168960/384000 | pi=-0.0017 v=0.0027 ent=3.8376 ret=14.808 exp_var=1.000
[GNN K2_r1.5] iter=680 steps=174080/384000 | pi=-0.0009 v=0.0038 ent=3.8366 ret=14.811 exp_var=0.998
[GNN K2_r1.5] iter=700 steps=179200/384000 | pi=-0.0026 v=0.0013 ent=3.8375 ret=14.813 exp_var=1.000
[GNN K2_r1.5] iter=720 steps=184320/384000 | pi=-0.0025 v=0.0013 ent=3.8368 ret=14.813 exp_var=1.000
[GNN K2_r1.5] iter=740 steps=189440/384000 | pi=-0.0017 v=0.0014 ent=3.8373 ret=14.814 exp_var=0.999
[GNN K2_r1.5] iter=760 steps=194560/384000 | pi=-0.0019 v=0.0012 ent=3.8375 ret=14.815 exp_var=1.000
[GNN K2_r1.5] iter=780 steps=199680/384000 | pi=-0.0023 v=0.0010 ent=3.8378 ret=14.817 exp_var=0.999
[GNN K2_r1.5] iter=800 steps=204800/384000 | pi=-0.0024 v=0.0009 ent=3.8377 ret=14.817 exp_var=0.999
[GNN K2_r1.5] iter=820 steps=209920/384000 | pi=-0.0016 v=0.0008 ent=3.8378 ret=14.817 exp_var=0.999
[GNN K2_r1.5] iter=840 steps=215040/384000 | pi=-0.0012 v=0.0006 ent=3.8378 ret=14.818 exp_var=0.999
[GNN K2_r1.5] iter=860 steps=220160/384000 | pi=-0.0025 v=0.0005 ent=3.8378 ret=14.818 exp_var=1.000
[GNN K2_r1.5] iter=880 steps=225280/384000 | pi=-0.0025 v=0.0004 ent=3.8374 ret=14.818 exp_var=1.000
[GNN K2_r1.5] iter=900 steps=230400/384000 | pi=-0.0025 v=0.0006 ent=3.8378 ret=14.818 exp_var=1.000
[GNN K2_r1.5] iter=920 steps=235520/384000 | pi=-0.0021 v=0.0004 ent=3.8378 ret=14.818 exp_var=1.000
[GNN K2_r1.5] iter=940 steps=240640/384000 | pi=-0.0021 v=0.0004 ent=3.8377 ret=14.818 exp_var=1.000
[GNN K2_r1.5] iter=960 steps=245760/384000 | pi=-0.0025 v=0.0006 ent=3.8378 ret=14.818 exp_var=1.000
[GNN K2_r1.5] iter=980 steps=250880/384000 | pi=-0.0027 v=0.0005 ent=3.8377 ret=14.819 exp_var=1.000
[GNN K2_r1.5] iter=1000 steps=256000/384000 | pi=-0.0025 v=0.0004 ent=3.8376 ret=14.819 exp_var=1.000
[GNN K2_r1.5] iter=1020 steps=261120/384000 | pi=-0.0024 v=0.0003 ent=3.8379 ret=14.822 exp_var=-0.282
[GNN K2_r1.5] iter=1040 steps=266240/384000 | pi=-0.0024 v=0.0006 ent=3.8378 ret=14.821 exp_var=-0.080
[GNN K2_r1.5] iter=1060 steps=271360/384000 | pi=-0.0018 v=0.0004 ent=3.8378 ret=14.822 exp_var=-0.162
[GNN K2_r1.5] iter=1080 steps=276480/384000 | pi=-0.0025 v=0.0003 ent=3.8378 ret=14.822 exp_var=-0.233
[GNN K2_r1.5] iter=1100 steps=281600/384000 | pi=-0.0020 v=0.0004 ent=3.8378 ret=14.822 exp_var=-0.146
[GNN K2_r1.5] iter=1120 steps=286720/384000 | pi=-0.0019 v=0.0003 ent=3.8378 ret=14.822 exp_var=-0.102
[GNN K2_r1.5] iter=1140 steps=291840/384000 | pi=-0.0018 v=0.0003 ent=3.8378 ret=14.822 exp_var=-0.007
[GNN K2_r1.5] iter=1160 steps=296960/384000 | pi=-0.0021 v=0.0003 ent=3.8378 ret=14.822 exp_var=-0.157
[GNN K2_r1.5] iter=1180 steps=302080/384000 | pi=-0.0024 v=0.0002 ent=3.8378 ret=14.822 exp_var=-0.208
[GNN K2_r1.5] iter=1200 steps=307200/384000 | pi=-0.0020 v=0.0002 ent=3.8379 ret=14.822 exp_var=-0.173
[GNN K2_r1.5] iter=1220 steps=312320/384000 | pi=-0.0021 v=0.0002 ent=3.8379 ret=14.823 exp_var=-0.198
[GNN K2_r1.5] iter=1240 steps=317440/384000 | pi=-0.0018 v=0.0002 ent=3.8378 ret=14.823 exp_var=-0.272
[GNN K2_r1.5] iter=1260 steps=322560/384000 | pi=-0.0017 v=0.0002 ent=3.8379 ret=14.822 exp_var=-0.190
[GNN K2_r1.5] iter=1280 steps=327680/384000 | pi=-0.0020 v=0.0002 ent=3.8379 ret=14.823 exp_var=-0.212
[GNN K2_r1.5] iter=1300 steps=332800/384000 | pi=-0.0021 v=0.0002 ent=3.8379 ret=14.822 exp_var=-0.105
[GNN K2_r1.5] iter=1320 steps=337920/384000 | pi=-0.0019 v=0.0002 ent=3.8379 ret=14.822 exp_var=-0.170
[GNN K2_r1.5] iter=1340 steps=343040/384000 | pi=-0.0016 v=0.0002 ent=3.8379 ret=14.822 exp_var=-0.126
[GNN K2_r1.5] iter=1360 steps=348160/384000 | pi=-0.0017 v=0.0002 ent=3.8378 ret=14.822 exp_var=-0.137
[GNN K2_r1.5] iter=1380 steps=353280/384000 | pi=-0.0018 v=0.0002 ent=3.8379 ret=14.822 exp_var=-0.116
[GNN K2_r1.5] iter=1400 steps=358400/384000 | pi=-0.0015 v=0.0002 ent=3.8379 ret=14.822 exp_var=-0.041
[GNN K2_r1.5] iter=1420 steps=363520/384000 | pi=-0.0012 v=0.0002 ent=3.8379 ret=14.822 exp_var=-0.055
[GNN K2_r1.5] iter=1440 steps=368640/384000 | pi=-0.0012 v=0.0001 ent=3.8379 ret=14.822 exp_var=-0.084
[GNN K2_r1.5] iter=1460 steps=373760/384000 | pi=-0.0015 v=0.0002 ent=3.8379 ret=14.822 exp_var=-0.079
[GNN K2_r1.5] iter=1480 steps=378880/384000 | pi=-0.0012 v=0.0002 ent=3.8379 ret=14.822 exp_var=-0.063
[GNN K2_r1.5] iter=1500 steps=384000/384000 | pi=-0.0012 v=0.0001 ent=3.8379 ret=14.822 exp_var=-0.124
Saved plot: /home/ak565492/gnn_experiments/outputs/hetnet_envs/pp_gnn_K2_r1.5.png
Saved checkpoint: /home/ak565492/gnn_experiments/outputs/hetnet_envs/pp_gnn_K2_r1.5_final.pt

[GNN K2_r1.5] Final return: 14.822
=============================
End time: Tue Apr 21 01:07:28 EDT 2026
=============================
