=============================
Job ID:       567201
Array Task:   1
Node:         evc2
GPU:          0
Start time:   Mon Mar 16 22:34:18 EDT 2026
=============================
Running: GNN K=2 r_comm=1.0
Device: cuda
GPU: Tesla V100-PCIE-16GB

=== GNN | K=2, r_comm=1.0 | device=cuda ===
[K2_r1.0] iter=1/2000 steps=256 | pi=-0.0012 v=0.5205 ent=2.8224 ret=-4.915 exp_var=0.925
[K2_r1.0] iter=20/2000 steps=5120 | pi=-0.0027 v=36.5578 ent=2.8121 ret=-3.570 exp_var=0.868
[K2_r1.0] iter=40/2000 steps=10240 | pi=-0.0035 v=6.6268 ent=2.8190 ret=-4.521 exp_var=0.839
[K2_r1.0] iter=60/2000 steps=15360 | pi=-0.0038 v=0.4722 ent=2.8834 ret=-4.968 exp_var=0.931
[K2_r1.0] iter=80/2000 steps=20480 | pi=0.0003 v=0.0257 ent=2.8928 ret=-4.442 exp_var=0.993
[K2_r1.0] iter=100/2000 steps=25600 | pi=-0.0043 v=0.0319 ent=2.7795 ret=-2.304 exp_var=0.994
[K2_r1.0] iter=120/2000 steps=30720 | pi=-0.0042 v=0.0102 ent=2.6853 ret=-3.069 exp_var=0.998
[K2_r1.0] iter=140/2000 steps=35840 | pi=3.4503 v=0.0018 ent=2.7821 ret=-3.444 exp_var=1.000
[K2_r1.0] iter=160/2000 steps=40960 | pi=-0.0032 v=0.0051 ent=2.8280 ret=-2.980 exp_var=0.999
[K2_r1.0] iter=180/2000 steps=46080 | pi=-0.0035 v=0.0024 ent=2.6949 ret=-3.158 exp_var=0.999
[K2_r1.0] iter=200/2000 steps=51200 | pi=-0.0032 v=0.0040 ent=2.6381 ret=-3.081 exp_var=0.999
[K2_r1.0] iter=220/2000 steps=56320 | pi=-0.0027 v=0.0066 ent=2.3928 ret=-2.819 exp_var=0.998
[K2_r1.0] iter=240/2000 steps=61440 | pi=-0.0042 v=0.0057 ent=2.3335 ret=-2.800 exp_var=0.999
[K2_r1.0] iter=260/2000 steps=66560 | pi=-0.0024 v=0.0004 ent=2.6264 ret=-3.030 exp_var=1.000
[K2_r1.0] iter=280/2000 steps=71680 | pi=-0.0036 v=0.0012 ent=2.6873 ret=-2.992 exp_var=1.000
[K2_r1.0] iter=300/2000 steps=76800 | pi=0.0006 v=0.0003 ent=3.4868 ret=-3.050 exp_var=1.000
[K2_r1.0] iter=320/2000 steps=81920 | pi=-0.0035 v=0.0015 ent=2.7733 ret=-3.038 exp_var=1.000
[K2_r1.0] iter=340/2000 steps=87040 | pi=-0.0017 v=0.0002 ent=3.3835 ret=-3.073 exp_var=1.000
[K2_r1.0] iter=360/2000 steps=92160 | pi=-0.0025 v=0.0033 ent=3.0686 ret=-3.030 exp_var=0.999
[K2_r1.0] iter=380/2000 steps=97280 | pi=-0.0034 v=0.0014 ent=2.7253 ret=-2.998 exp_var=1.000
