=============================
Job ID:       567202
Array Task:   2
Node:         evc5
GPU:          0
Start time:   Mon Mar 16 22:34:18 EDT 2026
=============================
Running: GNN K=2 r_comm=1.5
Device: cuda
GPU: Tesla V100-PCIE-16GB

=== GNN | K=2, r_comm=1.5 | device=cuda ===
[K2_r1.5] iter=1/2000 steps=256 | pi=-0.0012 v=0.4960 ent=2.8223 ret=-4.961 exp_var=0.929
[K2_r1.5] iter=20/2000 steps=5120 | pi=-0.0029 v=44.1571 ent=2.7745 ret=-2.724 exp_var=0.932
[K2_r1.5] iter=40/2000 steps=10240 | pi=-0.0034 v=8.2009 ent=2.7837 ret=-4.003 exp_var=0.879
[K2_r1.5] iter=60/2000 steps=15360 | pi=-0.0034 v=1.8349 ent=2.8387 ret=-4.167 exp_var=0.891
[K2_r1.5] iter=80/2000 steps=20480 | pi=-0.0021 v=0.6784 ent=2.9081 ret=-4.630 exp_var=0.915
[K2_r1.5] iter=100/2000 steps=25600 | pi=-0.0022 v=0.3133 ent=3.0060 ret=-4.194 exp_var=0.944
[K2_r1.5] iter=120/2000 steps=30720 | pi=-0.0025 v=0.0392 ent=3.1444 ret=-4.880 exp_var=0.989
[K2_r1.5] iter=140/2000 steps=35840 | pi=0.9099 v=0.0270 ent=2.9282 ret=-3.685 exp_var=0.994
[K2_r1.5] iter=160/2000 steps=40960 | pi=-0.0043 v=0.0187 ent=2.7634 ret=-3.120 exp_var=0.996
[K2_r1.5] iter=180/2000 steps=46080 | pi=-0.0036 v=0.0045 ent=2.7351 ret=-3.238 exp_var=0.999
[K2_r1.5] iter=200/2000 steps=51200 | pi=-0.0024 v=0.0016 ent=2.9955 ret=-3.311 exp_var=1.000
[K2_r1.5] iter=220/2000 steps=56320 | pi=-0.0015 v=0.0011 ent=3.0359 ret=-3.154 exp_var=1.000
[K2_r1.5] iter=240/2000 steps=61440 | pi=-0.0032 v=0.0010 ent=3.0238 ret=-3.123 exp_var=1.000
[K2_r1.5] iter=260/2000 steps=66560 | pi=-0.0040 v=0.0102 ent=2.7332 ret=-2.768 exp_var=0.998
[K2_r1.5] iter=280/2000 steps=71680 | pi=-0.0043 v=0.0102 ent=2.5059 ret=-2.804 exp_var=0.998
[K2_r1.5] iter=300/2000 steps=76800 | pi=-0.0026 v=0.0132 ent=2.4364 ret=-2.970 exp_var=0.997
[K2_r1.5] iter=320/2000 steps=81920 | pi=-0.0037 v=0.0053 ent=2.4282 ret=-3.115 exp_var=0.999
[K2_r1.5] iter=340/2000 steps=87040 | pi=-0.0027 v=0.0016 ent=2.6838 ret=-3.131 exp_var=1.000
[K2_r1.5] iter=360/2000 steps=92160 | pi=-0.0040 v=0.0025 ent=2.8285 ret=-3.115 exp_var=0.999
[K2_r1.5] iter=380/2000 steps=97280 | pi=-0.0051 v=0.0048 ent=2.5881 ret=-2.842 exp_var=0.999
[K2_r1.5] iter=400/2000 steps=102400 | pi=-0.0041 v=0.0005 ent=2.7812 ret=-3.046 exp_var=1.000
