=============================
Job ID:       585257
Array Task:   1
Node:         evc10
GPU:          0
Start time:   Wed Apr 15 18:45:50 EDT 2026
=============================
Running: PP GNN K=2 r=1.5
Using device: cuda
GPU: Tesla V100-PCIE-16GB
Env: PP | 2S + 1I | world=5.0 | max_steps=80

=== GNN-MAPPO | K=2, r_comm=1.5 (PP) | device=cuda ===
[GNN K2_r1.5] iter=1 steps=256/384000 | pi=-0.0002 v=47.6345 ent=2.8551 ret=-1.878 exp_var=0.007
[GNN K2_r1.5] iter=20 steps=5120/384000 | pi=-0.0008 v=8.0938 ent=3.2613 ret=-0.492 exp_var=0.552
[GNN K2_r1.5] iter=40 steps=10240/384000 | pi=-0.0007 v=26.9538 ent=3.3464 ret=10.852 exp_var=0.885
[GNN K2_r1.5] iter=60 steps=15360/384000 | pi=-0.0007 v=0.1053 ent=3.6348 ret=13.815 exp_var=-3.220
[GNN K2_r1.5] iter=80 steps=20480/384000 | pi=-0.0006 v=0.0015 ent=3.4834 ret=14.560 exp_var=-15.189
[GNN K2_r1.5] iter=100 steps=25600/384000 | pi=-0.0005 v=0.0006 ent=3.5473 ret=14.711 exp_var=-74.654
[GNN K2_r1.5] iter=120 steps=30720/384000 | pi=-0.0008 v=0.0007 ent=3.7022 ret=14.710 exp_var=-65.425
[GNN K2_r1.5] iter=140 steps=35840/384000 | pi=-0.0008 v=0.0004 ent=3.8229 ret=14.738 exp_var=-92.135
[GNN K2_r1.5] iter=160 steps=40960/384000 | pi=-0.0009 v=0.0005 ent=3.8376 ret=14.705 exp_var=-37.062
[GNN K2_r1.5] iter=180 steps=46080/384000 | pi=-0.0006 v=0.0006 ent=3.8371 ret=14.645 exp_var=-18.005
[GNN K2_r1.5] iter=200 steps=51200/384000 | pi=-0.0007 v=0.0004 ent=3.8364 ret=14.715 exp_var=-52.510
[GNN K2_r1.5] iter=220 steps=56320/384000 | pi=-0.0007 v=0.0002 ent=3.8373 ret=14.767 exp_var=-93.582
[GNN K2_r1.5] iter=240 steps=61440/384000 | pi=-0.0606 v=9.5334 ent=3.8199 ret=12.412 exp_var=0.937
[GNN K2_r1.5] iter=260 steps=66560/384000 | pi=-0.0705 v=8.9215 ent=3.6065 ret=11.466 exp_var=0.975
[GNN K2_r1.5] iter=280 steps=71680/384000 | pi=0.0134 v=6.0076 ent=3.4864 ret=11.153 exp_var=0.989
[GNN K2_r1.5] iter=300 steps=76800/384000 | pi=0.0055 v=3.3429 ent=3.8377 ret=10.981 exp_var=0.995
[GNN K2_r1.5] iter=320 steps=81920/384000 | pi=0.0038 v=2.3531 ent=3.8377 ret=10.783 exp_var=0.996
[GNN K2_r1.5] iter=340 steps=87040/384000 | pi=0.0007 v=4.4420 ent=3.8377 ret=10.651 exp_var=0.993
[GNN K2_r1.5] iter=360 steps=92160/384000 | pi=0.0002 v=6.0561 ent=3.8378 ret=11.164 exp_var=0.985
[GNN K2_r1.5] iter=380 steps=97280/384000 | pi=-0.0002 v=9.4760 ent=3.8377 ret=11.039 exp_var=0.941
[GNN K2_r1.5] iter=400 steps=102400/384000 | pi=0.0000 v=5.5141 ent=3.8376 ret=10.720 exp_var=0.979
[GNN K2_r1.5] iter=420 steps=107520/384000 | pi=0.0006 v=4.7303 ent=3.8376 ret=11.053 exp_var=0.987
[GNN K2_r1.5] iter=440 steps=112640/384000 | pi=-0.0006 v=1.9728 ent=3.8376 ret=11.018 exp_var=0.995
[GNN K2_r1.5] iter=460 steps=117760/384000 | pi=-0.0004 v=2.6859 ent=3.8377 ret=11.117 exp_var=0.991
[GNN K2_r1.5] iter=480 steps=122880/384000 | pi=-0.0003 v=1.3388 ent=3.8377 ret=11.216 exp_var=0.997
[GNN K2_r1.5] iter=500 steps=128000/384000 | pi=-0.0002 v=1.6191 ent=3.8378 ret=11.115 exp_var=0.997
[GNN K2_r1.5] iter=520 steps=133120/384000 | pi=-0.0005 v=3.2167 ent=3.8378 ret=11.188 exp_var=0.994
[GNN K2_r1.5] iter=540 steps=138240/384000 | pi=0.0012 v=1.1753 ent=3.8378 ret=11.179 exp_var=0.999
[GNN K2_r1.5] iter=560 steps=143360/384000 | pi=0.0008 v=0.4241 ent=3.8378 ret=11.219 exp_var=1.000
[GNN K2_r1.5] iter=580 steps=148480/384000 | pi=0.0004 v=0.1307 ent=3.8378 ret=11.240 exp_var=1.000
[GNN K2_r1.5] iter=600 steps=153600/384000 | pi=0.0004 v=0.0417 ent=3.8373 ret=11.255 exp_var=1.000
[GNN K2_r1.5] iter=620 steps=158720/384000 | pi=0.0003 v=0.0329 ent=3.8370 ret=11.271 exp_var=1.000
[GNN K2_r1.5] iter=640 steps=163840/384000 | pi=0.0002 v=0.0304 ent=3.8374 ret=11.253 exp_var=1.000
[GNN K2_r1.5] iter=660 steps=168960/384000 | pi=0.0004 v=0.0263 ent=3.8376 ret=11.281 exp_var=1.000
[GNN K2_r1.5] iter=680 steps=174080/384000 | pi=-0.0001 v=0.0267 ent=3.8374 ret=11.276 exp_var=1.000
[GNN K2_r1.5] iter=700 steps=179200/384000 | pi=0.0001 v=0.0259 ent=3.8375 ret=11.289 exp_var=1.000
[GNN K2_r1.5] iter=720 steps=184320/384000 | pi=0.0002 v=0.0250 ent=3.8377 ret=11.265 exp_var=1.000
[GNN K2_r1.5] iter=740 steps=189440/384000 | pi=0.0001 v=0.0255 ent=3.8375 ret=11.292 exp_var=1.000
[GNN K2_r1.5] iter=760 steps=194560/384000 | pi=-0.0002 v=0.0252 ent=3.8375 ret=11.277 exp_var=1.000
[GNN K2_r1.5] iter=780 steps=199680/384000 | pi=-0.0001 v=0.0250 ent=3.8369 ret=11.287 exp_var=1.000
[GNN K2_r1.5] iter=800 steps=204800/384000 | pi=0.0001 v=0.0245 ent=3.8373 ret=11.286 exp_var=1.000
[GNN K2_r1.5] iter=820 steps=209920/384000 | pi=-0.0002 v=0.0245 ent=3.8369 ret=11.298 exp_var=1.000
[GNN K2_r1.5] iter=840 steps=215040/384000 | pi=-0.0001 v=0.0244 ent=3.8373 ret=11.287 exp_var=1.000
[GNN K2_r1.5] iter=860 steps=220160/384000 | pi=-0.0001 v=0.0243 ent=3.8378 ret=11.291 exp_var=1.000
[GNN K2_r1.5] iter=880 steps=225280/384000 | pi=-0.0001 v=0.0243 ent=3.8377 ret=11.277 exp_var=1.000
[GNN K2_r1.5] iter=900 steps=230400/384000 | pi=-0.0001 v=0.0242 ent=3.8376 ret=11.278 exp_var=1.000
[GNN K2_r1.5] iter=920 steps=235520/384000 | pi=-0.0001 v=0.0244 ent=3.8375 ret=11.267 exp_var=1.000
[GNN K2_r1.5] iter=940 steps=240640/384000 | pi=-0.0002 v=0.0246 ent=3.8377 ret=11.294 exp_var=1.000
[GNN K2_r1.5] iter=960 steps=245760/384000 | pi=-0.0003 v=0.0254 ent=3.8376 ret=11.294 exp_var=1.000
[GNN K2_r1.5] iter=980 steps=250880/384000 | pi=-0.0003 v=0.0254 ent=3.8374 ret=11.279 exp_var=1.000
[GNN K2_r1.5] iter=1000 steps=256000/384000 | pi=-0.0005 v=0.0244 ent=3.8376 ret=11.289 exp_var=1.000
[GNN K2_r1.5] iter=1020 steps=261120/384000 | pi=-0.0001 v=0.0235 ent=3.8377 ret=11.285 exp_var=1.000
[GNN K2_r1.5] iter=1040 steps=266240/384000 | pi=-0.0002 v=0.0233 ent=3.8377 ret=11.260 exp_var=1.000
[GNN K2_r1.5] iter=1060 steps=271360/384000 | pi=-0.0003 v=0.0235 ent=3.8378 ret=11.279 exp_var=1.000
[GNN K2_r1.5] iter=1080 steps=276480/384000 | pi=-0.0003 v=0.0235 ent=3.8376 ret=11.290 exp_var=1.000
[GNN K2_r1.5] iter=1100 steps=281600/384000 | pi=-0.0002 v=0.0231 ent=3.8374 ret=11.282 exp_var=1.000
[GNN K2_r1.5] iter=1120 steps=286720/384000 | pi=-0.0003 v=0.0235 ent=3.8376 ret=11.282 exp_var=1.000
[GNN K2_r1.5] iter=1140 steps=291840/384000 | pi=-0.0003 v=0.0227 ent=3.8378 ret=11.291 exp_var=1.000
[GNN K2_r1.5] iter=1160 steps=296960/384000 | pi=-0.0004 v=0.0233 ent=3.8358 ret=11.281 exp_var=1.000
[GNN K2_r1.5] iter=1180 steps=302080/384000 | pi=-0.0002 v=0.0230 ent=3.8377 ret=11.285 exp_var=1.000
[GNN K2_r1.5] iter=1200 steps=307200/384000 | pi=-0.0004 v=0.0228 ent=3.8377 ret=11.285 exp_var=1.000
[GNN K2_r1.5] iter=1220 steps=312320/384000 | pi=-0.0005 v=0.0239 ent=3.8378 ret=11.290 exp_var=1.000
[GNN K2_r1.5] iter=1240 steps=317440/384000 | pi=-0.0009 v=0.1443 ent=3.8379 ret=11.280 exp_var=1.000
[GNN K2_r1.5] iter=1260 steps=322560/384000 | pi=-0.0006 v=0.1551 ent=3.8379 ret=11.290 exp_var=1.000
[GNN K2_r1.5] iter=1280 steps=327680/384000 | pi=-0.0010 v=2.1474 ent=3.8379 ret=11.371 exp_var=0.996
[GNN K2_r1.5] iter=1300 steps=332800/384000 | pi=-0.0007 v=2.2061 ent=3.8379 ret=11.382 exp_var=0.994
[GNN K2_r1.5] iter=1320 steps=337920/384000 | pi=-0.0008 v=1.4845 ent=3.8379 ret=11.363 exp_var=0.996
[GNN K2_r1.5] iter=1340 steps=343040/384000 | pi=-0.0008 v=0.7346 ent=3.8379 ret=11.354 exp_var=0.998
[GNN K2_r1.5] iter=1360 steps=348160/384000 | pi=-0.0006 v=0.2626 ent=3.8379 ret=11.398 exp_var=0.999
[GNN K2_r1.5] iter=1380 steps=353280/384000 | pi=-0.0006 v=0.0544 ent=3.8379 ret=11.367 exp_var=1.000
[GNN K2_r1.5] iter=1400 steps=358400/384000 | pi=-0.0010 v=0.0517 ent=3.8377 ret=11.371 exp_var=1.000
[GNN K2_r1.5] iter=1420 steps=363520/384000 | pi=-0.0007 v=0.0454 ent=3.8378 ret=11.380 exp_var=1.000
[GNN K2_r1.5] iter=1440 steps=368640/384000 | pi=-0.0010 v=0.0773 ent=3.8379 ret=11.403 exp_var=1.000
[GNN K2_r1.5] iter=1460 steps=373760/384000 | pi=-0.0011 v=0.0673 ent=3.8378 ret=11.402 exp_var=1.000
[GNN K2_r1.5] iter=1480 steps=378880/384000 | pi=-0.0008 v=0.1125 ent=3.8379 ret=11.417 exp_var=1.000
[GNN K2_r1.5] iter=1500 steps=384000/384000 | pi=-0.0013 v=0.1909 ent=3.8378 ret=11.406 exp_var=1.000
Saved plot: /home/ak565492/gnn_experiments/outputs/hetnet_envs/pp_gnn_K2_r1.5.png
Saved checkpoint: /home/ak565492/gnn_experiments/outputs/hetnet_envs/pp_gnn_K2_r1.5_final.pt

[GNN K2_r1.5] Final return: 11.406
=============================
End time: Wed Apr 15 21:56:48 EDT 2026
=============================
