[setup] Required Python imports are available.
[setup] Required Python imports are available.
=== Job info ===
Job      : 634633  array=29
Node     : evc11
Submit   : /lustre/fs1/home/ak565492/gnn_experiments
Repo     : /lustre/fs1/home/ak565492/gnn_experiments
Git rev  : c98852a
Python   : /home/ak565492/expenv/bin/python
Python 3.11.4
PyYAML   : 6.0.3
NumPy    : 2.3.5
Torch    : 2.5.1+cu121 cuda_available=True torch_cuda=12.1
CUDA_VIS : 0
Threads  : OMP=4 MKL=4 OPENBLAS=1
Task     : 29/30
Config   : configs/pursuit_smoke.yaml
Generated: runs/pursuit_sweep/generated_configs/634633_29_pursuit_smoke_alpha1p0_seed2.yaml
Alpha    : 1.0
Seed     : 2
Run label: pursuit_smoke_alpha1p0
Log dir  : runs/pursuit_sweep/pursuit_smoke
Probe    : 1
Start    : Thu Jun  4 17:14:38 EDT 2026
================
Thu Jun  4 17:14:38 2026       
+-----------------------------------------------------------------------------------------+
| NVIDIA-SMI 580.105.08             Driver Version: 580.105.08     CUDA Version: 13.0     |
+-----------------------------------------+------------------------+----------------------+
| GPU  Name                 Persistence-M | Bus-Id          Disp.A | Volatile Uncorr. ECC |
| Fan  Temp   Perf          Pwr:Usage/Cap |           Memory-Usage | GPU-Util  Compute M. |
|                                         |                        |               MIG M. |
|=========================================+========================+======================|
|   0  Tesla V100-PCIE-32GB           Off |   00000000:D8:00.0 Off |                    0 |
| N/A   29C    P0             26W /  250W |       5MiB /  32768MiB |      0%      Default |
|                                         |                        |                  N/A |
+-----------------------------------------+------------------------+----------------------+

+-----------------------------------------------------------------------------------------+
| Processes:                                                                              |
|  GPU   GI   CI              PID   Type   Process name                        GPU Memory |
|        ID   ID                                                               Usage      |
|=========================================================================================|
|    0   N/A  N/A         1070774      G   /usr/libexec/Xorg                         4MiB |
+-----------------------------------------------------------------------------------------+
[env] kind=pursuit name=pursuit n_agents=3 obs_dim=5 action_dim=5 state_dim=9 num_envs=8
[train] Starting: total_iters=25 T=100 B=8 device=cpu seed=2 render=off
iter=   0 step=    800 ep_ret=-2.195 opt_ret=-2.195 step_rew=-0.0220 opt_step=-0.0220 gap0=2.195 dret=+0.000 eval_ret=n/a pursuer_target_distance=0.512 capture=0.050 score=0.033 pol=-0.0007 val=0.5550 ent=1.6094 tot=+0.2607 agnorm=0.055 cgnorm=0.271 kl=0.0001 clipf=0.000 ev=-0.124 r0=1.0000 entcoef=1.00e-02 lr=7.0e-04 seed=2
iter=   5 step=   4800 ep_ret=-48.670 opt_ret=-48.670 step_rew=-0.4867 opt_step=-0.4867 gap0=48.670 dret=-46.475 eval_ret=n/a pursuer_target_distance=0.614 capture=0.014 score=0.009 pol=-0.0004 val=0.3162 ent=1.6072 tot=+0.1447 agnorm=0.058 cgnorm=0.265 kl=0.0000 clipf=0.000 ev=+0.182 r0=1.0000 entcoef=8.13e-03 lr=5.6e-04 seed=2
iter=  10 step=   8800 ep_ret=-83.062 opt_ret=-83.062 step_rew=-0.8306 opt_step=-0.8306 gap0=83.062 dret=-80.866 eval_ret=n/a pursuer_target_distance=0.833 capture=0.001 score=0.001 pol=-0.0004 val=0.2481 ent=1.6042 tot=+0.1137 agnorm=0.080 cgnorm=0.494 kl=0.0000 clipf=0.000 ev=+0.153 r0=1.0000 entcoef=6.25e-03 lr=4.1e-04 seed=2
iter=  15 step=  12800 ep_ret=-76.796 opt_ret=-76.796 step_rew=-0.7680 opt_step=-0.7680 gap0=76.796 dret=-74.600 eval_ret=n/a pursuer_target_distance=0.758 capture=0.000 score=0.000 pol=-0.0001 val=0.3046 ent=1.6033 tot=+0.1451 agnorm=0.053 cgnorm=0.445 kl=0.0000 clipf=0.000 ev=+0.136 r0=1.0000 entcoef=4.37e-03 lr=2.7e-04 seed=2
iter=  20 step=  16800 ep_ret=-68.687 opt_ret=-68.687 step_rew=-0.6869 opt_step=-0.6869 gap0=68.687 dret=-66.491 eval_ret=n/a pursuer_target_distance=0.752 capture=0.007 score=0.004 pol=-0.0000 val=0.2612 ent=1.6042 tot=+0.1266 agnorm=0.042 cgnorm=0.252 kl=0.0000 clipf=0.000 ev=+0.265 r0=1.0000 entcoef=2.50e-03 lr=1.3e-04 seed=2
[train] Final checkpoint saved to runs/pursuit_sweep/pursuit_smoke/20260604_171440_122768_pursuit_smoke_alpha1p0_seed2_pid2078354_arrayjob634633_job634633_task29/ckpt/final.pt
[train] Run artifacts in runs/pursuit_sweep/pursuit_smoke/20260604_171440_122768_pursuit_smoke_alpha1p0_seed2_pid2078354_arrayjob634633_job634633_task29
[render] Skipped post-train render (mode=off).
[probe] alpha=1.0 seed=2 N=3 B=16 obs_dim=5 steps=200 total_samples=9600
[probe] full_sight    R²=0.9960  MSE=0.001286 (n=6400)
[probe] sensor_limited R²=0.9859  MSE=0.004343 (n=3200)
[probe] probe_gap (full - limited) = 0.0101
[probe] Summary: alpha=1.0 | score_full_sight=0.9960 | score_sensor_limited=0.9859 | gap=0.0101
=== done Thu Jun  4 17:14:49 EDT 2026 ===
