[setup] Required Python imports are available.
[setup] Required Python imports are available.
=== qmix_pcp_full task 25/70: broadcast_zm seed5 (git 5e3950a) ===
Run dir: runs/qmix_pcp_full_20260627_165504/broadcast_zm/seed5  Start: Sat Jun 27 17:02:41 EDT 2026
Sat Jun 27 17:02:41 2026       
+-----------------------------------------------------------------------------------------+
| NVIDIA-SMI 580.105.08             Driver Version: 580.105.08     CUDA Version: 13.0     |
+-----------------------------------------+------------------------+----------------------+
| GPU  Name                 Persistence-M | Bus-Id          Disp.A | Volatile Uncorr. ECC |
| Fan  Temp   Perf          Pwr:Usage/Cap |           Memory-Usage | GPU-Util  Compute M. |
|                                         |                        |               MIG M. |
|=========================================+========================+======================|
|   0  Tesla V100-PCIE-16GB           Off |   00000000:D8:00.0 Off |                    0 |
| N/A   30C    P0             37W /  250W |       0MiB /  16384MiB |      0%      Default |
|                                         |                        |                  N/A |
+-----------------------------------------+------------------------+----------------------+

+-----------------------------------------------------------------------------------------+
| Processes:                                                                              |
|  GPU   GI   CI              PID   Type   Process name                        GPU Memory |
|        ID   ID                                                               Usage      |
|=========================================================================================|
|  No running processes found                                                             |
+-----------------------------------------------------------------------------------------+
[env] kind=pcp name=pcp n_agents=5 obs_dim=5 action_dim=5 state_dim=13 num_envs=32
[train] QMIX start: total_iters=62500 B=32 device=cuda:0 seed=5 warmup=5000 batch=256 target_update(updates)=200 render=off
step=   20000 ep_ret=-89.230 eval_ret=-78.021 pursuer_target_distance=6.581 capture=0.000 cap=0.000 td_loss=0.2725 q_tot=+11.024 tgt=+11.012 gnorm=45.44 w_min=9.31e-09 eps=0.621 buf=20000 upd=469 seed=5
step=   40000 ep_ret=-101.274 eval_ret=-94.574 pursuer_target_distance=7.187 capture=0.000 cap=0.005 td_loss=0.1219 q_tot=+11.136 tgt=+11.130 gnorm=30.41 w_min=3.73e-09 eps=0.241 buf=40000 upd=1094 seed=5
step=   60000 ep_ret=-87.629 eval_ret=-95.110 pursuer_target_distance=7.109 capture=0.000 cap=0.000 td_loss=0.1465 q_tot=+10.781 tgt=+10.775 gnorm=36.43 w_min=7.45e-09 eps=0.050 buf=60000 upd=1719 seed=5
step=   80000 ep_ret=-76.075 eval_ret=-56.409 pursuer_target_distance=7.456 capture=0.000 cap=0.000 td_loss=0.1559 q_tot=+9.496 tgt=+9.492 gnorm=38.14 w_min=9.31e-09 eps=0.050 buf=80000 upd=2344 seed=5
step=  100000 ep_ret=-57.866 eval_ret=-70.733 pursuer_target_distance=6.049 capture=0.001 cap=0.010 td_loss=0.1802 q_tot=+7.421 tgt=+7.416 gnorm=39.57 w_min=3.73e-09 eps=0.050 buf=100000 upd=2969 seed=5
step=  120000 ep_ret=-51.257 eval_ret=-38.056 pursuer_target_distance=5.759 capture=0.002 cap=0.010 td_loss=0.1865 q_tot=+5.859 tgt=+5.855 gnorm=40.40 w_min=2.24e-08 eps=0.050 buf=100000 upd=3594 seed=5
step=  140000 ep_ret=-56.679 eval_ret=-31.144 pursuer_target_distance=4.594 capture=0.002 cap=0.021 td_loss=0.2435 q_tot=+4.750 tgt=+4.745 gnorm=48.07 w_min=3.73e-09 eps=0.050 buf=100000 upd=4219 seed=5
step=  160000 ep_ret=-43.825 eval_ret=-69.417 pursuer_target_distance=4.042 capture=0.001 cap=0.009 td_loss=0.2926 q_tot=+3.775 tgt=+3.770 gnorm=51.95 w_min=2.98e-08 eps=0.050 buf=100000 upd=4844 seed=5
step=  180000 ep_ret=-32.787 eval_ret=-45.786 pursuer_target_distance=3.354 capture=0.000 cap=0.005 td_loss=0.2814 q_tot=+3.330 tgt=+3.329 gnorm=51.65 w_min=7.45e-09 eps=0.050 buf=100000 upd=5469 seed=5
step=  200000 ep_ret=-45.984 eval_ret=-20.398 pursuer_target_distance=3.313 capture=0.003 cap=0.042 td_loss=0.3534 q_tot=+3.628 tgt=+3.627 gnorm=58.03 w_min=2.24e-08 eps=0.050 buf=100000 upd=6094 seed=5
step=  220000 ep_ret=-44.533 eval_ret=-21.161 pursuer_target_distance=2.967 capture=0.008 cap=0.036 td_loss=0.4652 q_tot=+4.262 tgt=+4.263 gnorm=65.12 w_min=6.71e-08 eps=0.050 buf=100000 upd=6719 seed=5
step=  240000 ep_ret=-38.281 eval_ret=+25.234 pursuer_target_distance=2.910 capture=0.003 cap=0.022 td_loss=0.5173 q_tot=+5.029 tgt=+5.027 gnorm=73.32 w_min=8.57e-08 eps=0.050 buf=100000 upd=7344 seed=5
step=  260000 ep_ret=-33.023 eval_ret=-28.865 pursuer_target_distance=2.980 capture=0.008 cap=0.042 td_loss=0.6223 q_tot=+5.637 tgt=+5.636 gnorm=84.44 w_min=4.47e-08 eps=0.050 buf=100000 upd=7969 seed=5
step=  280000 ep_ret=-44.680 eval_ret=-21.853 pursuer_target_distance=3.106 capture=0.001 cap=0.010 td_loss=0.7270 q_tot=+5.871 tgt=+5.868 gnorm=98.39 w_min=4.84e-08 eps=0.050 buf=100000 upd=8594 seed=5
step=  300000 ep_ret=-26.292 eval_ret=-16.233 pursuer_target_distance=2.684 capture=0.004 cap=0.031 td_loss=0.7850 q_tot=+5.682 tgt=+5.679 gnorm=111.14 w_min=1.49e-08 eps=0.050 buf=100000 upd=9219 seed=5
step=  320000 ep_ret=-26.343 eval_ret=-23.570 pursuer_target_distance=2.742 capture=0.008 cap=0.049 td_loss=0.8014 q_tot=+6.106 tgt=+6.103 gnorm=116.65 w_min=0.00e+00 eps=0.050 buf=100000 upd=9844 seed=5
step=  340000 ep_ret=-30.715 eval_ret=-20.370 pursuer_target_distance=2.973 capture=0.007 cap=0.052 td_loss=0.9106 q_tot=+6.553 tgt=+6.551 gnorm=132.49 w_min=1.40e-09 eps=0.050 buf=100000 upd=10469 seed=5
step=  360000 ep_ret=-17.623 eval_ret=-24.146 pursuer_target_distance=2.948 capture=0.004 cap=0.026 td_loss=0.9591 q_tot=+6.889 tgt=+6.888 gnorm=141.61 w_min=5.03e-08 eps=0.050 buf=100000 upd=11094 seed=5
step=  380000 ep_ret=-35.229 eval_ret=-24.298 pursuer_target_distance=2.790 capture=0.005 cap=0.026 td_loss=0.9631 q_tot=+7.388 tgt=+7.386 gnorm=137.84 w_min=1.49e-08 eps=0.050 buf=100000 upd=11719 seed=5
step=  400000 ep_ret=-30.353 eval_ret=-21.642 pursuer_target_distance=2.864 capture=0.003 cap=0.040 td_loss=1.0502 q_tot=+7.964 tgt=+7.965 gnorm=152.49 w_min=1.32e-07 eps=0.050 buf=100000 upd=12344 seed=5
step=  420000 ep_ret=-43.058 eval_ret=-23.509 pursuer_target_distance=3.024 capture=0.005 cap=0.047 td_loss=1.1471 q_tot=+7.903 tgt=+7.899 gnorm=165.53 w_min=2.98e-08 eps=0.050 buf=100000 upd=12969 seed=5
step=  440000 ep_ret=-45.402 eval_ret=-19.315 pursuer_target_distance=2.540 capture=0.003 cap=0.016 td_loss=1.0239 q_tot=+8.190 tgt=+8.189 gnorm=145.71 w_min=2.98e-08 eps=0.050 buf=100000 upd=13594 seed=5
step=  460000 ep_ret=-36.536 eval_ret=-22.813 pursuer_target_distance=3.020 capture=0.004 cap=0.052 td_loss=0.9893 q_tot=+7.881 tgt=+7.878 gnorm=142.81 w_min=1.49e-08 eps=0.050 buf=100000 upd=14219 seed=5
step=  480000 ep_ret=-35.061 eval_ret=-28.737 pursuer_target_distance=2.978 capture=0.004 cap=0.027 td_loss=1.0332 q_tot=+7.646 tgt=+7.644 gnorm=147.31 w_min=4.83e-09 eps=0.050 buf=100000 upd=14844 seed=5
step=  500000 ep_ret=-29.676 eval_ret=-19.925 pursuer_target_distance=3.024 capture=0.005 cap=0.031 td_loss=0.9530 q_tot=+7.378 tgt=+7.375 gnorm=131.35 w_min=5.03e-08 eps=0.050 buf=100000 upd=15469 seed=5
step=  520000 ep_ret=-26.341 eval_ret=-22.348 pursuer_target_distance=2.701 capture=0.003 cap=0.010 td_loss=0.9509 q_tot=+7.482 tgt=+7.481 gnorm=135.09 w_min=3.73e-08 eps=0.050 buf=100000 upd=16094 seed=5
step=  540000 ep_ret=-10.631 eval_ret=-22.454 pursuer_target_distance=2.743 capture=0.006 cap=0.068 td_loss=0.9009 q_tot=+7.831 tgt=+7.829 gnorm=127.88 w_min=0.00e+00 eps=0.050 buf=100000 upd=16719 seed=5
step=  560000 ep_ret=-38.808 eval_ret=-23.047 pursuer_target_distance=2.591 capture=0.006 cap=0.062 td_loss=0.9917 q_tot=+7.982 tgt=+7.980 gnorm=130.92 w_min=4.47e-08 eps=0.050 buf=100000 upd=17344 seed=5
step=  580000 ep_ret=-34.482 eval_ret=-27.885 pursuer_target_distance=2.658 capture=0.004 cap=0.042 td_loss=0.9958 q_tot=+8.032 tgt=+8.032 gnorm=137.50 w_min=3.73e-08 eps=0.050 buf=100000 upd=17969 seed=5
step=  600000 ep_ret=-18.479 eval_ret=-26.380 pursuer_target_distance=3.008 capture=0.004 cap=0.036 td_loss=1.0568 q_tot=+8.442 tgt=+8.441 gnorm=140.01 w_min=2.24e-08 eps=0.050 buf=100000 upd=18594 seed=5
step=  620000 ep_ret=-5.766 eval_ret=-24.933 pursuer_target_distance=2.839 capture=0.006 cap=0.016 td_loss=0.9856 q_tot=+8.651 tgt=+8.648 gnorm=136.38 w_min=4.66e-09 eps=0.050 buf=100000 upd=19219 seed=5
step=  640000 ep_ret=-37.180 eval_ret=-26.819 pursuer_target_distance=2.736 capture=0.003 cap=0.031 td_loss=1.1793 q_tot=+7.825 tgt=+7.824 gnorm=156.79 w_min=7.45e-08 eps=0.050 buf=100000 upd=19844 seed=5
step=  660000 ep_ret=-33.913 eval_ret=-32.377 pursuer_target_distance=2.927 capture=0.004 cap=0.047 td_loss=1.0428 q_tot=+6.271 tgt=+6.272 gnorm=140.74 w_min=4.47e-08 eps=0.050 buf=100000 upd=20469 seed=5
step=  680000 ep_ret=-37.493 eval_ret=-23.625 pursuer_target_distance=2.940 capture=0.005 cap=0.052 td_loss=0.9233 q_tot=+5.992 tgt=+5.991 gnorm=123.69 w_min=1.12e-07 eps=0.050 buf=100000 upd=21094 seed=5
step=  700000 ep_ret=-21.799 eval_ret=-23.387 pursuer_target_distance=2.795 capture=0.004 cap=0.057 td_loss=1.0145 q_tot=+5.714 tgt=+5.713 gnorm=133.10 w_min=1.49e-08 eps=0.050 buf=100000 upd=21719 seed=5
step=  720000 ep_ret=-31.463 eval_ret=-21.320 pursuer_target_distance=2.845 capture=0.008 cap=0.031 td_loss=1.0299 q_tot=+5.864 tgt=+5.860 gnorm=131.49 w_min=2.24e-08 eps=0.050 buf=100000 upd=22344 seed=5
step=  740000 ep_ret=-26.010 eval_ret=-37.499 pursuer_target_distance=3.246 capture=0.005 cap=0.047 td_loss=1.0823 q_tot=+5.884 tgt=+5.884 gnorm=139.26 w_min=2.98e-08 eps=0.050 buf=100000 upd=22969 seed=5
step=  760000 ep_ret=-29.263 eval_ret=-26.022 pursuer_target_distance=2.802 capture=0.005 cap=0.031 td_loss=1.0675 q_tot=+5.745 tgt=+5.745 gnorm=133.48 w_min=8.94e-08 eps=0.050 buf=100000 upd=23594 seed=5
step=  780000 ep_ret=-20.952 eval_ret=-30.385 pursuer_target_distance=2.742 capture=0.004 cap=0.026 td_loss=1.0674 q_tot=+5.054 tgt=+5.053 gnorm=135.65 w_min=1.86e-07 eps=0.050 buf=100000 upd=24219 seed=5
step=  800000 ep_ret=-27.367 eval_ret=-29.963 pursuer_target_distance=2.850 capture=0.005 cap=0.036 td_loss=1.0323 q_tot=+4.605 tgt=+4.605 gnorm=124.70 w_min=5.22e-08 eps=0.050 buf=100000 upd=24844 seed=5
step=  820000 ep_ret=-22.871 eval_ret=-23.808 pursuer_target_distance=2.782 capture=0.005 cap=0.042 td_loss=1.1609 q_tot=+4.738 tgt=+4.735 gnorm=139.46 w_min=1.34e-07 eps=0.050 buf=100000 upd=25469 seed=5
step=  840000 ep_ret=-27.100 eval_ret=-21.264 pursuer_target_distance=2.706 capture=0.004 cap=0.026 td_loss=1.0234 q_tot=+4.279 tgt=+4.280 gnorm=126.01 w_min=1.49e-08 eps=0.050 buf=100000 upd=26094 seed=5
step=  860000 ep_ret=+0.468 eval_ret=-32.084 pursuer_target_distance=2.669 capture=0.008 cap=0.047 td_loss=0.9605 q_tot=+3.891 tgt=+3.894 gnorm=124.21 w_min=2.24e-08 eps=0.050 buf=100000 upd=26719 seed=5
step=  880000 ep_ret=-29.844 eval_ret=-23.513 pursuer_target_distance=2.853 capture=0.008 cap=0.040 td_loss=1.1599 q_tot=+4.584 tgt=+4.589 gnorm=146.91 w_min=7.45e-09 eps=0.050 buf=100000 upd=27344 seed=5
step=  900000 ep_ret=-23.385 eval_ret=-21.458 pursuer_target_distance=2.833 capture=0.008 cap=0.047 td_loss=1.2688 q_tot=+4.773 tgt=+4.774 gnorm=158.02 w_min=2.98e-08 eps=0.050 buf=100000 upd=27969 seed=5
step=  920000 ep_ret=-23.505 eval_ret=-19.025 pursuer_target_distance=2.526 capture=0.005 cap=0.042 td_loss=1.2448 q_tot=+4.035 tgt=+4.031 gnorm=157.32 w_min=1.49e-08 eps=0.050 buf=100000 upd=28594 seed=5
step=  940000 ep_ret=-32.624 eval_ret=-31.038 pursuer_target_distance=2.571 capture=0.003 cap=0.042 td_loss=1.2560 q_tot=+4.321 tgt=+4.319 gnorm=151.60 w_min=3.73e-08 eps=0.050 buf=100000 upd=29219 seed=5
step=  960000 ep_ret=-21.273 eval_ret=-26.147 pursuer_target_distance=2.552 capture=0.006 cap=0.045 td_loss=1.2903 q_tot=+4.063 tgt=+4.065 gnorm=155.67 w_min=7.45e-09 eps=0.050 buf=100000 upd=29844 seed=5
step=  980000 ep_ret=-29.736 eval_ret=-23.625 pursuer_target_distance=2.965 capture=0.007 cap=0.047 td_loss=1.2224 q_tot=+3.800 tgt=+3.800 gnorm=141.52 w_min=1.12e-07 eps=0.050 buf=100000 upd=30469 seed=5
step= 1000000 ep_ret=-25.620 eval_ret=-22.686 pursuer_target_distance=2.912 capture=0.010 cap=0.068 td_loss=1.2158 q_tot=+4.137 tgt=+4.142 gnorm=138.23 w_min=1.19e-07 eps=0.050 buf=100000 upd=31094 seed=5
step= 1020000 ep_ret=-39.605 eval_ret=-18.965 pursuer_target_distance=3.099 capture=0.007 cap=0.031 td_loss=1.2532 q_tot=+3.470 tgt=+3.470 gnorm=140.99 w_min=0.00e+00 eps=0.050 buf=100000 upd=31719 seed=5
step= 1040000 ep_ret=-28.698 eval_ret=-28.385 pursuer_target_distance=2.645 capture=0.007 cap=0.054 td_loss=1.3459 q_tot=+3.113 tgt=+3.115 gnorm=149.18 w_min=2.24e-08 eps=0.050 buf=100000 upd=32344 seed=5
step= 1060000 ep_ret=-40.526 eval_ret=-26.806 pursuer_target_distance=3.020 capture=0.005 cap=0.010 td_loss=1.3679 q_tot=+3.179 tgt=+3.176 gnorm=145.74 w_min=7.45e-09 eps=0.050 buf=100000 upd=32969 seed=5
step= 1080000 ep_ret=-27.861 eval_ret=-19.071 pursuer_target_distance=2.760 capture=0.005 cap=0.042 td_loss=1.3639 q_tot=+3.750 tgt=+3.751 gnorm=148.98 w_min=1.12e-08 eps=0.050 buf=100000 upd=33594 seed=5
step= 1100000 ep_ret=-16.859 eval_ret=-30.654 pursuer_target_distance=2.722 capture=0.007 cap=0.042 td_loss=1.4145 q_tot=+4.140 tgt=+4.140 gnorm=154.14 w_min=1.28e-07 eps=0.050 buf=100000 upd=34219 seed=5
step= 1120000 ep_ret=-40.231 eval_ret=-24.611 pursuer_target_distance=2.780 capture=0.004 cap=0.036 td_loss=1.3075 q_tot=+3.535 tgt=+3.535 gnorm=142.55 w_min=1.49e-08 eps=0.050 buf=100000 upd=34844 seed=5
step= 1140000 ep_ret=-40.264 eval_ret=-20.566 pursuer_target_distance=3.351 capture=0.002 cap=0.016 td_loss=1.2506 q_tot=+3.868 tgt=+3.869 gnorm=149.10 w_min=2.24e-08 eps=0.050 buf=100000 upd=35469 seed=5
step= 1160000 ep_ret=-29.777 eval_ret=-27.395 pursuer_target_distance=2.807 capture=0.004 cap=0.026 td_loss=1.1504 q_tot=+4.085 tgt=+4.086 gnorm=135.70 w_min=6.71e-08 eps=0.050 buf=100000 upd=36094 seed=5
step= 1180000 ep_ret=-30.713 eval_ret=-22.879 pursuer_target_distance=3.031 capture=0.005 cap=0.042 td_loss=1.1268 q_tot=+4.308 tgt=+4.312 gnorm=137.24 w_min=5.22e-08 eps=0.050 buf=100000 upd=36719 seed=5
step= 1200000 ep_ret=-37.859 eval_ret=+25.589 pursuer_target_distance=3.066 capture=0.006 cap=0.045 td_loss=1.1562 q_tot=+3.997 tgt=+4.000 gnorm=143.53 w_min=3.73e-08 eps=0.050 buf=100000 upd=37344 seed=5
step= 1220000 ep_ret=-23.638 eval_ret=-24.741 pursuer_target_distance=2.952 capture=0.002 cap=0.021 td_loss=1.1562 q_tot=+4.321 tgt=+4.322 gnorm=151.42 w_min=4.47e-08 eps=0.050 buf=100000 upd=37969 seed=5
step= 1240000 ep_ret=-34.283 eval_ret=-20.089 pursuer_target_distance=2.963 capture=0.002 cap=0.031 td_loss=1.1995 q_tot=+5.004 tgt=+5.002 gnorm=155.30 w_min=2.24e-08 eps=0.050 buf=100000 upd=38594 seed=5
step= 1260000 ep_ret=-32.841 eval_ret=-23.666 pursuer_target_distance=3.133 capture=0.006 cap=0.031 td_loss=1.1419 q_tot=+4.770 tgt=+4.770 gnorm=149.37 w_min=4.84e-08 eps=0.050 buf=100000 upd=39219 seed=5
step= 1280000 ep_ret=-32.552 eval_ret=-29.724 pursuer_target_distance=3.022 capture=0.004 cap=0.027 td_loss=1.2576 q_tot=+5.029 tgt=+5.030 gnorm=156.22 w_min=1.49e-08 eps=0.050 buf=100000 upd=39844 seed=5
step= 1300000 ep_ret=-38.276 eval_ret=-33.794 pursuer_target_distance=3.060 capture=0.003 cap=0.026 td_loss=1.1841 q_tot=+5.160 tgt=+5.158 gnorm=161.50 w_min=3.73e-09 eps=0.050 buf=100000 upd=40469 seed=5
step= 1320000 ep_ret=-41.764 eval_ret=+16.706 pursuer_target_distance=3.180 capture=0.004 cap=0.021 td_loss=1.1613 q_tot=+4.384 tgt=+4.387 gnorm=158.25 w_min=1.49e-08 eps=0.050 buf=100000 upd=41094 seed=5
step= 1340000 ep_ret=-36.063 eval_ret=+14.943 pursuer_target_distance=2.908 capture=0.004 cap=0.021 td_loss=1.1224 q_tot=+3.280 tgt=+3.277 gnorm=143.67 w_min=4.66e-08 eps=0.050 buf=100000 upd=41719 seed=5
step= 1360000 ep_ret=-23.782 eval_ret=-24.896 pursuer_target_distance=3.012 capture=0.004 cap=0.027 td_loss=1.1441 q_tot=+3.204 tgt=+3.202 gnorm=147.33 w_min=1.49e-08 eps=0.050 buf=100000 upd=42344 seed=5
step= 1380000 ep_ret=-38.807 eval_ret=-25.956 pursuer_target_distance=3.210 capture=0.002 cap=0.031 td_loss=1.0819 q_tot=+3.353 tgt=+3.358 gnorm=142.38 w_min=2.98e-08 eps=0.050 buf=100000 upd=42969 seed=5
step= 1400000 ep_ret=-42.634 eval_ret=-34.525 pursuer_target_distance=3.049 capture=0.003 cap=0.021 td_loss=1.0502 q_tot=+3.142 tgt=+3.143 gnorm=135.89 w_min=5.96e-08 eps=0.050 buf=100000 upd=43594 seed=5
step= 1420000 ep_ret=-38.866 eval_ret=-23.585 pursuer_target_distance=3.005 capture=0.001 cap=0.010 td_loss=1.0084 q_tot=+3.273 tgt=+3.275 gnorm=133.16 w_min=1.75e-07 eps=0.050 buf=100000 upd=44219 seed=5
step= 1440000 ep_ret=-34.524 eval_ret=-35.809 pursuer_target_distance=3.158 capture=0.004 cap=0.027 td_loss=1.0216 q_tot=+3.250 tgt=+3.252 gnorm=134.92 w_min=1.49e-08 eps=0.050 buf=100000 upd=44844 seed=5
step= 1460000 ep_ret=-34.010 eval_ret=-29.177 pursuer_target_distance=3.323 capture=0.003 cap=0.021 td_loss=0.9966 q_tot=+3.550 tgt=+3.550 gnorm=134.10 w_min=0.00e+00 eps=0.050 buf=100000 upd=45469 seed=5
step= 1480000 ep_ret=-31.130 eval_ret=-37.325 pursuer_target_distance=2.911 capture=0.008 cap=0.057 td_loss=1.0906 q_tot=+3.799 tgt=+3.801 gnorm=142.03 w_min=8.94e-08 eps=0.050 buf=100000 upd=46094 seed=5
step= 1500000 ep_ret=-30.624 eval_ret=-37.850 pursuer_target_distance=3.337 capture=0.003 cap=0.036 td_loss=1.2075 q_tot=+4.796 tgt=+4.800 gnorm=157.95 w_min=2.24e-08 eps=0.050 buf=100000 upd=46719 seed=5
step= 1520000 ep_ret=-29.453 eval_ret=-28.522 pursuer_target_distance=2.958 capture=0.003 cap=0.027 td_loss=1.2502 q_tot=+5.164 tgt=+5.157 gnorm=164.26 w_min=1.49e-08 eps=0.050 buf=100000 upd=47344 seed=5
step= 1540000 ep_ret=-31.109 eval_ret=-35.520 pursuer_target_distance=3.247 capture=0.003 cap=0.021 td_loss=1.1243 q_tot=+5.421 tgt=+5.419 gnorm=145.76 w_min=2.98e-08 eps=0.050 buf=100000 upd=47969 seed=5
step= 1560000 ep_ret=-25.269 eval_ret=-21.514 pursuer_target_distance=3.425 capture=0.007 cap=0.057 td_loss=1.0634 q_tot=+5.631 tgt=+5.633 gnorm=140.47 w_min=2.98e-08 eps=0.050 buf=100000 upd=48594 seed=5
step= 1580000 ep_ret=-30.168 eval_ret=-37.568 pursuer_target_distance=3.046 capture=0.006 cap=0.052 td_loss=1.2607 q_tot=+5.625 tgt=+5.619 gnorm=168.77 w_min=8.94e-08 eps=0.050 buf=100000 upd=49219 seed=5
step= 1600000 ep_ret=-24.915 eval_ret=-30.659 pursuer_target_distance=2.974 capture=0.007 cap=0.058 td_loss=1.2035 q_tot=+6.182 tgt=+6.184 gnorm=162.47 w_min=7.45e-09 eps=0.050 buf=100000 upd=49844 seed=5
step= 1620000 ep_ret=-28.066 eval_ret=-35.555 pursuer_target_distance=3.060 capture=0.003 cap=0.021 td_loss=1.3853 q_tot=+6.092 tgt=+6.089 gnorm=181.23 w_min=1.27e-07 eps=0.050 buf=100000 upd=50469 seed=5
step= 1640000 ep_ret=-42.980 eval_ret=-37.626 pursuer_target_distance=3.095 capture=0.004 cap=0.052 td_loss=1.4091 q_tot=+5.927 tgt=+5.926 gnorm=184.17 w_min=1.94e-07 eps=0.050 buf=100000 upd=51094 seed=5
step= 1660000 ep_ret=-32.361 eval_ret=-27.908 pursuer_target_distance=3.262 capture=0.004 cap=0.052 td_loss=1.3010 q_tot=+5.613 tgt=+5.618 gnorm=176.84 w_min=4.66e-09 eps=0.050 buf=100000 upd=51719 seed=5
step= 1680000 ep_ret=-31.588 eval_ret=-19.837 pursuer_target_distance=3.201 capture=0.004 cap=0.049 td_loss=1.2501 q_tot=+5.818 tgt=+5.824 gnorm=169.04 w_min=2.98e-08 eps=0.050 buf=100000 upd=52344 seed=5
step= 1700000 ep_ret=-27.493 eval_ret=-40.920 pursuer_target_distance=3.374 capture=0.009 cap=0.068 td_loss=1.2169 q_tot=+5.393 tgt=+5.393 gnorm=161.74 w_min=2.50e-07 eps=0.050 buf=100000 upd=52969 seed=5
step= 1720000 ep_ret=-33.085 eval_ret=-26.589 pursuer_target_distance=3.190 capture=0.004 cap=0.016 td_loss=1.1883 q_tot=+4.957 tgt=+4.961 gnorm=157.11 w_min=1.19e-07 eps=0.050 buf=100000 upd=53594 seed=5
step= 1740000 ep_ret=-36.888 eval_ret=-28.879 pursuer_target_distance=3.168 capture=0.002 cap=0.031 td_loss=1.2607 q_tot=+4.169 tgt=+4.174 gnorm=161.14 w_min=5.96e-08 eps=0.050 buf=100000 upd=54219 seed=5
step= 1760000 ep_ret=-32.512 eval_ret=-32.923 pursuer_target_distance=2.949 capture=0.003 cap=0.018 td_loss=1.3156 q_tot=+3.561 tgt=+3.563 gnorm=163.21 w_min=7.45e-08 eps=0.050 buf=100000 upd=54844 seed=5
step= 1780000 ep_ret=-29.997 eval_ret=-32.746 pursuer_target_distance=3.136 capture=0.006 cap=0.042 td_loss=1.1126 q_tot=+3.602 tgt=+3.606 gnorm=136.89 w_min=1.86e-07 eps=0.050 buf=100000 upd=55469 seed=5
step= 1800000 ep_ret=-27.755 eval_ret=-22.916 pursuer_target_distance=3.078 capture=0.006 cap=0.047 td_loss=1.1317 q_tot=+3.173 tgt=+3.176 gnorm=144.10 w_min=7.45e-08 eps=0.050 buf=100000 upd=56094 seed=5
step= 1820000 ep_ret=-40.079 eval_ret=-22.295 pursuer_target_distance=2.877 capture=0.006 cap=0.026 td_loss=1.0879 q_tot=+2.349 tgt=+2.349 gnorm=134.06 w_min=1.49e-08 eps=0.050 buf=100000 upd=56719 seed=5
step= 1840000 ep_ret=-35.691 eval_ret=-25.720 pursuer_target_distance=2.927 capture=0.004 cap=0.049 td_loss=1.1558 q_tot=+2.228 tgt=+2.227 gnorm=146.11 w_min=4.47e-08 eps=0.050 buf=100000 upd=57344 seed=5
step= 1860000 ep_ret=-30.801 eval_ret=-26.800 pursuer_target_distance=2.962 capture=0.003 cap=0.036 td_loss=1.1858 q_tot=+1.685 tgt=+1.691 gnorm=144.69 w_min=1.64e-07 eps=0.050 buf=100000 upd=57969 seed=5
step= 1880000 ep_ret=-19.095 eval_ret=-30.794 pursuer_target_distance=2.823 capture=0.006 cap=0.047 td_loss=1.1571 q_tot=+1.396 tgt=+1.399 gnorm=140.22 w_min=3.35e-08 eps=0.050 buf=100000 upd=58594 seed=5
step= 1900000 ep_ret=-25.243 eval_ret=-18.447 pursuer_target_distance=3.017 capture=0.004 cap=0.042 td_loss=1.2171 q_tot=+1.591 tgt=+1.591 gnorm=139.40 w_min=8.94e-08 eps=0.050 buf=100000 upd=59219 seed=5
step= 1920000 ep_ret=-40.302 eval_ret=-26.653 pursuer_target_distance=3.082 capture=0.004 cap=0.027 td_loss=1.2012 q_tot=+1.416 tgt=+1.416 gnorm=139.57 w_min=2.31e-07 eps=0.050 buf=100000 upd=59844 seed=5
step= 1940000 ep_ret=-32.371 eval_ret=-26.615 pursuer_target_distance=2.988 capture=0.000 cap=0.010 td_loss=1.0641 q_tot=+2.169 tgt=+2.173 gnorm=129.46 w_min=1.12e-08 eps=0.050 buf=100000 upd=60469 seed=5
step= 1960000 ep_ret=-29.450 eval_ret=-24.600 pursuer_target_distance=2.840 capture=0.007 cap=0.052 td_loss=1.1243 q_tot=+2.058 tgt=+2.059 gnorm=134.03 w_min=4.47e-08 eps=0.050 buf=100000 upd=61094 seed=5
step= 1980000 ep_ret=-29.420 eval_ret=-25.895 pursuer_target_distance=2.751 capture=0.002 cap=0.005 td_loss=1.1227 q_tot=+3.445 tgt=+3.445 gnorm=138.10 w_min=1.49e-08 eps=0.050 buf=100000 upd=61719 seed=5
step= 2000000 ep_ret=-27.576 eval_ret=-24.968 pursuer_target_distance=3.023 capture=0.007 cap=0.031 td_loss=1.1215 q_tot=+3.938 tgt=+3.935 gnorm=136.42 w_min=6.15e-08 eps=0.050 buf=100000 upd=62344 seed=5
[train] Final checkpoint saved to runs/qmix_pcp_full_20260627_165504/broadcast_zm/seed5/ckpt/final.pt
[train] Run artifacts in runs/qmix_pcp_full_20260627_165504/broadcast_zm/seed5
=== done Sat Jun 27 17:11:56 EDT 2026 ===
