[setup] Required Python imports are available.
[setup] Required Python imports are available.
=== Job info ===
Job      : 634666  array=16
Node     : evc18
Submit   : /lustre/fs1/home/ak565492/gnn_experiments
Repo     : /lustre/fs1/home/ak565492/gnn_experiments
Git rev  : c98852a
Python   : /home/ak565492/expenv/bin/python
Python 3.11.4
PyYAML   : 6.0.3
NumPy    : 2.3.5
Torch    : 2.5.1+cu121 cuda_available=True torch_cuda=12.1
CUDA_VIS : 0
Threads  : OMP=4 MKL=4 OPENBLAS=1
Task     : 16/30
Config   : configs/pursuit_smoke.yaml
Generated: runs/pursuit_sweep/generated_configs/634633_16_pursuit_smoke_alpha0p0_seed1.yaml
Alpha    : 0.0
Seed     : 1
Run label: pursuit_smoke_alpha0p0
Log dir  : runs/pursuit_sweep/pursuit_smoke
Probe    : 1
Start    : Thu Jun  4 17:14:11 EDT 2026
================
Thu Jun  4 17:14:11 2026       
+-----------------------------------------------------------------------------------------+
| NVIDIA-SMI 580.105.08             Driver Version: 580.105.08     CUDA Version: 13.0     |
+-----------------------------------------+------------------------+----------------------+
| GPU  Name                 Persistence-M | Bus-Id          Disp.A | Volatile Uncorr. ECC |
| Fan  Temp   Perf          Pwr:Usage/Cap |           Memory-Usage | GPU-Util  Compute M. |
|                                         |                        |               MIG M. |
|=========================================+========================+======================|
|   0  Tesla V100-PCIE-32GB           Off |   00000000:3B:00.0 Off |                    0 |
| N/A   34C    P0             26W /  250W |     162MiB /  32768MiB |      0%      Default |
|                                         |                        |                  N/A |
+-----------------------------------------+------------------------+----------------------+

+-----------------------------------------------------------------------------------------+
| Processes:                                                                              |
|  GPU   GI   CI              PID   Type   Process name                        GPU Memory |
|        ID   ID                                                               Usage      |
|=========================================================================================|
|    0   N/A  N/A          357653      G   /usr/libexec/Xorg                        64MiB |
|    0   N/A  N/A          358316      G   /usr/bin/gnome-shell                     96MiB |
+-----------------------------------------------------------------------------------------+
[env] kind=pursuit name=pursuit n_agents=3 obs_dim=5 action_dim=5 state_dim=9 num_envs=8
[train] Starting: total_iters=25 T=100 B=8 device=cpu seed=1 render=off
iter=   0 step=    800 ep_ret=-54.023 opt_ret=-54.023 step_rew=-0.5402 opt_step=-0.5402 gap0=54.023 dret=+0.000 eval_ret=n/a pursuer_target_distance=0.705 capture=0.018 score=0.010 pol=-0.0006 val=0.4690 ent=1.6094 tot=+0.2178 agnorm=0.044 cgnorm=0.202 kl=0.0001 clipf=0.000 ev=+0.034 r0=1.0000 entcoef=1.00e-02 lr=7.0e-04 seed=1
iter=   5 step=   4800 ep_ret=-61.828 opt_ret=-61.828 step_rew=-0.6183 opt_step=-0.6183 gap0=61.828 dret=-7.805 eval_ret=n/a pursuer_target_distance=0.608 capture=0.000 score=0.000 pol=-0.0002 val=0.1352 ent=1.6074 tot=+0.0543 agnorm=0.055 cgnorm=0.265 kl=0.0000 clipf=0.000 ev=+0.619 r0=1.0000 entcoef=8.13e-03 lr=5.6e-04 seed=1
iter=  10 step=   8800 ep_ret=-57.318 opt_ret=-57.318 step_rew=-0.5732 opt_step=-0.5732 gap0=57.318 dret=-3.295 eval_ret=n/a pursuer_target_distance=0.701 capture=0.014 score=0.008 pol=-0.0002 val=0.2349 ent=1.6038 tot=+0.1072 agnorm=0.048 cgnorm=0.304 kl=0.0000 clipf=0.000 ev=+0.181 r0=1.0000 entcoef=6.25e-03 lr=4.1e-04 seed=1
iter=  15 step=  12800 ep_ret=-47.582 opt_ret=-47.582 step_rew=-0.4758 opt_step=-0.4758 gap0=47.582 dret=+6.441 eval_ret=n/a pursuer_target_distance=0.553 capture=0.009 score=0.006 pol=-0.0001 val=0.1830 ent=1.6048 tot=+0.0844 agnorm=0.068 cgnorm=0.190 kl=0.0000 clipf=0.000 ev=+0.215 r0=1.0000 entcoef=4.37e-03 lr=2.7e-04 seed=1
iter=  20 step=  16800 ep_ret=-1.145 opt_ret=-1.145 step_rew=-0.0115 opt_step=-0.0115 gap0=1.145 dret=+52.878 eval_ret=n/a pursuer_target_distance=0.664 capture=0.066 score=0.040 pol=-0.0001 val=1.7946 ent=1.6012 tot=+0.8932 agnorm=0.066 cgnorm=0.470 kl=0.0000 clipf=0.000 ev=+0.003 r0=1.0000 entcoef=2.50e-03 lr=1.3e-04 seed=1
[train] Final checkpoint saved to runs/pursuit_sweep/pursuit_smoke/20260604_171412_672394_pursuit_smoke_alpha0p0_seed1_pid460972_arrayjob634633_job634666_task16/ckpt/final.pt
[train] Run artifacts in runs/pursuit_sweep/pursuit_smoke/20260604_171412_672394_pursuit_smoke_alpha0p0_seed1_pid460972_arrayjob634633_job634666_task16
[render] Skipped post-train render (mode=off).
[probe] alpha=0.0 seed=1 N=3 B=16 obs_dim=5 steps=200 total_samples=9600
[probe] full_sight    R²=0.9941  MSE=0.001826 (n=6400)
[probe] sensor_limited R²=0.1730  MSE=0.256698 (n=3200)
[probe] probe_gap (full - limited) = 0.8212
[probe] Summary: alpha=0.0 | score_full_sight=0.9941 | score_sensor_limited=0.1730 | gap=0.8212
=== done Thu Jun  4 17:14:22 EDT 2026 ===
