[setup] Required Python imports are available.
[setup] Required Python imports are available.
=== Job info ===
Job      : 634674  array=24
Node     : evc19
Submit   : /lustre/fs1/home/ak565492/gnn_experiments
Repo     : /lustre/fs1/home/ak565492/gnn_experiments
Git rev  : c98852a
Python   : /home/ak565492/expenv/bin/python
Python 3.11.4
PyYAML   : 6.0.3
NumPy    : 2.3.5
Torch    : 2.5.1+cu121 cuda_available=True torch_cuda=12.1
CUDA_VIS : 0
Threads  : OMP=4 MKL=4 OPENBLAS=1
Task     : 24/30
Config   : configs/pursuit_smoke.yaml
Generated: runs/pursuit_sweep/generated_configs/634633_24_pursuit_smoke_alpha0p75_seed0.yaml
Alpha    : 0.75
Seed     : 0
Run label: pursuit_smoke_alpha0p75
Log dir  : runs/pursuit_sweep/pursuit_smoke
Probe    : 1
Start    : Thu Jun  4 17:14:29 EDT 2026
================
Thu Jun  4 17:14:29 2026       
+-----------------------------------------------------------------------------------------+
| NVIDIA-SMI 580.105.08             Driver Version: 580.105.08     CUDA Version: 13.0     |
+-----------------------------------------+------------------------+----------------------+
| GPU  Name                 Persistence-M | Bus-Id          Disp.A | Volatile Uncorr. ECC |
| Fan  Temp   Perf          Pwr:Usage/Cap |           Memory-Usage | GPU-Util  Compute M. |
|                                         |                        |               MIG M. |
|=========================================+========================+======================|
|   0  Tesla V100-PCIE-32GB           Off |   00000000:D8:00.0 Off |                    0 |
| N/A   36C    P0             27W /  250W |       5MiB /  32768MiB |      0%      Default |
|                                         |                        |                  N/A |
+-----------------------------------------+------------------------+----------------------+

+-----------------------------------------------------------------------------------------+
| Processes:                                                                              |
|  GPU   GI   CI              PID   Type   Process name                        GPU Memory |
|        ID   ID                                                               Usage      |
|=========================================================================================|
|    0   N/A  N/A          395305      G   /usr/libexec/Xorg                         4MiB |
+-----------------------------------------------------------------------------------------+
[env] kind=pursuit name=pursuit n_agents=3 obs_dim=5 action_dim=5 state_dim=9 num_envs=8
[train] Starting: total_iters=25 T=100 B=8 device=cpu seed=0 render=off
iter=   0 step=    800 ep_ret=-18.207 opt_ret=-18.207 step_rew=-0.1821 opt_step=-0.1821 gap0=18.207 dret=+0.000 eval_ret=n/a pursuer_target_distance=0.522 capture=0.035 score=0.023 pol=-0.0009 val=0.5659 ent=1.6093 tot=+0.2659 agnorm=0.065 cgnorm=0.343 kl=0.0001 clipf=0.000 ev=-0.175 r0=1.0000 entcoef=1.00e-02 lr=7.0e-04 seed=0
iter=   5 step=   4800 ep_ret=-86.537 opt_ret=-86.537 step_rew=-0.8654 opt_step=-0.8654 gap0=86.537 dret=-68.330 eval_ret=n/a pursuer_target_distance=0.855 capture=0.000 score=0.000 pol=-0.0002 val=0.1927 ent=1.6075 tot=+0.0831 agnorm=0.052 cgnorm=0.339 kl=0.0000 clipf=0.000 ev=+0.211 r0=1.0000 entcoef=8.13e-03 lr=5.6e-04 seed=0
iter=  10 step=   8800 ep_ret=-82.938 opt_ret=-82.938 step_rew=-0.8294 opt_step=-0.8294 gap0=82.938 dret=-64.731 eval_ret=n/a pursuer_target_distance=0.919 capture=0.010 score=0.005 pol=-0.0002 val=0.3956 ent=1.6064 tot=+0.1876 agnorm=0.063 cgnorm=0.420 kl=0.0000 clipf=0.000 ev=-0.178 r0=1.0000 entcoef=6.25e-03 lr=4.1e-04 seed=0
iter=  15 step=  12800 ep_ret=-70.965 opt_ret=-70.965 step_rew=-0.7097 opt_step=-0.7097 gap0=70.965 dret=-52.758 eval_ret=n/a pursuer_target_distance=0.725 capture=0.003 score=0.001 pol=-0.0000 val=0.1647 ent=1.6064 tot=+0.0753 agnorm=0.035 cgnorm=0.285 kl=0.0000 clipf=0.000 ev=+0.309 r0=1.0000 entcoef=4.37e-03 lr=2.7e-04 seed=0
iter=  20 step=  16800 ep_ret=-7.060 opt_ret=-7.060 step_rew=-0.0706 opt_step=-0.0706 gap0=7.060 dret=+11.147 eval_ret=n/a pursuer_target_distance=0.448 capture=0.039 score=0.027 pol=-0.0000 val=0.3856 ent=1.6075 tot=+0.1887 agnorm=0.030 cgnorm=0.199 kl=0.0000 clipf=0.000 ev=+0.182 r0=1.0000 entcoef=2.50e-03 lr=1.3e-04 seed=0
[train] Final checkpoint saved to runs/pursuit_sweep/pursuit_smoke/20260604_171431_334626_pursuit_smoke_alpha0p75_seed0_pid498517_arrayjob634633_job634674_task24/ckpt/final.pt
[train] Run artifacts in runs/pursuit_sweep/pursuit_smoke/20260604_171431_334626_pursuit_smoke_alpha0p75_seed0_pid498517_arrayjob634633_job634674_task24
[render] Skipped post-train render (mode=off).
[probe] alpha=0.75 seed=0 N=3 B=16 obs_dim=5 steps=200 total_samples=9600
[probe] full_sight    R²=0.9968  MSE=0.001063 (n=6400)
[probe] sensor_limited R²=0.9916  MSE=0.002584 (n=3200)
[probe] probe_gap (full - limited) = 0.0051
[probe] Summary: alpha=0.75 | score_full_sight=0.9968 | score_sensor_limited=0.9916 | gap=0.0051
=== done Thu Jun  4 17:14:42 EDT 2026 ===
