[setup] Required Python imports are available.
[setup] Required Python imports are available.
=== Job info ===
Job      : 634667  array=17
Node     : evc11
Submit   : /lustre/fs1/home/ak565492/gnn_experiments
Repo     : /lustre/fs1/home/ak565492/gnn_experiments
Git rev  : c98852a
Python   : /home/ak565492/expenv/bin/python
Python 3.11.4
PyYAML   : 6.0.3
NumPy    : 2.3.5
Torch    : 2.5.1+cu121 cuda_available=True torch_cuda=12.1
CUDA_VIS : 0
Threads  : OMP=4 MKL=4 OPENBLAS=1
Task     : 17/30
Config   : configs/pursuit_smoke.yaml
Generated: runs/pursuit_sweep/generated_configs/634633_17_pursuit_smoke_alpha0p0_seed2.yaml
Alpha    : 0.0
Seed     : 2
Run label: pursuit_smoke_alpha0p0
Log dir  : runs/pursuit_sweep/pursuit_smoke
Probe    : 1
Start    : Thu Jun  4 17:14:11 EDT 2026
================
Thu Jun  4 17:14:11 2026       
+-----------------------------------------------------------------------------------------+
| NVIDIA-SMI 580.105.08             Driver Version: 580.105.08     CUDA Version: 13.0     |
+-----------------------------------------+------------------------+----------------------+
| GPU  Name                 Persistence-M | Bus-Id          Disp.A | Volatile Uncorr. ECC |
| Fan  Temp   Perf          Pwr:Usage/Cap |           Memory-Usage | GPU-Util  Compute M. |
|                                         |                        |               MIG M. |
|=========================================+========================+======================|
|   0  Tesla V100-PCIE-32GB           Off |   00000000:D8:00.0 Off |                    0 |
| N/A   30C    P0             26W /  250W |       5MiB /  32768MiB |      0%      Default |
|                                         |                        |                  N/A |
+-----------------------------------------+------------------------+----------------------+

+-----------------------------------------------------------------------------------------+
| Processes:                                                                              |
|  GPU   GI   CI              PID   Type   Process name                        GPU Memory |
|        ID   ID                                                               Usage      |
|=========================================================================================|
|    0   N/A  N/A         1070774      G   /usr/libexec/Xorg                         4MiB |
+-----------------------------------------------------------------------------------------+
[env] kind=pursuit name=pursuit n_agents=3 obs_dim=5 action_dim=5 state_dim=9 num_envs=8
[train] Starting: total_iters=25 T=100 B=8 device=cpu seed=2 render=off
iter=   0 step=    800 ep_ret=-2.195 opt_ret=-2.195 step_rew=-0.0220 opt_step=-0.0220 gap0=2.195 dret=+0.000 eval_ret=n/a pursuer_target_distance=0.512 capture=0.050 score=0.033 pol=-0.0006 val=0.5550 ent=1.6094 tot=+0.2608 agnorm=0.046 cgnorm=0.271 kl=0.0001 clipf=0.000 ev=-0.124 r0=1.0000 entcoef=1.00e-02 lr=7.0e-04 seed=2
iter=   5 step=   4800 ep_ret=-20.131 opt_ret=-20.131 step_rew=-0.2013 opt_step=-0.2013 gap0=20.131 dret=-17.935 eval_ret=n/a pursuer_target_distance=0.616 capture=0.043 score=0.026 pol=-0.0001 val=0.6971 ent=1.6082 tot=+0.3354 agnorm=0.042 cgnorm=0.434 kl=0.0000 clipf=0.000 ev=+0.150 r0=1.0000 entcoef=8.13e-03 lr=5.6e-04 seed=2
iter=  10 step=   8800 ep_ret=-75.642 opt_ret=-75.642 step_rew=-0.7564 opt_step=-0.7564 gap0=75.642 dret=-73.447 eval_ret=n/a pursuer_target_distance=0.834 capture=0.009 score=0.005 pol=-0.0003 val=0.3080 ent=1.6041 tot=+0.1436 agnorm=0.049 cgnorm=0.430 kl=0.0000 clipf=0.000 ev=-0.151 r0=1.0000 entcoef=6.25e-03 lr=4.1e-04 seed=2
iter=  15 step=  12800 ep_ret=-70.396 opt_ret=-70.396 step_rew=-0.7040 opt_step=-0.7040 gap0=70.396 dret=-68.200 eval_ret=n/a pursuer_target_distance=0.731 capture=0.004 score=0.002 pol=-0.0001 val=0.2835 ent=1.6028 tot=+0.1346 agnorm=0.047 cgnorm=0.392 kl=0.0000 clipf=0.000 ev=+0.151 r0=1.0000 entcoef=4.37e-03 lr=2.7e-04 seed=2
iter=  20 step=  16800 ep_ret=-80.216 opt_ret=-80.216 step_rew=-0.8022 opt_step=-0.8022 gap0=80.216 dret=-78.021 eval_ret=n/a pursuer_target_distance=0.792 capture=0.000 score=0.000 pol=-0.0000 val=0.1862 ent=1.6023 tot=+0.0891 agnorm=0.042 cgnorm=0.313 kl=0.0000 clipf=0.000 ev=+0.521 r0=1.0000 entcoef=2.50e-03 lr=1.3e-04 seed=2
[train] Final checkpoint saved to runs/pursuit_sweep/pursuit_smoke/20260604_171412_879803_pursuit_smoke_alpha0p0_seed2_pid2078153_arrayjob634633_job634667_task17/ckpt/final.pt
[train] Run artifacts in runs/pursuit_sweep/pursuit_smoke/20260604_171412_879803_pursuit_smoke_alpha0p0_seed2_pid2078153_arrayjob634633_job634667_task17
[render] Skipped post-train render (mode=off).
[probe] alpha=0.0 seed=2 N=3 B=16 obs_dim=5 steps=200 total_samples=9600
[probe] full_sight    R²=0.9956  MSE=0.001415 (n=6400)
[probe] sensor_limited R²=0.3151  MSE=0.210931 (n=3200)
[probe] probe_gap (full - limited) = 0.6805
[probe] Summary: alpha=0.0 | score_full_sight=0.9956 | score_sensor_limited=0.3151 | gap=0.6805
=== done Thu Jun  4 17:14:23 EDT 2026 ===
