[setup] Required Python imports are available.
[setup] Required Python imports are available.
=== Job info ===
Job      : 634675  array=25
Node     : evc39
Submit   : /lustre/fs1/home/ak565492/gnn_experiments
Repo     : /lustre/fs1/home/ak565492/gnn_experiments
Git rev  : c98852a
Python   : /home/ak565492/expenv/bin/python
Python 3.11.4
PyYAML   : 6.0.3
NumPy    : 2.3.5
Torch    : 2.5.1+cu121 cuda_available=True torch_cuda=12.1
CUDA_VIS : 0
Threads  : OMP=4 MKL=4 OPENBLAS=1
Task     : 25/30
Config   : configs/pursuit_smoke.yaml
Generated: runs/pursuit_sweep/generated_configs/634633_25_pursuit_smoke_alpha0p75_seed1.yaml
Alpha    : 0.75
Seed     : 1
Run label: pursuit_smoke_alpha0p75
Log dir  : runs/pursuit_sweep/pursuit_smoke
Probe    : 1
Start    : Thu Jun  4 17:14:31 EDT 2026
================
Thu Jun  4 17:14:31 2026       
+-----------------------------------------------------------------------------------------+
| NVIDIA-SMI 580.105.08             Driver Version: 580.105.08     CUDA Version: 13.0     |
+-----------------------------------------+------------------------+----------------------+
| GPU  Name                 Persistence-M | Bus-Id          Disp.A | Volatile Uncorr. ECC |
| Fan  Temp   Perf          Pwr:Usage/Cap |           Memory-Usage | GPU-Util  Compute M. |
|                                         |                        |               MIG M. |
|=========================================+========================+======================|
|   0  NVIDIA H100 PCIe               Off |   00000000:17:00.0 Off |                    0 |
| N/A   42C    P0             49W /  310W |       0MiB /  81559MiB |      0%      Default |
|                                         |                        |             Disabled |
+-----------------------------------------+------------------------+----------------------+

+-----------------------------------------------------------------------------------------+
| Processes:                                                                              |
|  GPU   GI   CI              PID   Type   Process name                        GPU Memory |
|        ID   ID                                                               Usage      |
|=========================================================================================|
|  No running processes found                                                             |
+-----------------------------------------------------------------------------------------+
[env] kind=pursuit name=pursuit n_agents=3 obs_dim=5 action_dim=5 state_dim=9 num_envs=8
[train] Starting: total_iters=25 T=100 B=8 device=cpu seed=1 render=off
iter=   0 step=    800 ep_ret=-53.661 opt_ret=-53.661 step_rew=-0.5366 opt_step=-0.5366 gap0=53.661 dret=+0.000 eval_ret=n/a pursuer_target_distance=0.702 capture=0.018 score=0.010 pol=-0.0007 val=0.4682 ent=1.6094 tot=+0.2173 agnorm=0.049 cgnorm=0.203 kl=0.0001 clipf=0.000 ev=+0.036 r0=1.0000 entcoef=1.00e-02 lr=7.0e-04 seed=1
iter=   5 step=   4800 ep_ret=-59.800 opt_ret=-59.800 step_rew=-0.5980 opt_step=-0.5980 gap0=59.800 dret=-6.139 eval_ret=n/a pursuer_target_distance=0.601 capture=0.001 score=0.001 pol=-0.0003 val=0.1421 ent=1.6080 tot=+0.0577 agnorm=0.063 cgnorm=0.261 kl=0.0000 clipf=0.000 ev=+0.572 r0=1.0000 entcoef=8.13e-03 lr=5.6e-04 seed=1
iter=  10 step=   8800 ep_ret=-44.811 opt_ret=-44.811 step_rew=-0.4481 opt_step=-0.4481 gap0=44.811 dret=+8.850 eval_ret=n/a pursuer_target_distance=0.701 capture=0.026 score=0.015 pol=-0.0001 val=0.3931 ent=1.6011 tot=+0.1864 agnorm=0.061 cgnorm=0.308 kl=0.0000 clipf=0.000 ev=+0.173 r0=1.0000 entcoef=6.25e-03 lr=4.1e-04 seed=1
iter=  15 step=  12800 ep_ret=-45.915 opt_ret=-45.915 step_rew=-0.4591 opt_step=-0.4591 gap0=45.915 dret=+7.746 eval_ret=n/a pursuer_target_distance=0.537 capture=0.009 score=0.006 pol=-0.0001 val=0.1623 ent=1.6017 tot=+0.0741 agnorm=0.055 cgnorm=0.171 kl=0.0000 clipf=0.000 ev=+0.280 r0=1.0000 entcoef=4.37e-03 lr=2.7e-04 seed=1
iter=  20 step=  16800 ep_ret=-50.405 opt_ret=-50.405 step_rew=-0.5040 opt_step=-0.5040 gap0=50.405 dret=+3.257 eval_ret=n/a pursuer_target_distance=0.644 capture=0.015 score=0.009 pol=-0.0000 val=0.2717 ent=1.5952 tot=+0.1318 agnorm=0.052 cgnorm=0.218 kl=0.0000 clipf=0.000 ev=-0.073 r0=1.0000 entcoef=2.50e-03 lr=1.3e-04 seed=1
[train] Final checkpoint saved to runs/pursuit_sweep/pursuit_smoke/20260604_171432_689768_pursuit_smoke_alpha0p75_seed1_pid2118705_arrayjob634633_job634675_task25/ckpt/final.pt
[train] Run artifacts in runs/pursuit_sweep/pursuit_smoke/20260604_171432_689768_pursuit_smoke_alpha0p75_seed1_pid2118705_arrayjob634633_job634675_task25
[render] Skipped post-train render (mode=off).
[probe] alpha=0.75 seed=1 N=3 B=16 obs_dim=5 steps=200 total_samples=9600
[probe] full_sight    R²=0.9938  MSE=0.001928 (n=6400)
[probe] sensor_limited R²=0.9945  MSE=0.001718 (n=3200)
[probe] probe_gap (full - limited) = -0.0007
[probe] Summary: alpha=0.75 | score_full_sight=0.9938 | score_sensor_limited=0.9945 | gap=-0.0007
=== done Thu Jun  4 17:14:41 EDT 2026 ===
