[setup] Required Python imports are available.
[setup] Required Python imports are available.
=== Job info ===
Job      : 634673  array=23
Node     : evc8
Submit   : /lustre/fs1/home/ak565492/gnn_experiments
Repo     : /lustre/fs1/home/ak565492/gnn_experiments
Git rev  : c98852a
Python   : /home/ak565492/expenv/bin/python
Python 3.11.4
PyYAML   : 6.0.3
NumPy    : 2.3.5
Torch    : 2.5.1+cu121 cuda_available=True torch_cuda=12.1
CUDA_VIS : 0
Threads  : OMP=4 MKL=4 OPENBLAS=1
Task     : 23/30
Config   : configs/pursuit_smoke.yaml
Generated: runs/pursuit_sweep/generated_configs/634633_23_pursuit_smoke_alpha0p5_seed2.yaml
Alpha    : 0.5
Seed     : 2
Run label: pursuit_smoke_alpha0p5
Log dir  : runs/pursuit_sweep/pursuit_smoke
Probe    : 1
Start    : Thu Jun  4 17:14:28 EDT 2026
================
Thu Jun  4 17:14:28 2026       
+-----------------------------------------------------------------------------------------+
| NVIDIA-SMI 580.105.08             Driver Version: 580.105.08     CUDA Version: 13.0     |
+-----------------------------------------+------------------------+----------------------+
| GPU  Name                 Persistence-M | Bus-Id          Disp.A | Volatile Uncorr. ECC |
| Fan  Temp   Perf          Pwr:Usage/Cap |           Memory-Usage | GPU-Util  Compute M. |
|                                         |                        |               MIG M. |
|=========================================+========================+======================|
|   0  Tesla V100-PCIE-16GB           Off |   00000000:3B:00.0 Off |                    0 |
| N/A   34C    P0             26W /  250W |     162MiB /  16384MiB |      0%      Default |
|                                         |                        |                  N/A |
+-----------------------------------------+------------------------+----------------------+

+-----------------------------------------------------------------------------------------+
| Processes:                                                                              |
|  GPU   GI   CI              PID   Type   Process name                        GPU Memory |
|        ID   ID                                                               Usage      |
|=========================================================================================|
|    0   N/A  N/A          517826      G   /usr/libexec/Xorg                        64MiB |
|    0   N/A  N/A          518392      G   /usr/bin/gnome-shell                     96MiB |
+-----------------------------------------------------------------------------------------+
[env] kind=pursuit name=pursuit n_agents=3 obs_dim=5 action_dim=5 state_dim=9 num_envs=8
[train] Starting: total_iters=25 T=100 B=8 device=cpu seed=2 render=off
iter=   0 step=    800 ep_ret=-2.195 opt_ret=-2.195 step_rew=-0.0220 opt_step=-0.0220 gap0=2.195 dret=+0.000 eval_ret=n/a pursuer_target_distance=0.512 capture=0.050 score=0.033 pol=-0.0007 val=0.5550 ent=1.6094 tot=+0.2607 agnorm=0.054 cgnorm=0.271 kl=0.0001 clipf=0.000 ev=-0.124 r0=1.0000 entcoef=1.00e-02 lr=7.0e-04 seed=2
iter=   5 step=   4800 ep_ret=-46.672 opt_ret=-46.672 step_rew=-0.4667 opt_step=-0.4667 gap0=46.672 dret=-44.476 eval_ret=n/a pursuer_target_distance=0.619 capture=0.016 score=0.010 pol=-0.0004 val=0.3336 ent=1.6076 tot=+0.1533 agnorm=0.064 cgnorm=0.251 kl=0.0000 clipf=0.000 ev=+0.175 r0=1.0000 entcoef=8.13e-03 lr=5.6e-04 seed=2
iter=  10 step=   8800 ep_ret=-84.540 opt_ret=-84.540 step_rew=-0.8454 opt_step=-0.8454 gap0=84.540 dret=-82.345 eval_ret=n/a pursuer_target_distance=0.848 capture=0.001 score=0.001 pol=-0.0003 val=0.2502 ent=1.6050 tot=+0.1147 agnorm=0.070 cgnorm=0.497 kl=0.0000 clipf=0.000 ev=+0.166 r0=1.0000 entcoef=6.25e-03 lr=4.1e-04 seed=2
iter=  15 step=  12800 ep_ret=-76.592 opt_ret=-76.592 step_rew=-0.7659 opt_step=-0.7659 gap0=76.592 dret=-74.397 eval_ret=n/a pursuer_target_distance=0.756 capture=0.000 score=0.000 pol=-0.0001 val=0.2942 ent=1.6044 tot=+0.1399 agnorm=0.051 cgnorm=0.436 kl=0.0000 clipf=0.000 ev=+0.165 r0=1.0000 entcoef=4.37e-03 lr=2.7e-04 seed=2
iter=  20 step=  16800 ep_ret=-68.097 opt_ret=-68.097 step_rew=-0.6810 opt_step=-0.6810 gap0=68.097 dret=-65.902 eval_ret=n/a pursuer_target_distance=0.746 capture=0.007 score=0.004 pol=-0.0000 val=0.2502 ent=1.6047 tot=+0.1211 agnorm=0.044 cgnorm=0.243 kl=0.0000 clipf=0.000 ev=+0.264 r0=1.0000 entcoef=2.50e-03 lr=1.3e-04 seed=2
[train] Final checkpoint saved to runs/pursuit_sweep/pursuit_smoke/20260604_171430_632464_pursuit_smoke_alpha0p5_seed2_pid622363_arrayjob634633_job634673_task23/ckpt/final.pt
[train] Run artifacts in runs/pursuit_sweep/pursuit_smoke/20260604_171430_632464_pursuit_smoke_alpha0p5_seed2_pid622363_arrayjob634633_job634673_task23
[render] Skipped post-train render (mode=off).
[probe] alpha=0.5 seed=2 N=3 B=16 obs_dim=5 steps=200 total_samples=9600
[probe] full_sight    R²=0.9961  MSE=0.001269 (n=6400)
[probe] sensor_limited R²=0.8627  MSE=0.042277 (n=3200)
[probe] probe_gap (full - limited) = 0.1333
[probe] Summary: alpha=0.5 | score_full_sight=0.9961 | score_sensor_limited=0.8627 | gap=0.1333
=== done Thu Jun  4 17:14:40 EDT 2026 ===
